/home/nlp/matan_avitan/git/nopos_locating_new/nanoGPT/train_2layer_mechanism.py:399: FutureWarning: `torch.cuda.amp.GradScaler(args...)` is deprecated. Please use `torch.amp.GradScaler('cuda', args...)` instead.
  scaler = torch.cuda.amp.GradScaler(enabled=(config.dtype == "float16"))
wandb: Currently logged in as: matan_avitan to https://api.wandb.ai. Use `wandb login --relogin` to force relogin
wandb: setting up run 320m0zvt
wandb: Tracking run with wandb version 0.23.1
wandb: Run data is saved locally in /home/nlp/matan_avitan/git/nopos_locating_new/nanoGPT/wandb/run-20260120_214845-320m0zvt
wandb: Run `wandb offline` to turn off syncing.
wandb: Syncing run R3_exp1_freeze_train_matrix
wandb: ⭐️ View project at https://wandb.ai/matan_avitan/nope-2layer-mechanism
wandb: 🚀 View run at https://wandb.ai/matan_avitan/nope-2layer-mechanism/runs/320m0zvt
wandb: updating run metadata
wandb: uploading output.log; uploading wandb-summary.json; uploading config.yaml
wandb: uploading history steps 38-40, summary, console lines 424-445
wandb: 
wandb: Run history:
wandb: hypothesis/val_r2_for_comparison ▁███████████████████████████████████████
wandb:                             iter ▁▁▁▂▂▂▂▂▂▃▃▃▃▃▃▄▄▄▄▄▅▅▅▅▅▅▆▆▆▆▆▆▇▇▇▇▇▇██
wandb:                               lr ▁████████▇▇▇▇▇▆▆▆▆▅▅▅▅▄▄▄▄▃▃▃▃▃▂▂▂▂▂▂▂▂▂
wandb:                       train/loss █▁▁▁▁▁▁▁▁▁▁▁▁▁▁▁▁▁▁▁▁▁▁▁▁▁▁▁▁▁▁▁▁▁▁▁▁▁▁▁
wandb:                        train/mae █▂▁▁▁▁▁▁▁▁▁▁▁▁▁▁▁▁▁▁▁▁▁▁▁▁▁▁▁▁▁▁▁▁▁▁▁▁▁▁
wandb:                         train/r2 ▁███████████████████████████████████████
wandb:                         val/loss █▁▁▁▁▁▁▁▁▁▁▁▁▁▁▁▁▁▁▁▁▁▁▁▁▁▁▁▁▁▁▁▁▁▁▁▁▁▁▁
wandb:                          val/mae █▂▁▁▁▁▁▁▁▁▁▁▁▁▁▁▁▁▁▁▁▁▁▁▁▁▁▁▁▁▁▁▁▁▁▁▁▁▁▁
wandb:                val/per_pos_mae/0 ▁█▆▆▅▄▄▄▄▄▄▃▃▃▃▃▃▃▃▃▃▃▂▂▂▂▂▂▂▂▂▂▂▂▂▂▂▂▂▂
wandb:                val/per_pos_mae/1 ▁█▆▅▄▄▃▃▃▃▄▃▃▃▃▃▃▃▂▃▂▂▂▂▂▂▂▂▂▂▂▂▂▂▂▂▂▂▂▂
wandb:                             +128 ...
wandb: 
wandb: Run summary:
wandb:                     best_val_mae 10.01471
wandb:                      best_val_r2 0.86111
wandb:                   final_val_loss 188.97458
wandb:                    final_val_mae 10.09735
wandb:                     final_val_r2 0.86158
wandb:                hypothesis/regime R3
wandb: hypothesis/val_r2_for_comparison 0.86081
wandb:                             iter 20000
wandb:                               lr 6e-05
wandb:               regime_description MLP2-only - freeze E...
wandb:                             +135 ...
wandb: 
wandb: 🚀 View run R3_exp1_freeze_train_matrix at: https://wandb.ai/matan_avitan/nope-2layer-mechanism/runs/320m0zvt
wandb: ⭐️ View project at: https://wandb.ai/matan_avitan/nope-2layer-mechanism
wandb: Synced 5 W&B file(s), 41 media file(s), 0 artifact file(s) and 0 other file(s)
wandb: Find logs at: ./wandb/run-20260120_214845-320m0zvt/logs
Loaded data: train=9,035,582,489 tokens, val=4,434,606 tokens

============================================================
2-Layer Mechanism Analysis Model Initialized
============================================================
  Embedding Dim:        768
  Heads:                12
  Head Dim:             64
  Block Size:           128
  Normalization:        layernorm
  Regression Mode:      True
  Parameters:           53.40M
============================================================


============================================================
Regime: R3: MLP2-only
============================================================
  Trainable:  5,317,634 params (10.0%)
  Frozen:     48,085,248 params (90.0%)
  Total:      53,402,882 params

  Component status:
    Embedding      : frozen (38,633,472 params)
    Block1.LN1     : frozen (1,536 params)
    Block1.Attn    : frozen (2,362,368 params)
    Block1.LN2     : frozen (1,536 params)
    Block1.MLP     : frozen (4,722,432 params)
    Block2.LN1     : frozen (1,536 params)
    Block2.Attn    : frozen (2,362,368 params)
    Block2.LN2     : TRAIN  (1,536 params)
    Block2.MLP     : TRAIN  (4,722,432 params)
    Final LN       : TRAIN  (1,536 params)
    Pos Head       : TRAIN  (769 params)
    MLP Probe      : TRAIN  (591,361 params)
============================================================

Compiling model...
Optimizer: 5 weight decay, 9 no decay

============================================================
Training Regime: R3
Max iterations: 20000
============================================================

iter     0 | train loss 5365.0315 | val loss 5364.9398 | val MAE 63.258 | val R² -2.9296 | lr 1.20e-06
  iter 50: loss = 3771.4951
  iter 100: loss = 3308.4492
  iter 150: loss = 2820.5166
  iter 200: loss = 2217.2798
  iter 250: loss = 1551.3044
  iter 300: loss = 918.9750
  iter 350: loss = 485.6718
  iter 400: loss = 385.1265
  iter 450: loss = 446.4132
iter   500 | train loss 377.6788 | val loss 370.6825 | val MAE 15.056 | val R² 0.7285 | lr 6.00e-04
  iter 500: loss = 384.3600
  iter 550: loss = 338.5318
  iter 600: loss = 352.2816
  iter 650: loss = 399.6472
  iter 700: loss = 350.1476
  iter 750: loss = 345.7925
  iter 800: loss = 298.8177
  iter 850: loss = 295.7419
  iter 900: loss = 390.6511
  iter 950: loss = 382.2805
iter  1000 | train loss 321.5736 | val loss 312.8416 | val MAE 13.591 | val R² 0.7709 | lr 5.99e-04
  iter 1000: loss = 282.6621
  iter 1050: loss = 371.1922
  iter 1100: loss = 293.3088
  iter 1150: loss = 377.4774
  iter 1200: loss = 364.0555
  iter 1250: loss = 357.9794
  iter 1300: loss = 334.2480
  iter 1350: loss = 304.2782
  iter 1400: loss = 254.8803
  iter 1450: loss = 297.9603
iter  1500 | train loss 299.3554 | val loss 297.7410 | val MAE 13.237 | val R² 0.7819 | lr 5.97e-04
  iter 1500: loss = 345.8877
  iter 1550: loss = 272.1746
  iter 1600: loss = 250.0256
  iter 1650: loss = 335.5587
  iter 1700: loss = 277.5623
  iter 1750: loss = 255.3820
  iter 1800: loss = 326.7108
  iter 1850: loss = 263.9440
  iter 1900: loss = 317.7463
  iter 1950: loss = 319.6513
iter  2000 | train loss 280.2163 | val loss 268.0893 | val MAE 12.238 | val R² 0.8036 | lr 5.92e-04
  iter 2000: loss = 293.5617
  iter 2050: loss = 240.9411
  iter 2100: loss = 295.5294
  iter 2150: loss = 302.1921
  iter 2200: loss = 278.1105
  iter 2250: loss = 270.5992
  iter 2300: loss = 254.9156
  iter 2350: loss = 255.1105
  iter 2400: loss = 225.7635
  iter 2450: loss = 251.0282
iter  2500 | train loss 268.0857 | val loss 262.8710 | val MAE 12.120 | val R² 0.8075 | lr 5.86e-04
  iter 2500: loss = 315.7464
  iter 2550: loss = 233.0284
  iter 2600: loss = 281.9427
  iter 2650: loss = 281.8512
  iter 2700: loss = 249.9462
  iter 2750: loss = 232.8826
  iter 2800: loss = 256.7028
  iter 2850: loss = 221.3147
  iter 2900: loss = 295.1483
  iter 2950: loss = 270.2215
iter  3000 | train loss 263.0308 | val loss 255.4916 | val MAE 11.932 | val R² 0.8129 | lr 5.78e-04
  iter 3000: loss = 218.7103
  iter 3050: loss = 298.2850
  iter 3100: loss = 322.5710
  iter 3150: loss = 273.6824
  iter 3200: loss = 228.9369
  iter 3250: loss = 270.5147
  iter 3300: loss = 239.3374
  iter 3350: loss = 255.7855
  iter 3400: loss = 287.4820
  iter 3450: loss = 296.4090
iter  3500 | train loss 257.7571 | val loss 254.5519 | val MAE 11.834 | val R² 0.8135 | lr 5.69e-04
  iter 3500: loss = 230.4455
  iter 3550: loss = 240.7034
  iter 3600: loss = 216.9194
  iter 3650: loss = 239.7386
  iter 3700: loss = 257.8528
  iter 3750: loss = 242.7099
  iter 3800: loss = 237.6190
  iter 3850: loss = 225.2033
  iter 3900: loss = 283.3566
  iter 3950: loss = 262.8877
iter  4000 | train loss 251.7200 | val loss 247.1020 | val MAE 11.666 | val R² 0.8190 | lr 5.58e-04
  iter 4000: loss = 264.1176
  iter 4050: loss = 283.0587
  iter 4100: loss = 235.4593
  iter 4150: loss = 259.6979
  iter 4200: loss = 262.0565
  iter 4250: loss = 222.1325
  iter 4300: loss = 233.9353
  iter 4350: loss = 221.6852
  iter 4400: loss = 276.9359
  iter 4450: loss = 355.1893
iter  4500 | train loss 243.4643 | val loss 245.0136 | val MAE 11.679 | val R² 0.8205 | lr 5.46e-04
  iter 4500: loss = 244.0545
  iter 4550: loss = 347.8281
  iter 4600: loss = 251.7554
  iter 4650: loss = 250.3979
  iter 4700: loss = 218.2452
  iter 4750: loss = 213.4139
  iter 4800: loss = 218.5397
  iter 4850: loss = 227.0339
  iter 4900: loss = 249.1971
  iter 4950: loss = 295.3198
iter  5000 | train loss 243.8634 | val loss 244.7528 | val MAE 11.671 | val R² 0.8207 | lr 5.32e-04
  iter 5000: loss = 253.7451
  iter 5050: loss = 201.0061
  iter 5100: loss = 268.1341
  iter 5150: loss = 211.9188
  iter 5200: loss = 255.0049
  iter 5250: loss = 247.7458
  iter 5300: loss = 295.7792
  iter 5350: loss = 342.3170
  iter 5400: loss = 227.1652
  iter 5450: loss = 213.9317
iter  5500 | train loss 244.3611 | val loss 237.3493 | val MAE 11.363 | val R² 0.8261 | lr 5.17e-04
  iter 5500: loss = 237.4024
  iter 5550: loss = 268.5964
  iter 5600: loss = 263.0221
  iter 5650: loss = 223.0739
  iter 5700: loss = 227.8672
  iter 5750: loss = 222.8209
  iter 5800: loss = 215.7566
  iter 5850: loss = 205.4175
  iter 5900: loss = 220.9156
  iter 5950: loss = 293.4195
iter  6000 | train loss 237.2564 | val loss 230.7157 | val MAE 11.204 | val R² 0.8310 | lr 5.01e-04
  iter 6000: loss = 217.1843
  iter 6050: loss = 275.9750
  iter 6100: loss = 287.8302
  iter 6150: loss = 215.3291
  iter 6200: loss = 282.5256
  iter 6250: loss = 219.7660
  iter 6300: loss = 273.7283
  iter 6350: loss = 259.1945
  iter 6400: loss = 257.0995
  iter 6450: loss = 243.2251
iter  6500 | train loss 230.7628 | val loss 233.7279 | val MAE 11.284 | val R² 0.8288 | lr 4.83e-04
  iter 6500: loss = 257.0375
  iter 6550: loss = 218.6944
  iter 6600: loss = 239.2069
  iter 6650: loss = 236.3584
  iter 6700: loss = 255.9120
  iter 6750: loss = 240.4881
  iter 6800: loss = 235.4902
  iter 6850: loss = 213.6660
  iter 6900: loss = 222.0936
  iter 6950: loss = 267.3582
iter  7000 | train loss 236.1941 | val loss 234.8289 | val MAE 11.297 | val R² 0.8280 | lr 4.65e-04
  iter 7000: loss = 212.8553
  iter 7050: loss = 236.9889
  iter 7100: loss = 258.2044
  iter 7150: loss = 226.6414
  iter 7200: loss = 209.2009
  iter 7250: loss = 225.9963
  iter 7300: loss = 235.2981
  iter 7350: loss = 217.6535
  iter 7400: loss = 223.5045
  iter 7450: loss = 205.9470
iter  7500 | train loss 229.8804 | val loss 224.8853 | val MAE 11.089 | val R² 0.8353 | lr 4.46e-04
  iter 7500: loss = 216.4086
  iter 7550: loss = 235.1116
  iter 7600: loss = 218.7078
  iter 7650: loss = 244.8591
  iter 7700: loss = 211.2767
  iter 7750: loss = 267.9612
  iter 7800: loss = 205.8153
  iter 7850: loss = 225.6339
  iter 7900: loss = 291.5544
  iter 7950: loss = 235.3285
iter  8000 | train loss 223.5872 | val loss 224.0002 | val MAE 11.073 | val R² 0.8359 | lr 4.26e-04
  iter 8000: loss = 231.3400
  iter 8050: loss = 266.6912
  iter 8100: loss = 191.0431
  iter 8150: loss = 230.2093
  iter 8200: loss = 242.3556
  iter 8250: loss = 211.7585
  iter 8300: loss = 315.8845
  iter 8350: loss = 259.5836
  iter 8400: loss = 219.2560
  iter 8450: loss = 233.8213
iter  8500 | train loss 225.9575 | val loss 226.7197 | val MAE 10.984 | val R² 0.8339 | lr 4.05e-04
  iter 8500: loss = 233.8376
  iter 8550: loss = 236.8778
  iter 8600: loss = 203.8286
  iter 8650: loss = 203.6386
  iter 8700: loss = 253.6424
  iter 8750: loss = 245.0681
  iter 8800: loss = 204.8114
  iter 8850: loss = 200.2606
  iter 8900: loss = 227.3237
  iter 8950: loss = 279.8269
iter  9000 | train loss 223.1031 | val loss 223.0199 | val MAE 10.981 | val R² 0.8366 | lr 3.84e-04
  iter 9000: loss = 209.9584
  iter 9050: loss = 216.6048
  iter 9100: loss = 195.0794
  iter 9150: loss = 256.5789
  iter 9200: loss = 175.5141
  iter 9250: loss = 224.9217
  iter 9300: loss = 261.0941
  iter 9350: loss = 182.3015
  iter 9400: loss = 285.6341
  iter 9450: loss = 240.8692
iter  9500 | train loss 222.7221 | val loss 216.4172 | val MAE 10.773 | val R² 0.8415 | lr 3.63e-04
  iter 9500: loss = 215.6017
  iter 9550: loss = 214.2714
  iter 9600: loss = 209.7578
  iter 9650: loss = 211.4214
  iter 9700: loss = 239.2312
  iter 9750: loss = 229.8870
  iter 9800: loss = 233.1215
  iter 9850: loss = 194.8825
  iter 9900: loss = 247.7265
  iter 9950: loss = 237.2178
iter 10000 | train loss 217.0560 | val loss 217.6876 | val MAE 10.871 | val R² 0.8406 | lr 3.41e-04
  iter 10000: loss = 195.0492
  iter 10050: loss = 216.6218
  iter 10100: loss = 191.3932
  iter 10150: loss = 236.7706
  iter 10200: loss = 199.9283
  iter 10250: loss = 210.9173
  iter 10300: loss = 257.1422
  iter 10350: loss = 196.3568
  iter 10400: loss = 249.5200
  iter 10450: loss = 178.9474
iter 10500 | train loss 219.2459 | val loss 217.6228 | val MAE 10.734 | val R² 0.8406 | lr 3.19e-04
  iter 10500: loss = 251.5792
  iter 10550: loss = 236.9534
  iter 10600: loss = 193.6782
  iter 10650: loss = 241.2543
  iter 10700: loss = 248.9572
  iter 10750: loss = 193.0129
  iter 10800: loss = 179.3790
  iter 10850: loss = 194.3244
  iter 10900: loss = 245.5494
  iter 10950: loss = 209.1866
iter 11000 | train loss 217.8773 | val loss 215.1726 | val MAE 10.811 | val R² 0.8424 | lr 2.97e-04
  iter 11000: loss = 228.6633
  iter 11050: loss = 226.7786
  iter 11100: loss = 223.8397
  iter 11150: loss = 174.9385
  iter 11200: loss = 192.8623
  iter 11250: loss = 235.9928
  iter 11300: loss = 205.4302
  iter 11350: loss = 233.0820
  iter 11400: loss = 208.8961
  iter 11450: loss = 233.5909
iter 11500 | train loss 214.7131 | val loss 205.6792 | val MAE 10.551 | val R² 0.8493 | lr 2.76e-04
  iter 11500: loss = 167.7290
  iter 11550: loss = 203.7056
  iter 11600: loss = 212.2210
  iter 11650: loss = 210.6496
  iter 11700: loss = 201.8511
  iter 11750: loss = 212.6590
  iter 11800: loss = 208.6518
  iter 11850: loss = 199.1938
  iter 11900: loss = 188.3885
  iter 11950: loss = 217.5605
iter 12000 | train loss 212.8913 | val loss 207.6618 | val MAE 10.554 | val R² 0.8479 | lr 2.55e-04
  iter 12000: loss = 184.7105
  iter 12050: loss = 197.5473
  iter 12100: loss = 176.7172
  iter 12150: loss = 232.9449
  iter 12200: loss = 191.0750
  iter 12250: loss = 233.2190
  iter 12300: loss = 223.0494
  iter 12350: loss = 184.7670
  iter 12400: loss = 229.5056
  iter 12450: loss = 215.4275
iter 12500 | train loss 211.1066 | val loss 211.0306 | val MAE 10.571 | val R² 0.8454 | lr 2.34e-04
  iter 12500: loss = 215.4642
  iter 12550: loss = 208.5145
  iter 12600: loss = 212.1567
  iter 12650: loss = 200.1066
  iter 12700: loss = 197.9770
  iter 12750: loss = 231.1962
  iter 12800: loss = 198.0107
  iter 12850: loss = 195.6671
  iter 12900: loss = 203.9169
  iter 12950: loss = 222.7127
iter 13000 | train loss 203.1847 | val loss 203.7926 | val MAE 10.445 | val R² 0.8507 | lr 2.14e-04
  iter 13000: loss = 202.2845
  iter 13050: loss = 237.7998
  iter 13100: loss = 163.2500
  iter 13150: loss = 176.9429
  iter 13200: loss = 194.2332
  iter 13250: loss = 193.4837
  iter 13300: loss = 172.5904
  iter 13350: loss = 211.1457
  iter 13400: loss = 251.4630
  iter 13450: loss = 303.1393
iter 13500 | train loss 203.0799 | val loss 205.3645 | val MAE 10.451 | val R² 0.8496 | lr 1.95e-04
  iter 13500: loss = 194.8457
  iter 13550: loss = 192.5375
  iter 13600: loss = 182.3796
  iter 13650: loss = 163.1997
  iter 13700: loss = 177.1039
  iter 13750: loss = 219.4867
  iter 13800: loss = 199.1319
  iter 13850: loss = 225.6741
  iter 13900: loss = 172.5781
  iter 13950: loss = 215.4258
iter 14000 | train loss 204.0352 | val loss 207.0496 | val MAE 10.509 | val R² 0.8483 | lr 1.77e-04
  iter 14000: loss = 236.1481
  iter 14050: loss = 207.2884
  iter 14100: loss = 181.0874
  iter 14150: loss = 228.5142
  iter 14200: loss = 173.6244
  iter 14250: loss = 191.9810
  iter 14300: loss = 180.9262
  iter 14350: loss = 226.3471
  iter 14400: loss = 219.7138
  iter 14450: loss = 220.9020
iter 14500 | train loss 204.2867 | val loss 204.9792 | val MAE 10.501 | val R² 0.8499 | lr 1.59e-04
  iter 14500: loss = 248.1720
  iter 14550: loss = 192.8676
  iter 14600: loss = 207.5390
  iter 14650: loss = 215.6195
  iter 14700: loss = 188.2049
  iter 14750: loss = 255.4019
  iter 14800: loss = 211.1348
  iter 14850: loss = 190.2788
  iter 14900: loss = 202.6654
  iter 14950: loss = 189.3479
iter 15000 | train loss 200.9365 | val loss 201.0201 | val MAE 10.418 | val R² 0.8528 | lr 1.43e-04
  iter 15000: loss = 177.3199
  iter 15050: loss = 207.8996
  iter 15100: loss = 215.3448
  iter 15150: loss = 174.8625
  iter 15200: loss = 178.9929
  iter 15250: loss = 186.3489
  iter 15300: loss = 223.1072
  iter 15350: loss = 208.7055
  iter 15400: loss = 174.6757
  iter 15450: loss = 200.4631
iter 15500 | train loss 198.3683 | val loss 200.3613 | val MAE 10.358 | val R² 0.8532 | lr 1.28e-04
  iter 15500: loss = 216.5909
  iter 15550: loss = 208.9342
  iter 15600: loss = 200.9366
  iter 15650: loss = 195.5836
  iter 15700: loss = 188.7192
  iter 15750: loss = 195.5231
  iter 15800: loss = 191.1524
  iter 15850: loss = 203.3954
  iter 15900: loss = 181.8155
  iter 15950: loss = 208.1242
iter 16000 | train loss 197.5169 | val loss 195.5844 | val MAE 10.199 | val R² 0.8567 | lr 1.14e-04
  iter 16000: loss = 214.5626
  iter 16050: loss = 191.0943
  iter 16100: loss = 239.3639
  iter 16150: loss = 216.0393
  iter 16200: loss = 183.3190
  iter 16250: loss = 172.7834
  iter 16300: loss = 164.4952
  iter 16350: loss = 185.1116
  iter 16400: loss = 196.9368
  iter 16450: loss = 169.9855
iter 16500 | train loss 196.3869 | val loss 195.8596 | val MAE 10.265 | val R² 0.8565 | lr 1.02e-04
  iter 16500: loss = 219.1727
  iter 16550: loss = 210.2868
  iter 16600: loss = 192.9567
  iter 16650: loss = 180.7136
  iter 16700: loss = 185.9000
  iter 16750: loss = 192.3975
  iter 16800: loss = 197.1419
  iter 16850: loss = 213.0182
  iter 16900: loss = 186.3826
  iter 16950: loss = 206.3762
iter 17000 | train loss 197.2010 | val loss 194.1320 | val MAE 10.094 | val R² 0.8578 | lr 9.09e-05
  iter 17000: loss = 193.7921
  iter 17050: loss = 201.7428
  iter 17100: loss = 202.3028
  iter 17150: loss = 191.8345
  iter 17200: loss = 205.7210
  iter 17250: loss = 205.8074
  iter 17300: loss = 174.1208
  iter 17350: loss = 207.0034
  iter 17400: loss = 207.9470
  iter 17450: loss = 183.0476
iter 17500 | train loss 194.4292 | val loss 193.8544 | val MAE 10.231 | val R² 0.8580 | lr 8.16e-05
  iter 17500: loss = 217.9396
  iter 17550: loss = 188.7717
  iter 17600: loss = 198.4680
  iter 17650: loss = 204.0724
  iter 17700: loss = 225.1528
  iter 17750: loss = 165.0889
  iter 17800: loss = 184.1831
  iter 17850: loss = 179.7153
  iter 17900: loss = 191.7782
  iter 17950: loss = 187.6667
iter 18000 | train loss 194.8956 | val loss 189.8230 | val MAE 10.092 | val R² 0.8610 | lr 7.39e-05
  iter 18000: loss = 188.5020
  iter 18050: loss = 203.8072
  iter 18100: loss = 181.9130
  iter 18150: loss = 191.8261
  iter 18200: loss = 156.5307
  iter 18250: loss = 226.2254
  iter 18300: loss = 240.8551
  iter 18350: loss = 192.9365
  iter 18400: loss = 189.8812
  iter 18450: loss = 189.6201
iter 18500 | train loss 193.0505 | val loss 189.9746 | val MAE 10.056 | val R² 0.8608 | lr 6.78e-05
  iter 18500: loss = 190.1333
  iter 18550: loss = 191.8837
  iter 18600: loss = 209.4421
  iter 18650: loss = 161.1848
  iter 18700: loss = 199.9943
  iter 18750: loss = 178.7534
  iter 18800: loss = 196.1159
  iter 18850: loss = 175.8966
  iter 18900: loss = 176.4801
  iter 18950: loss = 179.7333
iter 19000 | train loss 199.1686 | val loss 189.6233 | val MAE 10.015 | val R² 0.8611 | lr 6.35e-05
  iter 19000: loss = 198.1564
  iter 19050: loss = 191.4811
  iter 19100: loss = 155.3361
  iter 19150: loss = 202.8734
  iter 19200: loss = 182.6089
  iter 19250: loss = 184.5057
  iter 19300: loss = 225.5629
  iter 19350: loss = 183.6134
  iter 19400: loss = 200.8817
  iter 19450: loss = 178.9233
iter 19500 | train loss 194.3553 | val loss 191.3256 | val MAE 10.063 | val R² 0.8599 | lr 6.09e-05
  iter 19500: loss = 224.5480
  iter 19550: loss = 199.1975
  iter 19600: loss = 183.6982
  iter 19650: loss = 197.6742
  iter 19700: loss = 209.8057
  iter 19750: loss = 162.2934
  iter 19800: loss = 200.1440
  iter 19850: loss = 184.7950
  iter 19900: loss = 240.1896
  iter 19950: loss = 164.8020
iter 20000 | train loss 190.2344 | val loss 190.0276 | val MAE 10.107 | val R² 0.8608 | lr 6.00e-05

Experiment complete!
