/home/nlp/matan_avitan/git/nopos_locating_new/nanoGPT/train_2layer_mechanism.py:399: FutureWarning: `torch.cuda.amp.GradScaler(args...)` is deprecated. Please use `torch.amp.GradScaler('cuda', args...)` instead.
  scaler = torch.cuda.amp.GradScaler(enabled=(config.dtype == "float16"))
wandb: Currently logged in as: matan_avitan to https://api.wandb.ai. Use `wandb login --relogin` to force relogin
wandb: setting up run t7b834wc
wandb: Tracking run with wandb version 0.23.1
wandb: Run data is saved locally in /home/nlp/matan_avitan/git/nopos_locating_new/nanoGPT/wandb/run-20260120_214853-t7b834wc
wandb: Run `wandb offline` to turn off syncing.
wandb: Syncing run R4_mlp_exp1_freeze_train_matrix
wandb: ⭐️ View project at https://wandb.ai/matan_avitan/nope-2layer-mechanism
wandb: 🚀 View run at https://wandb.ai/matan_avitan/nope-2layer-mechanism/runs/t7b834wc
wandb: updating run metadata
wandb: uploading wandb-summary.json; uploading output.log; uploading config.yaml
wandb: uploading history steps 38-40, summary, console lines 435-445
wandb: 
wandb: Run history:
wandb: hypothesis/val_r2_for_comparison ▁███████████████████████████████████████
wandb:                             iter ▁▁▁▂▂▂▂▂▂▃▃▃▃▃▃▄▄▄▄▄▅▅▅▅▅▅▆▆▆▆▆▆▇▇▇▇▇▇██
wandb:                               lr ▁████████▇▇▇▇▇▆▆▆▆▅▅▅▅▄▄▄▄▃▃▃▃▃▂▂▂▂▂▂▂▂▂
wandb:                       train/loss █▁▁▁▁▁▁▁▁▁▁▁▁▁▁▁▁▁▁▁▁▁▁▁▁▁▁▁▁▁▁▁▁▁▁▁▁▁▁▁
wandb:                        train/mae █▂▁▁▁▁▁▁▁▁▁▁▁▁▁▁▁▁▁▁▁▁▁▁▁▁▁▁▁▁▁▁▁▁▁▁▁▁▁▁
wandb:                         train/r2 ▁███████████████████████████████████████
wandb:                         val/loss █▁▁▁▁▁▁▁▁▁▁▁▁▁▁▁▁▁▁▁▁▁▁▁▁▁▁▁▁▁▁▁▁▁▁▁▁▁▁▁
wandb:                          val/mae █▂▁▁▁▁▁▁▁▁▁▁▁▁▁▁▁▁▁▁▁▁▁▁▁▁▁▁▁▁▁▁▁▁▁▁▁▁▁▁
wandb:                val/per_pos_mae/0 ▁██▇▆▅▅▅▅▄▄▄▄▄▄▄▄▄▄▄▄▄▄▄▄▄▄▄▄▄▄▄▄▄▄▄▄▄▄▄
wandb:                val/per_pos_mae/1 ▁██▇▆▆▆▆▅▅▅▅▅▅▅▅▅▅▅▄▄▄▄▄▄▄▄▄▄▄▄▄▄▄▄▄▄▄▄▄
wandb:                             +128 ...
wandb: 
wandb: Run summary:
wandb:                     best_val_mae 13.10305
wandb:                      best_val_r2 0.78854
wandb:                   final_val_loss 290.54334
wandb:                    final_val_mae 13.3181
wandb:                     final_val_r2 0.78719
wandb:                hypothesis/regime R4_mlp
wandb: hypothesis/val_r2_for_comparison 0.78798
wandb:                             iter 20000
wandb:                               lr 6e-05
wandb:               regime_description Head-only probe (MLP...
wandb:                             +135 ...
wandb: 
wandb: 🚀 View run R4_mlp_exp1_freeze_train_matrix at: https://wandb.ai/matan_avitan/nope-2layer-mechanism/runs/t7b834wc
wandb: ⭐️ View project at: https://wandb.ai/matan_avitan/nope-2layer-mechanism
wandb: Synced 5 W&B file(s), 41 media file(s), 0 artifact file(s) and 0 other file(s)
wandb: Find logs at: ./wandb/run-20260120_214853-t7b834wc/logs
Loaded data: train=9,035,582,489 tokens, val=4,434,606 tokens

============================================================
2-Layer Mechanism Analysis Model Initialized
============================================================
  Embedding Dim:        768
  Heads:                12
  Head Dim:             64
  Block Size:           128
  Normalization:        layernorm
  Regression Mode:      True
  Parameters:           53.40M
============================================================


============================================================
Regime: R4: Head-only (MLP probe)
============================================================
  Trainable:  591,361 params (1.1%)
  Frozen:     52,811,521 params (98.9%)
  Total:      53,402,882 params

  Component status:
    Embedding      : frozen (38,633,472 params)
    Block1.LN1     : frozen (1,536 params)
    Block1.Attn    : frozen (2,362,368 params)
    Block1.LN2     : frozen (1,536 params)
    Block1.MLP     : frozen (4,722,432 params)
    Block2.LN1     : frozen (1,536 params)
    Block2.Attn    : frozen (2,362,368 params)
    Block2.LN2     : frozen (1,536 params)
    Block2.MLP     : frozen (4,722,432 params)
    Final LN       : frozen (1,536 params)
    Pos Head       : frozen (769 params)
    MLP Probe      : TRAIN  (591,361 params)
============================================================

Compiling model...
Optimizer: 2 weight decay, 2 no decay

============================================================
Training Regime: R4_mlp
Max iterations: 20000
============================================================

iter     0 | train loss 5408.7755 | val loss 5408.8462 | val MAE 63.581 | val R² -2.9618 | lr 1.20e-06
  iter 50: loss = 5000.1768
  iter 100: loss = 3641.0112
  iter 150: loss = 1573.4619
  iter 200: loss = 844.4424
  iter 250: loss = 617.7585
  iter 300: loss = 581.9019
  iter 350: loss = 534.2571
  iter 400: loss = 482.4503
  iter 450: loss = 614.1539
iter   500 | train loss 501.8412 | val loss 494.7238 | val MAE 17.734 | val R² 0.6376 | lr 6.00e-04
  iter 500: loss = 537.8325
  iter 550: loss = 472.7942
  iter 600: loss = 479.9553
  iter 650: loss = 619.8696
  iter 700: loss = 488.0324
  iter 750: loss = 488.0873
  iter 800: loss = 455.1662
  iter 850: loss = 424.5277
  iter 900: loss = 511.2719
  iter 950: loss = 488.1236
iter  1000 | train loss 458.1272 | val loss 446.7147 | val MAE 16.613 | val R² 0.6728 | lr 5.99e-04
  iter 1000: loss = 417.9290
  iter 1050: loss = 545.6177
  iter 1100: loss = 409.2371
  iter 1150: loss = 507.2930
  iter 1200: loss = 493.9023
  iter 1250: loss = 515.0628
  iter 1300: loss = 490.1538
  iter 1350: loss = 439.1783
  iter 1400: loss = 405.9420
  iter 1450: loss = 459.8185
iter  1500 | train loss 425.6242 | val loss 413.9817 | val MAE 15.975 | val R² 0.6968 | lr 5.97e-04
  iter 1500: loss = 451.3257
  iter 1550: loss = 389.9231
  iter 1600: loss = 418.4884
  iter 1650: loss = 446.4852
  iter 1700: loss = 405.4199
  iter 1750: loss = 395.5787
  iter 1800: loss = 435.8945
  iter 1850: loss = 397.8342
  iter 1900: loss = 445.7708
  iter 1950: loss = 474.9198
iter  2000 | train loss 407.6546 | val loss 388.5823 | val MAE 15.391 | val R² 0.7154 | lr 5.92e-04
  iter 2000: loss = 434.9383
  iter 2050: loss = 336.7689
  iter 2100: loss = 416.9647
  iter 2150: loss = 413.8064
  iter 2200: loss = 430.8973
  iter 2250: loss = 396.1735
  iter 2300: loss = 339.9643
  iter 2350: loss = 351.6631
  iter 2400: loss = 353.7975
  iter 2450: loss = 351.7704
iter  2500 | train loss 384.1246 | val loss 376.9294 | val MAE 15.201 | val R² 0.7239 | lr 5.86e-04
  iter 2500: loss = 397.4102
  iter 2550: loss = 374.6655
  iter 2600: loss = 411.6500
  iter 2650: loss = 381.9314
  iter 2700: loss = 364.4417
  iter 2750: loss = 334.9702
  iter 2800: loss = 411.2891
  iter 2850: loss = 330.9295
  iter 2900: loss = 465.2788
  iter 2950: loss = 377.7508
iter  3000 | train loss 373.2778 | val loss 364.9273 | val MAE 14.933 | val R² 0.7327 | lr 5.78e-04
  iter 3000: loss = 376.5775
  iter 3050: loss = 471.9026
  iter 3100: loss = 414.4447
  iter 3150: loss = 394.8208
  iter 3200: loss = 388.5838
  iter 3250: loss = 395.7775
  iter 3300: loss = 326.4086
  iter 3350: loss = 347.6140
  iter 3400: loss = 364.9099
  iter 3450: loss = 378.1994
iter  3500 | train loss 376.9794 | val loss 370.6190 | val MAE 14.886 | val R² 0.7285 | lr 5.69e-04
  iter 3500: loss = 364.3701
  iter 3550: loss = 314.5420
  iter 3600: loss = 313.2866
  iter 3650: loss = 340.9068
  iter 3700: loss = 361.5186
  iter 3750: loss = 333.2795
  iter 3800: loss = 309.2942
  iter 3850: loss = 332.1846
  iter 3900: loss = 361.6126
  iter 3950: loss = 334.7509
iter  4000 | train loss 358.7480 | val loss 351.5574 | val MAE 14.580 | val R² 0.7425 | lr 5.58e-04
  iter 4000: loss = 384.1481
  iter 4050: loss = 368.0774
  iter 4100: loss = 345.9503
  iter 4150: loss = 333.5388
  iter 4200: loss = 369.8521
  iter 4250: loss = 326.2455
  iter 4300: loss = 342.2568
  iter 4350: loss = 306.1079
  iter 4400: loss = 365.4106
  iter 4450: loss = 437.4524
iter  4500 | train loss 350.4178 | val loss 348.9700 | val MAE 14.649 | val R² 0.7444 | lr 5.46e-04
  iter 4500: loss = 325.3763
  iter 4550: loss = 454.2238
  iter 4600: loss = 348.9764
  iter 4650: loss = 374.8618
  iter 4700: loss = 313.6121
  iter 4750: loss = 330.9436
  iter 4800: loss = 306.2194
  iter 4850: loss = 355.4033
  iter 4900: loss = 338.4785
  iter 4950: loss = 405.9369
iter  5000 | train loss 346.3541 | val loss 340.2342 | val MAE 14.479 | val R² 0.7508 | lr 5.32e-04
  iter 5000: loss = 358.1439
  iter 5050: loss = 306.2298
  iter 5100: loss = 333.8218
  iter 5150: loss = 325.4106
  iter 5200: loss = 385.9373
  iter 5250: loss = 350.9742
  iter 5300: loss = 389.7062
  iter 5350: loss = 440.9742
  iter 5400: loss = 305.8076
  iter 5450: loss = 311.5331
iter  5500 | train loss 364.6842 | val loss 355.2583 | val MAE 14.873 | val R² 0.7398 | lr 5.17e-04
  iter 5500: loss = 348.1077
  iter 5550: loss = 394.6751
  iter 5600: loss = 360.4071
  iter 5650: loss = 319.0493
  iter 5700: loss = 319.8361
  iter 5750: loss = 351.3109
  iter 5800: loss = 291.6060
  iter 5850: loss = 314.7526
  iter 5900: loss = 321.6774
  iter 5950: loss = 362.7484
iter  6000 | train loss 335.3441 | val loss 330.6735 | val MAE 14.217 | val R² 0.7578 | lr 5.01e-04
  iter 6000: loss = 336.8517
  iter 6050: loss = 340.2385
  iter 6100: loss = 376.9883
  iter 6150: loss = 330.5604
  iter 6200: loss = 386.1152
  iter 6250: loss = 313.6756
  iter 6300: loss = 360.1790
  iter 6350: loss = 330.6693
  iter 6400: loss = 370.4749
  iter 6450: loss = 339.5505
iter  6500 | train loss 330.4244 | val loss 331.5519 | val MAE 14.155 | val R² 0.7571 | lr 4.83e-04
  iter 6500: loss = 355.0714
  iter 6550: loss = 333.5073
  iter 6600: loss = 376.4237
  iter 6650: loss = 306.2566
  iter 6700: loss = 362.9254
  iter 6750: loss = 329.3110
  iter 6800: loss = 358.0145
  iter 6850: loss = 308.5028
  iter 6900: loss = 352.8281
  iter 6950: loss = 401.4748
iter  7000 | train loss 332.6338 | val loss 330.0936 | val MAE 14.153 | val R² 0.7582 | lr 4.65e-04
  iter 7000: loss = 328.8427
  iter 7050: loss = 341.1819
  iter 7100: loss = 354.1533
  iter 7150: loss = 347.7605
  iter 7200: loss = 303.2978
  iter 7250: loss = 310.9476
  iter 7300: loss = 377.4939
  iter 7350: loss = 313.5757
  iter 7400: loss = 318.6413
  iter 7450: loss = 250.4047
iter  7500 | train loss 334.6152 | val loss 325.1191 | val MAE 13.989 | val R² 0.7619 | lr 4.46e-04
  iter 7500: loss = 326.3070
  iter 7550: loss = 328.4193
  iter 7600: loss = 332.6873
  iter 7650: loss = 398.3557
  iter 7700: loss = 303.4129
  iter 7750: loss = 378.6867
  iter 7800: loss = 317.2297
  iter 7850: loss = 333.8570
  iter 7900: loss = 382.4995
  iter 7950: loss = 354.2310
iter  8000 | train loss 320.4823 | val loss 324.7632 | val MAE 14.110 | val R² 0.7621 | lr 4.26e-04
  iter 8000: loss = 306.0762
  iter 8050: loss = 381.8776
  iter 8100: loss = 286.4338
  iter 8150: loss = 304.5156
  iter 8200: loss = 338.1854
  iter 8250: loss = 361.1505
  iter 8300: loss = 399.7576
  iter 8350: loss = 339.3707
  iter 8400: loss = 312.1594
  iter 8450: loss = 320.2260
iter  8500 | train loss 316.9270 | val loss 318.5196 | val MAE 13.761 | val R² 0.7667 | lr 4.05e-04
  iter 8500: loss = 313.7952
  iter 8550: loss = 331.7034
  iter 8600: loss = 308.9799
  iter 8650: loss = 308.7222
  iter 8700: loss = 315.3440
  iter 8750: loss = 395.0347
  iter 8800: loss = 306.3580
  iter 8850: loss = 310.6517
  iter 8900: loss = 332.5604
  iter 8950: loss = 356.7344
iter  9000 | train loss 321.5652 | val loss 319.7366 | val MAE 13.769 | val R² 0.7658 | lr 3.84e-04
  iter 9000: loss = 307.7499
  iter 9050: loss = 316.9598
  iter 9100: loss = 321.9990
  iter 9150: loss = 356.9301
  iter 9200: loss = 299.9377
  iter 9250: loss = 320.7660
  iter 9300: loss = 357.5701
  iter 9350: loss = 276.1123
  iter 9400: loss = 414.0886
  iter 9450: loss = 334.5455
iter  9500 | train loss 320.9684 | val loss 312.6018 | val MAE 13.680 | val R² 0.7710 | lr 3.63e-04
  iter 9500: loss = 288.6843
  iter 9550: loss = 311.1452
  iter 9600: loss = 292.9077
  iter 9650: loss = 329.3245
  iter 9700: loss = 318.6000
  iter 9750: loss = 318.4742
  iter 9800: loss = 328.1772
  iter 9850: loss = 280.9479
  iter 9900: loss = 352.8561
  iter 9950: loss = 365.3771
iter 10000 | train loss 312.3202 | val loss 309.4431 | val MAE 13.640 | val R² 0.7733 | lr 3.41e-04
  iter 10000: loss = 291.2200
  iter 10050: loss = 298.5897
  iter 10100: loss = 280.1286
  iter 10150: loss = 332.6646
  iter 10200: loss = 335.1086
  iter 10250: loss = 306.5930
  iter 10300: loss = 413.7269
  iter 10350: loss = 296.5391
  iter 10400: loss = 372.0568
  iter 10450: loss = 291.5617
iter 10500 | train loss 313.9339 | val loss 312.9725 | val MAE 13.658 | val R² 0.7708 | lr 3.19e-04
  iter 10500: loss = 330.7360
  iter 10550: loss = 339.5624
  iter 10600: loss = 280.4078
  iter 10650: loss = 346.3526
  iter 10700: loss = 381.4372
  iter 10750: loss = 266.3494
  iter 10800: loss = 283.2711
  iter 10850: loss = 288.5320
  iter 10900: loss = 332.9636
  iter 10950: loss = 344.8507
iter 11000 | train loss 323.3054 | val loss 313.6958 | val MAE 13.830 | val R² 0.7702 | lr 2.97e-04
  iter 11000: loss = 302.7349
  iter 11050: loss = 296.8773
  iter 11100: loss = 372.1807
  iter 11150: loss = 270.4428
  iter 11200: loss = 276.1440
  iter 11250: loss = 314.6157
  iter 11300: loss = 299.3409
  iter 11350: loss = 334.5818
  iter 11400: loss = 301.7280
  iter 11450: loss = 359.5731
iter 11500 | train loss 314.2162 | val loss 302.9560 | val MAE 13.472 | val R² 0.7781 | lr 2.76e-04
  iter 11500: loss = 250.9112
  iter 11550: loss = 305.6361
  iter 11600: loss = 341.0107
  iter 11650: loss = 325.3061
  iter 11700: loss = 295.7208
  iter 11750: loss = 305.9117
  iter 11800: loss = 338.0054
  iter 11850: loss = 319.1768
  iter 11900: loss = 299.2727
  iter 11950: loss = 334.4574
iter 12000 | train loss 314.6126 | val loss 304.3164 | val MAE 13.519 | val R² 0.7771 | lr 2.55e-04
  iter 12000: loss = 282.1876
  iter 12050: loss = 306.0826
  iter 12100: loss = 271.8437
  iter 12150: loss = 296.3647
  iter 12200: loss = 294.2773
  iter 12250: loss = 318.9747
  iter 12300: loss = 329.3911
  iter 12350: loss = 259.9774
  iter 12400: loss = 308.4469
  iter 12450: loss = 284.6390
iter 12500 | train loss 310.2106 | val loss 307.0618 | val MAE 13.485 | val R² 0.7751 | lr 2.34e-04
  iter 12500: loss = 311.9393
  iter 12550: loss = 320.7123
  iter 12600: loss = 311.3489
  iter 12650: loss = 301.3592
  iter 12700: loss = 283.6406
  iter 12750: loss = 330.7447
  iter 12800: loss = 305.7291
  iter 12850: loss = 278.9148
  iter 12900: loss = 307.7557
  iter 12950: loss = 315.6887
iter 13000 | train loss 302.1539 | val loss 300.4433 | val MAE 13.500 | val R² 0.7799 | lr 2.14e-04
  iter 13000: loss = 314.7455
  iter 13050: loss = 319.9221
  iter 13100: loss = 258.4044
  iter 13150: loss = 254.3685
  iter 13200: loss = 327.6525
  iter 13250: loss = 302.1393
  iter 13300: loss = 242.2672
  iter 13350: loss = 305.2470
  iter 13400: loss = 357.9827
  iter 13450: loss = 357.4075
iter 13500 | train loss 303.2936 | val loss 301.6473 | val MAE 13.471 | val R² 0.7791 | lr 1.95e-04
  iter 13500: loss = 294.7126
  iter 13550: loss = 296.1385
  iter 13600: loss = 256.9815
  iter 13650: loss = 231.9785
  iter 13700: loss = 286.0504
  iter 13750: loss = 324.7870
  iter 13800: loss = 295.2242
  iter 13850: loss = 337.9162
  iter 13900: loss = 266.5450
  iter 13950: loss = 340.2813
iter 14000 | train loss 302.5913 | val loss 304.3354 | val MAE 13.478 | val R² 0.7771 | lr 1.77e-04
  iter 14000: loss = 352.5768
  iter 14050: loss = 310.4482
  iter 14100: loss = 322.0302
  iter 14150: loss = 311.8580
  iter 14200: loss = 288.4404
  iter 14250: loss = 291.5368
  iter 14300: loss = 293.4039
  iter 14350: loss = 324.0447
  iter 14400: loss = 339.2042
  iter 14450: loss = 335.5552
iter 14500 | train loss 305.0886 | val loss 307.6396 | val MAE 13.661 | val R² 0.7747 | lr 1.59e-04
  iter 14500: loss = 332.7644
  iter 14550: loss = 300.3491
  iter 14600: loss = 321.7358
  iter 14650: loss = 317.9688
  iter 14700: loss = 254.7990
  iter 14750: loss = 319.9467
  iter 14800: loss = 331.3347
  iter 14850: loss = 314.9691
  iter 14900: loss = 284.6126
  iter 14950: loss = 295.0755
iter 15000 | train loss 305.1672 | val loss 303.9836 | val MAE 13.631 | val R² 0.7773 | lr 1.43e-04
  iter 15000: loss = 290.7960
  iter 15050: loss = 295.8785
  iter 15100: loss = 310.3372
  iter 15150: loss = 267.8059
  iter 15200: loss = 286.6619
  iter 15250: loss = 294.5488
  iter 15300: loss = 349.1661
  iter 15350: loss = 315.3667
  iter 15400: loss = 277.3852
  iter 15450: loss = 300.1536
iter 15500 | train loss 300.7207 | val loss 300.7980 | val MAE 13.498 | val R² 0.7797 | lr 1.28e-04
  iter 15500: loss = 324.0622
  iter 15550: loss = 313.3839
  iter 15600: loss = 303.3574
  iter 15650: loss = 295.9900
  iter 15700: loss = 269.5722
  iter 15750: loss = 283.8059
  iter 15800: loss = 272.3883
  iter 15850: loss = 275.3112
  iter 15900: loss = 265.8854
  iter 15950: loss = 320.4320
iter 16000 | train loss 299.9842 | val loss 297.1221 | val MAE 13.306 | val R² 0.7824 | lr 1.14e-04
  iter 16000: loss = 324.1302
  iter 16050: loss = 270.4146
  iter 16100: loss = 300.0238
  iter 16150: loss = 324.1877
  iter 16200: loss = 279.7462
  iter 16250: loss = 287.2950
  iter 16300: loss = 276.7556
  iter 16350: loss = 320.5353
  iter 16400: loss = 287.3946
  iter 16450: loss = 263.5009
iter 16500 | train loss 298.6204 | val loss 295.6741 | val MAE 13.353 | val R² 0.7834 | lr 1.02e-04
  iter 16500: loss = 323.4786
  iter 16550: loss = 279.3405
  iter 16600: loss = 287.1475
  iter 16650: loss = 271.3865
  iter 16700: loss = 300.8007
  iter 16750: loss = 295.8290
  iter 16800: loss = 301.5244
  iter 16850: loss = 322.6550
  iter 16900: loss = 286.8091
  iter 16950: loss = 312.4131
iter 17000 | train loss 298.3311 | val loss 295.4172 | val MAE 13.249 | val R² 0.7836 | lr 9.09e-05
  iter 17000: loss = 271.1637
  iter 17050: loss = 294.0150
  iter 17100: loss = 282.5242
  iter 17150: loss = 289.1947
  iter 17200: loss = 312.8509
  iter 17250: loss = 311.8701
  iter 17300: loss = 264.2437
  iter 17350: loss = 350.4475
  iter 17400: loss = 301.2136
  iter 17450: loss = 289.6844
iter 17500 | train loss 296.8326 | val loss 297.1314 | val MAE 13.399 | val R² 0.7824 | lr 8.16e-05
  iter 17500: loss = 298.3612
  iter 17550: loss = 274.5458
  iter 17600: loss = 293.2924
  iter 17650: loss = 299.5792
  iter 17700: loss = 329.5622
  iter 17750: loss = 288.5721
  iter 17800: loss = 300.7976
  iter 17850: loss = 275.3584
  iter 17900: loss = 284.7433
  iter 17950: loss = 266.5293
iter 18000 | train loss 299.2103 | val loss 291.5342 | val MAE 13.297 | val R² 0.7865 | lr 7.39e-05
  iter 18000: loss = 287.8543
  iter 18050: loss = 294.4144
  iter 18100: loss = 298.8790
  iter 18150: loss = 295.7088
  iter 18200: loss = 266.9707
  iter 18250: loss = 302.9355
  iter 18300: loss = 319.2255
  iter 18350: loss = 287.4128
  iter 18400: loss = 298.9927
  iter 18450: loss = 302.4941
iter 18500 | train loss 295.7050 | val loss 290.4369 | val MAE 13.177 | val R² 0.7873 | lr 6.78e-05
  iter 18500: loss = 267.0140
  iter 18550: loss = 329.3264
  iter 18600: loss = 329.7299
  iter 18650: loss = 261.3667
  iter 18700: loss = 314.0784
  iter 18750: loss = 285.3980
  iter 18800: loss = 289.1111
  iter 18850: loss = 279.4277
  iter 18900: loss = 323.7228
  iter 18950: loss = 309.5394
iter 19000 | train loss 304.1110 | val loss 288.6964 | val MAE 13.103 | val R² 0.7885 | lr 6.35e-05
  iter 19000: loss = 328.9379
  iter 19050: loss = 299.8911
  iter 19100: loss = 244.9662
  iter 19150: loss = 343.7757
  iter 19200: loss = 269.9003
  iter 19250: loss = 290.7087
  iter 19300: loss = 328.0794
  iter 19350: loss = 282.6447
  iter 19400: loss = 303.6118
  iter 19450: loss = 297.0333
iter 19500 | train loss 299.1081 | val loss 291.4678 | val MAE 13.188 | val R² 0.7865 | lr 6.09e-05
  iter 19500: loss = 324.9098
  iter 19550: loss = 284.2215
  iter 19600: loss = 266.1213
  iter 19650: loss = 285.0111
  iter 19700: loss = 295.1196
  iter 19750: loss = 252.8927
  iter 19800: loss = 296.2834
  iter 19850: loss = 293.5449
  iter 19900: loss = 345.5688
  iter 19950: loss = 262.5967
iter 20000 | train loss 296.0095 | val loss 289.4607 | val MAE 13.263 | val R² 0.7880 | lr 6.00e-05

Experiment complete!
