wandb: Currently logged in as: matan_avitan to https://api.wandb.ai. Use `wandb login --relogin` to force relogin
wandb: setting up run vewukpey
wandb: Tracking run with wandb version 0.23.1
wandb: Run data is saved locally in /home/nlp/matan_avitan/git/nopos_locating_new/wandb/run-20260120_004230-vewukpey
wandb: Run `wandb offline` to turn off syncing.
wandb: Syncing run axis-alignment-owt-6layer-mlp-cos
wandb: ⭐️ View project at https://wandb.ai/matan_avitan/nope-position-regression-metrics
wandb: 🚀 View run at https://wandb.ai/matan_avitan/nope-position-regression-metrics/runs/vewukpey

======================================================================
AXIS ALIGNMENT EXPERIMENT - OpenWebText + Frozen Position Regression
======================================================================
Configuration:
  n_samples: 500
  seq_len: 128
  Checkpoints: [500, 1000, 2000, 5000, 10000, 15000, 20000]
  Device: cpu
  Checkpoint dir: nanoGPT/out-posreg-6layer-until-mlp

Loading OpenWebText validation sequences...
Loaded OpenWebText val.bin: 4,434,606 tokens
Counting unique tokens per position...
Unique tokens at final position - min: 50, max: 106, mean: 88.4
Analyzing checkpoints:   0%|          | 0/7 [00:00<?, ?it/s]Analyzing checkpoints:  14%|█▍        | 1/7 [05:30<33:00, 330.13s/it]Analyzing checkpoints:  29%|██▊       | 2/7 [10:50<27:00, 324.12s/it]Analyzing checkpoints:  43%|████▎     | 3/7 [16:52<22:45, 341.45s/it]Analyzing checkpoints:  57%|█████▋    | 4/7 [22:55<17:29, 349.99s/it]Analyzing checkpoints:  71%|███████▏  | 5/7 [28:12<11:16, 338.17s/it]Analyzing checkpoints:  86%|████████▌ | 6/7 [33:34<05:32, 332.63s/it]Analyzing checkpoints: 100%|██████████| 7/7 [38:55<00:00, 328.93s/it]Analyzing checkpoints: 100%|██████████| 7/7 [38:55<00:00, 333.66s/it]
/home/nlp/matan_avitan/git/nopos_locating_new/analysis_scripts/axis_alignment_owt.py:563: DeprecationWarning:


Support for Kaleido versions less than 1.0.0 is deprecated and will be removed after September 2025.
Please upgrade Kaleido to version 1.0.0 or greater (`pip install 'kaleido>=1.0.0'` or `pip install 'plotly[kaleido]'`).


/home/nlp/matan_avitan/git/nopos_locating_new/analysis_scripts/axis_alignment_owt.py:564: DeprecationWarning:


Support for Kaleido versions less than 1.0.0 is deprecated and will be removed after September 2025.
Please upgrade Kaleido to version 1.0.0 or greater (`pip install 'kaleido>=1.0.0'` or `pip install 'plotly[kaleido]'`).


/home/nlp/matan_avitan/git/nopos_locating_new/analysis_scripts/axis_alignment_owt.py:653: DeprecationWarning:


Support for Kaleido versions less than 1.0.0 is deprecated and will be removed after September 2025.
Please upgrade Kaleido to version 1.0.0 or greater (`pip install 'kaleido>=1.0.0'` or `pip install 'plotly[kaleido]'`).


/home/nlp/matan_avitan/git/nopos_locating_new/analysis_scripts/axis_alignment_owt.py:654: DeprecationWarning:


Support for Kaleido versions less than 1.0.0 is deprecated and will be removed after September 2025.
Please upgrade Kaleido to version 1.0.0 or greater (`pip install 'kaleido>=1.0.0'` or `pip install 'plotly[kaleido]'`).


wandb: updating run metadata
wandb: uploading media/images/plots/training_png_0_7a6a5f03d77ad5a31dc3.png; uploading media/images/plots/by_k_png_1_0af0da0f0e22df57f41d.png; uploading output.log; uploading wandb-summary.json
wandb: uploading media/images/plots/training_png_0_7a6a5f03d77ad5a31dc3.png; uploading media/images/plots/by_k_png_1_0af0da0f0e22df57f41d.png; uploading config.yaml
wandb: uploading history steps 0-2, summary, console lines 159-167
wandb: 
wandb: Run summary:
wandb: results_path results/axis_alignme...
wandb: 
wandb: 🚀 View run axis-alignment-owt-6layer-mlp-cos at: https://wandb.ai/matan_avitan/nope-position-regression-metrics/runs/vewukpey
wandb: ⭐️ View project at: https://wandb.ai/matan_avitan/nope-position-regression-metrics
wandb: Synced 5 W&B file(s), 2 media file(s), 0 artifact file(s) and 0 other file(s)
wandb: Find logs at: ./wandb/run-20260120_004230-vewukpey/logs

============================================================
NoPE GPT Model Initialized
============================================================
  Positional Embedding: False
  Normalization Type:   layernorm
  Layers:               6
  Heads:                12
  Embedding Dim:        768
  Block Size:           128
  Vocab Size:           50304
  Attention Stats:      False
  Skip LN2:             False
  Use BatchNorm LN2:    False
  Parameters:           81.11M
============================================================


============================================================
NoPE GPT Model Initialized
============================================================
  Positional Embedding: False
  Normalization Type:   layernorm
  Layers:               6
  Heads:                12
  Embedding Dim:        768
  Block Size:           128
  Vocab Size:           50304
  Attention Stats:      False
  Skip LN2:             False
  Use BatchNorm LN2:    False
  Parameters:           81.11M
============================================================


============================================================
NoPE GPT Model Initialized
============================================================
  Positional Embedding: False
  Normalization Type:   layernorm
  Layers:               6
  Heads:                12
  Embedding Dim:        768
  Block Size:           128
  Vocab Size:           50304
  Attention Stats:      False
  Skip LN2:             False
  Use BatchNorm LN2:    False
  Parameters:           81.11M
============================================================


============================================================
NoPE GPT Model Initialized
============================================================
  Positional Embedding: False
  Normalization Type:   layernorm
  Layers:               6
  Heads:                12
  Embedding Dim:        768
  Block Size:           128
  Vocab Size:           50304
  Attention Stats:      False
  Skip LN2:             False
  Use BatchNorm LN2:    False
  Parameters:           81.11M
============================================================


============================================================
NoPE GPT Model Initialized
============================================================
  Positional Embedding: False
  Normalization Type:   layernorm
  Layers:               6
  Heads:                12
  Embedding Dim:        768
  Block Size:           128
  Vocab Size:           50304
  Attention Stats:      False
  Skip LN2:             False
  Use BatchNorm LN2:    False
  Parameters:           81.11M
============================================================


============================================================
NoPE GPT Model Initialized
============================================================
  Positional Embedding: False
  Normalization Type:   layernorm
  Layers:               6
  Heads:                12
  Embedding Dim:        768
  Block Size:           128
  Vocab Size:           50304
  Attention Stats:      False
  Skip LN2:             False
  Use BatchNorm LN2:    False
  Parameters:           81.11M
============================================================


============================================================
NoPE GPT Model Initialized
============================================================
  Positional Embedding: False
  Normalization Type:   layernorm
  Layers:               6
  Heads:                12
  Embedding Dim:        768
  Block Size:           128
  Vocab Size:           50304
  Attention Stats:      False
  Skip LN2:             False
  Use BatchNorm LN2:    False
  Parameters:           81.11M
============================================================


Results saved to: results/axis_alignment_owt/axis_alignment_owt_6layer_mlp_cos_results.json

Creating plots...
  Saved: axis_alignment_owt_6layer_mlp_cos_training.png/pdf
  Saved: axis_alignment_owt_6layer_mlp_cos_by_k.png/pdf
All plots saved!

======================================================================
RESULTS SUMMARY
======================================================================

K distribution in OpenWebText sequences:
  Min: 50
  Max: 106
  Mean: 88.4

Alignment across training steps (should be CONSTANT for frozen layers):

  MLP_HIDDEN:
      Step |    Max |cos| |   Mean |cos| |    Ratio
  ---------+--------------+--------------+---------
       500 |       0.5623 |       0.0284 |    19.83
      1000 |       0.5482 |       0.0305 |    17.97
      2000 |       0.5267 |       0.0396 |    13.31
      5000 |       0.4921 |       0.0590 |     8.34
     10000 |       0.4547 |       0.0677 |     6.72
     15000 |       0.4463 |       0.0688 |     6.48
     20000 |       0.4474 |       0.0682 |     6.56

  POST_MLP:
      Step |    Max |cos| |   Mean |cos| |    Ratio
  ---------+--------------+--------------+---------
       500 |       0.1613 |       0.0287 |     5.62
      1000 |       0.1319 |       0.0289 |     4.56
      2000 |       0.1086 |       0.0287 |     3.78
      5000 |       0.1027 |       0.0283 |     3.62
     10000 |       0.1054 |       0.0278 |     3.79
     15000 |       0.1045 |       0.0278 |     3.76
     20000 |       0.1041 |       0.0278 |     3.74
