wandb: Currently logged in as: matan_avitan to https://api.wandb.ai. Use `wandb login --relogin` to force relogin
wandb: setting up run 8zgf3cpc
wandb: Tracking run with wandb version 0.23.1
wandb: Run data is saved locally in /home/nlp/matan_avitan/git/nopos_locating_new/wandb/run-20260120_133953-8zgf3cpc
wandb: Run `wandb offline` to turn off syncing.
wandb: Syncing run axis-alignment-ctrl-6layer-mlp
wandb: ⭐️ View project at https://wandb.ai/matan_avitan/nope-position-regression-metrics
wandb: 🚀 View run at https://wandb.ai/matan_avitan/nope-position-regression-metrics/runs/8zgf3cpc

======================================================================
AXIS ALIGNMENT EXPERIMENT - Controlled Prefix
======================================================================
Configuration:
  n_samples: 1200
  seq_len: 128
  Checkpoints: [500, 1000, 2000, 5000, 10000, 15000, 20000]
  Device: cuda
  Checkpoint dir: nanoGPT/out-posreg-6layer-until-mlp

Generating controlled prefix sequences...
Counting unique tokens per position...
Unique tokens at final position - min: 1, max: 32, mean: 10.5
Analyzing checkpoints:   0%|          | 0/7 [00:00<?, ?it/s]Analyzing checkpoints:  14%|█▍        | 1/7 [05:05<30:34, 305.67s/it]Analyzing checkpoints:  29%|██▊       | 2/7 [09:59<24:52, 298.42s/it]Analyzing checkpoints:  43%|████▎     | 3/7 [14:51<19:43, 295.79s/it]Analyzing checkpoints:  57%|█████▋    | 4/7 [19:40<14:39, 293.02s/it]Analyzing checkpoints:  71%|███████▏  | 5/7 [24:26<09:41, 290.53s/it]Analyzing checkpoints:  86%|████████▌ | 6/7 [29:03<04:46, 286.04s/it]Analyzing checkpoints: 100%|██████████| 7/7 [32:15<00:00, 255.09s/it]Analyzing checkpoints: 100%|██████████| 7/7 [32:15<00:00, 276.47s/it]
/home/nlp/matan_avitan/git/nopos_locating_new/analysis_scripts/axis_alignment_owt.py:655: DeprecationWarning:


Support for Kaleido versions less than 1.0.0 is deprecated and will be removed after September 2025.
Please upgrade Kaleido to version 1.0.0 or greater (`pip install 'kaleido>=1.0.0'` or `pip install 'plotly[kaleido]'`).


/home/nlp/matan_avitan/git/nopos_locating_new/analysis_scripts/axis_alignment_owt.py:656: DeprecationWarning:


Support for Kaleido versions less than 1.0.0 is deprecated and will be removed after September 2025.
Please upgrade Kaleido to version 1.0.0 or greater (`pip install 'kaleido>=1.0.0'` or `pip install 'plotly[kaleido]'`).


/home/nlp/matan_avitan/git/nopos_locating_new/analysis_scripts/axis_alignment_owt.py:745: DeprecationWarning:


Support for Kaleido versions less than 1.0.0 is deprecated and will be removed after September 2025.
Please upgrade Kaleido to version 1.0.0 or greater (`pip install 'kaleido>=1.0.0'` or `pip install 'plotly[kaleido]'`).


/home/nlp/matan_avitan/git/nopos_locating_new/analysis_scripts/axis_alignment_owt.py:746: DeprecationWarning:


Support for Kaleido versions less than 1.0.0 is deprecated and will be removed after September 2025.
Please upgrade Kaleido to version 1.0.0 or greater (`pip install 'kaleido>=1.0.0'` or `pip install 'plotly[kaleido]'`).


wandb: updating run metadata
wandb: uploading media/images/plots/training_png_0_43a8a25c625c317e784c.png; uploading media/images/plots/by_k_png_1_6ed0c2d2a830043edbb1.png; uploading output.log; uploading wandb-summary.json
wandb: uploading media/images/plots/training_png_0_43a8a25c625c317e784c.png; uploading media/images/plots/by_k_png_1_6ed0c2d2a830043edbb1.png; uploading config.yaml
wandb: uploading history steps 0-2, summary, console lines 133-166
wandb: 
wandb: Run summary:
wandb: results_path results/axis_alignme...
wandb: 
wandb: 🚀 View run axis-alignment-ctrl-6layer-mlp at: https://wandb.ai/matan_avitan/nope-position-regression-metrics/runs/8zgf3cpc
wandb: ⭐️ View project at: https://wandb.ai/matan_avitan/nope-position-regression-metrics
wandb: Synced 5 W&B file(s), 2 media file(s), 0 artifact file(s) and 0 other file(s)
wandb: Find logs at: ./wandb/run-20260120_133953-8zgf3cpc/logs

============================================================
NoPE GPT Model Initialized
============================================================
  Positional Embedding: False
  Normalization Type:   layernorm
  Layers:               6
  Heads:                12
  Embedding Dim:        768
  Block Size:           128
  Vocab Size:           50304
  Attention Stats:      False
  Skip LN2:             False
  Use BatchNorm LN2:    False
  Parameters:           81.11M
============================================================


============================================================
NoPE GPT Model Initialized
============================================================
  Positional Embedding: False
  Normalization Type:   layernorm
  Layers:               6
  Heads:                12
  Embedding Dim:        768
  Block Size:           128
  Vocab Size:           50304
  Attention Stats:      False
  Skip LN2:             False
  Use BatchNorm LN2:    False
  Parameters:           81.11M
============================================================


============================================================
NoPE GPT Model Initialized
============================================================
  Positional Embedding: False
  Normalization Type:   layernorm
  Layers:               6
  Heads:                12
  Embedding Dim:        768
  Block Size:           128
  Vocab Size:           50304
  Attention Stats:      False
  Skip LN2:             False
  Use BatchNorm LN2:    False
  Parameters:           81.11M
============================================================


============================================================
NoPE GPT Model Initialized
============================================================
  Positional Embedding: False
  Normalization Type:   layernorm
  Layers:               6
  Heads:                12
  Embedding Dim:        768
  Block Size:           128
  Vocab Size:           50304
  Attention Stats:      False
  Skip LN2:             False
  Use BatchNorm LN2:    False
  Parameters:           81.11M
============================================================


============================================================
NoPE GPT Model Initialized
============================================================
  Positional Embedding: False
  Normalization Type:   layernorm
  Layers:               6
  Heads:                12
  Embedding Dim:        768
  Block Size:           128
  Vocab Size:           50304
  Attention Stats:      False
  Skip LN2:             False
  Use BatchNorm LN2:    False
  Parameters:           81.11M
============================================================


============================================================
NoPE GPT Model Initialized
============================================================
  Positional Embedding: False
  Normalization Type:   layernorm
  Layers:               6
  Heads:                12
  Embedding Dim:        768
  Block Size:           128
  Vocab Size:           50304
  Attention Stats:      False
  Skip LN2:             False
  Use BatchNorm LN2:    False
  Parameters:           81.11M
============================================================


============================================================
NoPE GPT Model Initialized
============================================================
  Positional Embedding: False
  Normalization Type:   layernorm
  Layers:               6
  Heads:                12
  Embedding Dim:        768
  Block Size:           128
  Vocab Size:           50304
  Attention Stats:      False
  Skip LN2:             False
  Use BatchNorm LN2:    False
  Parameters:           81.11M
============================================================


Results saved to: results/axis_alignment_owt/axis_alignment_owt_6layer_ctrl_mlp_results.json

Creating plots...
  Saved: axis_alignment_owt_6layer_ctrl_mlp_training.png/pdf
  Saved: axis_alignment_owt_6layer_ctrl_mlp_by_k.png/pdf
All plots saved!

======================================================================
RESULTS SUMMARY
======================================================================

K distribution in OpenWebText sequences:
  Min: 1
  Max: 32
  Mean: 10.5

Alignment across training steps (should be CONSTANT for frozen layers):

  MLP_HIDDEN:
      Step |    Max |cos| |   Mean |cos| |    Ratio
  ---------+--------------+--------------+---------
       500 |       0.1810 |       0.0233 |     7.76
      1000 |       0.1762 |       0.0237 |     7.44
      2000 |       0.1726 |       0.0262 |     6.58
      5000 |       0.2592 |       0.0400 |     6.47
     10000 |       0.2202 |       0.0422 |     5.22
     15000 |       0.1991 |       0.0399 |     4.99
     20000 |       0.1936 |       0.0403 |     4.80

  POST_MLP:
      Step |    Max |cos| |   Mean |cos| |    Ratio
  ---------+--------------+--------------+---------
       500 |       0.1035 |       0.0240 |     4.32
      1000 |       0.0839 |       0.0234 |     3.58
      2000 |       0.0537 |       0.0185 |     2.91
      5000 |       0.0508 |       0.0158 |     3.22
     10000 |       0.0559 |       0.0197 |     2.84
     15000 |       0.0589 |       0.0208 |     2.83
     20000 |       0.0595 |       0.0209 |     2.85
