wandb: Currently logged in as: matan_avitan to https://api.wandb.ai. Use `wandb login --relogin` to force relogin
wandb: setting up run 85jsginq
wandb: Tracking run with wandb version 0.23.1
wandb: Run data is saved locally in /home/nlp/matan_avitan/git/nopos_locating_new/wandb/run-20260120_171659-85jsginq
wandb: Run `wandb offline` to turn off syncing.
wandb: Syncing run decoding-vector-controlled-k-6layer
wandb: ⭐️ View project at https://wandb.ai/matan_avitan/nope-position-regression-metrics
wandb: 🚀 View run at https://wandb.ai/matan_avitan/nope-position-regression-metrics/runs/85jsginq

======================================================================
Controlled-K Decoding Vector Alignment Analysis
======================================================================
Checkpoint dir: nanoGPT/out-posreg-6layer-until-mlp
K values: [2, 5, 10, 20, 50, 100]
Sequences per K: 100
Steps: [500, 1000, 2000, 5000, 10000, 15000, 20000]
Layer: 0
Context length: 128
Output: results/decoding_vector_alignment_controlled_k
======================================================================


──────────────────────────────────────────────────────────────────────
Processing step 500
──────────────────────────────────────────────────────────────────────

============================================================
Position Classifier Model Initialized
============================================================
  Positional Embedding: False
  Normalization Type:   layernorm
  Layers:               6
  Heads:                12
  Embedding Dim:        768
  Block Size:           128
  Vocab Size:           50304
  Position Classes:     128
  Parameters:           81.11M
============================================================

  K=  2: Generating 100 sequences... Analyzing alignment... ✓ (max |cos| W_V: 0.0118)
  K=  5: Generating 100 sequences... Analyzing alignment... ✓ (max |cos| W_V: 0.0124)
  K= 10: Generating 100 sequences... Analyzing alignment... ✓ (max |cos| W_V: 0.0173)
  K= 20: Generating 100 sequences... Analyzing alignment... ✓ (max |cos| W_V: 0.0134)
  K= 50: Generating 100 sequences... Analyzing alignment... ✓ (max |cos| W_V: 0.0128)
  K=100: Generating 100 sequences... Analyzing alignment... ✓ (max |cos| W_V: 0.0148)

──────────────────────────────────────────────────────────────────────
Processing step 1000
──────────────────────────────────────────────────────────────────────

============================================================
Position Classifier Model Initialized
============================================================
  Positional Embedding: False
  Normalization Type:   layernorm
  Layers:               6
  Heads:                12
  Embedding Dim:        768
  Block Size:           128
  Vocab Size:           50304
  Position Classes:     128
  Parameters:           81.11M
============================================================

  K=  2: Generating 100 sequences... Analyzing alignment... ✓ (max |cos| W_V: 0.0119)
  K=  5: Generating 100 sequences... Analyzing alignment... ✓ (max |cos| W_V: 0.0141)
  K= 10: Generating 100 sequences... Analyzing alignment... ✓ (max |cos| W_V: 0.0161)
  K= 20: Generating 100 sequences... Analyzing alignment... ✓ (max |cos| W_V: 0.0123)
  K= 50: Generating 100 sequences... Analyzing alignment... ✓ (max |cos| W_V: 0.0138)
  K=100: Generating 100 sequences... Analyzing alignment... ✓ (max |cos| W_V: 0.0155)

──────────────────────────────────────────────────────────────────────
Processing step 2000
──────────────────────────────────────────────────────────────────────

============================================================
Position Classifier Model Initialized
============================================================
  Positional Embedding: False
  Normalization Type:   layernorm
  Layers:               6
  Heads:                12
  Embedding Dim:        768
  Block Size:           128
  Vocab Size:           50304
  Position Classes:     128
  Parameters:           81.11M
============================================================

  K=  2: Generating 100 sequences... Analyzing alignment... ✓ (max |cos| W_V: 0.0121)
  K=  5: Generating 100 sequences... Analyzing alignment... ✓ (max |cos| W_V: 0.0133)
  K= 10: Generating 100 sequences... Analyzing alignment... ✓ (max |cos| W_V: 0.0145)
  K= 20: Generating 100 sequences... Analyzing alignment... ✓ (max |cos| W_V: 0.0123)
  K= 50: Generating 100 sequences... Analyzing alignment... ✓ (max |cos| W_V: 0.0149)
  K=100: Generating 100 sequences... Analyzing alignment... ✓ (max |cos| W_V: 0.0165)

──────────────────────────────────────────────────────────────────────
Processing step 5000
──────────────────────────────────────────────────────────────────────

============================================================
Position Classifier Model Initialized
============================================================
  Positional Embedding: False
  Normalization Type:   layernorm
  Layers:               6
  Heads:                12
  Embedding Dim:        768
  Block Size:           128
  Vocab Size:           50304
  Position Classes:     128
  Parameters:           81.11M
============================================================

  K=  2: Generating 100 sequences... Analyzing alignment... ✓ (max |cos| W_V: 0.0129)
  K=  5: Generating 100 sequences... Analyzing alignment... ✓ (max |cos| W_V: 0.0137)
  K= 10: Generating 100 sequences... Analyzing alignment... ✓ (max |cos| W_V: 0.0137)
  K= 20: Generating 100 sequences... Analyzing alignment... ✓ (max |cos| W_V: 0.0124)
  K= 50: Generating 100 sequences... Analyzing alignment... ✓ (max |cos| W_V: 0.0143)
  K=100: Generating 100 sequences... Analyzing alignment... ✓ (max |cos| W_V: 0.0172)

──────────────────────────────────────────────────────────────────────
Processing step 10000
──────────────────────────────────────────────────────────────────────

============================================================
Position Classifier Model Initialized
============================================================
  Positional Embedding: False
  Normalization Type:   layernorm
  Layers:               6
  Heads:                12
  Embedding Dim:        768
  Block Size:           128
  Vocab Size:           50304
  Position Classes:     128
  Parameters:           81.11M
============================================================

  K=  2: Generating 100 sequences... Analyzing alignment... ✓ (max |cos| W_V: 0.0130)
  K=  5: Generating 100 sequences... Analyzing alignment... ✓ (max |cos| W_V: 0.0134)
  K= 10: Generating 100 sequences... Analyzing alignment... ✓ (max |cos| W_V: 0.0136)
  K= 20: Generating 100 sequences... Analyzing alignment... ✓ (max |cos| W_V: 0.0135)
  K= 50: Generating 100 sequences... Analyzing alignment... ✓ (max |cos| W_V: 0.0125)
  K=100: Generating 100 sequences... Analyzing alignment... ✓ (max |cos| W_V: 0.0146)

──────────────────────────────────────────────────────────────────────
Processing step 15000
──────────────────────────────────────────────────────────────────────

============================================================
Position Classifier Model Initialized
============================================================
  Positional Embedding: False
  Normalization Type:   layernorm
  Layers:               6
  Heads:                12
  Embedding Dim:        768
  Block Size:           128
  Vocab Size:           50304
  Position Classes:     128
  Parameters:           81.11M
============================================================

  K=  2: Generating 100 sequences... Analyzing alignment... ✓ (max |cos| W_V: 0.0114)
  K=  5: Generating 100 sequences... Analyzing alignment... ✓ (max |cos| W_V: 0.0122)
  K= 10: Generating 100 sequences... Analyzing alignment... ✓ (max |cos| W_V: 0.0149)
  K= 20: Generating 100 sequences... Analyzing alignment... ✓ (max |cos| W_V: 0.0126)
  K= 50: Generating 100 sequences... Analyzing alignment... ✓ (max |cos| W_V: 0.0136)
  K=100: Generating 100 sequences... Analyzing alignment... ✓ (max |cos| W_V: 0.0159)

──────────────────────────────────────────────────────────────────────
Processing step 20000
──────────────────────────────────────────────────────────────────────

============================================================
Position Classifier Model Initialized
============================================================
  Positional Embedding: False
  Normalization Type:   layernorm
  Layers:               6
  Heads:                12
  Embedding Dim:        768
  Block Size:           128
  Vocab Size:           50304
  Position Classes:     128
  Parameters:           81.11M
============================================================

  K=  2: Generating 100 sequences... Analyzing alignment... ✓ (max |cos| W_V: 0.0118)
  K=  5: Generating 100 sequences... Analyzing alignment... ✓ (max |cos| W_V: 0.0152)
  K= 10: Generating 100 sequences... Analyzing alignment... ✓ (max |cos| W_V: 0.0119)
  K= 20: Generating 100 sequences... Analyzing alignment... ✓ (max |cos| W_V: 0.0144)
  K= 50: Generating 100 sequences... Analyzing alignment... ✓ (max |cos| W_V: 0.0137)
  K=100: Generating 100 sequences... Analyzing alignment... wandb: uploading media/images/plots/max_abs_wv_fc_by_k_42_9e5adb26120617f5abf7.png; updating run metadata
wandb: uploading media/images/plots/max_abs_wv_fc_by_k_42_9e5adb26120617f5abf7.png; uploading media/images/plots/max_abs_wvwo_fc_by_k_43_56af0b34e66aa49f136b.png; uploading media/images/plots/top_k_mean_wv_fc_by_k_44_fd46b3ecab31f8e530d7.png; uploading output.log; uploading wandb-summary.json (+ 2 more)
wandb: uploading media/images/plots/top_k_mean_wvwo_fc_by_k_45_6b1c6ab445282a86b6de.png
wandb: uploading history steps 33-45, summary, console lines 147-179
wandb: 
wandb: Run history:
wandb:                  eval/ckpt_step ▁▁▁▁▁▁▁▁▁▁▁▁▂▂▂▂▂▂▃▃▃▃▃▄▄▄▄▄▄▆▆▆▆▆▆█████
wandb:                          eval/k ▁▁▂▂▄█▁▁▂▂▄█▁▁▂▂▄█▁▁▂▄█▁▁▂▂▄█▁▁▂▂▄█▁▁▂▂█
wandb:            k10/w_v_c_fc_max_abs █▆▄▃▃▅▁
wandb:     k10/w_v_c_fc_top_k_mean_abs ▅▅▃▂▃█▁
wandb:         k10/w_v_wo_c_fc_max_abs ▁▃▃▃▄▆█
wandb:  k10/w_v_wo_c_fc_top_k_mean_abs ▁▂▁▂▅▅█
wandb:           k100/w_v_c_fc_max_abs ▂▃▆█▁▅▅
wandb:    k100/w_v_c_fc_top_k_mean_abs ▂▂▂█▂▁▁
wandb:        k100/w_v_wo_c_fc_max_abs ▄▃▁▆▃█▅
wandb: k100/w_v_wo_c_fc_top_k_mean_abs ▃▂▁▆▂█▆
wandb:                             +16 ...
wandb: 
wandb: Run summary:
wandb:                  eval/ckpt_step 20000
wandb:                          eval/k 100
wandb:            k10/w_v_c_fc_max_abs 0.01194
wandb:     k10/w_v_c_fc_top_k_mean_abs 0.01081
wandb:         k10/w_v_wo_c_fc_max_abs 0.02022
wandb:  k10/w_v_wo_c_fc_top_k_mean_abs 0.01599
wandb:           k100/w_v_c_fc_max_abs 0.01618
wandb:    k100/w_v_c_fc_top_k_mean_abs 0.01301
wandb:        k100/w_v_wo_c_fc_max_abs 0.01786
wandb: k100/w_v_wo_c_fc_top_k_mean_abs 0.01602
wandb:                             +16 ...
wandb: 
wandb: 🚀 View run decoding-vector-controlled-k-6layer at: https://wandb.ai/matan_avitan/nope-position-regression-metrics/runs/85jsginq
wandb: ⭐️ View project at: https://wandb.ai/matan_avitan/nope-position-regression-metrics
wandb: Synced 5 W&B file(s), 4 media file(s), 0 artifact file(s) and 0 other file(s)
wandb: Find logs at: ./wandb/run-20260120_171659-85jsginq/logs
✓ (max |cos| W_V: 0.0162)

✓ Results saved to results/decoding_vector_alignment_controlled_k/controlled_k_alignment_results.json

Generating plots...
✓ Plots saved to results/decoding_vector_alignment_controlled_k
✓ Logged to WandB

======================================================================
Analysis complete!
======================================================================

