Loaded existing results
Loading data...

============================================================
Retrying R0 at longer contexts with batch_size=1
============================================================

============================================================
2-Layer Mechanism Analysis Model Initialized
============================================================
  Embedding Dim:        768
  Heads:                12
  Head Dim:             64
  Block Size:           128
  Normalization:        layernorm
  Regression Mode:      True
  Parameters:           53.40M
============================================================


Context length: 4096
  L=4096: 100 batches x 1 = 100 sequences
    batch 0/100
    batch 20/100
    batch 40/100
    batch 60/100
    batch 80/100
/home/nlp/matan_avitan/.conda/envs/py312/lib/python3.12/site-packages/sklearn/linear_model/_ridge.py:215: LinAlgWarning: Ill-conditioned matrix (rcond=1.00795e-10): result may not be accurate.
  return linalg.solve(A, Xy, assume_a="pos", overwrite_a=True).T
  R²: 0.9651
  Mean |r|: 0.6061

Context length: 8192
  L=8192: 50 batches x 1 = 50 sequences
    batch 0/50
    batch 20/50
    batch 40/50
/home/nlp/matan_avitan/.conda/envs/py312/lib/python3.12/site-packages/sklearn/linear_model/_ridge.py:215: LinAlgWarning: Ill-conditioned matrix (rcond=7.8073e-10): result may not be accurate.
  return linalg.solve(A, Xy, assume_a="pos", overwrite_a=True).T
  R²: 0.9230
  Mean |r|: 0.5822

============================================================
UPDATED SUMMARY
============================================================
Model    L        R²        
------------------------------
R0       128      0.9658    
R0       256      0.9574    
R0       512      0.9689    
R0       1024     0.9755    
R0       2048     0.9771    
R0       4096     0.9651    
R0       8192     0.9230    
R2       128      0.9310    
R2       256      0.9109    
R2       512      0.8681    
R2       1024     0.8106    
R2       2048     0.7420    
R2       4096     0.6973    
R2       8192     0.6697    

Results saved to results/extrapolation_long_context
