/home/nlp/matan_avitan/.conda/envs/py312/lib/python3.12/site-packages/torch/cuda/__init__.py:283: UserWarning: 
    Found GPU0 NVIDIA B200 which is of cuda capability 10.0.
    Minimum and Maximum cuda capability supported by this version of PyTorch is
    (5.0) - (9.0)
    
  warnings.warn(
/home/nlp/matan_avitan/.conda/envs/py312/lib/python3.12/site-packages/torch/cuda/__init__.py:304: UserWarning: 
    Please install PyTorch with a following CUDA
    configurations:  12.8 12.9 following instructions at
    https://pytorch.org/get-started/locally/
    
  warnings.warn(matched_cuda_warn.format(matched_arches))
/home/nlp/matan_avitan/.conda/envs/py312/lib/python3.12/site-packages/torch/cuda/__init__.py:326: UserWarning: 
NVIDIA B200 with CUDA capability sm_100 is not compatible with the current PyTorch installation.
The current PyTorch install supports CUDA capabilities sm_50 sm_60 sm_70 sm_75 sm_80 sm_86 sm_90.
If you want to use the NVIDIA B200 GPU with PyTorch, please check the instructions at https://pytorch.org/get-started/locally/

  warnings.warn(
======================================================================
OWT SAMPLE-LEVEL POSITION PROBING - ACCURACY METRIC
======================================================================

Device: cuda
Analyzing random init: True
Analyzing trained: False

######################################################################
# Experiment: NoPE + LayerNorm
######################################################################

--- Random Initialization ---

============================================================
NoPE GPT Model Initialized
============================================================
  Positional Embedding: False
  Normalization Type:   layernorm
  Layers:               1
  Heads:                12
  Embedding Dim:        768
  Block Size:           512
  Vocab Size:           50304
  Attention Stats:      False
  Skip LN2:             False
  Use BatchNorm LN2:    False
  Parameters:           45.71M
============================================================


============================================================
Analyzing: NoPE + LayerNorm (random)
Config: 1L, 12H, 768D, ctx=512
============================================================
Traceback (most recent call last):
  File "/home/nlp/matan_avitan/git/nopos_locating_new/analysis_scripts/owt_sample_level_probing_accuracy.py", line 709, in <module>
    results = main(analyze_trained=False, analyze_random=True)
              ^^^^^^^^^^^^^^^^^^^^^^^^^^^^^^^^^^^^^^^^^^^^^^^^
  File "/home/nlp/matan_avitan/git/nopos_locating_new/analysis_scripts/owt_sample_level_probing_accuracy.py", line 573, in main
    random_results = analyze_model(
                     ^^^^^^^^^^^^^^
  File "/home/nlp/matan_avitan/git/nopos_locating_new/analysis_scripts/owt_sample_level_probing_accuracy.py", line 347, in analyze_model
    tokens = torch.randint(0, vocab_size, (1, ctx), device=DEVICE)
             ^^^^^^^^^^^^^^^^^^^^^^^^^^^^^^^^^^^^^^^^^^^^^^^^^^^^^
torch.AcceleratorError: CUDA error: no kernel image is available for execution on the device
CUDA kernel errors might be asynchronously reported at some other API call, so the stacktrace below might be incorrect.
For debugging consider passing CUDA_LAUNCH_BLOCKING=1
Compile with `TORCH_USE_CUDA_DSA` to enable device-side assertions.

