/home/nlp/matan_avitan/git/nopos_locating_new/nanoGPT/train_nope.py:262: FutureWarning: `torch.cuda.amp.GradScaler(args...)` is deprecated. Please use `torch.amp.GradScaler('cuda', args...)` instead.
  scaler = torch.cuda.amp.GradScaler(enabled=(dtype == "float16"))
W0112 15:20:35.157000 2408488 site-packages/torch/_dynamo/variables/tensor.py:1047] [0/1] Graph break from `Tensor.item()`, consider setting:
W0112 15:20:35.157000 2408488 site-packages/torch/_dynamo/variables/tensor.py:1047] [0/1]     torch._dynamo.config.capture_scalar_outputs = True
W0112 15:20:35.157000 2408488 site-packages/torch/_dynamo/variables/tensor.py:1047] [0/1] or:
W0112 15:20:35.157000 2408488 site-packages/torch/_dynamo/variables/tensor.py:1047] [0/1]     env TORCHDYNAMO_CAPTURE_SCALAR_OUTPUTS=1
W0112 15:20:35.157000 2408488 site-packages/torch/_dynamo/variables/tensor.py:1047] [0/1] to include these operations in the captured graph.
W0112 15:20:35.157000 2408488 site-packages/torch/_dynamo/variables/tensor.py:1047] [0/1] 
W0112 15:20:35.157000 2408488 site-packages/torch/_dynamo/variables/tensor.py:1047] [0/1] Graph break: from user code at:
W0112 15:20:35.157000 2408488 site-packages/torch/_dynamo/variables/tensor.py:1047] [0/1]   File "/home/nlp/matan_avitan/git/nopos_locating_new/nanoGPT/model_nope.py", line 440, in forward
W0112 15:20:35.157000 2408488 site-packages/torch/_dynamo/variables/tensor.py:1047] [0/1]     x = block(x)
W0112 15:20:35.157000 2408488 site-packages/torch/_dynamo/variables/tensor.py:1047] [0/1]   File "/home/nlp/matan_avitan/git/nopos_locating_new/nanoGPT/model_nope.py", line 268, in forward
W0112 15:20:35.157000 2408488 site-packages/torch/_dynamo/variables/tensor.py:1047] [0/1]     x = x + self.attn(self.ln_1(x))
W0112 15:20:35.157000 2408488 site-packages/torch/_dynamo/variables/tensor.py:1047] [0/1]   File "/home/nlp/matan_avitan/git/nopos_locating_new/nanoGPT/model_nope.py", line 160, in forward
W0112 15:20:35.157000 2408488 site-packages/torch/_dynamo/variables/tensor.py:1047] [0/1]     self._compute_attention_stats(att)
W0112 15:20:35.157000 2408488 site-packages/torch/_dynamo/variables/tensor.py:1047] [0/1]   File "/home/nlp/matan_avitan/git/nopos_locating_new/nanoGPT/model_nope.py", line 213, in _compute_attention_stats
W0112 15:20:35.157000 2408488 site-packages/torch/_dynamo/variables/tensor.py:1047] [0/1]     uniformity_scores.append(corr.item())
W0112 15:20:35.157000 2408488 site-packages/torch/_dynamo/variables/tensor.py:1047] [0/1] 
W0112 15:20:35.157000 2408488 site-packages/torch/_dynamo/variables/tensor.py:1047] [0/1] 
Traceback (most recent call last):
  File "/home/nlp/matan_avitan/git/nopos_locating_new/nanoGPT/train_nope.py", line 435, in <module>
    logits, loss = model(X, Y)
                   ^^^^^^^^^^^
  File "/home/nlp/matan_avitan/.conda/envs/py312/lib/python3.12/site-packages/torch/_dynamo/eval_frame.py", line 375, in __call__
    return super().__call__(*args, **kwargs)
           ^^^^^^^^^^^^^^^^^^^^^^^^^^^^^^^^^
  File "/home/nlp/matan_avitan/.conda/envs/py312/lib/python3.12/site-packages/torch/nn/modules/module.py", line 1773, in _wrapped_call_impl
    return self._call_impl(*args, **kwargs)
           ^^^^^^^^^^^^^^^^^^^^^^^^^^^^^^^^
  File "/home/nlp/matan_avitan/.conda/envs/py312/lib/python3.12/site-packages/torch/nn/modules/module.py", line 1784, in _call_impl
    return forward_call(*args, **kwargs)
           ^^^^^^^^^^^^^^^^^^^^^^^^^^^^^
  File "/home/nlp/matan_avitan/.conda/envs/py312/lib/python3.12/site-packages/torch/_dynamo/eval_frame.py", line 736, in compile_wrapper
    return fn(*args, **kwargs)
           ^^^^^^^^^^^^^^^^^^^
  File "/home/nlp/matan_avitan/.conda/envs/py312/lib/python3.12/site-packages/torch/nn/modules/module.py", line 1773, in _wrapped_call_impl
    return self._call_impl(*args, **kwargs)
           ^^^^^^^^^^^^^^^^^^^^^^^^^^^^^^^^
  File "/home/nlp/matan_avitan/.conda/envs/py312/lib/python3.12/site-packages/torch/nn/modules/module.py", line 1784, in _call_impl
    return forward_call(*args, **kwargs)
           ^^^^^^^^^^^^^^^^^^^^^^^^^^^^^
  File "/home/nlp/matan_avitan/git/nopos_locating_new/nanoGPT/model_nope.py", line 448, in forward
    loss = F.cross_entropy(
           ^^^^^^^^^^^^^^^^
  File "/home/nlp/matan_avitan/.conda/envs/py312/lib/python3.12/site-packages/torch/nn/functional.py", line 3462, in cross_entropy
    return torch._C._nn.cross_entropy_loss(
           ^^^^^^^^^^^^^^^^^^^^^^^^^^^^^^^^
torch.OutOfMemoryError: CUDA out of memory. Tried to allocate 49.12 GiB. GPU 0 has a total capacity of 139.83 GiB of which 26.87 GiB is free. Including non-PyTorch memory, this process has 112.92 GiB memory in use. Of the allocated memory 93.30 GiB is allocated by PyTorch, and 18.96 GiB is reserved by PyTorch but unallocated. If reserved but unallocated memory is large try setting PYTORCH_CUDA_ALLOC_CONF=expandable_segments:True to avoid fragmentation.  See documentation for Memory Management  (https://pytorch.org/docs/stable/notes/cuda.html#environment-variables)
