/home/nlp/matan_avitan/git/nopos_locating_new/nanoGPT/train_nope.py:262: FutureWarning: `torch.cuda.amp.GradScaler(args...)` is deprecated. Please use `torch.amp.GradScaler('cuda', args...)` instead.
  scaler = torch.cuda.amp.GradScaler(enabled=(dtype == "float16"))
W0112 14:58:13.577000 3054176 site-packages/torch/_inductor/utils.py:1436] [0/0] Not enough SMs to use max_autotune_gemm mode
/home/nlp/matan_avitan/.conda/envs/py312/lib/python3.12/site-packages/torch/_inductor/compile_fx.py:2509: UserWarning: NVIDIA GeForce GTX 1080 Ti does not support bfloat16 compilation natively, skipping
  warnings.warn(
Traceback (most recent call last):
  File "/home/nlp/matan_avitan/git/nopos_locating_new/nanoGPT/train_nope.py", line 383, in <module>
    losses = estimate_loss()
             ^^^^^^^^^^^^^^^
  File "/home/nlp/matan_avitan/.conda/envs/py312/lib/python3.12/site-packages/torch/utils/_contextlib.py", line 120, in decorate_context
    return func(*args, **kwargs)
           ^^^^^^^^^^^^^^^^^^^^^
  File "/home/nlp/matan_avitan/git/nopos_locating_new/nanoGPT/train_nope.py", line 296, in estimate_loss
    logits, loss = model(X, Y)
                   ^^^^^^^^^^^
  File "/home/nlp/matan_avitan/.conda/envs/py312/lib/python3.12/site-packages/torch/_dynamo/eval_frame.py", line 375, in __call__
    return super().__call__(*args, **kwargs)
           ^^^^^^^^^^^^^^^^^^^^^^^^^^^^^^^^^
  File "/home/nlp/matan_avitan/.conda/envs/py312/lib/python3.12/site-packages/torch/nn/modules/module.py", line 1773, in _wrapped_call_impl
    return self._call_impl(*args, **kwargs)
           ^^^^^^^^^^^^^^^^^^^^^^^^^^^^^^^^
  File "/home/nlp/matan_avitan/.conda/envs/py312/lib/python3.12/site-packages/torch/nn/modules/module.py", line 1784, in _call_impl
    return forward_call(*args, **kwargs)
           ^^^^^^^^^^^^^^^^^^^^^^^^^^^^^
  File "/home/nlp/matan_avitan/.conda/envs/py312/lib/python3.12/site-packages/torch/_dynamo/eval_frame.py", line 749, in compile_wrapper
    raise e.remove_dynamo_frames() from None  # see TORCHDYNAMO_VERBOSE=1
    ^^^^^^^^^^^^^^^^^^^^^^^^^^^^^^^^^^^^^^^^
  File "/home/nlp/matan_avitan/.conda/envs/py312/lib/python3.12/site-packages/torch/_inductor/scheduler.py", line 4040, in create_backend
    raise GPUTooOldForTriton(device_props, inspect.currentframe())
torch._inductor.exc.GPUTooOldForTriton: Found NVIDIA GeForce GTX 1080 Ti which is too old to be supported by the triton GPU compiler, which is used as the backend. Triton only supports devices of CUDA Capability >= 7.0, but your device is of CUDA capability 6.1

Set TORCHDYNAMO_VERBOSE=1 for the internal stack trace (please do this especially if you're reporting a bug to PyTorch). For even more developer context, set TORCH_LOGS="+dynamo"

