/home/nlp/matan_avitan/.bashrc: line 9: bind: warning: line editing not enabled
/home/nlp/matan_avitan/.bashrc: line 10: bind: warning: line editing not enabled
/home/nlp/matan_avitan/.bashrc: line 11: bind: warning: line editing not enabled
Traceback (most recent call last):
  File "/home/nlp/matan_avitan/git/nopos_locating_new/analysis_scripts/norm_intervention_experiment.py", line 669, in <module>
    main()
  File "/home/nlp/matan_avitan/git/nopos_locating_new/analysis_scripts/norm_intervention_experiment.py", line 607, in main
    json.dump(all_results, f, indent=2)
  File "/home/nlp/matan_avitan/.conda/envs/py312/lib/python3.12/json/__init__.py", line 179, in dump
    for chunk in iterable:
                 ^^^^^^^^
  File "/home/nlp/matan_avitan/.conda/envs/py312/lib/python3.12/json/encoder.py", line 432, in _iterencode
    yield from _iterencode_dict(o, _current_indent_level)
  File "/home/nlp/matan_avitan/.conda/envs/py312/lib/python3.12/json/encoder.py", line 406, in _iterencode_dict
    yield from chunks
  File "/home/nlp/matan_avitan/.conda/envs/py312/lib/python3.12/json/encoder.py", line 406, in _iterencode_dict
    yield from chunks
  File "/home/nlp/matan_avitan/.conda/envs/py312/lib/python3.12/json/encoder.py", line 439, in _iterencode
    o = _default(o)
        ^^^^^^^^^^^
  File "/home/nlp/matan_avitan/.conda/envs/py312/lib/python3.12/json/encoder.py", line 180, in default
    raise TypeError(f'Object of type {o.__class__.__name__} '
TypeError: Object of type bool is not JSON serializable
