Starting BASELINE training (with PE) on OpenWebText at Mon Jan 12 03:45:51 PM IST 2026
GPU: NVIDIA H200
Python: /home/nlp/matan_avitan/.conda/envs/py312/bin/python
Overriding config with config/train_baseline_owt_pe.py:
# Training config for BASELINE transformer WITH positional embeddings on OpenWebText
# Standard transformer baseline for comparison with NoPE variants
#
# Key features:
# - WITH positional embeddings (standard transformer)
# - WITH second LayerNorm (standard architecture)
# - OpenWebText dataset (~9B tokens)
# - Context length 2048 for fair comparison
#
# Run with:
#   CUDA_VISIBLE_DEVICES=0 python train_nope.py config/train_baseline_owt_pe.py

# I/O
out_dir = "out-baseline-owt-pe"
eval_interval = 500  # Checkpoint every 500 iters for resumability
eval_iters = 200
log_interval = 50

always_save_checkpoint = True
init_from = "scratch"

# Wandb logging
wandb_log = True
wandb_project = "nope-emergence"
wandb_run_name = "baseline-owt-pe"

# Data
dataset = "openwebtext"  # Full OpenWebText (~9B tokens)
gradient_accumulation_steps = (
    1  # No accumulation - need large batch for population statistics
)
batch_size = 128  # Large batch (128 * 1024 = 131K tokens)
block_size = 1024  # Context length for fair comparison

# Model architecture
n_layer = 1
n_head = 12
n_embd = 768
dropout = 0.0  # No dropout for clean analysis
bias = False  # Modern practice

# BASELINE settings - WITH positional embeddings
use_positional_embedding = True  # KEY: Standard positional embeddings
norm_type = "layernorm"  # Standard LayerNorm
log_attention_stats = True  # Log attention for comparison
skip_ln2 = False  # Standard architecture with LN2

# Optimizer
learning_rate = 6e-4
max_iters = 50000
lr_decay_iters = 50000
min_lr = 6e-5
weight_decay = 0.1
beta1 = 0.9
beta2 = 0.95
grad_clip = 1.0

warmup_iters = 2000

# System
device = "cuda"
compile = True
dtype = "bfloat16"

# Reproducibility
seed = 42

tokens per iteration will be: 131,072
Initializing a new NoPE model from scratch
defaulting to vocab_size of GPT-2: 50304

============================================================
NoPE GPT Model Initialized
============================================================
  Positional Embedding: True
  Normalization Type:   layernorm
  Layers:               1
  Heads:                12
  Embedding Dim:        768
  Block Size:           1024
  Vocab Size:           50304
  Attention Stats:      True
  Skip LN2:             False
  Use BatchNorm LN2:    False
  Parameters:           45.71M
============================================================

num decayed parameter tensors: 6, with 46,497,792 parameters
num non-decayed parameter tensors: 3, with 2,304 parameters
using fused AdamW: True
compiling the model... (takes a ~minute)

Starting training for 50000 iterations...
  Model: NoPE GPT with layernorm
  Positional Embedding: True
  Dataset: openwebtext
  Batch size: 128 x 1 = 128
  Block size: 1024
  Learning rate: 0.0006 -> 6e-05

step 0: train loss 10.9602, val loss 10.9597, lr 3.00e-07
  [Stability] grad_norm: 0.0000
iter 0: loss 10.9617, time 713705.89ms, mfu -100.00%
iter 50: loss 9.6490, time 2374.21ms, mfu 5.02%
  [Stability] grad_norm: 0.0000
iter 100: loss 8.4202, time 2801.52ms, mfu 4.94%
iter 150: loss 7.4669, time 1744.38ms, mfu 5.13%
  [Stability] grad_norm: 0.0000
iter 200: loss 7.0672, time 1909.07ms, mfu 5.24%
iter 250: loss 6.7555, time 1438.37ms, mfu 5.55%
  [Stability] grad_norm: 0.0000
iter 300: loss 6.4698, time 649.75ms, mfu 6.83%
iter 350: loss 6.2753, time 989.47ms, mfu 7.35%
  [Stability] grad_norm: 0.0000
iter 400: loss 6.2819, time 700.20ms, mfu 8.32%
iter 450: loss 6.1638, time 766.39ms, mfu 9.04%
step 500: train loss 6.0362, val loss 6.0457, lr 1.50e-04
    layer_0_entropy: mean=5.6761
    layer_0_uniformity: ['0.976', '0.981', '0.976', '0.987', '0.983', '0.986', '0.978', '0.977', '0.985', '0.985', '0.984', '0.982']
saving checkpoint to out-baseline-owt-pe/ckpt_00500.pt
  [Stability] grad_norm: 0.0000
iter 500: loss 5.9429, time 128857.51ms, mfu 8.15%
iter 550: loss 5.9565, time 328.35ms, mfu 10.96%
  [Stability] grad_norm: 0.0000
iter 600: loss 5.9326, time 362.63ms, mfu 13.15%
iter 650: loss 5.9446, time 506.60ms, mfu 14.19%
  [Stability] grad_norm: 0.0000
iter 700: loss 5.8463, time 401.09ms, mfu 15.74%
iter 750: loss 5.7369, time 263.58ms, mfu 18.69%
  [Stability] grad_norm: 0.0000
iter 800: loss 5.6835, time 232.82ms, mfu 21.94%
iter 850: loss 5.6007, time 313.56ms, mfu 23.55%
  [Stability] grad_norm: 0.0000
iter 900: loss 5.5308, time 228.00ms, mfu 26.42%
iter 950: loss 5.4645, time 279.72ms, mfu 28.04%
step 1000: train loss 5.4030, val loss 5.4063, lr 3.00e-04
    layer_0_entropy: mean=4.9513
    layer_0_uniformity: ['0.984', '0.987', '0.986', '0.985', '0.987', '0.987', '0.985', '0.982', '0.988', '0.985', '0.978', '0.987']
saving checkpoint to out-baseline-owt-pe/ckpt_01000.pt
  [Stability] grad_norm: 0.0000
iter 1000: loss 5.3557, time 47291.32ms, mfu 25.26%
iter 1050: loss 5.3611, time 225.85ms, mfu 28.01%
  [Stability] grad_norm: 0.0000
iter 1100: loss 5.2285, time 208.69ms, mfu 30.92%
iter 1150: loss 5.2320, time 246.11ms, mfu 32.67%
  [Stability] grad_norm: 0.0000
iter 1200: loss 5.0859, time 149.56ms, mfu 37.38%
iter 1250: loss 5.0834, time 163.25ms, mfu 40.94%
  [Stability] grad_norm: 0.0000
iter 1300: loss 4.9771, time 176.59ms, mfu 43.59%
iter 1350: loss 5.0286, time 200.77ms, mfu 45.17%
  [Stability] grad_norm: 0.0000
iter 1400: loss 4.9890, time 160.30ms, mfu 48.09%
iter 1450: loss 4.9493, time 157.13ms, mfu 50.87%
step 1500: train loss 4.8763, val loss 4.8761, lr 4.50e-04
    layer_0_entropy: mean=4.7078
    layer_0_uniformity: ['0.988', '0.991', '0.990', '0.862', '0.988', '0.992', '0.987', '0.913', '0.994', '0.991', '0.961', '0.988']
saving checkpoint to out-baseline-owt-pe/ckpt_01500.pt
  [Stability] grad_norm: 0.0000
iter 1500: loss 4.8553, time 31758.87ms, mfu 45.82%
iter 1550: loss 4.8087, time 210.70ms, mfu 46.89%
  [Stability] grad_norm: 0.0000
iter 1600: loss 4.7878, time 154.90ms, mfu 49.90%
iter 1650: loss 4.7647, time 113.38ms, mfu 55.42%
  [Stability] grad_norm: 0.0000
iter 1700: loss 4.7623, time 184.07ms, mfu 56.35%
iter 1750: loss 4.7036, time 111.44ms, mfu 61.41%
  [Stability] grad_norm: 0.0000
iter 1800: loss 4.7030, time 188.55ms, mfu 61.59%
iter 1850: loss 4.7066, time 119.07ms, mfu 65.44%
  [Stability] grad_norm: 0.0000
iter 1900: loss 4.6784, time 188.55ms, mfu 65.22%
iter 1950: loss 4.6639, time 154.51ms, mfu 66.41%
step 2000: train loss 4.6358, val loss 4.6416, lr 6.00e-04
    layer_0_entropy: mean=4.6394
    layer_0_uniformity: ['0.993', '0.993', '0.991', '0.921', '0.990', '0.993', '0.984', '0.794', '0.997', '0.992', '0.974', '0.988']
saving checkpoint to out-baseline-owt-pe/ckpt_02000.pt
  [Stability] grad_norm: 0.0000
iter 2000: loss 4.5916, time 28082.71ms, mfu 59.81%
iter 2050: loss 4.6328, time 130.09ms, mfu 63.00%
  [Stability] grad_norm: 0.0000
iter 2100: loss 4.6595, time 184.27ms, mfu 63.16%
iter 2150: loss 4.5791, time 155.75ms, mfu 64.50%
  [Stability] grad_norm: 0.0000
iter 2200: loss 4.5880, time 190.64ms, mfu 64.30%
iter 2250: loss 4.5645, time 156.49ms, mfu 65.49%
  [Stability] grad_norm: 0.0000
iter 2300: loss 4.5616, time 157.64ms, mfu 66.50%
iter 2350: loss 4.5425, time 156.29ms, mfu 67.48%
  [Stability] grad_norm: 0.0000
iter 2400: loss 4.4916, time 173.07ms, mfu 67.62%
iter 2450: loss 4.5452, time 155.55ms, mfu 68.52%
step 2500: train loss 4.5037, val loss 4.5019, lr 6.00e-04
    layer_0_entropy: mean=4.6162
    layer_0_uniformity: ['0.994', '0.995', '0.989', '0.932', '0.989', '0.989', '0.985', '0.803', '0.997', '0.988', '0.979', '0.986']
saving checkpoint to out-baseline-owt-pe/ckpt_02500.pt
  [Stability] grad_norm: 0.0000
iter 2500: loss 4.4380, time 26018.44ms, mfu 61.71%
iter 2550: loss 4.4882, time 183.72ms, mfu 62.03%
  [Stability] grad_norm: 0.0000
iter 2600: loss 4.4957, time 157.08ms, mfu 63.41%
iter 2650: loss 4.4565, time 154.44ms, mfu 64.79%
  [Stability] grad_norm: 0.0000
iter 2700: loss 4.4515, time 126.68ms, mfu 67.72%
iter 2750: loss 4.5262, time 155.73ms, mfu 68.60%
  [Stability] grad_norm: 0.0000
iter 2800: loss 4.4002, time 160.16ms, mfu 69.18%
iter 2850: loss 4.4711, time 128.63ms, mfu 71.53%
  [Stability] grad_norm: 0.0000
iter 2900: loss 4.4189, time 158.69ms, mfu 71.89%
iter 2950: loss 4.4364, time 125.72ms, mfu 74.18%
step 3000: train loss 4.4295, val loss 4.4270, lr 5.99e-04
    layer_0_entropy: mean=4.6301
    layer_0_uniformity: ['0.995', '0.994', '0.987', '0.928', '0.985', '0.986', '0.981', '0.806', '0.996', '0.987', '0.977', '0.984']
saving checkpoint to out-baseline-owt-pe/ckpt_03000.pt
  [Stability] grad_norm: 0.0000
iter 3000: loss 4.3718, time 26402.67ms, mfu 66.81%
iter 3050: loss 4.4654, time 156.62ms, mfu 67.74%
  [Stability] grad_norm: 0.0000
iter 3100: loss 4.4631, time 155.87ms, mfu 68.61%
iter 3150: loss 4.4042, time 155.77ms, mfu 69.40%
  [Stability] grad_norm: 0.0000
iter 3200: loss 4.3810, time 157.67ms, mfu 70.02%
iter 3250: loss 4.4274, time 156.39ms, mfu 70.64%
  [Stability] grad_norm: 0.0000
iter 3300: loss 4.4134, time 156.20ms, mfu 71.21%
iter 3350: loss 4.3916, time 157.39ms, mfu 71.66%
  [Stability] grad_norm: 0.0000
iter 3400: loss 4.4149, time 151.91ms, mfu 72.34%
iter 3450: loss 4.3447, time 156.02ms, mfu 72.74%
step 3500: train loss 4.3779, val loss 4.3752, lr 5.99e-04
    layer_0_entropy: mean=4.6099
    layer_0_uniformity: ['0.993', '0.993', '0.989', '0.928', '0.990', '0.987', '0.976', '0.828', '0.996', '0.985', '0.979', '0.984']
saving checkpoint to out-baseline-owt-pe/ckpt_03500.pt
  [Stability] grad_norm: 0.0000
iter 3500: loss 4.3673, time 25573.25ms, mfu 65.52%
iter 3550: loss 4.3954, time 184.48ms, mfu 65.43%
  [Stability] grad_norm: 0.0000
iter 3600: loss 4.4079, time 160.91ms, mfu 66.29%
iter 3650: loss 4.3411, time 158.92ms, mfu 67.16%
  [Stability] grad_norm: 0.0000
iter 3700: loss 4.3148, time 154.85ms, mfu 68.14%
iter 3750: loss 4.3898, time 156.62ms, mfu 68.94%
  [Stability] grad_norm: 0.0000
iter 3800: loss 4.3510, time 157.78ms, mfu 69.60%
iter 3850: loss 4.3457, time 155.51ms, mfu 70.30%
  [Stability] grad_norm: 0.0000
iter 3900: loss 4.3023, time 156.36ms, mfu 70.90%
iter 3950: loss 4.3327, time 156.78ms, mfu 71.41%
step 4000: train loss 4.3392, val loss 4.3391, lr 5.98e-04
    layer_0_entropy: mean=4.6055
    layer_0_uniformity: ['0.994', '0.993', '0.984', '0.932', '0.987', '0.987', '0.980', '0.832', '0.996', '0.988', '0.982', '0.981']
saving checkpoint to out-baseline-owt-pe/ckpt_04000.pt
  [Stability] grad_norm: 0.0000
iter 4000: loss 4.3099, time 25754.64ms, mfu 64.32%
iter 4050: loss 4.2874, time 157.22ms, mfu 65.46%
  [Stability] grad_norm: 0.0000
iter 4100: loss 4.3300, time 157.10ms, mfu 66.51%
iter 4150: loss 4.2951, time 156.62ms, mfu 67.46%
  [Stability] grad_norm: 0.0000
iter 4200: loss 4.2816, time 156.99ms, mfu 68.31%
iter 4250: loss 4.3076, time 156.53ms, mfu 69.09%
  [Stability] grad_norm: 0.0000
iter 4300: loss 4.2559, time 215.14ms, mfu 67.72%
iter 4350: loss 4.2903, time 154.95ms, mfu 68.64%
  [Stability] grad_norm: 0.0000
iter 4400: loss 4.3526, time 157.30ms, mfu 69.36%
iter 4450: loss 4.3111, time 190.03ms, mfu 68.69%
step 4500: train loss 4.3089, val loss 4.3073, lr 5.96e-04
    layer_0_entropy: mean=4.5786
    layer_0_uniformity: ['0.994', '0.993', '0.980', '0.932', '0.985', '0.983', '0.975', '0.843', '0.996', '0.987', '0.979', '0.979']
saving checkpoint to out-baseline-owt-pe/ckpt_04500.pt
  [Stability] grad_norm: 0.0000
iter 4500: loss 4.2743, time 25491.96ms, mfu 61.87%
iter 4550: loss 4.3208, time 184.93ms, mfu 62.13%
  [Stability] grad_norm: 0.0000
iter 4600: loss 4.2836, time 157.91ms, mfu 63.46%
iter 4650: loss 4.2884, time 155.11ms, mfu 64.80%
  [Stability] grad_norm: 0.0000
iter 4700: loss 4.3258, time 178.23ms, mfu 65.01%
iter 4750: loss 4.3047, time 153.22ms, mfu 66.29%
  [Stability] grad_norm: 0.0000
iter 4800: loss 4.2679, time 157.31ms, mfu 67.24%
iter 4850: loss 4.3026, time 155.93ms, mfu 68.16%
  [Stability] grad_norm: 0.0000
iter 4900: loss 4.2578, time 157.32ms, mfu 68.92%
iter 4950: loss 4.3404, time 157.13ms, mfu 69.61%
step 5000: train loss 4.2869, val loss 4.2843, lr 5.95e-04
    layer_0_entropy: mean=4.5719
    layer_0_uniformity: ['0.990', '0.991', '0.984', '0.925', '0.988', '0.982', '0.980', '0.848', '0.995', '0.979', '0.972', '0.979']
saving checkpoint to out-baseline-owt-pe/ckpt_05000.pt
  [Stability] grad_norm: 0.0000
iter 5000: loss 4.3101, time 25693.65ms, mfu 62.70%
iter 5050: loss 4.2557, time 159.39ms, mfu 63.90%
  [Stability] grad_norm: 0.0000
iter 5100: loss 4.3296, time 155.85ms, mfu 65.16%
iter 5150: loss 4.2899, time 157.04ms, mfu 66.24%
  [Stability] grad_norm: 0.0000
iter 5200: loss 4.2649, time 194.46ms, mfu 65.74%
iter 5250: loss 4.2556, time 156.05ms, mfu 66.81%
  [Stability] grad_norm: 0.0000
iter 5300: loss 4.3167, time 161.18ms, mfu 67.52%
iter 5350: loss 4.2084, time 154.46ms, mfu 68.48%
  [Stability] grad_norm: 0.0000
iter 5400: loss 4.2363, time 166.30ms, mfu 68.80%
iter 5450: loss 4.2896, time 156.36ms, mfu 69.55%
step 5500: train loss 4.2619, val loss 4.2636, lr 5.93e-04
    layer_0_entropy: mean=4.5811
    layer_0_uniformity: ['0.991', '0.992', '0.987', '0.920', '0.987', '0.983', '0.975', '0.854', '0.997', '0.982', '0.976', '0.971']
saving checkpoint to out-baseline-owt-pe/ckpt_05500.pt
  [Stability] grad_norm: 0.0000
iter 5500: loss 4.2188, time 25476.16ms, mfu 62.64%
iter 5550: loss 4.2992, time 155.92ms, mfu 64.02%
  [Stability] grad_norm: 0.0000
iter 5600: loss 4.1816, time 159.68ms, mfu 65.08%
iter 5650: loss 4.1903, time 155.85ms, mfu 66.22%
  [Stability] grad_norm: 0.0000
iter 5700: loss 4.2473, time 158.83ms, mfu 67.10%
iter 5750: loss 4.2970, time 182.44ms, mfu 66.93%
  [Stability] grad_norm: 0.0000
iter 5800: loss 4.3224, time 155.09ms, mfu 67.92%
iter 5850: loss 4.2529, time 155.23ms, mfu 68.80%
  [Stability] grad_norm: 0.0000
iter 5900: loss 4.2388, time 156.82ms, mfu 69.52%
iter 5950: loss 4.2422, time 156.15ms, mfu 70.21%
step 6000: train loss 4.2459, val loss 4.2488, lr 5.91e-04
    layer_0_entropy: mean=4.5677
    layer_0_uniformity: ['0.992', '0.989', '0.983', '0.919', '0.988', '0.975', '0.977', '0.847', '0.995', '0.978', '0.973', '0.976']
saving checkpoint to out-baseline-owt-pe/ckpt_06000.pt
  [Stability] grad_norm: 0.0000
iter 6000: loss 4.2348, time 25207.36ms, mfu 63.23%
iter 6050: loss 4.1866, time 153.98ms, mfu 64.65%
  [Stability] grad_norm: 0.0000
iter 6100: loss 4.2458, time 157.86ms, mfu 65.74%
iter 6150: loss 4.2505, time 155.82ms, mfu 66.81%
  [Stability] grad_norm: 0.0000
iter 6200: loss 4.2255, time 155.43ms, mfu 67.80%
iter 6250: loss 4.2236, time 183.85ms, mfu 67.50%
  [Stability] grad_norm: 0.0000
iter 6300: loss 4.2917, time 156.93ms, mfu 68.35%
iter 6350: loss 4.2365, time 157.07ms, mfu 69.10%
  [Stability] grad_norm: 0.0000
iter 6400: loss 4.1752, time 154.47ms, mfu 69.91%
iter 6450: loss 4.2493, time 155.92ms, mfu 70.56%
step 6500: train loss 4.2232, val loss 4.2254, lr 5.88e-04
    layer_0_entropy: mean=4.5527
    layer_0_uniformity: ['0.992', '0.990', '0.981', '0.920', '0.983', '0.981', '0.970', '0.852', '0.993', '0.978', '0.976', '0.980']
saving checkpoint to out-baseline-owt-pe/ckpt_06500.pt
  [Stability] grad_norm: 0.0000
iter 6500: loss 4.2607, time 25735.50ms, mfu 63.55%
iter 6550: loss 4.1967, time 123.43ms, mfu 66.85%
  [Stability] grad_norm: 0.0000
iter 6600: loss 4.2530, time 156.67ms, mfu 67.77%
iter 6650: loss 4.2698, time 154.52ms, mfu 68.71%
  [Stability] grad_norm: 0.0000
iter 6700: loss 4.1966, time 155.82ms, mfu 69.49%
iter 6750: loss 4.2097, time 155.61ms, mfu 70.20%
  [Stability] grad_norm: 0.0000
iter 6800: loss 4.2918, time 157.34ms, mfu 70.76%
iter 6850: loss 4.2275, time 155.85ms, mfu 71.33%
  [Stability] grad_norm: 0.0000
iter 6900: loss 4.1908, time 128.21ms, mfu 73.49%
iter 6950: loss 4.2018, time 153.08ms, mfu 73.93%
step 7000: train loss 4.2159, val loss 4.2140, lr 5.86e-04
    layer_0_entropy: mean=4.5451
    layer_0_uniformity: ['0.993', '0.989', '0.980', '0.915', '0.982', '0.966', '0.977', '0.857', '0.994', '0.982', '0.976', '0.974']
saving checkpoint to out-baseline-owt-pe/ckpt_07000.pt
  [Stability] grad_norm: 0.0000
iter 7000: loss 4.2393, time 25111.14ms, mfu 66.58%
iter 7050: loss 4.2034, time 155.80ms, mfu 67.58%
  [Stability] grad_norm: 0.0000
iter 7100: loss 4.1636, time 197.03ms, mfu 66.87%
iter 7150: loss 4.1448, time 155.91ms, mfu 67.83%
  [Stability] grad_norm: 0.0000
iter 7200: loss 4.2419, time 156.00ms, mfu 68.68%
iter 7250: loss 4.2291, time 156.49ms, mfu 69.43%
  [Stability] grad_norm: 0.0000
iter 7300: loss 4.2206, time 184.34ms, mfu 68.95%
iter 7350: loss 4.1782, time 126.73ms, mfu 71.46%
  [Stability] grad_norm: 0.0000
iter 7400: loss 4.2152, time 156.99ms, mfu 71.91%
iter 7450: loss 4.1903, time 160.58ms, mfu 72.14%
step 7500: train loss 4.2008, val loss 4.1997, lr 5.83e-04
    layer_0_entropy: mean=4.5435
    layer_0_uniformity: ['0.990', '0.990', '0.982', '0.918', '0.982', '0.983', '0.975', '0.859', '0.995', '0.977', '0.977', '0.966']
saving checkpoint to out-baseline-owt-pe/ckpt_07500.pt
  [Stability] grad_norm: 0.0000
iter 7500: loss 4.2154, time 25297.24ms, mfu 64.97%
iter 7550: loss 4.1846, time 156.55ms, mfu 66.09%
  [Stability] grad_norm: 0.0000
iter 7600: loss 4.2001, time 155.97ms, mfu 67.12%
iter 7650: loss 4.2135, time 155.84ms, mfu 68.06%
  [Stability] grad_norm: 0.0000
iter 7700: loss 4.1697, time 151.30ms, mfu 69.13%
iter 7750: loss 4.1961, time 157.04ms, mfu 69.81%
  [Stability] grad_norm: 0.0000
iter 7800: loss 4.1749, time 122.36ms, mfu 72.57%
iter 7850: loss 4.1781, time 156.66ms, mfu 72.92%
  [Stability] grad_norm: 0.0000
iter 7900: loss 4.2160, time 159.28ms, mfu 73.11%
iter 7950: loss 4.2365, time 155.09ms, mfu 73.49%
step 8000: train loss 4.1935, val loss 4.1946, lr 5.79e-04
    layer_0_entropy: mean=4.5369
    layer_0_uniformity: ['0.990', '0.986', '0.974', '0.918', '0.977', '0.979', '0.965', '0.862', '0.995', '0.977', '0.976', '0.968']
saving checkpoint to out-baseline-owt-pe/ckpt_08000.pt
  [Stability] grad_norm: 0.0000
iter 8000: loss 4.1528, time 25231.05ms, mfu 66.18%
iter 8050: loss 4.1623, time 156.24ms, mfu 67.19%
  [Stability] grad_norm: 0.0000
iter 8100: loss 4.1563, time 156.18ms, mfu 68.11%
iter 8150: loss 4.1186, time 156.80ms, mfu 68.90%
  [Stability] grad_norm: 0.0000
iter 8200: loss 4.2027, time 156.60ms, mfu 69.62%
iter 8250: loss 4.1272, time 155.89ms, mfu 70.30%
  [Stability] grad_norm: 0.0000
iter 8300: loss 4.2620, time 156.62ms, mfu 70.88%
iter 8350: loss 4.1863, time 184.24ms, mfu 70.26%
  [Stability] grad_norm: 0.0000
iter 8400: loss 4.1920, time 155.81ms, mfu 70.89%
iter 8450: loss 4.2441, time 155.04ms, mfu 71.49%
step 8500: train loss 4.1862, val loss 4.1838, lr 5.76e-04
    layer_0_entropy: mean=4.5214
    layer_0_uniformity: ['0.990', '0.990', '0.980', '0.916', '0.981', '0.977', '0.971', '0.866', '0.994', '0.980', '0.973', '0.978']
saving checkpoint to out-baseline-owt-pe/ckpt_08500.pt
  [Stability] grad_norm: 0.0000
iter 8500: loss 4.1993, time 25039.02ms, mfu 64.39%
iter 8550: loss 4.1603, time 155.70ms, mfu 65.60%
  [Stability] grad_norm: 0.0000
iter 8600: loss 4.0954, time 156.73ms, mfu 66.65%
iter 8650: loss 4.1476, time 159.99ms, mfu 67.43%
  [Stability] grad_norm: 0.0000
iter 8700: loss 4.1786, time 157.32ms, mfu 68.26%
iter 8750: loss 4.1966, time 155.75ms, mfu 69.09%
  [Stability] grad_norm: 0.0000
iter 8800: loss 4.1553, time 157.94ms, mfu 69.73%
iter 8850: loss 4.1685, time 154.72ms, mfu 70.46%
  [Stability] grad_norm: 0.0000
iter 8900: loss 4.1857, time 157.39ms, mfu 70.99%
iter 8950: loss 4.1748, time 157.00ms, mfu 71.48%
step 9000: train loss 4.1802, val loss 4.1772, lr 5.72e-04
    layer_0_entropy: mean=4.5275
    layer_0_uniformity: ['0.988', '0.988', '0.977', '0.914', '0.974', '0.975', '0.968', '0.857', '0.995', '0.976', '0.978', '0.967']
saving checkpoint to out-baseline-owt-pe/ckpt_09000.pt
  [Stability] grad_norm: 0.0000
iter 9000: loss 4.2073, time 25036.94ms, mfu 64.38%
iter 9050: loss 4.2018, time 158.02ms, mfu 65.48%
  [Stability] grad_norm: 0.0000
iter 9100: loss 4.2377, time 157.38ms, mfu 66.51%
iter 9150: loss 4.1628, time 156.12ms, mfu 67.49%
  [Stability] grad_norm: 0.0000
iter 9200: loss 4.1646, time 183.97ms, mfu 67.22%
iter 9250: loss 4.1515, time 155.47ms, mfu 68.17%
  [Stability] grad_norm: 0.0000
iter 9300: loss 4.1806, time 157.56ms, mfu 68.91%
iter 9350: loss 4.1157, time 156.60ms, mfu 69.63%
  [Stability] grad_norm: 0.0000
iter 9400: loss 4.2193, time 186.02ms, mfu 69.08%
iter 9450: loss 4.1303, time 156.37ms, mfu 69.79%
step 9500: train loss 4.1643, val loss 4.1655, lr 5.68e-04
    layer_0_entropy: mean=4.5170
    layer_0_uniformity: ['0.987', '0.986', '0.975', '0.917', '0.979', '0.980', '0.973', '0.862', '0.994', '0.973', '0.975', '0.974']
saving checkpoint to out-baseline-owt-pe/ckpt_09500.pt
  [Stability] grad_norm: 0.0000
iter 9500: loss 4.1085, time 25122.29ms, mfu 62.86%
iter 9550: loss 4.2137, time 156.20ms, mfu 64.21%
  [Stability] grad_norm: 0.0000
iter 9600: loss 4.1413, time 155.59ms, mfu 65.45%
iter 9650: loss 4.1871, time 156.63ms, mfu 66.51%
  [Stability] grad_norm: 0.0000
iter 9700: loss 4.1556, time 156.56ms, mfu 67.47%
iter 9750: loss 4.0856, time 187.99ms, mfu 67.07%
  [Stability] grad_norm: 0.0000
iter 9800: loss 4.1703, time 157.40ms, mfu 67.93%
iter 9850: loss 4.1632, time 163.70ms, mfu 68.42%
  [Stability] grad_norm: 0.0000
iter 9900: loss 4.2060, time 156.86ms, mfu 69.18%
iter 9950: loss 4.1425, time 155.39ms, mfu 69.93%
step 10000: train loss 4.1607, val loss 4.1611, lr 5.64e-04
    layer_0_entropy: mean=4.5142
    layer_0_uniformity: ['0.987', '0.982', '0.973', '0.917', '0.974', '0.980', '0.969', '0.860', '0.993', '0.968', '0.978', '0.965']
saving checkpoint to out-baseline-owt-pe/ckpt_10000.pt
  [Stability] grad_norm: 0.0000
iter 10000: loss 4.2111, time 25147.20ms, mfu 62.98%
iter 10050: loss 4.1622, time 155.93ms, mfu 64.33%
  [Stability] grad_norm: 0.0000
iter 10100: loss 4.1595, time 156.87ms, mfu 65.49%
iter 10150: loss 4.2082, time 155.17ms, mfu 66.63%
  [Stability] grad_norm: 0.0000
iter 10200: loss 4.1819, time 157.84ms, mfu 67.51%
iter 10250: loss 4.1919, time 155.21ms, mfu 68.44%
  [Stability] grad_norm: 0.0000
iter 10300: loss 4.1866, time 157.42ms, mfu 69.17%
iter 10350: loss 4.1541, time 156.34ms, mfu 69.88%
  [Stability] grad_norm: 0.0000
iter 10400: loss 4.1801, time 177.63ms, mfu 69.60%
iter 10450: loss 4.1484, time 155.52ms, mfu 70.30%
step 10500: train loss 4.1536, val loss 4.1537, lr 5.59e-04
    layer_0_entropy: mean=4.5085
    layer_0_uniformity: ['0.983', '0.977', '0.972', '0.914', '0.977', '0.975', '0.971', '0.863', '0.994', '0.970', '0.973', '0.971']
saving checkpoint to out-baseline-owt-pe/ckpt_10500.pt
  [Stability] grad_norm: 0.0000
iter 10500: loss 4.1655, time 24891.29ms, mfu 63.32%
iter 10550: loss 4.0806, time 189.53ms, mfu 63.28%
  [Stability] grad_norm: 0.0000
iter 10600: loss 4.1060, time 155.84ms, mfu 64.60%
iter 10650: loss 4.1213, time 156.80ms, mfu 65.74%
  [Stability] grad_norm: 0.0000
iter 10700: loss 4.1541, time 158.95ms, mfu 66.66%
iter 10750: loss 4.1055, time 157.55ms, mfu 67.56%
  [Stability] grad_norm: 0.0000
iter 10800: loss 4.1419, time 157.18ms, mfu 68.39%
iter 10850: loss 4.1923, time 155.60ms, mfu 69.21%
  [Stability] grad_norm: 0.0000
iter 10900: loss 4.1666, time 155.98ms, mfu 69.93%
iter 10950: loss 4.1636, time 156.08ms, mfu 70.58%
step 11000: train loss 4.1421, val loss 4.1486, lr 5.54e-04
    layer_0_entropy: mean=4.5067
    layer_0_uniformity: ['0.985', '0.980', '0.976', '0.921', '0.972', '0.976', '0.962', '0.867', '0.995', '0.973', '0.974', '0.968']
saving checkpoint to out-baseline-owt-pe/ckpt_11000.pt
  [Stability] grad_norm: 0.0000
iter 11000: loss 4.1654, time 24943.64ms, mfu 63.57%
iter 11050: loss 4.1900, time 156.55ms, mfu 64.82%
  [Stability] grad_norm: 0.0000
iter 11100: loss 4.2517, time 157.53ms, mfu 65.91%
iter 11150: loss 4.1997, time 155.55ms, mfu 66.98%
  [Stability] grad_norm: 0.0000
iter 11200: loss 4.1328, time 157.91ms, mfu 67.83%
iter 11250: loss 4.1835, time 154.16ms, mfu 68.78%
  [Stability] grad_norm: 0.0000
iter 11300: loss 4.1833, time 158.25ms, mfu 69.43%
iter 11350: loss 4.1743, time 184.38ms, mfu 68.95%
  [Stability] grad_norm: 0.0000
iter 11400: loss 4.1408, time 163.05ms, mfu 69.37%
iter 11450: loss 4.2380, time 160.04ms, mfu 69.88%
step 11500: train loss 4.1320, val loss 4.1372, lr 5.49e-04
    layer_0_entropy: mean=4.4955
    layer_0_uniformity: ['0.987', '0.978', '0.966', '0.920', '0.972', '0.973', '0.965', '0.865', '0.994', '0.970', '0.975', '0.968']
saving checkpoint to out-baseline-owt-pe/ckpt_11500.pt
  [Stability] grad_norm: 0.0000
iter 11500: loss 4.1605, time 24940.88ms, mfu 62.94%
iter 11550: loss 4.1584, time 156.58ms, mfu 64.26%
  [Stability] grad_norm: 0.0000
iter 11600: loss 4.1636, time 157.47ms, mfu 65.40%
iter 11650: loss 4.1342, time 156.99ms, mfu 66.45%
  [Stability] grad_norm: 0.0000
iter 11700: loss 4.1257, time 163.08ms, mfu 67.12%
iter 11750: loss 4.1530, time 155.89ms, mfu 68.05%
  [Stability] grad_norm: 0.0000
iter 11800: loss 4.1771, time 157.72ms, mfu 68.80%
iter 11850: loss 4.1312, time 157.02ms, mfu 69.51%
  [Stability] grad_norm: 0.0000
iter 11900: loss 4.1178, time 157.21ms, mfu 70.14%
iter 11950: loss 4.1223, time 156.00ms, mfu 70.77%
step 12000: train loss 4.1334, val loss 4.1347, lr 5.44e-04
    layer_0_entropy: mean=4.4952
    layer_0_uniformity: ['0.983', '0.984', '0.970', '0.920', '0.974', '0.969', '0.963', '0.866', '0.992', '0.967', '0.975', '0.967']
saving checkpoint to out-baseline-owt-pe/ckpt_12000.pt
  [Stability] grad_norm: 0.0000
iter 12000: loss 4.1433, time 25199.09ms, mfu 63.74%
iter 12050: loss 4.1082, time 154.76ms, mfu 65.07%
  [Stability] grad_norm: 0.0000
iter 12100: loss 4.1588, time 156.76ms, mfu 66.16%
iter 12150: loss 4.1554, time 183.58ms, mfu 66.04%
  [Stability] grad_norm: 0.0000
iter 12200: loss 4.0929, time 158.55ms, mfu 66.95%
iter 12250: loss 4.2004, time 156.07ms, mfu 67.90%
  [Stability] grad_norm: 0.0000
iter 12300: loss 4.1324, time 155.98ms, mfu 68.75%
iter 12350: loss 4.1172, time 183.76ms, mfu 68.36%
  [Stability] grad_norm: 0.0000
iter 12400: loss 4.1771, time 157.08ms, mfu 69.11%
iter 12450: loss 4.1283, time 156.88ms, mfu 69.80%
step 12500: train loss 4.1321, val loss 4.1346, lr 5.39e-04
    layer_0_entropy: mean=4.4819
    layer_0_uniformity: ['0.984', '0.981', '0.960', '0.908', '0.975', '0.967', '0.964', '0.868', '0.991', '0.958', '0.974', '0.951']
saving checkpoint to out-baseline-owt-pe/ckpt_12500.pt
  [Stability] grad_norm: 0.0000
iter 12500: loss 4.1400, time 24938.41ms, mfu 62.87%
iter 12550: loss 4.1328, time 157.99ms, mfu 64.12%
  [Stability] grad_norm: 0.0000
iter 12600: loss 4.0604, time 183.69ms, mfu 64.20%
iter 12650: loss 4.1631, time 156.38ms, mfu 65.40%
  [Stability] grad_norm: 0.0000
iter 12700: loss 4.1725, time 155.70ms, mfu 66.52%
iter 12750: loss 4.1317, time 159.63ms, mfu 67.33%
  [Stability] grad_norm: 0.0000
iter 12800: loss 4.1216, time 156.46ms, mfu 68.22%
iter 12850: loss 4.1545, time 157.05ms, mfu 68.98%
  [Stability] grad_norm: 0.0000
iter 12900: loss 4.0777, time 155.41ms, mfu 69.75%
iter 12950: loss 4.1799, time 156.11ms, mfu 70.41%
step 13000: train loss 4.1260, val loss 4.1220, lr 5.33e-04
    layer_0_entropy: mean=4.4800
    layer_0_uniformity: ['0.981', '0.981', '0.966', '0.914', '0.969', '0.962', '0.949', '0.873', '0.993', '0.963', '0.974', '0.956']
saving checkpoint to out-baseline-owt-pe/ckpt_13000.pt
  [Stability] grad_norm: 0.0000
iter 13000: loss 4.1442, time 25178.56ms, mfu 63.42%
iter 13050: loss 4.1265, time 155.46ms, mfu 64.75%
  [Stability] grad_norm: 0.0000
iter 13100: loss 4.1825, time 158.73ms, mfu 65.78%
iter 13150: loss 4.1443, time 159.23ms, mfu 66.69%
  [Stability] grad_norm: 0.0000
iter 13200: loss 4.1315, time 184.29ms, mfu 66.49%
iter 13250: loss 4.1534, time 157.43ms, mfu 67.41%
  [Stability] grad_norm: 0.0000
iter 13300: loss 4.1189, time 157.07ms, mfu 68.26%
iter 13350: loss 4.1463, time 157.07ms, mfu 69.02%
  [Stability] grad_norm: 0.0000
iter 13400: loss 4.1578, time 157.54ms, mfu 69.68%
iter 13450: loss 4.0667, time 156.75ms, mfu 70.32%
step 13500: train loss 4.1174, val loss 4.1186, lr 5.27e-04
    layer_0_entropy: mean=4.4674
    layer_0_uniformity: ['0.984', '0.982', '0.972', '0.906', '0.967', '0.972', '0.961', '0.873', '0.989', '0.969', '0.974', '0.969']
saving checkpoint to out-baseline-owt-pe/ckpt_13500.pt
  [Stability] grad_norm: 0.0000
iter 13500: loss 4.0822, time 25175.61ms, mfu 63.33%
iter 13550: loss 4.0590, time 156.24ms, mfu 64.63%
  [Stability] grad_norm: 0.0000
iter 13600: loss 4.1207, time 157.52ms, mfu 65.73%
iter 13650: loss 4.1346, time 156.48ms, mfu 66.78%
  [Stability] grad_norm: 0.0000
iter 13700: loss 4.1022, time 156.51ms, mfu 67.71%
iter 13750: loss 4.0838, time 184.41ms, mfu 67.41%
  [Stability] grad_norm: 0.0000
iter 13800: loss 4.0673, time 157.14ms, mfu 68.25%
iter 13850: loss 4.0952, time 157.12ms, mfu 69.01%
  [Stability] grad_norm: 0.0000
iter 13900: loss 4.0948, time 157.31ms, mfu 69.69%
iter 13950: loss 4.0756, time 156.82ms, mfu 70.32%
step 14000: train loss 4.1134, val loss 4.1141, lr 5.21e-04
    layer_0_entropy: mean=4.4701
    layer_0_uniformity: ['0.982', '0.978', '0.961', '0.908', '0.965', '0.969', '0.966', '0.876', '0.992', '0.965', '0.975', '0.964']
saving checkpoint to out-baseline-owt-pe/ckpt_14000.pt
  [Stability] grad_norm: 0.0000
iter 14000: loss 4.1213, time 25038.15ms, mfu 63.33%
iter 14050: loss 4.1391, time 158.25ms, mfu 64.53%
  [Stability] grad_norm: 0.0000
iter 14100: loss 4.1516, time 157.73ms, mfu 65.64%
iter 14150: loss 4.1158, time 156.40ms, mfu 66.69%
  [Stability] grad_norm: 0.0000
iter 14200: loss 4.0497, time 158.71ms, mfu 67.53%
iter 14250: loss 4.0946, time 165.40ms, mfu 67.99%
  [Stability] grad_norm: 0.0000
iter 14300: loss 4.1080, time 156.40ms, mfu 68.81%
iter 14350: loss 4.0526, time 154.65ms, mfu 69.64%
  [Stability] grad_norm: 0.0000
iter 14400: loss 4.1040, time 157.98ms, mfu 70.22%
iter 14450: loss 4.1433, time 161.23ms, mfu 70.59%
step 14500: train loss 4.1128, val loss 4.1124, lr 5.15e-04
    layer_0_entropy: mean=4.4586
    layer_0_uniformity: ['0.983', '0.978', '0.967', '0.902', '0.968', '0.971', '0.969', '0.865', '0.992', '0.952', '0.975', '0.970']
saving checkpoint to out-baseline-owt-pe/ckpt_14500.pt
  [Stability] grad_norm: 0.0000
iter 14500: loss 4.1355, time 25027.31ms, mfu 63.58%
iter 14550: loss 4.0688, time 155.70ms, mfu 64.87%
  [Stability] grad_norm: 0.0000
iter 14600: loss 4.0651, time 163.89ms, mfu 65.66%
iter 14650: loss 4.1082, time 156.77ms, mfu 66.70%
  [Stability] grad_norm: 0.0000
iter 14700: loss 4.0991, time 156.52ms, mfu 67.64%
iter 14750: loss 4.1656, time 156.67ms, mfu 68.49%
  [Stability] grad_norm: 0.0000
iter 14800: loss 4.0964, time 184.45ms, mfu 68.10%
iter 14850: loss 4.0940, time 156.90ms, mfu 68.89%
  [Stability] grad_norm: 0.0000
iter 14900: loss 4.1414, time 155.94ms, mfu 69.64%
iter 14950: loss 4.0611, time 155.82ms, mfu 70.33%
step 15000: train loss 4.1044, val loss 4.1025, lr 5.08e-04
    layer_0_entropy: mean=4.4635
    layer_0_uniformity: ['0.975', '0.978', '0.953', '0.907', '0.960', '0.964', '0.959', '0.871', '0.990', '0.958', '0.970', '0.963']
saving checkpoint to out-baseline-owt-pe/ckpt_15000.pt
  [Stability] grad_norm: 0.0000
iter 15000: loss 4.0987, time 25417.53ms, mfu 63.34%
iter 15050: loss 4.1142, time 155.57ms, mfu 64.67%
  [Stability] grad_norm: 0.0000
iter 15100: loss 4.1054, time 123.69ms, mfu 67.84%
iter 15150: loss 4.0719, time 157.51ms, mfu 68.62%
  [Stability] grad_norm: 0.0000
iter 15200: loss 4.1655, time 157.02ms, mfu 69.35%
iter 15250: loss 4.1505, time 157.01ms, mfu 70.01%
  [Stability] grad_norm: 0.0000
iter 15300: loss 4.1200, time 123.72ms, mfu 72.64%
iter 15350: loss 4.1840, time 184.12ms, mfu 71.85%
  [Stability] grad_norm: 0.0000
iter 15400: loss 4.0989, time 157.51ms, mfu 72.23%
iter 15450: loss 4.1101, time 155.65ms, mfu 72.67%
step 15500: train loss 4.1030, val loss 4.1011, lr 5.01e-04
    layer_0_entropy: mean=4.4663
    layer_0_uniformity: ['0.984', '0.976', '0.969', '0.905', '0.959', '0.960', '0.965', '0.863', '0.990', '0.960', '0.970', '0.961']
saving checkpoint to out-baseline-owt-pe/ckpt_15500.pt
  [Stability] grad_norm: 0.0000
iter 15500: loss 4.1050, time 24980.87ms, mfu 65.45%
iter 15550: loss 4.1233, time 156.23ms, mfu 66.53%
  [Stability] grad_norm: 0.0000
iter 15600: loss 4.0964, time 157.77ms, mfu 67.43%
iter 15650: loss 4.1339, time 156.35ms, mfu 68.31%
  [Stability] grad_norm: 0.0000
iter 15700: loss 4.0660, time 156.83ms, mfu 69.08%
iter 15750: loss 4.1413, time 155.92ms, mfu 69.82%
  [Stability] grad_norm: 0.0000
iter 15800: loss 4.0664, time 158.41ms, mfu 70.36%
iter 15850: loss 4.0997, time 184.72ms, mfu 69.78%
  [Stability] grad_norm: 0.0000
iter 15900: loss 4.1074, time 158.12ms, mfu 70.34%
iter 15950: loss 4.1225, time 156.83ms, mfu 70.90%
step 16000: train loss 4.0969, val loss 4.0988, lr 4.94e-04
    layer_0_entropy: mean=4.4616
    layer_0_uniformity: ['0.984', '0.974', '0.964', '0.908', '0.961', '0.967', '0.964', '0.871', '0.991', '0.964', '0.970', '0.969']
saving checkpoint to out-baseline-owt-pe/ckpt_16000.pt
  [Stability] grad_norm: 0.0000
iter 16000: loss 4.1067, time 24965.38ms, mfu 63.86%
iter 16050: loss 4.1078, time 156.75ms, mfu 65.08%
  [Stability] grad_norm: 0.0000
iter 16100: loss 4.1257, time 161.78ms, mfu 65.94%
iter 16150: loss 4.1411, time 156.55ms, mfu 66.96%
  [Stability] grad_norm: 0.0000
iter 16200: loss 4.0244, time 159.80ms, mfu 67.72%
iter 16250: loss 4.0832, time 154.36ms, mfu 68.67%
  [Stability] grad_norm: 0.0000
iter 16300: loss 4.0899, time 157.97ms, mfu 69.35%
iter 16350: loss 4.0429, time 154.41ms, mfu 70.13%
  [Stability] grad_norm: 0.0000
iter 16400: loss 4.1604, time 154.92ms, mfu 70.81%
iter 16450: loss 4.1151, time 155.36ms, mfu 71.40%
step 16500: train loss 4.0959, val loss 4.0970, lr 4.87e-04
    layer_0_entropy: mean=4.4597
    layer_0_uniformity: ['0.980', '0.979', '0.963', '0.904', '0.960', '0.966', '0.960', '0.871', '0.992', '0.955', '0.975', '0.955']
saving checkpoint to out-baseline-owt-pe/ckpt_16500.pt
  [Stability] grad_norm: 0.0000
iter 16500: loss 4.0664, time 25220.35ms, mfu 64.31%
iter 16550: loss 4.1003, time 155.35ms, mfu 65.55%
  [Stability] grad_norm: 0.0000
iter 16600: loss 4.1114, time 156.18ms, mfu 66.63%
iter 16650: loss 4.0767, time 156.48ms, mfu 67.58%
  [Stability] grad_norm: 0.0000
iter 16700: loss 4.1031, time 157.16ms, mfu 68.41%
iter 16750: loss 4.0762, time 156.60ms, mfu 69.18%
  [Stability] grad_norm: 0.0000
iter 16800: loss 4.0634, time 158.28ms, mfu 69.79%
iter 16850: loss 4.1295, time 154.64ms, mfu 70.52%
  [Stability] grad_norm: 0.0000
iter 16900: loss 4.1649, time 157.69ms, mfu 71.03%
iter 16950: loss 4.0991, time 156.04ms, mfu 71.56%
step 17000: train loss 4.0899, val loss 4.0872, lr 4.80e-04
    layer_0_entropy: mean=4.4383
    layer_0_uniformity: ['0.980', '0.977', '0.966', '0.906', '0.964', '0.970', '0.951', '0.873', '0.988', '0.954', '0.972', '0.963']
saving checkpoint to out-baseline-owt-pe/ckpt_17000.pt
  [Stability] grad_norm: 0.0000
iter 17000: loss 4.0267, time 24980.60ms, mfu 64.45%
iter 17050: loss 4.0510, time 156.78ms, mfu 65.61%
  [Stability] grad_norm: 0.0000
iter 17100: loss 4.1320, time 157.41ms, mfu 66.62%
iter 17150: loss 4.1516, time 156.33ms, mfu 67.58%
  [Stability] grad_norm: 0.0000
iter 17200: loss 4.1276, time 156.59ms, mfu 68.44%
iter 17250: loss 4.1091, time 172.72ms, mfu 68.49%
  [Stability] grad_norm: 0.0000
iter 17300: loss 4.0603, time 157.90ms, mfu 69.19%
iter 17350: loss 4.0782, time 156.00ms, mfu 69.91%
  [Stability] grad_norm: 0.0000
iter 17400: loss 4.0891, time 186.85ms, mfu 69.30%
iter 17450: loss 4.0891, time 184.97ms, mfu 68.82%
step 17500: train loss 4.0877, val loss 4.0881, lr 4.73e-04
    layer_0_entropy: mean=4.4430
    layer_0_uniformity: ['0.978', '0.977', '0.971', '0.905', '0.963', '0.966', '0.965', '0.871', '0.992', '0.963', '0.972', '0.963']
saving checkpoint to out-baseline-owt-pe/ckpt_17500.pt
  [Stability] grad_norm: 0.0000
iter 17500: loss 4.1083, time 24993.97ms, mfu 61.98%
iter 17550: loss 4.1169, time 156.38ms, mfu 63.41%
  [Stability] grad_norm: 0.0000
iter 17600: loss 4.0516, time 157.69ms, mfu 64.62%
iter 17650: loss 4.0826, time 155.73ms, mfu 65.81%
  [Stability] grad_norm: 0.0000
iter 17700: loss 4.0209, time 173.24ms, mfu 66.11%
iter 17750: loss 4.0192, time 155.78ms, mfu 67.15%
  [Stability] grad_norm: 0.0000
iter 17800: loss 4.0836, time 157.64ms, mfu 68.00%
iter 17850: loss 4.0523, time 159.39ms, mfu 68.68%
  [Stability] grad_norm: 0.0000
iter 17900: loss 4.0839, time 156.56ms, mfu 69.42%
iter 17950: loss 4.1340, time 156.70ms, mfu 70.09%
step 18000: train loss 4.0824, val loss 4.0827, lr 4.65e-04
    layer_0_entropy: mean=4.4441
    layer_0_uniformity: ['0.982', '0.974', '0.967', '0.906', '0.964', '0.969', '0.957', '0.865', '0.992', '0.962', '0.973', '0.957']
saving checkpoint to out-baseline-owt-pe/ckpt_18000.pt
  [Stability] grad_norm: 0.0000
iter 18000: loss 4.1298, time 24985.28ms, mfu 63.13%
iter 18050: loss 4.1485, time 155.98ms, mfu 64.45%
  [Stability] grad_norm: 0.0000
iter 18100: loss 3.9860, time 157.88ms, mfu 65.56%
iter 18150: loss 4.0397, time 156.48ms, mfu 66.62%
  [Stability] grad_norm: 0.0000
iter 18200: loss 4.0556, time 157.18ms, mfu 67.54%
iter 18250: loss 3.9858, time 158.19ms, mfu 68.32%
  [Stability] grad_norm: 0.0000
iter 18300: loss 4.1331, time 157.15ms, mfu 69.07%
iter 18350: loss 4.0529, time 154.09ms, mfu 69.90%
  [Stability] grad_norm: 0.0000
iter 18400: loss 4.1689, time 157.36ms, mfu 70.49%
iter 18450: loss 4.0920, time 155.72ms, mfu 71.09%
step 18500: train loss 4.0806, val loss 4.0808, lr 4.57e-04
    layer_0_entropy: mean=4.4483
    layer_0_uniformity: ['0.984', '0.979', '0.958', '0.899', '0.954', '0.964', '0.960', '0.871', '0.988', '0.964', '0.973', '0.954']
saving checkpoint to out-baseline-owt-pe/ckpt_18500.pt
  [Stability] grad_norm: 0.0000
iter 18500: loss 4.0625, time 24955.45ms, mfu 64.03%
iter 18550: loss 4.0639, time 156.99ms, mfu 65.22%
  [Stability] grad_norm: 0.0000
iter 18600: loss 4.0771, time 157.05ms, mfu 66.29%
iter 18650: loss 4.0014, time 156.20ms, mfu 67.29%
  [Stability] grad_norm: 0.0000
iter 18700: loss 4.0666, time 157.51ms, mfu 68.13%
iter 18750: loss 4.1192, time 156.90ms, mfu 68.91%
  [Stability] grad_norm: 0.0000
iter 18800: loss 3.9866, time 156.89ms, mfu 69.62%
iter 18850: loss 4.0539, time 156.53ms, mfu 70.27%
  [Stability] grad_norm: 0.0000
iter 18900: loss 4.0992, time 157.34ms, mfu 70.82%
iter 18950: loss 4.0854, time 156.59ms, mfu 71.35%
step 19000: train loss 4.0773, val loss 4.0774, lr 4.49e-04
    layer_0_entropy: mean=4.4346
    layer_0_uniformity: ['0.979', '0.974', '0.958', '0.895', '0.962', '0.967', '0.964', '0.869', '0.991', '0.967', '0.972', '0.962']
saving checkpoint to out-baseline-owt-pe/ckpt_19000.pt
  [Stability] grad_norm: 0.0000
iter 19000: loss 4.0796, time 25037.09ms, mfu 64.26%
iter 19050: loss 4.0223, time 184.90ms, mfu 64.28%
  [Stability] grad_norm: 0.0000
iter 19100: loss 4.1155, time 156.27ms, mfu 65.48%
iter 19150: loss 4.0736, time 156.44ms, mfu 66.55%
  [Stability] grad_norm: 0.0000
iter 19200: loss 4.1074, time 156.29ms, mfu 67.52%
iter 19250: loss 4.1274, time 157.90ms, mfu 68.32%
  [Stability] grad_norm: 0.0000
iter 19300: loss 4.1325, time 158.57ms, mfu 69.00%
iter 19350: loss 4.1236, time 155.85ms, mfu 69.75%
  [Stability] grad_norm: 0.0000
iter 19400: loss 4.1237, time 156.29ms, mfu 70.40%
iter 19450: loss 4.0975, time 155.94ms, mfu 71.01%
step 19500: train loss 4.0695, val loss 4.0700, lr 4.41e-04
    layer_0_entropy: mean=4.4366
    layer_0_uniformity: ['0.979', '0.977', '0.956', '0.904', '0.945', '0.966', '0.955', '0.870', '0.990', '0.960', '0.973', '0.961']
saving checkpoint to out-baseline-owt-pe/ckpt_19500.pt
  [Stability] grad_norm: 0.0000
iter 19500: loss 4.0094, time 24832.17ms, mfu 63.95%
iter 19550: loss 4.0474, time 156.51ms, mfu 65.17%
  [Stability] grad_norm: 0.0000
iter 19600: loss 4.0236, time 157.99ms, mfu 66.20%
iter 19650: loss 4.1191, time 175.51ms, mfu 66.37%
  [Stability] grad_norm: 0.0000
iter 19700: loss 4.0405, time 157.26ms, mfu 67.31%
iter 19750: loss 4.1348, time 156.84ms, mfu 68.18%
  [Stability] grad_norm: 0.0000
iter 19800: loss 4.1029, time 183.70ms, mfu 67.85%
iter 19850: loss 4.0940, time 156.72ms, mfu 68.67%
  [Stability] grad_norm: 0.0000
iter 19900: loss 4.0564, time 157.46ms, mfu 69.37%
iter 19950: loss 4.0781, time 159.40ms, mfu 69.91%
step 20000: train loss 4.0701, val loss 4.0687, lr 4.33e-04
    layer_0_entropy: mean=4.4391
    layer_0_uniformity: ['0.981', '0.974', '0.964', '0.902', '0.957', '0.961', '0.959', '0.868', '0.992', '0.965', '0.974', '0.959']
saving checkpoint to out-baseline-owt-pe/ckpt_20000.pt
  [Stability] grad_norm: 0.0000
iter 20000: loss 3.9995, time 25077.70ms, mfu 62.97%
iter 20050: loss 4.0367, time 155.99ms, mfu 64.31%
  [Stability] grad_norm: 0.0000
iter 20100: loss 4.0721, time 155.85ms, mfu 65.53%
iter 20150: loss 4.0778, time 156.47ms, mfu 66.59%
  [Stability] grad_norm: 0.0000
iter 20200: loss 4.0927, time 184.13ms, mfu 66.41%
iter 20250: loss 4.0418, time 157.57ms, mfu 67.33%
  [Stability] grad_norm: 0.0000
iter 20300: loss 4.0236, time 155.91ms, mfu 68.24%
iter 20350: loss 4.0798, time 155.83ms, mfu 69.07%
  [Stability] grad_norm: 0.0000
iter 20400: loss 4.0086, time 157.91ms, mfu 69.71%
iter 20450: loss 4.0190, time 156.06ms, mfu 70.38%
step 20500: train loss 4.0662, val loss 4.0664, lr 4.25e-04
    layer_0_entropy: mean=4.4309
    layer_0_uniformity: ['0.981', '0.977', '0.954', '0.905', '0.956', '0.965', '0.953', '0.871', '0.990', '0.961', '0.975', '0.950']
saving checkpoint to out-baseline-owt-pe/ckpt_20500.pt
  [Stability] grad_norm: 0.0000
iter 20500: loss 4.0355, time 25028.24ms, mfu 63.39%
iter 20550: loss 4.0952, time 156.47ms, mfu 64.67%
  [Stability] grad_norm: 0.0000
iter 20600: loss 4.0344, time 156.32ms, mfu 65.82%
iter 20650: loss 4.0703, time 156.36ms, mfu 66.86%
  [Stability] grad_norm: 0.0000
iter 20700: loss 4.0216, time 157.64ms, mfu 67.74%
iter 20750: loss 4.0524, time 156.42ms, mfu 68.58%
  [Stability] grad_norm: 0.0000
iter 20800: loss 4.0382, time 157.18ms, mfu 69.31%
iter 20850: loss 4.0669, time 156.60ms, mfu 69.99%
  [Stability] grad_norm: 0.0000
iter 20900: loss 4.0508, time 158.42ms, mfu 70.51%
iter 20950: loss 4.0331, time 157.48ms, mfu 71.03%
step 21000: train loss 4.0632, val loss 4.0654, lr 4.17e-04
    layer_0_entropy: mean=4.4261
    layer_0_uniformity: ['0.981', '0.970', '0.964', '0.899', '0.955', '0.970', '0.952', '0.870', '0.991', '0.954', '0.970', '0.954']
saving checkpoint to out-baseline-owt-pe/ckpt_21000.pt
  [Stability] grad_norm: 0.0000
iter 21000: loss 4.0707, time 24941.58ms, mfu 63.98%
iter 21050: loss 4.0390, time 148.65ms, mfu 65.60%
  [Stability] grad_norm: 0.0000
iter 21100: loss 4.1276, time 157.11ms, mfu 66.62%
iter 21150: loss 4.0865, time 156.31ms, mfu 67.59%
  [Stability] grad_norm: 0.0000
iter 21200: loss 4.0781, time 157.03ms, mfu 68.42%
iter 21250: loss 4.0520, time 156.77ms, mfu 69.18%
  [Stability] grad_norm: 0.0000
iter 21300: loss 4.0337, time 157.07ms, mfu 69.85%
iter 21350: loss 3.9841, time 156.25ms, mfu 70.49%
  [Stability] grad_norm: 0.0000
iter 21400: loss 4.0558, time 158.29ms, mfu 70.97%
iter 21450: loss 4.0345, time 157.94ms, mfu 71.42%
step 21500: train loss 4.0579, val loss 4.0575, lr 4.08e-04
    layer_0_entropy: mean=4.4146
    layer_0_uniformity: ['0.977', '0.973', '0.964', '0.902', '0.952', '0.960', '0.952', '0.872', '0.990', '0.960', '0.973', '0.952']
saving checkpoint to out-baseline-owt-pe/ckpt_21500.pt
  [Stability] grad_norm: 0.0000
iter 21500: loss 3.9886, time 25140.68ms, mfu 64.33%
iter 21550: loss 4.0275, time 156.09ms, mfu 65.53%
  [Stability] grad_norm: 0.0000
iter 21600: loss 4.0809, time 157.31ms, mfu 66.55%
iter 21650: loss 4.0918, time 155.55ms, mfu 67.56%
  [Stability] grad_norm: 0.0000
iter 21700: loss 3.9983, time 185.33ms, mfu 67.24%
iter 21750: loss 4.0592, time 156.71ms, mfu 68.12%
  [Stability] grad_norm: 0.0000
iter 21800: loss 4.0626, time 155.05ms, mfu 68.99%
iter 21850: loss 4.0618, time 155.81ms, mfu 69.74%
  [Stability] grad_norm: 0.0000
iter 21900: loss 4.1013, time 153.03ms, mfu 70.56%
iter 21950: loss 4.0259, time 156.33ms, mfu 71.13%
step 22000: train loss 4.0605, val loss 4.0572, lr 4.00e-04
    layer_0_entropy: mean=4.4152
    layer_0_uniformity: ['0.979', '0.970', '0.962', '0.901', '0.954', '0.959', '0.956', '0.875', '0.992', '0.954', '0.970', '0.962']
saving checkpoint to out-baseline-owt-pe/ckpt_22000.pt
  [Stability] grad_norm: 0.0000
iter 22000: loss 4.0872, time 24943.92ms, mfu 64.06%
iter 22050: loss 4.0494, time 155.15ms, mfu 65.34%
  [Stability] grad_norm: 0.0000
iter 22100: loss 4.0849, time 156.83ms, mfu 66.40%
iter 22150: loss 4.0982, time 156.07ms, mfu 67.40%
  [Stability] grad_norm: 0.0000
iter 22200: loss 4.1112, time 157.03ms, mfu 68.25%
iter 22250: loss 4.0964, time 158.47ms, mfu 68.95%
  [Stability] grad_norm: 0.0000
iter 22300: loss 4.1241, time 157.27ms, mfu 69.63%
iter 22350: loss 4.0442, time 155.99ms, mfu 70.31%
  [Stability] grad_norm: 0.0000
iter 22400: loss 4.0455, time 157.21ms, mfu 70.86%
iter 22450: loss 4.0741, time 156.39ms, mfu 71.40%
step 22500: train loss 4.0549, val loss 4.0481, lr 3.91e-04
    layer_0_entropy: mean=4.4117
    layer_0_uniformity: ['0.976', '0.975', '0.947', '0.893', '0.940', '0.963', '0.958', '0.881', '0.991', '0.955', '0.970', '0.961']
saving checkpoint to out-baseline-owt-pe/ckpt_22500.pt
  [Stability] grad_norm: 0.0000
iter 22500: loss 4.0725, time 24877.47ms, mfu 64.30%
iter 22550: loss 4.0508, time 156.20ms, mfu 65.50%
  [Stability] grad_norm: 0.0000
iter 22600: loss 4.0495, time 158.43ms, mfu 66.48%
iter 22650: loss 4.0137, time 156.35ms, mfu 67.45%
  [Stability] grad_norm: 0.0000
iter 22700: loss 4.0940, time 157.71ms, mfu 68.27%
iter 22750: loss 4.1042, time 157.20ms, mfu 69.02%
  [Stability] grad_norm: 0.0000
iter 22800: loss 4.0268, time 158.20ms, mfu 69.65%
iter 22850: loss 4.0840, time 150.90ms, mfu 70.59%
  [Stability] grad_norm: 0.0000
iter 22900: loss 4.0959, time 157.33ms, mfu 71.10%
iter 22950: loss 4.1024, time 155.53ms, mfu 71.66%
step 23000: train loss 4.0467, val loss 4.0514, lr 3.83e-04
    layer_0_entropy: mean=4.4060
    layer_0_uniformity: ['0.974', '0.975', '0.954', '0.894', '0.952', '0.964', '0.955', '0.879', '0.991', '0.948', '0.972', '0.958']
saving checkpoint to out-baseline-owt-pe/ckpt_23000.pt
  [Stability] grad_norm: 0.0000
iter 23000: loss 4.0585, time 24800.01ms, mfu 64.54%
iter 23050: loss 4.0290, time 157.11ms, mfu 65.67%
  [Stability] grad_norm: 0.0000
iter 23100: loss 4.0534, time 157.40ms, mfu 66.68%
iter 23150: loss 4.0125, time 156.86ms, mfu 67.61%
  [Stability] grad_norm: 0.0000
iter 23200: loss 4.1201, time 157.57ms, mfu 68.41%
iter 23250: loss 4.0264, time 157.01ms, mfu 69.16%
  [Stability] grad_norm: 0.0000
iter 23300: loss 4.0301, time 156.17ms, mfu 69.88%
iter 23350: loss 3.9581, time 157.22ms, mfu 70.47%
  [Stability] grad_norm: 0.0000
iter 23400: loss 3.9832, time 156.99ms, mfu 71.02%
iter 23450: loss 4.0399, time 154.78ms, mfu 71.62%
step 23500: train loss 4.0433, val loss 4.0480, lr 3.74e-04
    layer_0_entropy: mean=4.4007
    layer_0_uniformity: ['0.980', '0.975', '0.958', '0.897', '0.943', '0.965', '0.949', '0.867', '0.991', '0.960', '0.972', '0.955']
saving checkpoint to out-baseline-owt-pe/ckpt_23500.pt
  [Stability] grad_norm: 0.0000
iter 23500: loss 4.0971, time 25000.48ms, mfu 64.50%
iter 23550: loss 4.0635, time 157.18ms, mfu 65.63%
  [Stability] grad_norm: 0.0000
iter 23600: loss 4.0583, time 159.21ms, mfu 66.56%
iter 23650: loss 4.0947, time 200.14ms, mfu 65.86%
  [Stability] grad_norm: 0.0000
iter 23700: loss 4.0739, time 158.69ms, mfu 66.78%
iter 23750: loss 4.0778, time 156.31ms, mfu 67.73%
  [Stability] grad_norm: 0.0000
iter 23800: loss 3.9870, time 158.25ms, mfu 68.49%
iter 23850: loss 4.0664, time 163.60ms, mfu 68.92%
  [Stability] grad_norm: 0.0000
iter 23900: loss 4.1209, time 156.35ms, mfu 69.66%
iter 23950: loss 4.0750, time 156.12ms, mfu 70.32%
step 24000: train loss 4.0449, val loss 4.0443, lr 3.65e-04
    layer_0_entropy: mean=4.4014
    layer_0_uniformity: ['0.978', '0.969', '0.952', '0.903', '0.946', '0.964', '0.953', '0.880', '0.989', '0.954', '0.971', '0.960']
saving checkpoint to out-baseline-owt-pe/ckpt_24000.pt
  [Stability] grad_norm: 0.0000
iter 24000: loss 4.0398, time 24938.52ms, mfu 63.34%
iter 24050: loss 3.9941, time 154.95ms, mfu 64.70%
  [Stability] grad_norm: 0.0000
iter 24100: loss 4.0421, time 156.50ms, mfu 65.84%
iter 24150: loss 4.1183, time 154.68ms, mfu 66.97%
  [Stability] grad_norm: 0.0000
iter 24200: loss 4.0299, time 155.75ms, mfu 67.92%
iter 24250: loss 4.0700, time 156.16ms, mfu 68.76%
  [Stability] grad_norm: 0.0000
iter 24300: loss 4.1303, time 156.61ms, mfu 69.50%
iter 24350: loss 4.0060, time 156.36ms, mfu 70.17%
  [Stability] grad_norm: 0.0000
iter 24400: loss 4.1030, time 156.29ms, mfu 70.78%
iter 24450: loss 3.9610, time 156.04ms, mfu 71.34%
step 24500: train loss 4.0385, val loss 4.0407, lr 3.56e-04
    layer_0_entropy: mean=4.3981
    layer_0_uniformity: ['0.982', '0.971', '0.960', '0.900', '0.948', '0.961', '0.954', '0.877', '0.990', '0.956', '0.971', '0.960']
saving checkpoint to out-baseline-owt-pe/ckpt_24500.pt
  [Stability] grad_norm: 0.0000
iter 24500: loss 4.0686, time 25028.70ms, mfu 64.25%
iter 24550: loss 4.0215, time 156.16ms, mfu 65.46%
  [Stability] grad_norm: 0.0000
iter 24600: loss 4.0158, time 158.10ms, mfu 66.45%
iter 24650: loss 4.0475, time 157.28ms, mfu 67.39%
  [Stability] grad_norm: 0.0000
iter 24700: loss 4.0820, time 157.49ms, mfu 68.22%
iter 24750: loss 4.0881, time 156.48ms, mfu 69.01%
  [Stability] grad_norm: 0.0000
iter 24800: loss 4.0661, time 158.10ms, mfu 69.65%
iter 24850: loss 4.0056, time 156.33ms, mfu 70.31%
  [Stability] grad_norm: 0.0000
iter 24900: loss 4.0361, time 157.11ms, mfu 70.86%
iter 24950: loss 4.0303, time 153.85ms, mfu 71.53%
step 25000: train loss 4.0389, val loss 4.0357, lr 3.48e-04
    layer_0_entropy: mean=4.4025
    layer_0_uniformity: ['0.978', '0.976', '0.955', '0.903', '0.949', '0.953', '0.952', '0.882', '0.989', '0.957', '0.970', '0.945']
saving checkpoint to out-baseline-owt-pe/ckpt_25000.pt
  [Stability] grad_norm: 0.0000
iter 25000: loss 4.0370, time 25058.52ms, mfu 64.42%
iter 25050: loss 4.0484, time 156.86ms, mfu 65.58%
  [Stability] grad_norm: 0.0000
iter 25100: loss 4.0225, time 157.79ms, mfu 66.57%
iter 25150: loss 4.0235, time 156.19ms, mfu 67.55%
  [Stability] grad_norm: 0.0000
iter 25200: loss 4.0796, time 158.79ms, mfu 68.30%
iter 25250: loss 4.0021, time 155.53ms, mfu 69.13%
  [Stability] grad_norm: 0.0000
iter 25300: loss 4.0554, time 155.10ms, mfu 69.90%
iter 25350: loss 3.9801, time 156.85ms, mfu 70.51%
  [Stability] grad_norm: 0.0000
iter 25400: loss 4.0867, time 155.31ms, mfu 71.14%
iter 25450: loss 4.0547, time 156.42ms, mfu 71.64%
step 25500: train loss 4.0373, val loss 4.0342, lr 3.39e-04
    layer_0_entropy: mean=4.4006
    layer_0_uniformity: ['0.977', '0.977', '0.955', '0.896', '0.950', '0.955', '0.953', '0.877', '0.992', '0.956', '0.969', '0.958']
saving checkpoint to out-baseline-owt-pe/ckpt_25500.pt
  [Stability] grad_norm: 0.0000
iter 25500: loss 3.9651, time 24934.04ms, mfu 64.53%
iter 25550: loss 4.0726, time 156.23ms, mfu 65.70%
  [Stability] grad_norm: 0.0000
iter 25600: loss 4.0667, time 156.91ms, mfu 66.73%
iter 25650: loss 4.0063, time 163.72ms, mfu 67.34%
  [Stability] grad_norm: 0.0000
iter 25700: loss 4.0718, time 158.18ms, mfu 68.14%
iter 25750: loss 4.0648, time 156.38ms, mfu 68.95%
  [Stability] grad_norm: 0.0000
iter 25800: loss 4.0627, time 157.43ms, mfu 69.62%
iter 25850: loss 3.9321, time 155.96ms, mfu 70.30%
  [Stability] grad_norm: 0.0000
iter 25900: loss 4.0394, time 157.21ms, mfu 70.85%
iter 25950: loss 4.0791, time 183.50ms, mfu 70.26%
step 26000: train loss 4.0338, val loss 4.0346, lr 3.30e-04
    layer_0_entropy: mean=4.3852
    layer_0_uniformity: ['0.978', '0.971', '0.955', '0.900', '0.945', '0.962', '0.955', '0.881', '0.990', '0.953', '0.969', '0.954']
saving checkpoint to out-baseline-owt-pe/ckpt_26000.pt
  [Stability] grad_norm: 0.0000
iter 26000: loss 4.0088, time 24934.55ms, mfu 63.29%
iter 26050: loss 4.0058, time 155.95ms, mfu 64.60%
  [Stability] grad_norm: 0.0000
iter 26100: loss 3.9905, time 157.34ms, mfu 65.71%
iter 26150: loss 4.0849, time 154.58ms, mfu 66.85%
  [Stability] grad_norm: 0.0000
iter 26200: loss 4.0221, time 157.24ms, mfu 67.75%
iter 26250: loss 3.9779, time 155.83ms, mfu 68.62%
  [Stability] grad_norm: 0.0000
iter 26300: loss 4.0099, time 158.27ms, mfu 69.29%
iter 26350: loss 4.0619, time 156.55ms, mfu 69.98%
  [Stability] grad_norm: 0.0000
iter 26400: loss 4.0357, time 156.00ms, mfu 70.62%
iter 26450: loss 4.0138, time 156.42ms, mfu 71.18%
step 26500: train loss 4.0314, val loss 4.0287, lr 3.21e-04
    layer_0_entropy: mean=4.3867
    layer_0_uniformity: ['0.975', '0.970', '0.950', '0.899', '0.950', '0.959', '0.946', '0.873', '0.989', '0.954', '0.968', '0.946']
saving checkpoint to out-baseline-owt-pe/ckpt_26500.pt
  [Stability] grad_norm: 0.0000
iter 26500: loss 4.0810, time 25010.50ms, mfu 64.11%
iter 26550: loss 3.9854, time 185.02ms, mfu 64.14%
  [Stability] grad_norm: 0.0000
iter 26600: loss 4.0263, time 155.99ms, mfu 65.37%
iter 26650: loss 4.0356, time 152.15ms, mfu 66.66%
  [Stability] grad_norm: 0.0000
iter 26700: loss 4.0321, time 159.80ms, mfu 67.46%
iter 26750: loss 4.0297, time 156.23ms, mfu 68.34%
  [Stability] grad_norm: 0.0000
iter 26800: loss 4.0990, time 157.39ms, mfu 69.08%
iter 26850: loss 4.0068, time 156.69ms, mfu 69.78%
  [Stability] grad_norm: 0.0000
iter 26900: loss 4.0452, time 157.32ms, mfu 70.38%
iter 26950: loss 4.0642, time 156.31ms, mfu 70.96%
step 27000: train loss 4.0230, val loss 4.0276, lr 3.12e-04
    layer_0_entropy: mean=4.3814
    layer_0_uniformity: ['0.979', '0.973', '0.953', '0.896', '0.940', '0.956', '0.948', '0.870', '0.988', '0.954', '0.969', '0.955']
saving checkpoint to out-baseline-owt-pe/ckpt_27000.pt
  [Stability] grad_norm: 0.0000
iter 27000: loss 3.9744, time 25017.87ms, mfu 63.91%
iter 27050: loss 4.0523, time 155.00ms, mfu 65.21%
  [Stability] grad_norm: 0.0000
iter 27100: loss 3.9817, time 153.97ms, mfu 66.43%
iter 27150: loss 4.0182, time 156.00ms, mfu 67.43%
  [Stability] grad_norm: 0.0000
iter 27200: loss 4.0967, time 156.07ms, mfu 68.32%
iter 27250: loss 3.9687, time 158.91ms, mfu 68.99%
  [Stability] grad_norm: 0.0000
iter 27300: loss 4.0364, time 184.45ms, mfu 68.55%
iter 27350: loss 4.0401, time 156.78ms, mfu 69.30%
  [Stability] grad_norm: 0.0000
iter 27400: loss 4.0039, time 157.18ms, mfu 69.95%
iter 27450: loss 4.0375, time 157.03ms, mfu 70.55%
step 27500: train loss 4.0196, val loss 4.0209, lr 3.04e-04
    layer_0_entropy: mean=4.3761
    layer_0_uniformity: ['0.978', '0.972', '0.958', '0.902', '0.950', '0.956', '0.951', '0.861', '0.988', '0.952', '0.966', '0.946']
saving checkpoint to out-baseline-owt-pe/ckpt_27500.pt
  [Stability] grad_norm: 0.0000
iter 27500: loss 4.0572, time 24903.99ms, mfu 63.54%
iter 27550: loss 4.0273, time 157.26ms, mfu 64.77%
  [Stability] grad_norm: 0.0000
iter 27600: loss 4.0261, time 155.21ms, mfu 65.97%
iter 27650: loss 3.9986, time 156.87ms, mfu 66.97%
  [Stability] grad_norm: 0.0000
iter 27700: loss 4.0022, time 155.50ms, mfu 67.94%
iter 27750: loss 3.9814, time 156.47ms, mfu 68.76%
  [Stability] grad_norm: 0.0000
iter 27800: loss 4.0419, time 184.45ms, mfu 68.35%
iter 27850: loss 3.9512, time 155.32ms, mfu 69.19%
  [Stability] grad_norm: 0.0000
iter 27900: loss 4.0310, time 156.80ms, mfu 69.87%
iter 27950: loss 3.9727, time 156.14ms, mfu 70.52%
step 28000: train loss 4.0189, val loss 4.0229, lr 2.95e-04
    layer_0_entropy: mean=4.3736
    layer_0_uniformity: ['0.978', '0.970', '0.963', '0.896', '0.949', '0.965', '0.952', '0.869', '0.988', '0.950', '0.970', '0.950']
saving checkpoint to out-baseline-owt-pe/ckpt_28000.pt
  [Stability] grad_norm: 0.0000
iter 28000: loss 4.0556, time 24918.30ms, mfu 63.51%
iter 28050: loss 3.9913, time 156.29ms, mfu 64.79%
  [Stability] grad_norm: 0.0000
iter 28100: loss 4.0249, time 189.02ms, mfu 64.61%
iter 28150: loss 4.0837, time 155.34ms, mfu 65.83%
  [Stability] grad_norm: 0.0000
iter 28200: loss 4.0455, time 156.75ms, mfu 66.85%
iter 28250: loss 4.0213, time 156.22ms, mfu 67.79%
  [Stability] grad_norm: 0.0000
iter 28300: loss 4.0408, time 151.04ms, mfu 68.90%
iter 28350: loss 4.0446, time 156.60ms, mfu 69.63%
  [Stability] grad_norm: 0.0000
iter 28400: loss 4.0491, time 157.38ms, mfu 70.24%
iter 28450: loss 4.0100, time 154.60ms, mfu 70.92%
step 28500: train loss 4.0165, val loss 4.0214, lr 2.86e-04
    layer_0_entropy: mean=4.3726
    layer_0_uniformity: ['0.972', '0.967', '0.963', '0.889', '0.949', '0.963', '0.955', '0.874', '0.989', '0.954', '0.969', '0.944']
saving checkpoint to out-baseline-owt-pe/ckpt_28500.pt
  [Stability] grad_norm: 0.0000
iter 28500: loss 4.0248, time 24878.03ms, mfu 63.88%
iter 28550: loss 4.0225, time 153.93ms, mfu 65.23%
  [Stability] grad_norm: 0.0000
iter 28600: loss 3.9955, time 157.07ms, mfu 66.30%
iter 28650: loss 3.9899, time 156.11ms, mfu 67.30%
  [Stability] grad_norm: 0.0000
iter 28700: loss 3.9382, time 157.24ms, mfu 68.15%
iter 28750: loss 3.9942, time 156.77ms, mfu 68.94%
  [Stability] grad_norm: 0.0000
iter 28800: loss 3.9808, time 157.77ms, mfu 69.60%
iter 28850: loss 4.0386, time 156.75ms, mfu 70.25%
  [Stability] grad_norm: 0.0000
iter 28900: loss 4.0441, time 157.50ms, mfu 70.79%
iter 28950: loss 4.0610, time 155.29ms, mfu 71.39%
step 29000: train loss 4.0165, val loss 4.0197, lr 2.77e-04
    layer_0_entropy: mean=4.3643
    layer_0_uniformity: ['0.979', '0.970', '0.953', '0.899', '0.940', '0.952', '0.946', '0.875', '0.987', '0.951', '0.966', '0.953']
saving checkpoint to out-baseline-owt-pe/ckpt_29000.pt
  [Stability] grad_norm: 0.0000
iter 29000: loss 3.9923, time 24883.54ms, mfu 64.29%
iter 29050: loss 4.0004, time 155.09ms, mfu 65.55%
  [Stability] grad_norm: 0.0000
iter 29100: loss 4.0225, time 159.36ms, mfu 66.47%
iter 29150: loss 4.0365, time 155.95ms, mfu 67.47%
  [Stability] grad_norm: 0.0000
iter 29200: loss 3.9848, time 156.72ms, mfu 68.33%
iter 29250: loss 3.9852, time 155.14ms, mfu 69.18%
  [Stability] grad_norm: 0.0000
iter 29300: loss 3.9908, time 157.52ms, mfu 69.83%
iter 29350: loss 3.9473, time 158.28ms, mfu 70.38%
  [Stability] grad_norm: 0.0000
iter 29400: loss 3.9590, time 157.89ms, mfu 70.89%
iter 29450: loss 3.9805, time 156.89ms, mfu 71.39%
step 29500: train loss 4.0130, val loss 4.0130, lr 2.69e-04
    layer_0_entropy: mean=4.3632
    layer_0_uniformity: ['0.978', '0.970', '0.959', '0.889', '0.943', '0.959', '0.952', '0.879', '0.989', '0.952', '0.968', '0.946']
saving checkpoint to out-baseline-owt-pe/ckpt_29500.pt
  [Stability] grad_norm: 0.0000
iter 29500: loss 4.0452, time 24973.49ms, mfu 64.30%
iter 29550: loss 3.9687, time 156.64ms, mfu 65.48%
  [Stability] grad_norm: 0.0000
iter 29600: loss 3.9830, time 157.25ms, mfu 66.51%
iter 29650: loss 4.0286, time 157.10ms, mfu 67.45%
  [Stability] grad_norm: 0.0000
iter 29700: loss 4.0838, time 156.89ms, mfu 68.30%
iter 29750: loss 4.0033, time 153.93ms, mfu 69.21%
  [Stability] grad_norm: 0.0000
iter 29800: loss 3.9746, time 184.15ms, mfu 68.77%
iter 29850: loss 4.0100, time 155.81ms, mfu 69.54%
  [Stability] grad_norm: 0.0000
iter 29900: loss 4.0469, time 155.13ms, mfu 70.27%
iter 29950: loss 3.9748, time 156.66ms, mfu 70.85%
step 30000: train loss 4.0115, val loss 4.0079, lr 2.60e-04
    layer_0_entropy: mean=4.3579
    layer_0_uniformity: ['0.976', '0.970', '0.949', '0.901', '0.938', '0.956', '0.953', '0.877', '0.990', '0.954', '0.969', '0.948']
saving checkpoint to out-baseline-owt-pe/ckpt_30000.pt
  [Stability] grad_norm: 0.0000
iter 30000: loss 4.0375, time 25465.55ms, mfu 63.81%
iter 30050: loss 3.9794, time 155.80ms, mfu 65.08%
  [Stability] grad_norm: 0.0000
iter 30100: loss 4.0259, time 159.30ms, mfu 66.05%
iter 30150: loss 3.9520, time 155.53ms, mfu 67.11%
  [Stability] grad_norm: 0.0000
iter 30200: loss 4.0484, time 158.87ms, mfu 67.90%
iter 30250: loss 3.9725, time 157.05ms, mfu 68.70%
  [Stability] grad_norm: 0.0000
iter 30300: loss 3.9860, time 156.93ms, mfu 69.43%
iter 30350: loss 3.9980, time 157.33ms, mfu 70.06%
  [Stability] grad_norm: 0.0000
iter 30400: loss 3.9830, time 156.75ms, mfu 70.66%
iter 30450: loss 4.0177, time 157.65ms, mfu 71.15%
step 30500: train loss 4.0104, val loss 4.0089, lr 2.52e-04
    layer_0_entropy: mean=4.3649
    layer_0_uniformity: ['0.980', '0.973', '0.945', '0.896', '0.940', '0.952', '0.949', '0.877', '0.990', '0.955', '0.971', '0.952']
saving checkpoint to out-baseline-owt-pe/ckpt_30500.pt
  [Stability] grad_norm: 0.0000
iter 30500: loss 4.0090, time 25037.11ms, mfu 64.08%
iter 30550: loss 4.0771, time 156.48ms, mfu 65.29%
  [Stability] grad_norm: 0.0000
iter 30600: loss 3.9751, time 155.34ms, mfu 66.44%
iter 30650: loss 4.0402, time 154.79ms, mfu 67.49%
  [Stability] grad_norm: 0.0000
iter 30700: loss 4.0212, time 157.61ms, mfu 68.31%
iter 30750: loss 4.0041, time 155.04ms, mfu 69.16%
  [Stability] grad_norm: 0.0000
iter 30800: loss 3.9462, time 156.80ms, mfu 69.85%
iter 30850: loss 3.9707, time 155.95ms, mfu 70.51%
  [Stability] grad_norm: 0.0000
iter 30900: loss 3.9823, time 157.62ms, mfu 71.02%
iter 30950: loss 4.0280, time 156.14ms, mfu 71.55%
step 31000: train loss 4.0009, val loss 4.0085, lr 2.43e-04
    layer_0_entropy: mean=4.3490
    layer_0_uniformity: ['0.975', '0.972', '0.948', '0.896', '0.941', '0.961', '0.948', '0.870', '0.990', '0.946', '0.966', '0.951']
saving checkpoint to out-baseline-owt-pe/ckpt_31000.pt
  [Stability] grad_norm: 0.0000
iter 31000: loss 4.0607, time 24869.85ms, mfu 64.44%
iter 31050: loss 4.0221, time 157.06ms, mfu 65.59%
  [Stability] grad_norm: 0.0000
iter 31100: loss 3.9836, time 157.26ms, mfu 66.61%
iter 31150: loss 3.9551, time 157.02ms, mfu 67.54%
  [Stability] grad_norm: 0.0000
iter 31200: loss 3.9920, time 156.33ms, mfu 68.41%
iter 31250: loss 4.0353, time 156.44ms, mfu 69.19%
  [Stability] grad_norm: 0.0000
iter 31300: loss 3.9880, time 156.83ms, mfu 69.87%
iter 31350: loss 4.0018, time 156.83ms, mfu 70.48%
  [Stability] grad_norm: 0.0000
iter 31400: loss 4.0606, time 161.99ms, mfu 70.79%
iter 31450: loss 3.9998, time 156.51ms, mfu 71.33%
step 31500: train loss 4.0016, val loss 4.0044, lr 2.35e-04
    layer_0_entropy: mean=4.3521
    layer_0_uniformity: ['0.976', '0.974', '0.953', '0.898', '0.949', '0.955', '0.949', '0.877', '0.987', '0.952', '0.968', '0.949']
saving checkpoint to out-baseline-owt-pe/ckpt_31500.pt
  [Stability] grad_norm: 0.0000
iter 31500: loss 3.9801, time 24866.05ms, mfu 64.24%
iter 31550: loss 3.9922, time 156.88ms, mfu 65.42%
  [Stability] grad_norm: 0.0000
iter 31600: loss 4.0266, time 157.29ms, mfu 66.45%
iter 31650: loss 4.0122, time 178.05ms, mfu 66.50%
  [Stability] grad_norm: 0.0000
iter 31700: loss 3.9801, time 156.77ms, mfu 67.45%
iter 31750: loss 3.9731, time 157.10ms, mfu 68.30%
  [Stability] grad_norm: 0.0000
iter 31800: loss 3.9971, time 156.17ms, mfu 69.10%
iter 31850: loss 3.9351, time 155.68ms, mfu 69.84%
  [Stability] grad_norm: 0.0000
iter 31900: loss 4.0488, time 157.30ms, mfu 70.44%
iter 31950: loss 4.0220, time 157.49ms, mfu 70.96%
step 32000: train loss 3.9973, val loss 4.0010, lr 2.27e-04
    layer_0_entropy: mean=4.3489
    layer_0_uniformity: ['0.974', '0.972', '0.952', '0.893', '0.946', '0.951', '0.952', '0.873', '0.990', '0.951', '0.971', '0.949']
saving checkpoint to out-baseline-owt-pe/ckpt_32000.pt
  [Stability] grad_norm: 0.0000
iter 32000: loss 4.0757, time 24995.54ms, mfu 63.91%
iter 32050: loss 4.0115, time 157.39ms, mfu 65.09%
  [Stability] grad_norm: 0.0000
iter 32100: loss 4.0230, time 156.17ms, mfu 66.22%
iter 32150: loss 4.0366, time 154.68ms, mfu 67.30%
  [Stability] grad_norm: 0.0000
iter 32200: loss 3.9913, time 156.40ms, mfu 68.19%
iter 32250: loss 4.0153, time 154.79ms, mfu 69.07%
  [Stability] grad_norm: 0.0000
iter 32300: loss 3.9424, time 157.81ms, mfu 69.72%
iter 32350: loss 3.9794, time 156.20ms, mfu 70.38%
  [Stability] grad_norm: 0.0000
iter 32400: loss 3.9420, time 157.13ms, mfu 70.93%
iter 32450: loss 3.9757, time 156.30ms, mfu 71.46%
step 32500: train loss 3.9932, val loss 3.9973, lr 2.19e-04
    layer_0_entropy: mean=4.3438
    layer_0_uniformity: ['0.975', '0.969', '0.959', '0.893', '0.941', '0.958', '0.943', '0.879', '0.987', '0.949', '0.968', '0.948']
saving checkpoint to out-baseline-owt-pe/ckpt_32500.pt
  [Stability] grad_norm: 0.0000
iter 32500: loss 4.0123, time 25102.94ms, mfu 64.36%
iter 32550: loss 3.9731, time 156.32ms, mfu 65.55%
  [Stability] grad_norm: 0.0000
iter 32600: loss 3.9835, time 158.81ms, mfu 66.50%
iter 32650: loss 3.9903, time 157.03ms, mfu 67.44%
  [Stability] grad_norm: 0.0000
iter 32700: loss 3.9772, time 157.84ms, mfu 68.25%
iter 32750: loss 4.0737, time 160.29ms, mfu 68.86%
  [Stability] grad_norm: 0.0000
iter 32800: loss 4.0147, time 155.45ms, mfu 69.64%
iter 32850: loss 3.9932, time 156.69ms, mfu 70.28%
  [Stability] grad_norm: 0.0000
iter 32900: loss 3.9450, time 157.06ms, mfu 70.84%
iter 32950: loss 4.0036, time 174.17ms, mfu 70.60%
step 33000: train loss 3.9936, val loss 3.9949, lr 2.11e-04
    layer_0_entropy: mean=4.3385
    layer_0_uniformity: ['0.978', '0.970', '0.945', '0.896', '0.939', '0.958', '0.946', '0.874', '0.988', '0.947', '0.964', '0.954']
saving checkpoint to out-baseline-owt-pe/ckpt_33000.pt
  [Stability] grad_norm: 0.0000
iter 33000: loss 3.9683, time 25013.98ms, mfu 63.59%
iter 33050: loss 3.9579, time 157.65ms, mfu 64.79%
  [Stability] grad_norm: 0.0000
iter 33100: loss 4.0140, time 155.65ms, mfu 65.97%
iter 33150: loss 4.0184, time 155.97ms, mfu 67.02%
  [Stability] grad_norm: 0.0000
iter 33200: loss 4.0467, time 157.85ms, mfu 67.86%
iter 33250: loss 3.9852, time 155.45ms, mfu 68.75%
  [Stability] grad_norm: 0.0000
iter 33300: loss 4.0422, time 157.25ms, mfu 69.45%
iter 33350: loss 3.9524, time 157.36ms, mfu 70.08%
  [Stability] grad_norm: 0.0000
iter 33400: loss 3.9373, time 158.01ms, mfu 70.62%
iter 33450: loss 3.9016, time 156.43ms, mfu 71.17%
step 33500: train loss 3.9902, val loss 3.9928, lr 2.03e-04
    layer_0_entropy: mean=4.3339
    layer_0_uniformity: ['0.975', '0.970', '0.955', '0.888', '0.946', '0.957', '0.947', '0.876', '0.989', '0.949', '0.968', '0.954']
saving checkpoint to out-baseline-owt-pe/ckpt_33500.pt
  [Stability] grad_norm: 0.0000
iter 33500: loss 4.0410, time 25018.91ms, mfu 64.10%
iter 33550: loss 3.9771, time 157.81ms, mfu 65.25%
  [Stability] grad_norm: 0.0000
iter 33600: loss 3.9430, time 157.52ms, mfu 66.29%
iter 33650: loss 3.9732, time 156.24ms, mfu 67.29%
  [Stability] grad_norm: 0.0000
iter 33700: loss 4.0117, time 156.98ms, mfu 68.15%
iter 33750: loss 3.8970, time 156.61ms, mfu 68.95%
  [Stability] grad_norm: 0.0000
iter 33800: loss 3.9827, time 161.26ms, mfu 69.44%
iter 33850: loss 3.9789, time 153.13ms, mfu 70.28%
  [Stability] grad_norm: 0.0000
iter 33900: loss 3.9869, time 157.89ms, mfu 70.80%
iter 33950: loss 4.0061, time 156.61ms, mfu 71.33%
step 34000: train loss 3.9884, val loss 3.9873, lr 1.95e-04
    layer_0_entropy: mean=4.3349
    layer_0_uniformity: ['0.978', '0.972', '0.948', '0.894', '0.935', '0.956', '0.940', '0.878', '0.991', '0.947', '0.969', '0.948']
saving checkpoint to out-baseline-owt-pe/ckpt_34000.pt
  [Stability] grad_norm: 0.0000
iter 34000: loss 3.9807, time 24918.74ms, mfu 64.25%
iter 34050: loss 3.9311, time 158.13ms, mfu 65.36%
  [Stability] grad_norm: 0.0000
iter 34100: loss 4.0272, time 158.10ms, mfu 66.36%
iter 34150: loss 3.9818, time 156.73ms, mfu 67.33%
  [Stability] grad_norm: 0.0000
iter 34200: loss 3.9839, time 156.05ms, mfu 68.24%
iter 34250: loss 3.9918, time 156.44ms, mfu 69.03%
  [Stability] grad_norm: 0.0000
iter 34300: loss 3.9537, time 157.18ms, mfu 69.71%
iter 34350: loss 3.9983, time 155.38ms, mfu 70.41%
  [Stability] grad_norm: 0.0000
iter 34400: loss 3.9785, time 156.78ms, mfu 70.97%
iter 34450: loss 3.9860, time 157.01ms, mfu 71.47%
step 34500: train loss 3.9825, val loss 3.9834, lr 1.87e-04
    layer_0_entropy: mean=4.3338
    layer_0_uniformity: ['0.976', '0.967', '0.945', '0.898', '0.931', '0.954', '0.939', '0.878', '0.989', '0.952', '0.966', '0.946']
saving checkpoint to out-baseline-owt-pe/ckpt_34500.pt
  [Stability] grad_norm: 0.0000
iter 34500: loss 4.0385, time 24807.00ms, mfu 64.37%
iter 34550: loss 3.9970, time 156.62ms, mfu 65.54%
  [Stability] grad_norm: 0.0000
iter 34600: loss 3.9262, time 159.54ms, mfu 66.46%
iter 34650: loss 3.9847, time 154.39ms, mfu 67.53%
  [Stability] grad_norm: 0.0000
iter 34700: loss 3.9667, time 157.53ms, mfu 68.35%
iter 34750: loss 3.9920, time 156.02ms, mfu 69.15%
  [Stability] grad_norm: 0.0000
iter 34800: loss 3.9673, time 156.63ms, mfu 69.85%
iter 34850: loss 3.9328, time 156.81ms, mfu 70.46%
  [Stability] grad_norm: 0.0000
iter 34900: loss 3.9951, time 156.93ms, mfu 71.01%
iter 34950: loss 3.9438, time 156.08ms, mfu 71.55%
step 35000: train loss 3.9866, val loss 3.9833, lr 1.80e-04
    layer_0_entropy: mean=4.3183
    layer_0_uniformity: ['0.979', '0.968', '0.947', '0.892', '0.937', '0.946', '0.946', '0.870', '0.989', '0.949', '0.968', '0.943']
saving checkpoint to out-baseline-owt-pe/ckpt_35000.pt
  [Stability] grad_norm: 0.0000
iter 35000: loss 3.9583, time 24703.64ms, mfu 64.44%
iter 35050: loss 3.9451, time 157.63ms, mfu 65.56%
  [Stability] grad_norm: 0.0000
iter 35100: loss 3.9096, time 158.96ms, mfu 66.50%
iter 35150: loss 3.9990, time 152.23ms, mfu 67.68%
  [Stability] grad_norm: 0.0000
iter 35200: loss 3.9826, time 157.55ms, mfu 68.48%
iter 35250: loss 4.0217, time 154.07ms, mfu 69.37%
  [Stability] grad_norm: 0.0000
iter 35300: loss 3.9741, time 156.51ms, mfu 70.04%
iter 35350: loss 3.9497, time 156.81ms, mfu 70.64%
  [Stability] grad_norm: 0.0000
iter 35400: loss 3.9822, time 157.14ms, mfu 71.16%
iter 35450: loss 3.9436, time 157.13ms, mfu 71.63%
step 35500: train loss 3.9800, val loss 3.9818, lr 1.73e-04
    layer_0_entropy: mean=4.3206
    layer_0_uniformity: ['0.977', '0.967', '0.946', '0.895', '0.940', '0.955', '0.945', '0.874', '0.990', '0.948', '0.965', '0.946']
saving checkpoint to out-baseline-owt-pe/ckpt_35500.pt
  [Stability] grad_norm: 0.0000
iter 35500: loss 3.9887, time 24774.77ms, mfu 64.52%
iter 35550: loss 4.0192, time 154.07ms, mfu 65.80%
  [Stability] grad_norm: 0.0000
iter 35600: loss 3.9851, time 157.92ms, mfu 66.77%
iter 35650: loss 3.9808, time 156.80ms, mfu 67.69%
  [Stability] grad_norm: 0.0000
iter 35700: loss 4.0163, time 156.58ms, mfu 68.54%
iter 35750: loss 4.0218, time 154.47ms, mfu 69.40%
  [Stability] grad_norm: 0.0000
iter 35800: loss 4.0053, time 158.44ms, mfu 69.98%
iter 35850: loss 4.0001, time 153.83ms, mfu 70.73%
  [Stability] grad_norm: 0.0000
iter 35900: loss 3.9949, time 157.63ms, mfu 71.22%
iter 35950: loss 3.9295, time 158.02ms, mfu 71.64%
step 36000: train loss 3.9758, val loss 3.9820, lr 1.66e-04
    layer_0_entropy: mean=4.3115
    layer_0_uniformity: ['0.972', '0.968', '0.950', '0.893', '0.933', '0.954', '0.943', '0.873', '0.990', '0.948', '0.968', '0.947']
saving checkpoint to out-baseline-owt-pe/ckpt_36000.pt
  [Stability] grad_norm: 0.0000
iter 36000: loss 3.9876, time 24816.15ms, mfu 64.52%
iter 36050: loss 3.9324, time 147.74ms, mfu 66.14%
  [Stability] grad_norm: 0.0000
iter 36100: loss 3.9820, time 157.53ms, mfu 67.09%
iter 36150: loss 3.9380, time 155.84ms, mfu 68.03%
  [Stability] grad_norm: 0.0000
iter 36200: loss 4.0329, time 156.11ms, mfu 68.86%
iter 36250: loss 3.9949, time 156.34ms, mfu 69.60%
  [Stability] grad_norm: 0.0000
iter 36300: loss 4.0266, time 154.82ms, mfu 70.34%
iter 36350: loss 3.9675, time 157.68ms, mfu 70.86%
  [Stability] grad_norm: 0.0000
iter 36400: loss 3.9987, time 157.45ms, mfu 71.35%
iter 36450: loss 3.9796, time 155.32ms, mfu 71.89%
step 36500: train loss 3.9755, val loss 3.9749, lr 1.59e-04
    layer_0_entropy: mean=4.3167
    layer_0_uniformity: ['0.975', '0.969', '0.950', '0.895', '0.935', '0.953', '0.940', '0.872', '0.989', '0.945', '0.964', '0.943']
saving checkpoint to out-baseline-owt-pe/ckpt_36500.pt
  [Stability] grad_norm: 0.0000
iter 36500: loss 3.9388, time 24889.76ms, mfu 64.75%
iter 36550: loss 3.9504, time 155.70ms, mfu 65.93%
  [Stability] grad_norm: 0.0000
iter 36600: loss 3.9900, time 161.40ms, mfu 66.72%
iter 36650: loss 4.0182, time 156.41ms, mfu 67.67%
  [Stability] grad_norm: 0.0000
iter 36700: loss 3.9334, time 157.65ms, mfu 68.46%
iter 36750: loss 3.9419, time 157.34ms, mfu 69.19%
  [Stability] grad_norm: 0.0000
iter 36800: loss 3.9735, time 158.07ms, mfu 69.81%
iter 36850: loss 3.9815, time 156.91ms, mfu 70.43%
  [Stability] grad_norm: 0.0000
iter 36900: loss 3.9699, time 157.08ms, mfu 70.97%
iter 36950: loss 3.9981, time 150.16ms, mfu 71.81%
step 37000: train loss 3.9753, val loss 3.9712, lr 1.52e-04
    layer_0_entropy: mean=4.3113
    layer_0_uniformity: ['0.979', '0.967', '0.943', '0.898', '0.937', '0.961', '0.942', '0.879', '0.988', '0.945', '0.964', '0.938']
saving checkpoint to out-baseline-owt-pe/ckpt_37000.pt
  [Stability] grad_norm: 0.0000
iter 37000: loss 3.9686, time 24820.72ms, mfu 64.68%
iter 37050: loss 3.9898, time 159.15ms, mfu 65.70%
  [Stability] grad_norm: 0.0000
iter 37100: loss 3.9887, time 157.98ms, mfu 66.68%
iter 37150: loss 3.9374, time 154.29ms, mfu 67.73%
  [Stability] grad_norm: 0.0000
iter 37200: loss 4.0147, time 156.63ms, mfu 68.57%
iter 37250: loss 3.9896, time 156.34ms, mfu 69.34%
  [Stability] grad_norm: 0.0000
iter 37300: loss 3.9907, time 156.92ms, mfu 70.00%
iter 37350: loss 4.0051, time 154.48ms, mfu 70.71%
  [Stability] grad_norm: 0.0000
iter 37400: loss 4.0044, time 156.66ms, mfu 71.25%
iter 37450: loss 3.8653, time 157.04ms, mfu 71.72%
step 37500: train loss 3.9694, val loss 3.9741, lr 1.45e-04
    layer_0_entropy: mean=4.3056
    layer_0_uniformity: ['0.977', '0.968', '0.946', '0.896', '0.928', '0.956', '0.943', '0.871', '0.989', '0.945', '0.965', '0.948']
saving checkpoint to out-baseline-owt-pe/ckpt_37500.pt
  [Stability] grad_norm: 0.0000
iter 37500: loss 3.9573, time 24820.19ms, mfu 64.59%
iter 37550: loss 3.9780, time 158.04ms, mfu 65.67%
  [Stability] grad_norm: 0.0000
iter 37600: loss 4.0057, time 157.92ms, mfu 66.65%
iter 37650: loss 3.9159, time 156.12ms, mfu 67.62%
  [Stability] grad_norm: 0.0000
iter 37700: loss 4.0170, time 157.38ms, mfu 68.43%
iter 37750: loss 3.9177, time 156.48ms, mfu 69.21%
  [Stability] grad_norm: 0.0000
iter 37800: loss 3.9808, time 151.02ms, mfu 70.18%
iter 37850: loss 3.9574, time 156.47ms, mfu 70.78%
  [Stability] grad_norm: 0.0000
iter 37900: loss 3.9456, time 156.99ms, mfu 71.29%
iter 37950: loss 4.0304, time 155.72ms, mfu 71.82%
step 38000: train loss 3.9659, val loss 3.9695, lr 1.39e-04
    layer_0_entropy: mean=4.2959
    layer_0_uniformity: ['0.979', '0.966', '0.937', '0.888', '0.937', '0.950', '0.940', '0.874', '0.990', '0.946', '0.964', '0.939']
saving checkpoint to out-baseline-owt-pe/ckpt_38000.pt
  [Stability] grad_norm: 0.0000
iter 38000: loss 3.9180, time 24836.64ms, mfu 64.68%
iter 38050: loss 3.9461, time 156.61ms, mfu 65.83%
  [Stability] grad_norm: 0.0000
iter 38100: loss 3.9416, time 155.85ms, mfu 66.89%
iter 38150: loss 4.0046, time 157.77ms, mfu 67.76%
  [Stability] grad_norm: 0.0000
iter 38200: loss 3.9502, time 154.47ms, mfu 68.70%
iter 38250: loss 3.9696, time 155.81ms, mfu 69.48%
  [Stability] grad_norm: 0.0000
iter 38300: loss 3.9790, time 156.96ms, mfu 70.12%
iter 38350: loss 3.9658, time 156.66ms, mfu 70.72%
  [Stability] grad_norm: 0.0000
iter 38400: loss 4.0124, time 156.85ms, mfu 71.25%
iter 38450: loss 3.9234, time 156.70ms, mfu 71.73%
step 38500: train loss 3.9637, val loss 3.9665, lr 1.33e-04
    layer_0_entropy: mean=4.2929
    layer_0_uniformity: ['0.979', '0.966', '0.951', '0.889', '0.934', '0.956', '0.941', '0.876', '0.988', '0.948', '0.965', '0.943']
saving checkpoint to out-baseline-owt-pe/ckpt_38500.pt
  [Stability] grad_norm: 0.0000
iter 38500: loss 4.0000, time 24780.62ms, mfu 64.60%
iter 38550: loss 3.9803, time 156.90ms, mfu 65.74%
  [Stability] grad_norm: 0.0000
iter 38600: loss 3.9363, time 156.59ms, mfu 66.78%
iter 38650: loss 3.9809, time 157.20ms, mfu 67.68%
  [Stability] grad_norm: 0.0000
iter 38700: loss 3.9787, time 155.51ms, mfu 68.58%
iter 38750: loss 4.0013, time 157.93ms, mfu 69.27%
  [Stability] grad_norm: 0.0000
iter 38800: loss 3.9635, time 157.21ms, mfu 69.92%
iter 38850: loss 3.9490, time 158.13ms, mfu 70.47%
  [Stability] grad_norm: 0.0000
iter 38900: loss 3.9518, time 159.17ms, mfu 70.91%
iter 38950: loss 3.9554, time 156.05ms, mfu 71.46%
step 39000: train loss 3.9654, val loss 3.9615, lr 1.27e-04
    layer_0_entropy: mean=4.2907
    layer_0_uniformity: ['0.975', '0.971', '0.945', '0.890', '0.933', '0.952', '0.946', '0.869', '0.988', '0.945', '0.966', '0.948']
saving checkpoint to out-baseline-owt-pe/ckpt_39000.pt
  [Stability] grad_norm: 0.0000
iter 39000: loss 3.9813, time 24798.79ms, mfu 64.36%
iter 39050: loss 3.9184, time 157.38ms, mfu 65.50%
  [Stability] grad_norm: 0.0000
iter 39100: loss 3.9435, time 157.85ms, mfu 66.50%
iter 39150: loss 3.9587, time 154.88ms, mfu 67.54%
  [Stability] grad_norm: 0.0000
iter 39200: loss 3.9591, time 157.99ms, mfu 68.33%
iter 39250: loss 4.0367, time 155.38ms, mfu 69.17%
  [Stability] grad_norm: 0.0000
iter 39300: loss 4.0026, time 157.69ms, mfu 69.81%
iter 39350: loss 3.9509, time 157.02ms, mfu 70.42%
  [Stability] grad_norm: 0.0000
iter 39400: loss 3.9530, time 157.58ms, mfu 70.94%
iter 39450: loss 4.0129, time 157.07ms, mfu 71.44%
step 39500: train loss 3.9613, val loss 3.9600, lr 1.21e-04
    layer_0_entropy: mean=4.2920
    layer_0_uniformity: ['0.973', '0.965', '0.950', '0.890', '0.934', '0.944', '0.944', '0.876', '0.986', '0.950', '0.965', '0.943']
saving checkpoint to out-baseline-owt-pe/ckpt_39500.pt
  [Stability] grad_norm: 0.0000
iter 39500: loss 3.9095, time 25023.15ms, mfu 64.34%
iter 39550: loss 3.9818, time 157.53ms, mfu 65.47%
  [Stability] grad_norm: 0.0000
iter 39600: loss 3.9545, time 155.07ms, mfu 66.61%
iter 39650: loss 3.8808, time 154.16ms, mfu 67.68%
  [Stability] grad_norm: 0.0000
iter 39700: loss 3.9941, time 166.69ms, mfu 68.07%
iter 39750: loss 3.9964, time 156.13ms, mfu 68.89%
  [Stability] grad_norm: 0.0000
iter 39800: loss 3.9832, time 158.92ms, mfu 69.50%
iter 39850: loss 3.8966, time 156.65ms, mfu 70.16%
  [Stability] grad_norm: 0.0000
iter 39900: loss 4.0060, time 158.31ms, mfu 70.68%
iter 39950: loss 3.9385, time 156.50ms, mfu 71.22%
step 40000: train loss 3.9620, val loss 3.9608, lr 1.16e-04
    layer_0_entropy: mean=4.2860
    layer_0_uniformity: ['0.973', '0.967', '0.936', '0.892', '0.927', '0.950', '0.940', '0.873', '0.989', '0.943', '0.964', '0.942']
saving checkpoint to out-baseline-owt-pe/ckpt_40000.pt
  [Stability] grad_norm: 0.0000
iter 40000: loss 3.9433, time 24901.70ms, mfu 64.15%
iter 40050: loss 3.9680, time 155.62ms, mfu 65.39%
  [Stability] grad_norm: 0.0000
iter 40100: loss 3.9613, time 156.92ms, mfu 66.45%
iter 40150: loss 3.9362, time 157.94ms, mfu 67.35%
  [Stability] grad_norm: 0.0000
iter 40200: loss 3.9532, time 155.33ms, mfu 68.29%
iter 40250: loss 3.9666, time 157.59ms, mfu 69.02%
  [Stability] grad_norm: 0.0000
iter 40300: loss 3.8894, time 157.22ms, mfu 69.70%
iter 40350: loss 3.9556, time 156.46ms, mfu 70.35%
  [Stability] grad_norm: 0.0000
iter 40400: loss 3.9802, time 157.68ms, mfu 70.87%
iter 40450: loss 3.9730, time 156.06ms, mfu 71.42%
step 40500: train loss 3.9582, val loss 3.9620, lr 1.11e-04
    layer_0_entropy: mean=4.2777
    layer_0_uniformity: ['0.974', '0.967', '0.951', '0.887', '0.932', '0.950', '0.944', '0.874', '0.988', '0.945', '0.963', '0.947']
saving checkpoint to out-baseline-owt-pe/ckpt_40500.pt
  [Stability] grad_norm: 0.0000
iter 40500: loss 3.9822, time 24792.52ms, mfu 64.33%
iter 40550: loss 3.9423, time 156.19ms, mfu 65.53%
  [Stability] grad_norm: 0.0000
iter 40600: loss 3.9771, time 157.78ms, mfu 66.53%
iter 40650: loss 3.9526, time 155.96ms, mfu 67.52%
  [Stability] grad_norm: 0.0000
iter 40700: loss 3.9534, time 154.99ms, mfu 68.46%
iter 40750: loss 3.9299, time 156.28ms, mfu 69.24%
  [Stability] grad_norm: 0.0000
iter 40800: loss 3.9302, time 159.50ms, mfu 69.79%
iter 40850: loss 3.9688, time 153.44ms, mfu 70.58%
  [Stability] grad_norm: 0.0000
iter 40900: loss 4.0148, time 157.24ms, mfu 71.10%
iter 40950: loss 3.9878, time 156.55ms, mfu 71.60%
step 41000: train loss 3.9560, val loss 3.9610, lr 1.06e-04
    layer_0_entropy: mean=4.2732
    layer_0_uniformity: ['0.978', '0.968', '0.944', '0.887', '0.931', '0.950', '0.941', '0.872', '0.990', '0.946', '0.961', '0.939']
saving checkpoint to out-baseline-owt-pe/ckpt_41000.pt
  [Stability] grad_norm: 0.0000
iter 41000: loss 3.9949, time 24832.22ms, mfu 64.49%
iter 41050: loss 3.9425, time 158.28ms, mfu 65.57%
  [Stability] grad_norm: 0.0000
iter 41100: loss 3.9153, time 157.04ms, mfu 66.60%
iter 41150: loss 3.9683, time 158.60ms, mfu 67.46%
  [Stability] grad_norm: 0.0000
iter 41200: loss 3.9123, time 155.40ms, mfu 68.38%
iter 41250: loss 3.9806, time 156.65ms, mfu 69.15%
  [Stability] grad_norm: 0.0000
iter 41300: loss 3.9754, time 157.48ms, mfu 69.81%
iter 41350: loss 3.9875, time 156.82ms, mfu 70.43%
  [Stability] grad_norm: 0.0000
iter 41400: loss 3.9393, time 156.46ms, mfu 71.00%
iter 41450: loss 3.9116, time 156.95ms, mfu 71.50%
step 41500: train loss 3.9512, val loss 3.9566, lr 1.01e-04
    layer_0_entropy: mean=4.2719
    layer_0_uniformity: ['0.979', '0.967', '0.937', '0.885', '0.931', '0.945', '0.936', '0.873', '0.988', '0.941', '0.959', '0.941']
saving checkpoint to out-baseline-owt-pe/ckpt_41500.pt
  [Stability] grad_norm: 0.0000
iter 41500: loss 3.9952, time 24925.25ms, mfu 64.39%
iter 41550: loss 4.0009, time 154.06ms, mfu 65.69%
  [Stability] grad_norm: 0.0000
iter 41600: loss 3.9423, time 157.21ms, mfu 66.70%
iter 41650: loss 3.9939, time 156.87ms, mfu 67.63%
  [Stability] grad_norm: 0.0000
iter 41700: loss 3.9713, time 157.57ms, mfu 68.43%
iter 41750: loss 3.9425, time 154.58ms, mfu 69.30%
  [Stability] grad_norm: 0.0000
iter 41800: loss 3.9477, time 158.26ms, mfu 69.90%
iter 41850: loss 3.9998, time 157.47ms, mfu 70.48%
  [Stability] grad_norm: 0.0000
iter 41900: loss 3.9445, time 154.99ms, mfu 71.12%
iter 41950: loss 3.9265, time 172.11ms, mfu 70.94%
step 42000: train loss 3.9517, val loss 3.9504, lr 9.62e-05
    layer_0_entropy: mean=4.2738
    layer_0_uniformity: ['0.978', '0.965', '0.946', '0.892', '0.930', '0.953', '0.947', '0.875', '0.988', '0.948', '0.964', '0.943']
saving checkpoint to out-baseline-owt-pe/ckpt_42000.pt
  [Stability] grad_norm: 0.0000
iter 42000: loss 3.9567, time 24954.35ms, mfu 63.89%
iter 42050: loss 3.9495, time 156.83ms, mfu 65.10%
  [Stability] grad_norm: 0.0000
iter 42100: loss 3.9465, time 157.79ms, mfu 66.14%
iter 42150: loss 3.9473, time 161.08ms, mfu 66.93%
  [Stability] grad_norm: 0.0000
iter 42200: loss 3.9827, time 154.74ms, mfu 67.94%
iter 42250: loss 3.9628, time 156.74ms, mfu 68.75%
  [Stability] grad_norm: 0.0000
iter 42300: loss 3.9926, time 151.75ms, mfu 69.73%
iter 42350: loss 3.9697, time 156.62ms, mfu 70.37%
  [Stability] grad_norm: 0.0000
iter 42400: loss 3.9817, time 157.71ms, mfu 70.89%
iter 42450: loss 4.0141, time 156.21ms, mfu 71.43%
step 42500: train loss 3.9505, val loss 3.9491, lr 9.19e-05
    layer_0_entropy: mean=4.2616
    layer_0_uniformity: ['0.977', '0.965', '0.948', '0.892', '0.928', '0.945', '0.936', '0.870', '0.989', '0.942', '0.963', '0.944']
saving checkpoint to out-baseline-owt-pe/ckpt_42500.pt
  [Stability] grad_norm: 0.0000
iter 42500: loss 3.9483, time 24892.78ms, mfu 64.33%
iter 42550: loss 3.9650, time 156.36ms, mfu 65.52%
  [Stability] grad_norm: 0.0000
iter 42600: loss 3.9631, time 156.18ms, mfu 66.60%
iter 42650: loss 3.9694, time 156.19ms, mfu 67.57%
  [Stability] grad_norm: 0.0000
iter 42700: loss 3.9030, time 157.25ms, mfu 68.40%
iter 42750: loss 4.0091, time 156.76ms, mfu 69.16%
  [Stability] grad_norm: 0.0000
iter 42800: loss 3.9241, time 157.81ms, mfu 69.80%
iter 42850: loss 3.9424, time 156.44ms, mfu 70.44%
  [Stability] grad_norm: 0.0000
iter 42900: loss 3.9269, time 158.22ms, mfu 70.93%
iter 42950: loss 3.9880, time 157.16ms, mfu 71.42%
step 43000: train loss 3.9448, val loss 3.9498, lr 8.78e-05
    layer_0_entropy: mean=4.2637
    layer_0_uniformity: ['0.978', '0.967', '0.943', '0.887', '0.927', '0.953', '0.938', '0.874', '0.989', '0.942', '0.964', '0.941']
saving checkpoint to out-baseline-owt-pe/ckpt_43000.pt
  [Stability] grad_norm: 0.0000
iter 43000: loss 3.9287, time 24834.08ms, mfu 64.32%
iter 43050: loss 3.9349, time 157.37ms, mfu 65.46%
  [Stability] grad_norm: 0.0000
iter 43100: loss 4.0381, time 160.03ms, mfu 66.37%
iter 43150: loss 3.9071, time 157.70ms, mfu 67.29%
  [Stability] grad_norm: 0.0000
iter 43200: loss 3.9822, time 159.40ms, mfu 68.04%
iter 43250: loss 4.0022, time 157.15ms, mfu 68.82%
  [Stability] grad_norm: 0.0000
iter 43300: loss 3.9357, time 156.57ms, mfu 69.55%
iter 43350: loss 3.9622, time 157.00ms, mfu 70.18%
  [Stability] grad_norm: 0.0000
iter 43400: loss 3.9921, time 157.27ms, mfu 70.75%
iter 43450: loss 3.9993, time 155.42ms, mfu 71.34%
step 43500: train loss 3.9476, val loss 3.9468, lr 8.41e-05
    layer_0_entropy: mean=4.2609
    layer_0_uniformity: ['0.977', '0.969', '0.946', '0.887', '0.924', '0.951', '0.940', '0.877', '0.989', '0.940', '0.964', '0.942']
saving checkpoint to out-baseline-owt-pe/ckpt_43500.pt
  [Stability] grad_norm: 0.0000
iter 43500: loss 3.9105, time 24904.98ms, mfu 64.25%
iter 43550: loss 3.9253, time 156.12ms, mfu 65.46%
  [Stability] grad_norm: 0.0000
iter 43600: loss 3.9395, time 157.46ms, mfu 66.49%
iter 43650: loss 4.0130, time 153.97ms, mfu 67.58%
  [Stability] grad_norm: 0.0000
iter 43700: loss 3.9347, time 158.56ms, mfu 68.34%
iter 43750: loss 3.9584, time 169.26ms, mfu 68.55%
  [Stability] grad_norm: 0.0000
iter 43800: loss 3.9426, time 156.13ms, mfu 69.33%
iter 43850: loss 3.9847, time 156.73ms, mfu 70.00%
  [Stability] grad_norm: 0.0000
iter 43900: loss 3.9198, time 158.57ms, mfu 70.52%
iter 43950: loss 3.9353, time 163.73ms, mfu 70.74%
step 44000: train loss 3.9442, val loss 3.9428, lr 8.06e-05
    layer_0_entropy: mean=4.2625
    layer_0_uniformity: ['0.974', '0.963', '0.945', '0.896', '0.932', '0.951', '0.939', '0.871', '0.988', '0.943', '0.964', '0.947']
saving checkpoint to out-baseline-owt-pe/ckpt_44000.pt
  [Stability] grad_norm: 0.0000
iter 44000: loss 3.9359, time 24852.86ms, mfu 63.72%
iter 44050: loss 3.9421, time 171.20ms, mfu 64.31%
  [Stability] grad_norm: 0.0000
iter 44100: loss 3.9295, time 157.82ms, mfu 65.43%
iter 44150: loss 3.9595, time 154.59ms, mfu 66.60%
  [Stability] grad_norm: 0.0000
iter 44200: loss 3.8946, time 158.24ms, mfu 67.47%
iter 44250: loss 3.9317, time 155.09ms, mfu 68.41%
  [Stability] grad_norm: 0.0000
iter 44300: loss 3.9087, time 157.38ms, mfu 69.14%
iter 44350: loss 3.9030, time 156.07ms, mfu 69.86%
  [Stability] grad_norm: 0.0000
iter 44400: loss 3.9062, time 154.87ms, mfu 70.57%
iter 44450: loss 3.8957, time 155.46ms, mfu 71.18%
step 44500: train loss 3.9443, val loss 3.9461, lr 7.73e-05
    layer_0_entropy: mean=4.2492
    layer_0_uniformity: ['0.978', '0.969', '0.941', '0.893', '0.935', '0.950', '0.937', '0.865', '0.988', '0.938', '0.964', '0.935']
saving checkpoint to out-baseline-owt-pe/ckpt_44500.pt
  [Stability] grad_norm: 0.0000
iter 44500: loss 3.9811, time 24917.38ms, mfu 64.11%
iter 44550: loss 3.9214, time 155.28ms, mfu 65.38%
  [Stability] grad_norm: 0.0000
iter 44600: loss 3.9594, time 157.78ms, mfu 66.39%
iter 44650: loss 3.9525, time 156.52ms, mfu 67.37%
  [Stability] grad_norm: 0.0000
iter 44700: loss 3.9385, time 155.85ms, mfu 68.28%
iter 44750: loss 3.9755, time 168.48ms, mfu 68.53%
  [Stability] grad_norm: 0.0000
iter 44800: loss 3.9646, time 159.89ms, mfu 69.13%
iter 44850: loss 3.8976, time 153.56ms, mfu 69.98%
  [Stability] grad_norm: 0.0000
iter 44900: loss 3.9330, time 157.62ms, mfu 70.54%
iter 44950: loss 4.0055, time 157.03ms, mfu 71.08%
step 45000: train loss 3.9405, val loss 3.9442, lr 7.43e-05
    layer_0_entropy: mean=4.2482
    layer_0_uniformity: ['0.977', '0.965', '0.943', '0.895', '0.928', '0.947', '0.943', '0.876', '0.986', '0.940', '0.962', '0.943']
saving checkpoint to out-baseline-owt-pe/ckpt_45000.pt
  [Stability] grad_norm: 0.0000
iter 45000: loss 3.9795, time 24962.01ms, mfu 64.02%
iter 45050: loss 3.9345, time 155.68ms, mfu 65.27%
  [Stability] grad_norm: 0.0000
iter 45100: loss 3.9237, time 156.67ms, mfu 66.35%
iter 45150: loss 3.9432, time 156.31ms, mfu 67.34%
  [Stability] grad_norm: 0.0000
iter 45200: loss 3.8794, time 157.45ms, mfu 68.18%
iter 45250: loss 3.9360, time 172.38ms, mfu 68.28%
  [Stability] grad_norm: 0.0000
iter 45300: loss 3.9603, time 173.12ms, mfu 68.33%
iter 45350: loss 3.9367, time 156.47ms, mfu 69.12%
  [Stability] grad_norm: 0.0000
iter 45400: loss 3.9166, time 181.54ms, mfu 68.77%
iter 45450: loss 3.9087, time 174.37ms, mfu 68.73%
step 45500: train loss 3.9400, val loss 3.9428, lr 7.16e-05
    layer_0_entropy: mean=4.2444
    layer_0_uniformity: ['0.977', '0.964', '0.934', '0.889', '0.923', '0.946', '0.936', '0.869', '0.989', '0.939', '0.961', '0.936']
saving checkpoint to out-baseline-owt-pe/ckpt_45500.pt
  [Stability] grad_norm: 0.0000
iter 45500: loss 3.9421, time 25083.20ms, mfu 61.90%
iter 45550: loss 3.8854, time 175.03ms, mfu 62.52%
  [Stability] grad_norm: 0.0000
iter 45600: loss 3.9059, time 175.14ms, mfu 63.08%
iter 45650: loss 3.9246, time 170.84ms, mfu 63.75%
  [Stability] grad_norm: 0.0000
iter 45700: loss 3.9725, time 175.45ms, mfu 64.16%
iter 45750: loss 3.9429, time 174.59ms, mfu 64.57%
  [Stability] grad_norm: 0.0000
iter 45800: loss 3.9278, time 174.78ms, mfu 64.94%
iter 45850: loss 3.9249, time 176.31ms, mfu 65.20%
  [Stability] grad_norm: 0.0000
iter 45900: loss 3.8742, time 174.65ms, mfu 65.51%
iter 45950: loss 3.8564, time 174.45ms, mfu 65.79%
step 46000: train loss 3.9417, val loss 3.9400, lr 6.92e-05
    layer_0_entropy: mean=4.2395
    layer_0_uniformity: ['0.977', '0.965', '0.938', '0.883', '0.922', '0.949', '0.936', '0.869', '0.987', '0.942', '0.961', '0.940']
saving checkpoint to out-baseline-owt-pe/ckpt_46000.pt
  [Stability] grad_norm: 0.0000
iter 46000: loss 3.8963, time 25394.68ms, mfu 59.26%
iter 46050: loss 3.9403, time 171.40ms, mfu 60.29%
  [Stability] grad_norm: 0.0000
iter 46100: loss 3.9169, time 174.66ms, mfu 61.08%
iter 46150: loss 3.9216, time 156.47ms, mfu 62.59%
  [Stability] grad_norm: 0.0000
iter 46200: loss 3.9640, time 156.03ms, mfu 63.97%
iter 46250: loss 3.9481, time 156.60ms, mfu 65.18%
  [Stability] grad_norm: 0.0000
iter 46300: loss 3.9215, time 158.02ms, mfu 66.21%
iter 46350: loss 3.9344, time 155.86ms, mfu 67.24%
  [Stability] grad_norm: 0.0000
iter 46400: loss 3.9541, time 157.88ms, mfu 68.06%
iter 46450: loss 3.9845, time 156.17ms, mfu 68.89%
step 46500: train loss 3.9388, val loss 3.9403, lr 6.71e-05
    layer_0_entropy: mean=4.2431
    layer_0_uniformity: ['0.979', '0.964', '0.938', '0.886', '0.926', '0.949', '0.936', '0.871', '0.989', '0.942', '0.964', '0.943']
saving checkpoint to out-baseline-owt-pe/ckpt_46500.pt
  [Stability] grad_norm: 0.0000
iter 46500: loss 3.8806, time 24882.73ms, mfu 62.05%
iter 46550: loss 3.9424, time 156.62ms, mfu 63.45%
  [Stability] grad_norm: 0.0000
iter 46600: loss 3.9403, time 157.38ms, mfu 64.68%
iter 46650: loss 3.9780, time 158.38ms, mfu 65.74%
  [Stability] grad_norm: 0.0000
iter 46700: loss 3.9211, time 157.49ms, mfu 66.73%
iter 46750: loss 3.9025, time 156.35ms, mfu 67.68%
  [Stability] grad_norm: 0.0000
iter 46800: loss 3.9712, time 155.26ms, mfu 68.59%
iter 46850: loss 3.9234, time 155.24ms, mfu 69.41%
  [Stability] grad_norm: 0.0000
iter 46900: loss 3.9013, time 157.45ms, mfu 70.04%
iter 46950: loss 3.9316, time 156.17ms, mfu 70.67%
step 47000: train loss 3.9354, val loss 3.9397, lr 6.52e-05
    layer_0_entropy: mean=4.2387
    layer_0_uniformity: ['0.975', '0.962', '0.936', '0.891', '0.919', '0.948', '0.941', '0.873', '0.988', '0.939', '0.963', '0.940']
saving checkpoint to out-baseline-owt-pe/ckpt_47000.pt
  [Stability] grad_norm: 0.0000
iter 47000: loss 3.9214, time 24803.28ms, mfu 63.65%
iter 47050: loss 3.9261, time 156.91ms, mfu 64.88%
  [Stability] grad_norm: 0.0000
iter 47100: loss 3.9503, time 157.51ms, mfu 65.96%
iter 47150: loss 3.9177, time 155.35ms, mfu 67.04%
  [Stability] grad_norm: 0.0000
iter 47200: loss 3.9395, time 159.14ms, mfu 67.82%
iter 47250: loss 3.9389, time 155.97ms, mfu 68.68%
  [Stability] grad_norm: 0.0000
iter 47300: loss 3.9712, time 154.95ms, mfu 69.51%
iter 47350: loss 3.9619, time 157.42ms, mfu 70.13%
  [Stability] grad_norm: 0.0000
iter 47400: loss 3.9055, time 157.48ms, mfu 70.68%
iter 47450: loss 3.9366, time 155.20ms, mfu 71.29%
step 47500: train loss 3.9344, val loss 3.9395, lr 6.36e-05
    layer_0_entropy: mean=4.2326
    layer_0_uniformity: ['0.976', '0.964', '0.941', '0.891', '0.929', '0.950', '0.939', '0.868', '0.987', '0.940', '0.961', '0.941']
saving checkpoint to out-baseline-owt-pe/ckpt_47500.pt
  [Stability] grad_norm: 0.0000
iter 47500: loss 3.9135, time 24880.65ms, mfu 64.21%
iter 47550: loss 3.9001, time 157.40ms, mfu 65.36%
  [Stability] grad_norm: 0.0000
iter 47600: loss 3.9086, time 156.88ms, mfu 66.42%
iter 47650: loss 3.9572, time 160.18ms, mfu 67.22%
  [Stability] grad_norm: 0.0000
iter 47700: loss 3.9816, time 158.44ms, mfu 68.02%
iter 47750: loss 3.9271, time 156.26ms, mfu 68.85%
  [Stability] grad_norm: 0.0000
iter 47800: loss 3.9220, time 157.52ms, mfu 69.53%
iter 47850: loss 3.9945, time 155.41ms, mfu 70.25%
  [Stability] grad_norm: 0.0000
iter 47900: loss 3.9719, time 156.93ms, mfu 70.82%
iter 47950: loss 3.9179, time 155.97ms, mfu 71.38%
step 48000: train loss 3.9347, val loss 3.9340, lr 6.23e-05
    layer_0_entropy: mean=4.2347
    layer_0_uniformity: ['0.975', '0.966', '0.936', '0.892', '0.925', '0.950', '0.933', '0.867', '0.987', '0.937', '0.965', '0.939']
saving checkpoint to out-baseline-owt-pe/ckpt_48000.pt
  [Stability] grad_norm: 0.0000
iter 48000: loss 3.9560, time 24791.00ms, mfu 64.29%
iter 48050: loss 3.9517, time 154.25ms, mfu 65.59%
  [Stability] grad_norm: 0.0000
iter 48100: loss 3.9300, time 156.23ms, mfu 66.66%
iter 48150: loss 3.9616, time 156.52ms, mfu 67.61%
  [Stability] grad_norm: 0.0000
iter 48200: loss 3.8632, time 157.44ms, mfu 68.42%
iter 48250: loss 3.9420, time 156.02ms, mfu 69.21%
  [Stability] grad_norm: 0.0000
iter 48300: loss 3.9811, time 155.14ms, mfu 69.98%
iter 48350: loss 3.9216, time 159.95ms, mfu 70.43%
  [Stability] grad_norm: 0.0000
iter 48400: loss 3.9673, time 156.51ms, mfu 71.00%
iter 48450: loss 3.9237, time 156.20ms, mfu 71.53%
step 48500: train loss 3.9347, val loss 3.9375, lr 6.13e-05
    layer_0_entropy: mean=4.2339
    layer_0_uniformity: ['0.979', '0.966', '0.938', '0.889', '0.929', '0.949', '0.935', '0.876', '0.987', '0.937', '0.961', '0.938']
saving checkpoint to out-baseline-owt-pe/ckpt_48500.pt
  [Stability] grad_norm: 0.0000
iter 48500: loss 3.9444, time 24841.96ms, mfu 64.43%
iter 48550: loss 4.0068, time 155.03ms, mfu 65.67%
  [Stability] grad_norm: 0.0000
iter 48600: loss 3.9624, time 154.80ms, mfu 66.81%
iter 48650: loss 3.9459, time 155.62ms, mfu 67.78%
  [Stability] grad_norm: 0.0000
iter 48700: loss 3.9612, time 156.86ms, mfu 68.60%
iter 48750: loss 3.9512, time 156.87ms, mfu 69.34%
  [Stability] grad_norm: 0.0000
iter 48800: loss 3.9506, time 163.86ms, mfu 69.68%
iter 48850: loss 3.8949, time 160.11ms, mfu 70.16%
  [Stability] grad_norm: 0.0000
iter 48900: loss 3.9771, time 157.19ms, mfu 70.72%
iter 48950: loss 3.9666, time 156.70ms, mfu 71.26%
step 49000: train loss 3.9356, val loss 3.9383, lr 6.06e-05
    layer_0_entropy: mean=4.2384
    layer_0_uniformity: ['0.978', '0.966', '0.942', '0.889', '0.923', '0.950', '0.936', '0.870', '0.990', '0.937', '0.962', '0.938']
saving checkpoint to out-baseline-owt-pe/ckpt_49000.pt
  [Stability] grad_norm: 0.0000
iter 49000: loss 3.9973, time 24956.82ms, mfu 64.18%
iter 49050: loss 3.9089, time 157.00ms, mfu 65.35%
  [Stability] grad_norm: 0.0000
iter 49100: loss 3.8948, time 157.21ms, mfu 66.40%
iter 49150: loss 3.8865, time 156.87ms, mfu 67.36%
  [Stability] grad_norm: 0.0000
iter 49200: loss 3.9859, time 155.39ms, mfu 68.29%
iter 49250: loss 3.9572, time 157.63ms, mfu 69.03%
  [Stability] grad_norm: 0.0000
iter 49300: loss 3.9594, time 156.94ms, mfu 69.72%
iter 49350: loss 3.9018, time 156.51ms, mfu 70.36%
  [Stability] grad_norm: 0.0000
iter 49400: loss 3.9375, time 157.46ms, mfu 70.89%
iter 49450: loss 3.8880, time 156.90ms, mfu 71.40%
step 49500: train loss 3.9322, val loss 3.9370, lr 6.01e-05
    layer_0_entropy: mean=4.2376
    layer_0_uniformity: ['0.978', '0.966', '0.937', '0.892', '0.926', '0.940', '0.938', '0.871', '0.988', '0.937', '0.962', '0.945']
saving checkpoint to out-baseline-owt-pe/ckpt_49500.pt
  [Stability] grad_norm: 0.0000
iter 49500: loss 4.0001, time 24828.16ms, mfu 64.31%
iter 49550: loss 3.8976, time 154.19ms, mfu 65.61%
  [Stability] grad_norm: 0.0000
iter 49600: loss 3.9131, time 156.93ms, mfu 66.64%
iter 49650: loss 3.9052, time 155.39ms, mfu 67.65%
  [Stability] grad_norm: 0.0000
iter 49700: loss 3.9089, time 157.17ms, mfu 68.47%
iter 49750: loss 3.9801, time 155.68ms, mfu 69.28%
  [Stability] grad_norm: 0.0000
iter 49800: loss 3.8966, time 154.92ms, mfu 70.04%
iter 49850: loss 3.9238, time 156.80ms, mfu 70.64%
  [Stability] grad_norm: 0.0000
iter 49900: loss 3.9336, time 158.00ms, mfu 71.12%
iter 49950: loss 3.8857, time 156.61ms, mfu 71.62%
step 50000: train loss 3.9341, val loss 3.9352, lr 6.00e-05
    layer_0_entropy: mean=4.2229
    layer_0_uniformity: ['0.979', '0.964', '0.940', '0.890', '0.929', '0.942', '0.931', '0.865', '0.988', '0.937', '0.960', '0.936']
saving checkpoint to out-baseline-owt-pe/ckpt_50000.pt
  [Stability] grad_norm: 0.0000
iter 50000: loss 3.9605, time 24806.35ms, mfu 64.50%

Training complete!
Best validation loss: 3.9340
Checkpoints saved to: out-baseline-owt-pe/
[1;34mwandb[0m: 
[1;34mwandb[0m: 🚀 View run [33mbaseline-owt-pe[0m at: [34m[0m
[1;34mwandb[0m: Find logs at: [1;35mwandb/run-20260112_154600-3aofwh78/logs[0m
Finished at Mon Jan 12 07:07:57 PM IST 2026
Checkpoint saved to: out-baseline-owt-pe/
