Starting NoPE training (LayerNorm) on OpenWebText at Mon Jan 12 03:14:39 PM IST 2026
GPU: NVIDIA H200
Python: /home/nlp/matan_avitan/.conda/envs/py312/bin/python
Overriding config with config/train_nope_owt_ln.py:
# Training config for NoPE transformer with LayerNorm on OpenWebText
# Larger scale training for studying positional encoding on real data
#
# Key features:
# - No positional embeddings (NoPE mode)
# - LayerNorm normalization (standard centering + scaling)
# - Xavier initialization for attention Q, K, V
# - OpenWebText dataset (~9B tokens)
#
# Run with:
#   CUDA_VISIBLE_DEVICES=0 python train_nope.py config/train_nope_owt_ln.py

# I/O
out_dir = "out-nope-owt-ln"
eval_interval = 1000  # Checkpoint every 1000 iters
eval_iters = 200
log_interval = 50

always_save_checkpoint = True
init_from = "scratch"

# Wandb logging
wandb_log = False
wandb_project = "nope-emergence"
wandb_run_name = "nope-owt-ln"

# Data
dataset = "openwebtext"  # Full OpenWebText (~9B tokens)
gradient_accumulation_steps = 1  # No accumulation - use large batch directly
batch_size = 128  # Large batch size for better gradient estimates
block_size = 2048  # Context length - INCREASED for LN2 hypothesis testing

# Model architecture - same as Shakespeare experiments
n_layer = 1
n_head = 12
n_embd = 768
dropout = 0.0  # No dropout for clean analysis
bias = False  # Modern practice

# NoPE-specific settings
use_positional_embedding = False  # KEY: No positional embeddings
norm_type = "layernorm"  # Standard LayerNorm
log_attention_stats = True  # Log attention entropy/uniformity during training
skip_ln2 = False  # Standard NoPE with LN2

# Optimizer
learning_rate = 6e-4  # Slightly lower LR for larger dataset
max_iters = 50000  # More iters for larger dataset
lr_decay_iters = 50000
min_lr = 6e-5
weight_decay = 0.1
beta1 = 0.9
beta2 = 0.95
grad_clip = 1.0

warmup_iters = 2000

# System
device = "cuda"
compile = True  # Use torch.compile for speed
dtype = "bfloat16"

# Reproducibility
seed = 42

tokens per iteration will be: 262,144
Initializing a new NoPE model from scratch
defaulting to vocab_size of GPT-2: 50304

============================================================
NoPE GPT Model Initialized
============================================================
  Positional Embedding: False
  Normalization Type:   layernorm
  Layers:               1
  Heads:                12
  Embedding Dim:        768
  Block Size:           2048
  Vocab Size:           50304
  Attention Stats:      True
  Skip LN2:             False
  Use BatchNorm LN2:    False
  Parameters:           45.71M
============================================================

num decayed parameter tensors: 5, with 45,711,360 parameters
num non-decayed parameter tensors: 3, with 2,304 parameters
using fused AdamW: True
compiling the model... (takes a ~minute)

Starting training for 50000 iterations...
  Model: NoPE GPT with layernorm
  Positional Embedding: False
  Dataset: openwebtext
  Batch size: 128 x 1 = 128
  Block size: 2048
  Learning rate: 0.0006 -> 6e-05

step 0: train loss 10.9602, val loss 10.9609, lr 3.00e-07
Finished at Mon Jan 12 03:20:43 PM IST 2026
Checkpoint saved to: out-nope-owt-ln/
