Data: 9,035,582,489 tokens
Creating model...

============================================================
2-Layer Mechanism Analysis Model Initialized
============================================================
  Embedding Dim:        768
  Heads:                12
  Head Dim:             64
  Block Size:           2048
  Normalization:        layernorm
  Regression Mode:      True
  Parameters:           53.40M
============================================================

Optimizer: 12 weight decay, 21 no decay
Training started!
iter 0: loss=1397463.7500, time=503ms
iter 50: loss=1321721.2500, time=3241ms
iter 100: loss=1264417.3750, time=3219ms
iter 150: loss=1201453.8750, time=3219ms
iter 200: loss=1135407.5000, time=3219ms
iter 250: loss=1067777.8750, time=3219ms
iter 300: loss=998354.9375, time=3219ms
iter 350: loss=929406.5000, time=3218ms
iter 400: loss=858608.0000, time=3217ms
iter 450: loss=789755.0000, time=3217ms
iter 500: loss=723457.5000, time=3218ms
iter 550: loss=658105.1250, time=3794ms
iter 600: loss=599010.0625, time=3217ms
iter 650: loss=539180.4375, time=3218ms
iter 700: loss=490435.3750, time=3220ms
iter 750: loss=445043.8125, time=3231ms
iter 800: loss=390349.8125, time=3258ms
iter 850: loss=375660.5938, time=3276ms
iter 900: loss=332399.8125, time=3275ms
iter 950: loss=348792.9688, time=3275ms
iter 1000: loss=304455.9375, time=3276ms
iter 1050: loss=292841.7500, time=3830ms
iter 1100: loss=282760.3125, time=3290ms
iter 1150: loss=278512.4062, time=3293ms
iter 1200: loss=262069.2031, time=3299ms
iter 1250: loss=312604.4688, time=3307ms
iter 1300: loss=394744.6250, time=3302ms
iter 1350: loss=194931.3281, time=3301ms
iter 1400: loss=192655.9062, time=3301ms
iter 1450: loss=173415.0156, time=3301ms
iter 1500: loss=161328.0000, time=3303ms
iter 1550: loss=138910.8438, time=3871ms
iter 1600: loss=130155.9297, time=3301ms
iter 1650: loss=112130.1094, time=3300ms
iter 1700: loss=139535.2344, time=3300ms
iter 1750: loss=104996.2969, time=3302ms
iter 1800: loss=122651.4844, time=3301ms
iter 1850: loss=92501.9844, time=3298ms
iter 1900: loss=105925.6094, time=3295ms
iter 1950: loss=124446.2031, time=3296ms
iter 2000: loss=137225.0312, time=3300ms
iter 2050: loss=73592.5938, time=3875ms
iter 2100: loss=97368.4375, time=3296ms
iter 2150: loss=73049.1250, time=3295ms
iter 2200: loss=57846.7852, time=3291ms
iter 2250: loss=46955.8672, time=3290ms
iter 2300: loss=69864.6250, time=3289ms
iter 2350: loss=86725.9531, time=3287ms
iter 2400: loss=49774.3984, time=3286ms
iter 2450: loss=71310.4531, time=3287ms
iter 2500: loss=71255.5234, time=3288ms
iter 2550: loss=107297.0000, time=3852ms
iter 2600: loss=93999.8594, time=3286ms
iter 2650: loss=136226.2344, time=3289ms
iter 2700: loss=90989.9219, time=3288ms
iter 2750: loss=49604.2969, time=3283ms
iter 2800: loss=112043.6641, time=3280ms
iter 2850: loss=47680.7500, time=3278ms
iter 2900: loss=39156.8359, time=3279ms
iter 2950: loss=66305.9297, time=3276ms
iter 3000: loss=85023.9297, time=3277ms
iter 3050: loss=98230.8750, time=3830ms
iter 3100: loss=147649.3281, time=3273ms
iter 3150: loss=56361.4062, time=3273ms
iter 3200: loss=87059.3125, time=3274ms
iter 3250: loss=53454.9766, time=3272ms
iter 3300: loss=54831.8086, time=3271ms
iter 3350: loss=100391.6641, time=3272ms
iter 3400: loss=100768.2109, time=3273ms
iter 3450: loss=47446.1172, time=3273ms
iter 3500: loss=65979.7812, time=3270ms
iter 3550: loss=83713.0781, time=3804ms
iter 3600: loss=61631.9648, time=3268ms
iter 3650: loss=107280.2031, time=3267ms
iter 3700: loss=61800.1797, time=3267ms
iter 3750: loss=92749.9844, time=3264ms
iter 3800: loss=36213.8633, time=3263ms
iter 3850: loss=48336.0195, time=3266ms
iter 3900: loss=48294.2734, time=3266ms
iter 3950: loss=130220.1016, time=3267ms
iter 4000: loss=106953.8828, time=3265ms
iter 4050: loss=58101.3125, time=3818ms
iter 4100: loss=55306.1875, time=3263ms
iter 4150: loss=88156.0938, time=3263ms
iter 4200: loss=66996.5781, time=3265ms
iter 4250: loss=79992.4375, time=3261ms
iter 4300: loss=71210.9219, time=3259ms
iter 4350: loss=58968.4297, time=3259ms
iter 4400: loss=115271.9844, time=3259ms
iter 4450: loss=35121.8984, time=3259ms
iter 4500: loss=44806.4062, time=3260ms
iter 4550: loss=55829.5430, time=3788ms
iter 4600: loss=59713.9219, time=3259ms
iter 4650: loss=60128.2422, time=3260ms
iter 4700: loss=42818.5547, time=3259ms
iter 4750: loss=56380.1836, time=3258ms
iter 4800: loss=39755.2188, time=3257ms
iter 4850: loss=51655.3516, time=3257ms
iter 4900: loss=89063.5625, time=3255ms
iter 4950: loss=78197.5156, time=3256ms
iter 5000: loss=59555.9766, time=3255ms
iter 5050: loss=55933.1133, time=3795ms
iter 5100: loss=65221.0469, time=3256ms
iter 5150: loss=56263.8047, time=3254ms
iter 5200: loss=48854.7930, time=3253ms
iter 5250: loss=63384.7578, time=3253ms
iter 5300: loss=38098.2188, time=3253ms
iter 5350: loss=35184.2031, time=3254ms
iter 5400: loss=79224.5781, time=3253ms
iter 5450: loss=47137.7852, time=3252ms
iter 5500: loss=58545.9688, time=3252ms
iter 5550: loss=59609.0273, time=3786ms
iter 5600: loss=60836.7695, time=3252ms
iter 5650: loss=64257.7852, time=3250ms
iter 5700: loss=135462.5938, time=3252ms
iter 5750: loss=58360.0508, time=3251ms
iter 5800: loss=60590.4570, time=3249ms
iter 5850: loss=42318.1953, time=3249ms
iter 5900: loss=63146.5898, time=3249ms
iter 5950: loss=68862.4062, time=3248ms
iter 6000: loss=46028.8438, time=3247ms
iter 6050: loss=55756.8086, time=3791ms
iter 6100: loss=35933.4375, time=3246ms
iter 6150: loss=95736.3672, time=3247ms
iter 6200: loss=60943.3906, time=3248ms
iter 6250: loss=67638.8438, time=3249ms
iter 6300: loss=62988.4766, time=3248ms
iter 6350: loss=38067.1484, time=3246ms
iter 6400: loss=65970.2656, time=3246ms
iter 6450: loss=53732.6484, time=3247ms
iter 6500: loss=70899.3281, time=3247ms
iter 6550: loss=94070.1719, time=3796ms
iter 6600: loss=63399.2500, time=3245ms
iter 6650: loss=74421.2500, time=3244ms
iter 6700: loss=55665.0781, time=3245ms
iter 6750: loss=54094.0508, time=3244ms
iter 6800: loss=124112.2031, time=3243ms
iter 6850: loss=65844.6641, time=3243ms
iter 6900: loss=86711.2422, time=3244ms
iter 6950: loss=51456.0859, time=3243ms
iter 7000: loss=45109.3828, time=3242ms
iter 7050: loss=68270.5156, time=3808ms
iter 7100: loss=48685.0000, time=3243ms
iter 7150: loss=35341.3359, time=3242ms
iter 7200: loss=174815.6562, time=3244ms
iter 7250: loss=73298.3516, time=3242ms
iter 7300: loss=42087.2734, time=3243ms
iter 7350: loss=41639.7109, time=3243ms
iter 7400: loss=70575.5000, time=3244ms
iter 7450: loss=64113.7031, time=3243ms
iter 7500: loss=60610.2812, time=3242ms
iter 7550: loss=42539.8711, time=3776ms
iter 7600: loss=92997.1719, time=3242ms
iter 7650: loss=67953.0156, time=3241ms
iter 7700: loss=54561.6094, time=3241ms
iter 7750: loss=67698.6094, time=3241ms
iter 7800: loss=77340.4531, time=3241ms
iter 7850: loss=61444.1055, time=3241ms
iter 7900: loss=55941.3906, time=3241ms
iter 7950: loss=72311.7812, time=3242ms
iter 8000: loss=74317.4531, time=3242ms
iter 8050: loss=52518.7188, time=3772ms
iter 8100: loss=96496.7656, time=3241ms
iter 8150: loss=75919.2656, time=3241ms
iter 8200: loss=53739.9648, time=3241ms
iter 8250: loss=91287.4375, time=3241ms
iter 8300: loss=110886.9844, time=3240ms
iter 8350: loss=39751.7344, time=3240ms
iter 8400: loss=61939.5039, time=3241ms
iter 8450: loss=45361.5195, time=3241ms
iter 8500: loss=52928.0664, time=3241ms
iter 8550: loss=74993.5312, time=3801ms
iter 8600: loss=64216.3984, time=3241ms
iter 8650: loss=43814.5312, time=3240ms
iter 8700: loss=45982.9688, time=3240ms
iter 8750: loss=42092.7422, time=3240ms
iter 8800: loss=83435.4844, time=3240ms
iter 8850: loss=47755.4141, time=3241ms
iter 8900: loss=51998.2930, time=3239ms
iter 8950: loss=68296.3125, time=3239ms
iter 9000: loss=72272.3984, time=3239ms
iter 9050: loss=41767.9492, time=3817ms
iter 9100: loss=43981.7070, time=3240ms
iter 9150: loss=55175.0156, time=3240ms
iter 9200: loss=56393.5898, time=3239ms
iter 9250: loss=116290.2031, time=3240ms
iter 9300: loss=53314.4922, time=3240ms
iter 9350: loss=67660.6172, time=3239ms
iter 9400: loss=44794.2266, time=3240ms
iter 9450: loss=57626.9883, time=3239ms
iter 9500: loss=101844.1875, time=3239ms
iter 9550: loss=53777.4297, time=3804ms
iter 9600: loss=46046.8711, time=3240ms
iter 9650: loss=43130.2852, time=3238ms
iter 9700: loss=45668.2031, time=3239ms
iter 9750: loss=62019.2461, time=3239ms
iter 9800: loss=57642.9961, time=3239ms
iter 9850: loss=67685.5938, time=3238ms
iter 9900: loss=41999.1406, time=3238ms
iter 9950: loss=59890.3984, time=3239ms
Done!
