/home/nlp/matan_avitan/git/nopos_locating_new/nanoGPT/train_nope.py:262: FutureWarning: `torch.cuda.amp.GradScaler(args...)` is deprecated. Please use `torch.amp.GradScaler('cuda', args...)` instead.
  scaler = torch.cuda.amp.GradScaler(enabled=(dtype == "float16"))
wandb: Currently logged in as: matan_avitan to https://api.wandb.ai. Use `wandb login --relogin` to force relogin
wandb: setting up run xpe03we9
wandb: Tracking run with wandb version 0.23.1
wandb: Run data is saved locally in /home/nlp/matan_avitan/git/nopos_locating_new/nanoGPT/wandb/run-20260112_191144-xpe03we9
wandb: Run `wandb offline` to turn off syncing.
wandb: Syncing run nope-owt-ln
wandb: ⭐️ View project at https://wandb.ai/matan_avitan/nope-emergence
wandb: 🚀 View run at https://wandb.ai/matan_avitan/nope-emergence/runs/xpe03we9
Overriding config with config/train_nope_owt_ln.py:
# Training config for NoPE transformer with LayerNorm on OpenWebText
# Larger scale training for studying positional encoding on real data
#
# Key features:
# - No positional embeddings (NoPE mode)
# - LayerNorm normalization (standard centering + scaling)
# - Xavier initialization for attention Q, K, V
# - OpenWebText dataset (~9B tokens)
#
# Run with:
#   CUDA_VISIBLE_DEVICES=0 python train_nope.py config/train_nope_owt_ln.py

# I/O
out_dir = "out-nope-owt-ln"
eval_interval = 500  # Checkpoint every 500 iters for resumability
eval_iters = 200
log_interval = 50

always_save_checkpoint = True
init_from = "scratch"

# Wandb logging
wandb_log = True
wandb_project = "nope-emergence"
wandb_run_name = "nope-owt-ln"

# Data
dataset = "openwebtext"  # Full OpenWebText (~9B tokens)
gradient_accumulation_steps = (
    1  # No accumulation - need large batch for population statistics
)
batch_size = 256  # Large batch (256 * 512 = 131K tokens)
block_size = 512  # Context length

# Model architecture - same as Shakespeare experiments
n_layer = 1
n_head = 12
n_embd = 768
dropout = 0.0  # No dropout for clean analysis
bias = False  # Modern practice

# NoPE-specific settings
use_positional_embedding = False  # KEY: No positional embeddings
norm_type = "layernorm"  # Standard LayerNorm
log_attention_stats = True  # Log attention entropy/uniformity during training
skip_ln2 = False  # Standard NoPE with LN2

# Optimizer
learning_rate = 6e-4  # Slightly lower LR for larger dataset
max_iters = 50000  # More iters for larger dataset
lr_decay_iters = 50000
min_lr = 6e-5
weight_decay = 0.1
beta1 = 0.9
beta2 = 0.95
grad_clip = 1.0

warmup_iters = 2000

# System
device = "cuda"
compile = True  # Use torch.compile for speed
dtype = "bfloat16"

# Reproducibility
seed = 42

tokens per iteration will be: 131,072
Initializing a new NoPE model from scratch
defaulting to vocab_size of GPT-2: 50304

============================================================
NoPE GPT Model Initialized
============================================================
  Positional Embedding: False
  Normalization Type:   layernorm
  Layers:               1
  Heads:                12
  Embedding Dim:        768
  Block Size:           512
  Vocab Size:           50304
  Attention Stats:      True
  Skip LN2:             False
  Use BatchNorm LN2:    False
  Parameters:           45.71M
============================================================

num decayed parameter tensors: 5, with 45,711,360 parameters
num non-decayed parameter tensors: 3, with 2,304 parameters
using fused AdamW: True
compiling the model... (takes a ~minute)

Starting training for 50000 iterations...
  Model: NoPE GPT with layernorm
  Positional Embedding: False
  Dataset: openwebtext
  Batch size: 256 x 1 = 256
  Block size: 512
  Learning rate: 0.0006 -> 6e-05

Traceback (most recent call last):
  File "/home/nlp/matan_avitan/git/nopos_locating_new/nanoGPT/train_nope.py", line 383, in <module>
    losses = estimate_loss()
             ^^^^^^^^^^^^^^^
  File "/home/nlp/matan_avitan/.conda/envs/py312/lib/python3.12/site-packages/torch/utils/_contextlib.py", line 120, in decorate_context
    return func(*args, **kwargs)
           ^^^^^^^^^^^^^^^^^^^^^
  File "/home/nlp/matan_avitan/git/nopos_locating_new/nanoGPT/train_nope.py", line 296, in estimate_loss
    logits, loss = model(X, Y)
                   ^^^^^^^^^^^
  File "/home/nlp/matan_avitan/.conda/envs/py312/lib/python3.12/site-packages/torch/_dynamo/eval_frame.py", line 375, in __call__
    return super().__call__(*args, **kwargs)
           ^^^^^^^^^^^^^^^^^^^^^^^^^^^^^^^^^
  File "/home/nlp/matan_avitan/.conda/envs/py312/lib/python3.12/site-packages/torch/nn/modules/module.py", line 1773, in _wrapped_call_impl
    return self._call_impl(*args, **kwargs)
           ^^^^^^^^^^^^^^^^^^^^^^^^^^^^^^^^
  File "/home/nlp/matan_avitan/.conda/envs/py312/lib/python3.12/site-packages/torch/nn/modules/module.py", line 1784, in _call_impl
    return forward_call(*args, **kwargs)
           ^^^^^^^^^^^^^^^^^^^^^^^^^^^^^
  File "/home/nlp/matan_avitan/.conda/envs/py312/lib/python3.12/site-packages/torch/_dynamo/eval_frame.py", line 736, in compile_wrapper
    return fn(*args, **kwargs)
           ^^^^^^^^^^^^^^^^^^^
  File "/home/nlp/matan_avitan/.conda/envs/py312/lib/python3.12/site-packages/torch/nn/modules/module.py", line 1773, in _wrapped_call_impl
    return self._call_impl(*args, **kwargs)
           ^^^^^^^^^^^^^^^^^^^^^^^^^^^^^^^^
  File "/home/nlp/matan_avitan/.conda/envs/py312/lib/python3.12/site-packages/torch/nn/modules/module.py", line 1784, in _call_impl
    return forward_call(*args, **kwargs)
           ^^^^^^^^^^^^^^^^^^^^^^^^^^^^^
  File "/home/nlp/matan_avitan/git/nopos_locating_new/nanoGPT/model_nope.py", line 408, in forward
    def forward(self, idx, targets=None):
  File "/home/nlp/matan_avitan/.conda/envs/py312/lib/python3.12/site-packages/torch/_dynamo/eval_frame.py", line 929, in _fn
    return fn(*args, **kwargs)
           ^^^^^^^^^^^^^^^^^^^
  File "/home/nlp/matan_avitan/.conda/envs/py312/lib/python3.12/site-packages/torch/_functorch/aot_autograd.py", line 1241, in forward
    return compiled_fn(full_args)
           ^^^^^^^^^^^^^^^^^^^^^^
  File "/home/nlp/matan_avitan/.conda/envs/py312/lib/python3.12/site-packages/torch/_functorch/_aot_autograd/runtime_wrappers.py", line 384, in runtime_wrapper
    all_outs = call_func_at_runtime_with_args(
               ^^^^^^^^^^^^^^^^^^^^^^^^^^^^^^^
  File "/home/nlp/matan_avitan/.conda/envs/py312/lib/python3.12/site-packages/torch/_functorch/_aot_autograd/utils.py", line 126, in call_func_at_runtime_with_args
    out = normalize_as_list(f(args))
                            ^^^^^^^
  File "/home/nlp/matan_avitan/.conda/envs/py312/lib/python3.12/site-packages/torch/_functorch/_aot_autograd/runtime_wrappers.py", line 750, in inner_fn
    outs = compiled_fn(args)
           ^^^^^^^^^^^^^^^^^
  File "/home/nlp/matan_avitan/.conda/envs/py312/lib/python3.12/site-packages/torch/_functorch/_aot_autograd/runtime_wrappers.py", line 556, in wrapper
    return compiled_fn(runtime_args)
           ^^^^^^^^^^^^^^^^^^^^^^^^^
  File "/home/nlp/matan_avitan/.conda/envs/py312/lib/python3.12/site-packages/torch/_inductor/output_code.py", line 584, in __call__
    return self.current_callable(inputs)
           ^^^^^^^^^^^^^^^^^^^^^^^^^^^^^
  File "/home/nlp/matan_avitan/.conda/envs/py312/lib/python3.12/site-packages/torch/_inductor/utils.py", line 2716, in run
    out = model(new_inputs)
          ^^^^^^^^^^^^^^^^^
  File "/tmp/torchinductor_matan_avitan/4a/c4a3yephcjdjdzts7lotivs3gkgwfhfhcu37tkqumb5poknaxqns.py", line 1091, in call
    buf31 = empty_strided_cuda((131072, 50304), (50304, 1), torch.bfloat16)
            ^^^^^^^^^^^^^^^^^^^^^^^^^^^^^^^^^^^^^^^^^^^^^^^^^^^^^^^^^^^^^^^
torch.OutOfMemoryError: CUDA out of memory. Tried to allocate 12.28 GiB. GPU 0 has a total capacity of 79.25 GiB of which 8.60 GiB is free. Process 790915 has 57.26 GiB memory in use. Including non-PyTorch memory, this process has 13.38 GiB memory in use. Of the allocated memory 12.72 GiB is allocated by PyTorch, and 167.18 MiB is reserved by PyTorch but unallocated. If reserved but unallocated memory is large try setting PYTORCH_CUDA_ALLOC_CONF=expandable_segments:True to avoid fragmentation.  See documentation for Memory Management  (https://pytorch.org/docs/stable/notes/cuda.html#environment-variables)
[1;34mwandb[0m: 
[1;34mwandb[0m: 🚀 View run [33mnope-owt-ln[0m at: [34m[0m
[1;34mwandb[0m: Find logs at: [1;35mwandb/run-20260112_191144-xpe03we9/logs[0m
