/home/nlp/matan_avitan/git/nopos_locating_new/nanoGPT/train_2layer_mechanism.py:511: FutureWarning: `torch.cuda.amp.GradScaler(args...)` is deprecated. Please use `torch.amp.GradScaler('cuda', args...)` instead.
  scaler = torch.cuda.amp.GradScaler(enabled=(config.dtype == "float16"))
wandb: Currently logged in as: matan_avitan to https://api.wandb.ai. Use `wandb login --relogin` to force relogin
wandb: setting up run jn3dpszh
wandb: Tracking run with wandb version 0.23.1
wandb: Run data is saved locally in /home/nlp/matan_avitan/git/nopos_locating_new/nanoGPT/wandb/run-20260126_210701-jn3dpszh
wandb: Run `wandb offline` to turn off syncing.
wandb: Syncing run R2_exp1_freeze_train_matrix
wandb: ⭐️ View project at https://wandb.ai/matan_avitan/nope-2layer-mechanism
wandb: 🚀 View run at https://wandb.ai/matan_avitan/nope-2layer-mechanism/runs/jn3dpszh
wandb: updating run metadata
wandb: uploading output.log; uploading wandb-summary.json
wandb: uploading history steps 59-60, summary, console lines 657-665
wandb: 
wandb: Run history:
wandb: hypothesis/val_r2_for_comparison ▁███████████████████████████████████████
wandb:                             iter ▁▁▁▁▁▂▂▂▂▂▃▃▃▃▃▃▄▄▄▄▄▅▅▅▅▆▆▆▆▆▇▇▇▇▇▇▇███
wandb:                               lr ▁██████▇▇▇▇▆▆▆▅▄▄▄▃▃▃▂▂▂▂▂▂▂▂▂▂▂▂▂▂▂▂▂▂▂
wandb:                       train/loss █▁▁▁▁▁▁▁▁▁▁▁▁▁▁▁▁▁▁▁▁▁▁▁▁▁▁▁▁▁▁▁▁▁▁▁▁▁▁▁
wandb:                        train/mae █▂▂▁▁▁▁▁▁▁▁▁▁▁▁▁▁▁▁▁▁▁▁▁▁▁▁▁▁▁▁▁▁▁▁▁▁▁▁▁
wandb:                         train/r2 ▁███████████████████████████████████████
wandb:                         val/loss █▁▁▁▁▁▁▁▁▁▁▁▁▁▁▁▁▁▁▁▁▁▁▁▁▁▁▁▁▁▁▁▁▁▁▁▁▁▁▁
wandb:                          val/mae █▂▂▂▁▁▁▁▁▁▁▁▁▁▁▁▁▁▁▁▁▁▁▁▁▁▁▁▁▁▁▁▁▁▁▁▁▁▁▁
wandb:                val/per_pos_mae/0 █▅▅▄▄▅▄▄▃▄▃▃▄▃▄▃▃▄▃▃▂▂▂▂▂▂▂▂▁▂▁▂▁▁▂▁▁▁▁▁
wandb:                val/per_pos_mae/1 ▁█▇▇▆▆▇▇▆▇▆▆▇▅▆▆▆▇▆▆▅▆▅▅▅▅▅▅▄▅▅▅▅▄▅▄▄▅▄▅
wandb:                             +128 ...
wandb: 
wandb: Run summary:
wandb:                     best_val_mae 9.0338
wandb:                      best_val_r2 0.89177
wandb:                   final_val_loss 148.91457
wandb:                    final_val_mae 9.05437
wandb:                     final_val_r2 0.89093
wandb:                hypothesis/regime R2
wandb: hypothesis/val_r2_for_comparison 0.89017
wandb:                             iter 30000
wandb:                               lr 6e-05
wandb:               regime_description Attn2-only - freeze ...
wandb:                             +135 ...
wandb: 
wandb: 🚀 View run R2_exp1_freeze_train_matrix at: https://wandb.ai/matan_avitan/nope-2layer-mechanism/runs/jn3dpszh
wandb: ⭐️ View project at: https://wandb.ai/matan_avitan/nope-2layer-mechanism
wandb: Synced 5 W&B file(s), 244 media file(s), 0 artifact file(s) and 0 other file(s)
wandb: Find logs at: ./wandb/run-20260126_210701-jn3dpszh/logs
Loaded data: train=9,035,582,489 tokens, val=4,434,606 tokens

*** BOS token (ID 50256) is inserted at position 0 ***


============================================================
2-Layer Mechanism Analysis Model Initialized
============================================================
  Embedding Dim:        768
  Heads:                1
  Head Dim:             768
  Block Size:           128
  Normalization:        layernorm
  Regression Mode:      True
  Parameters:           53.40M
============================================================


============================================================
Regime: R2: Attn2-only
============================================================
  Trainable:  2,957,570 params (5.5%)
  Frozen:     50,445,312 params (94.5%)
  Total:      53,402,882 params

  Component status:
    Embedding      : frozen (38,633,472 params)
    Block1.LN1     : frozen (1,536 params)
    Block1.Attn    : frozen (2,362,368 params)
    Block1.LN2     : frozen (1,536 params)
    Block1.MLP     : frozen (4,722,432 params)
    Block2.LN1     : TRAIN  (1,536 params)
    Block2.Attn    : TRAIN  (2,362,368 params)
    Block2.LN2     : frozen (1,536 params)
    Block2.MLP     : frozen (4,722,432 params)
    Final LN       : TRAIN  (1,536 params)
    Pos Head       : TRAIN  (769 params)
    MLP Probe      : TRAIN  (591,361 params)
============================================================

Compiling model...
Optimizer: 5 weight decay, 9 no decay

============================================================
Training Regime: R2
Max iterations: 30000
============================================================

iter     0 | train loss 5386.2406 | val loss 5385.3091 | val MAE 63.427 | val R² -2.9446 | lr 1.20e-06
  iter 50: loss = 3892.2058
  iter 100: loss = 3307.5962
  iter 150: loss = 2816.8315
  iter 200: loss = 2206.1985
  iter 250: loss = 1528.6997
  iter 300: loss = 906.1071
  iter 350: loss = 511.3065
  iter 400: loss = 437.3984
  iter 450: loss = 427.9112
iter   500 | train loss 367.2551 | val loss 361.0177 | val MAE 14.713 | val R² 0.7356 | lr 6.00e-04
  iter 500: loss = 359.9741
  iter 550: loss = 340.2409
  iter 600: loss = 374.7889
  iter 650: loss = 383.1238
  iter 700: loss = 317.3848
  iter 750: loss = 301.4013
  iter 800: loss = 363.5856
  iter 850: loss = 297.5117
  iter 900: loss = 401.2046
  iter 950: loss = 309.9377
iter  1000 | train loss 330.5359 | val loss 310.1883 | val MAE 13.555 | val R² 0.7728 | lr 5.99e-04
  iter 1000: loss = 345.9365
  iter 1050: loss = 290.0859
  iter 1100: loss = 288.8604
  iter 1150: loss = 294.5047
  iter 1200: loss = 263.2994
  iter 1250: loss = 269.7437
  iter 1300: loss = 278.5938
  iter 1350: loss = 322.7034
  iter 1400: loss = 295.9833
  iter 1450: loss = 300.2522
iter  1500 | train loss 323.9058 | val loss 314.5183 | val MAE 13.180 | val R² 0.7696 | lr 5.97e-04
  iter 1500: loss = 327.4159
  iter 1550: loss = 314.7138
  iter 1600: loss = 277.7357
  iter 1650: loss = 317.9952
  iter 1700: loss = 285.3527
  iter 1750: loss = 334.9200
  iter 1800: loss = 286.9692
  iter 1850: loss = 225.1129
  iter 1900: loss = 265.1977
  iter 1950: loss = 275.2054
iter  2000 | train loss 296.9129 | val loss 281.1283 | val MAE 12.888 | val R² 0.7941 | lr 5.92e-04
  iter 2000: loss = 227.9377
  iter 2050: loss = 275.9494
  iter 2100: loss = 253.6973
  iter 2150: loss = 273.2828
  iter 2200: loss = 264.1362
  iter 2250: loss = 379.5546
  iter 2300: loss = 259.5842
  iter 2350: loss = 358.6147
  iter 2400: loss = 252.1237
  iter 2450: loss = 260.4061
iter  2500 | train loss 281.8282 | val loss 274.9410 | val MAE 12.653 | val R² 0.7986 | lr 5.86e-04
  iter 2500: loss = 252.7206
  iter 2550: loss = 259.2035
  iter 2600: loss = 221.6447
  iter 2650: loss = 271.3568
  iter 2700: loss = 307.7208
  iter 2750: loss = 274.7864
  iter 2800: loss = 274.7850
  iter 2850: loss = 234.4283
  iter 2900: loss = 285.3494
  iter 2950: loss = 257.6293
iter  3000 | train loss 278.3111 | val loss 264.2909 | val MAE 12.445 | val R² 0.8064 | lr 5.78e-04
  iter 3000: loss = 246.9415
  iter 3050: loss = 268.4995
  iter 3100: loss = 320.5612
  iter 3150: loss = 250.4601
  iter 3200: loss = 262.6078
  iter 3250: loss = 230.8497
  iter 3300: loss = 344.6617
  iter 3350: loss = 258.2030
  iter 3400: loss = 251.5560
  iter 3450: loss = 246.5824
iter  3500 | train loss 274.3146 | val loss 266.6113 | val MAE 12.455 | val R² 0.8047 | lr 5.69e-04
  iter 3500: loss = 237.0978
  iter 3550: loss = 238.0522
  iter 3600: loss = 234.1675
  iter 3650: loss = 301.0672
  iter 3700: loss = 281.2895
  iter 3750: loss = 239.4031
  iter 3800: loss = 366.8209
  iter 3850: loss = 228.7555
  iter 3900: loss = 255.6144
  iter 3950: loss = 230.2135
iter  4000 | train loss 264.2323 | val loss 257.4295 | val MAE 12.141 | val R² 0.8114 | lr 5.58e-04
  iter 4000: loss = 263.9484
  iter 4050: loss = 246.2607
  iter 4100: loss = 215.7354
  iter 4150: loss = 284.8843
  iter 4200: loss = 258.8585
  iter 4250: loss = 297.8172
  iter 4300: loss = 245.2822
  iter 4350: loss = 220.7952
  iter 4400: loss = 231.8227
  iter 4450: loss = 277.8470
iter  4500 | train loss 255.0859 | val loss 252.8950 | val MAE 12.104 | val R² 0.8148 | lr 5.46e-04
  iter 4500: loss = 361.6103
  iter 4550: loss = 206.0513
  iter 4600: loss = 258.1129
  iter 4650: loss = 307.0905
  iter 4700: loss = 276.6304
  iter 4750: loss = 256.8354
  iter 4800: loss = 242.2586
  iter 4850: loss = 268.0623
  iter 4900: loss = 337.6478
  iter 4950: loss = 250.4474
iter  5000 | train loss 252.5772 | val loss 250.6758 | val MAE 11.938 | val R² 0.8164 | lr 5.32e-04
  iter 5000: loss = 284.2705
  iter 5050: loss = 251.1172
  iter 5100: loss = 213.8065
  iter 5150: loss = 244.3055
  iter 5200: loss = 294.3895
  iter 5250: loss = 230.8105
  iter 5300: loss = 296.7300
  iter 5350: loss = 219.3227
  iter 5400: loss = 271.6068
  iter 5450: loss = 183.2547
iter  5500 | train loss 264.1244 | val loss 254.4574 | val MAE 11.880 | val R² 0.8136 | lr 5.17e-04
  iter 5500: loss = 317.8766
  iter 5550: loss = 301.5576
  iter 5600: loss = 234.3157
  iter 5650: loss = 240.1108
  iter 5700: loss = 246.9919
  iter 5750: loss = 299.4324
  iter 5800: loss = 235.3268
  iter 5850: loss = 257.0670
  iter 5900: loss = 344.4532
  iter 5950: loss = 247.5682
iter  6000 | train loss 249.3938 | val loss 242.9046 | val MAE 11.898 | val R² 0.8221 | lr 5.01e-04
  iter 6000: loss = 224.2765
  iter 6050: loss = 198.9009
  iter 6100: loss = 271.1488
  iter 6150: loss = 243.7508
  iter 6200: loss = 271.0818
  iter 6250: loss = 250.2877
  iter 6300: loss = 247.9557
  iter 6350: loss = 271.2911
  iter 6400: loss = 225.7861
  iter 6450: loss = 271.5357
iter  6500 | train loss 243.7827 | val loss 240.2300 | val MAE 11.741 | val R² 0.8240 | lr 4.83e-04
  iter 6500: loss = 258.4212
  iter 6550: loss = 249.1060
  iter 6600: loss = 202.7649
  iter 6650: loss = 256.6697
  iter 6700: loss = 272.4390
  iter 6750: loss = 201.7758
  iter 6800: loss = 278.4101
  iter 6850: loss = 248.0695
  iter 6900: loss = 237.1155
  iter 6950: loss = 247.4995
iter  7000 | train loss 245.5887 | val loss 236.4234 | val MAE 11.691 | val R² 0.8268 | lr 4.65e-04
  iter 7000: loss = 323.8669
  iter 7050: loss = 209.3870
  iter 7100: loss = 204.9876
  iter 7150: loss = 301.3270
  iter 7200: loss = 239.7919
  iter 7250: loss = 285.4484
  iter 7300: loss = 313.5919
  iter 7350: loss = 219.7042
  iter 7400: loss = 215.3332
  iter 7450: loss = 240.2274
iter  7500 | train loss 241.8550 | val loss 229.5852 | val MAE 11.519 | val R² 0.8318 | lr 4.46e-04
  iter 7500: loss = 199.1051
  iter 7550: loss = 233.1996
  iter 7600: loss = 226.2018
  iter 7650: loss = 269.6764
  iter 7700: loss = 224.8950
  iter 7750: loss = 244.4929
  iter 7800: loss = 248.1660
  iter 7850: loss = 258.4281
  iter 7900: loss = 265.7243
  iter 7950: loss = 208.7485
iter  8000 | train loss 238.6680 | val loss 230.4346 | val MAE 11.583 | val R² 0.8312 | lr 4.26e-04
  iter 8000: loss = 249.5276
  iter 8050: loss = 194.1358
  iter 8100: loss = 193.2756
  iter 8150: loss = 203.3623
  iter 8200: loss = 280.6073
  iter 8250: loss = 263.3916
  iter 8300: loss = 259.5891
  iter 8350: loss = 214.3263
  iter 8400: loss = 262.8639
  iter 8450: loss = 212.4936
iter  8500 | train loss 234.4099 | val loss 236.8538 | val MAE 11.739 | val R² 0.8265 | lr 4.05e-04
  iter 8500: loss = 231.2127
  iter 8550: loss = 259.1429
  iter 8600: loss = 203.1615
  iter 8650: loss = 225.0206
  iter 8700: loss = 198.1132
  iter 8750: loss = 272.3603
  iter 8800: loss = 240.2718
  iter 8850: loss = 243.5993
  iter 8900: loss = 229.1930
  iter 8950: loss = 210.2406
iter  9000 | train loss 230.8479 | val loss 231.1382 | val MAE 11.365 | val R² 0.8307 | lr 3.84e-04
  iter 9000: loss = 250.7910
  iter 9050: loss = 213.4139
  iter 9100: loss = 226.5394
  iter 9150: loss = 260.0250
  iter 9200: loss = 198.9296
  iter 9250: loss = 209.3036
  iter 9300: loss = 215.0118
  iter 9350: loss = 269.9734
  iter 9400: loss = 204.7662
  iter 9450: loss = 238.6851
iter  9500 | train loss 229.4781 | val loss 224.0803 | val MAE 11.325 | val R² 0.8359 | lr 3.63e-04
  iter 9500: loss = 237.1260
  iter 9550: loss = 221.5737
  iter 9600: loss = 267.3339
  iter 9650: loss = 305.0883
  iter 9700: loss = 218.6030
  iter 9750: loss = 202.1206
  iter 9800: loss = 248.6011
  iter 9850: loss = 236.9037
  iter 9900: loss = 229.7155
  iter 9950: loss = 263.5551
iter 10000 | train loss 228.8823 | val loss 224.8887 | val MAE 11.367 | val R² 0.8353 | lr 3.41e-04
  iter 10000: loss = 213.4388
  iter 10050: loss = 190.6706
  iter 10100: loss = 277.5248
  iter 10150: loss = 232.0001
  iter 10200: loss = 247.4549
  iter 10250: loss = 230.7481
  iter 10300: loss = 186.1194
  iter 10350: loss = 253.4386
  iter 10400: loss = 227.4708
  iter 10450: loss = 262.6371
iter 10500 | train loss 226.0211 | val loss 221.9609 | val MAE 11.245 | val R² 0.8374 | lr 3.19e-04
  iter 10500: loss = 210.1581
  iter 10550: loss = 285.7564
  iter 10600: loss = 246.5876
  iter 10650: loss = 199.4173
  iter 10700: loss = 290.1959
  iter 10750: loss = 188.9101
  iter 10800: loss = 238.5949
  iter 10850: loss = 243.3664
  iter 10900: loss = 208.1389
  iter 10950: loss = 201.7137
iter 11000 | train loss 230.2145 | val loss 217.5508 | val MAE 11.091 | val R² 0.8407 | lr 2.97e-04
  iter 11000: loss = 247.7830
  iter 11050: loss = 219.9374
  iter 11100: loss = 213.6498
  iter 11150: loss = 185.5654
  iter 11200: loss = 206.7062
  iter 11250: loss = 244.1730
  iter 11300: loss = 214.7364
  iter 11350: loss = 273.6017
  iter 11400: loss = 206.0037
  iter 11450: loss = 236.7885
iter 11500 | train loss 231.7718 | val loss 214.8495 | val MAE 11.078 | val R² 0.8426 | lr 2.76e-04
  iter 11500: loss = 241.3906
  iter 11550: loss = 209.5966
  iter 11600: loss = 252.9814
  iter 11650: loss = 162.7832
  iter 11700: loss = 223.9031
  iter 11750: loss = 244.8471
  iter 11800: loss = 230.2954
  iter 11850: loss = 223.8124
  iter 11900: loss = 201.4802
  iter 11950: loss = 234.5661
iter 12000 | train loss 225.9249 | val loss 219.5736 | val MAE 11.232 | val R² 0.8392 | lr 2.55e-04
  iter 12000: loss = 291.2169
  iter 12050: loss = 221.4910
  iter 12100: loss = 228.0275
  iter 12150: loss = 189.1921
  iter 12200: loss = 176.2558
  iter 12250: loss = 232.1961
  iter 12300: loss = 224.6415
  iter 12350: loss = 195.2859
  iter 12400: loss = 259.7160
  iter 12450: loss = 240.1275
iter 12500 | train loss 221.3050 | val loss 212.0664 | val MAE 10.949 | val R² 0.8447 | lr 2.34e-04
  iter 12500: loss = 181.9403
  iter 12550: loss = 197.2305
  iter 12600: loss = 249.8768
  iter 12650: loss = 161.7249
  iter 12700: loss = 212.7361
  iter 12750: loss = 260.2516
  iter 12800: loss = 174.1002
  iter 12850: loss = 228.4304
  iter 12900: loss = 196.5220
  iter 12950: loss = 161.7325
iter 13000 | train loss 213.1345 | val loss 207.8409 | val MAE 10.874 | val R² 0.8478 | lr 2.14e-04
  iter 13000: loss = 302.8730
  iter 13050: loss = 215.1277
  iter 13100: loss = 267.0511
  iter 13150: loss = 212.1403
  iter 13200: loss = 211.2699
  iter 13250: loss = 201.8813
  iter 13300: loss = 225.5138
  iter 13350: loss = 199.1613
  iter 13400: loss = 218.6808
  iter 13450: loss = 234.0002
iter 13500 | train loss 214.5038 | val loss 208.7323 | val MAE 10.890 | val R² 0.8471 | lr 1.95e-04
  iter 13500: loss = 228.1140
  iter 13550: loss = 278.8237
  iter 13600: loss = 211.2085
  iter 13650: loss = 223.0133
  iter 13700: loss = 218.8374
  iter 13750: loss = 199.1297
  iter 13800: loss = 264.2334
  iter 13850: loss = 267.5284
  iter 13900: loss = 164.1418
  iter 13950: loss = 284.6714
iter 14000 | train loss 209.7549 | val loss 205.2440 | val MAE 10.745 | val R² 0.8497 | lr 1.77e-04
  iter 14000: loss = 209.8671
  iter 14050: loss = 157.3286
  iter 14100: loss = 219.2502
  iter 14150: loss = 216.3868
  iter 14200: loss = 200.1449
  iter 14250: loss = 212.6396
  iter 14300: loss = 254.2719
  iter 14350: loss = 201.0695
  iter 14400: loss = 203.4341
  iter 14450: loss = 168.4904
iter 14500 | train loss 205.4799 | val loss 199.9618 | val MAE 10.611 | val R² 0.8535 | lr 1.59e-04
  iter 14500: loss = 234.3954
  iter 14550: loss = 184.5545
  iter 14600: loss = 176.1224
  iter 14650: loss = 239.5483
  iter 14700: loss = 247.6469
  iter 14750: loss = 196.4758
  iter 14800: loss = 190.0710
  iter 14850: loss = 196.1377
  iter 14900: loss = 163.1662
  iter 14950: loss = 185.7674
iter 15000 | train loss 199.0417 | val loss 195.3866 | val MAE 10.423 | val R² 0.8569 | lr 1.43e-04
  iter 15000: loss = 165.7653
  iter 15050: loss = 202.7924
  iter 15100: loss = 236.2830
  iter 15150: loss = 186.3443
  iter 15200: loss = 189.8310
  iter 15250: loss = 255.7141
  iter 15300: loss = 186.7807
  iter 15350: loss = 144.7022
  iter 15400: loss = 175.5161
  iter 15450: loss = 210.4039
iter 15500 | train loss 191.5199 | val loss 188.0249 | val MAE 10.267 | val R² 0.8623 | lr 1.28e-04
  iter 15500: loss = 193.8600
  iter 15550: loss = 204.1162
  iter 15600: loss = 190.3724
  iter 15650: loss = 182.6181
  iter 15700: loss = 189.7544
  iter 15750: loss = 145.2398
  iter 15800: loss = 186.5692
  iter 15850: loss = 180.8852
  iter 15900: loss = 207.4642
  iter 15950: loss = 170.9587
iter 16000 | train loss 186.7643 | val loss 184.4452 | val MAE 10.194 | val R² 0.8649 | lr 1.14e-04
  iter 16000: loss = 199.1154
  iter 16050: loss = 243.3162
  iter 16100: loss = 258.9465
  iter 16150: loss = 183.6618
  iter 16200: loss = 203.4467
  iter 16250: loss = 183.8516
  iter 16300: loss = 154.1659
  iter 16350: loss = 188.4885
  iter 16400: loss = 242.1247
  iter 16450: loss = 206.0749
iter 16500 | train loss 180.8237 | val loss 184.5427 | val MAE 10.106 | val R² 0.8648 | lr 1.02e-04
  iter 16500: loss = 165.6708
  iter 16550: loss = 151.9292
  iter 16600: loss = 180.5105
  iter 16650: loss = 178.5227
  iter 16700: loss = 209.0132
  iter 16750: loss = 184.5756
  iter 16800: loss = 140.7289
  iter 16850: loss = 161.9387
  iter 16900: loss = 200.4432
  iter 16950: loss = 165.7871
iter 17000 | train loss 177.5643 | val loss 174.4502 | val MAE 9.886 | val R² 0.8722 | lr 9.09e-05
  iter 17000: loss = 197.5016
  iter 17050: loss = 168.6731
  iter 17100: loss = 178.1841
  iter 17150: loss = 218.1273
  iter 17200: loss = 206.3189
  iter 17250: loss = 155.5536
  iter 17300: loss = 170.5103
  iter 17350: loss = 183.0208
  iter 17400: loss = 191.4106
  iter 17450: loss = 168.1194
iter 17500 | train loss 177.7881 | val loss 175.7014 | val MAE 9.819 | val R² 0.8713 | lr 8.16e-05
  iter 17500: loss = 176.1516
  iter 17550: loss = 157.5131
  iter 17600: loss = 184.8521
  iter 17650: loss = 178.4429
  iter 17700: loss = 184.7336
  iter 17750: loss = 211.6504
  iter 17800: loss = 158.9462
  iter 17850: loss = 150.6350
  iter 17900: loss = 187.4898
  iter 17950: loss = 217.3638
iter 18000 | train loss 171.4419 | val loss 172.6623 | val MAE 9.800 | val R² 0.8735 | lr 7.39e-05
  iter 18000: loss = 190.6856
  iter 18050: loss = 170.8010
  iter 18100: loss = 185.4142
  iter 18150: loss = 265.1152
  iter 18200: loss = 182.8915
  iter 18250: loss = 200.5343
  iter 18300: loss = 182.4102
  iter 18350: loss = 190.9818
  iter 18400: loss = 163.1428
  iter 18450: loss = 125.3654
iter 18500 | train loss 170.2877 | val loss 167.5998 | val MAE 9.635 | val R² 0.8772 | lr 6.78e-05
  iter 18500: loss = 208.5827
  iter 18550: loss = 139.5544
  iter 18600: loss = 149.1699
  iter 18650: loss = 157.3334
  iter 18700: loss = 137.2732
  iter 18750: loss = 134.3981
  iter 18800: loss = 160.5687
  iter 18850: loss = 191.3143
  iter 18900: loss = 185.4783
  iter 18950: loss = 183.5006
iter 19000 | train loss 173.8955 | val loss 165.4757 | val MAE 9.600 | val R² 0.8788 | lr 6.35e-05
  iter 19000: loss = 193.4710
  iter 19050: loss = 172.5358
  iter 19100: loss = 151.2842
  iter 19150: loss = 193.2832
  iter 19200: loss = 167.4379
  iter 19250: loss = 154.2589
  iter 19300: loss = 174.9503
  iter 19350: loss = 165.6975
  iter 19400: loss = 145.0508
  iter 19450: loss = 152.6551
iter 19500 | train loss 167.8956 | val loss 164.3134 | val MAE 9.581 | val R² 0.8796 | lr 6.09e-05
  iter 19500: loss = 174.7743
  iter 19550: loss = 191.6289
  iter 19600: loss = 164.0047
  iter 19650: loss = 173.8135
  iter 19700: loss = 179.6769
  iter 19750: loss = 138.9394
  iter 19800: loss = 171.9601
  iter 19850: loss = 149.1664
  iter 19900: loss = 187.3819
  iter 19950: loss = 178.6830
iter 20000 | train loss 171.0202 | val loss 164.8838 | val MAE 9.547 | val R² 0.8792 | lr 6.00e-05
  iter 20000: loss = 152.0533
  iter 20050: loss = 220.1643
  iter 20100: loss = 161.6688
  iter 20150: loss = 143.1740
  iter 20200: loss = 135.2366
  iter 20250: loss = 184.5295
  iter 20300: loss = 139.0285
  iter 20350: loss = 186.1198
  iter 20400: loss = 152.0798
  iter 20450: loss = 149.8836
iter 20500 | train loss 163.3768 | val loss 162.9857 | val MAE 9.449 | val R² 0.8806 | lr 6.00e-05
  iter 20500: loss = 216.5913
  iter 20550: loss = 157.3284
  iter 20600: loss = 186.8260
  iter 20650: loss = 144.5441
  iter 20700: loss = 165.7534
  iter 20750: loss = 142.9476
  iter 20800: loss = 147.7403
  iter 20850: loss = 172.4616
  iter 20900: loss = 222.9451
  iter 20950: loss = 152.4713
iter 21000 | train loss 165.9748 | val loss 156.3267 | val MAE 9.370 | val R² 0.8855 | lr 6.00e-05
  iter 21000: loss = 149.7508
  iter 21050: loss = 163.9733
  iter 21100: loss = 157.0949
  iter 21150: loss = 127.3162
  iter 21200: loss = 256.9466
  iter 21250: loss = 159.5698
  iter 21300: loss = 154.6959
  iter 21350: loss = 157.7506
  iter 21400: loss = 141.6641
  iter 21450: loss = 167.1090
iter 21500 | train loss 168.0014 | val loss 159.0838 | val MAE 9.402 | val R² 0.8835 | lr 6.00e-05
  iter 21500: loss = 169.9424
  iter 21550: loss = 166.8314
  iter 21600: loss = 138.4288
  iter 21650: loss = 129.4365
  iter 21700: loss = 146.4248
  iter 21750: loss = 146.3735
  iter 21800: loss = 202.7309
  iter 21850: loss = 197.5705
  iter 21900: loss = 213.2653
  iter 21950: loss = 186.4279
iter 22000 | train loss 164.5464 | val loss 157.5545 | val MAE 9.347 | val R² 0.8846 | lr 6.00e-05
  iter 22000: loss = 172.9306
  iter 22050: loss = 250.2132
  iter 22100: loss = 162.1608
  iter 22150: loss = 133.4148
  iter 22200: loss = 151.9585
  iter 22250: loss = 146.9523
  iter 22300: loss = 157.3421
  iter 22350: loss = 171.7520
  iter 22400: loss = 134.5909
  iter 22450: loss = 150.8883
iter 22500 | train loss 158.2566 | val loss 157.0880 | val MAE 9.338 | val R² 0.8849 | lr 6.00e-05
  iter 22500: loss = 146.6210
  iter 22550: loss = 142.1820
  iter 22600: loss = 150.6148
  iter 22650: loss = 144.9897
  iter 22700: loss = 147.9487
  iter 22750: loss = 156.5233
  iter 22800: loss = 183.5892
  iter 22850: loss = 157.5327
  iter 22900: loss = 204.1768
  iter 22950: loss = 174.6562
iter 23000 | train loss 159.4987 | val loss 154.2719 | val MAE 9.219 | val R² 0.8870 | lr 6.00e-05
  iter 23000: loss = 131.5873
  iter 23050: loss = 162.4675
  iter 23100: loss = 171.9421
  iter 23150: loss = 128.8156
  iter 23200: loss = 181.3294
  iter 23250: loss = 126.3068
  iter 23300: loss = 217.3915
  iter 23350: loss = 130.4781
  iter 23400: loss = 133.9391
  iter 23450: loss = 148.4739
iter 23500 | train loss 159.7202 | val loss 153.3186 | val MAE 9.222 | val R² 0.8877 | lr 6.00e-05
  iter 23500: loss = 148.1759
  iter 23550: loss = 175.9677
  iter 23600: loss = 138.6156
  iter 23650: loss = 190.9059
  iter 23700: loss = 153.8997
  iter 23750: loss = 148.2978
  iter 23800: loss = 153.0597
  iter 23850: loss = 140.7615
  iter 23900: loss = 161.1697
  iter 23950: loss = 207.5618
iter 24000 | train loss 155.4537 | val loss 153.2426 | val MAE 9.273 | val R² 0.8878 | lr 6.00e-05
  iter 24000: loss = 157.5633
  iter 24050: loss = 177.1500
  iter 24100: loss = 138.1012
  iter 24150: loss = 145.7832
  iter 24200: loss = 178.4552
  iter 24250: loss = 172.5852
  iter 24300: loss = 114.5798
  iter 24350: loss = 182.2199
  iter 24400: loss = 122.1666
  iter 24450: loss = 130.6622
iter 24500 | train loss 160.6244 | val loss 151.3670 | val MAE 9.164 | val R² 0.8891 | lr 6.00e-05
  iter 24500: loss = 182.3783
  iter 24550: loss = 176.8012
  iter 24600: loss = 161.8759
  iter 24650: loss = 150.3403
  iter 24700: loss = 134.3986
  iter 24750: loss = 137.7286
  iter 24800: loss = 121.7326
  iter 24850: loss = 163.3457
  iter 24900: loss = 150.5764
  iter 24950: loss = 144.6058
iter 25000 | train loss 157.7822 | val loss 151.5260 | val MAE 9.130 | val R² 0.8890 | lr 6.00e-05
  iter 25000: loss = 136.1331
  iter 25050: loss = 146.3507
  iter 25100: loss = 145.7741
  iter 25150: loss = 169.4349
  iter 25200: loss = 194.6587
  iter 25250: loss = 145.8395
  iter 25300: loss = 139.9252
  iter 25350: loss = 153.9490
  iter 25400: loss = 154.2827
  iter 25450: loss = 152.0901
iter 25500 | train loss 156.1578 | val loss 151.7571 | val MAE 9.126 | val R² 0.8888 | lr 6.00e-05
  iter 25500: loss = 160.1921
  iter 25550: loss = 137.1563
  iter 25600: loss = 149.9599
  iter 25650: loss = 156.5765
  iter 25700: loss = 152.4409
  iter 25750: loss = 161.1933
  iter 25800: loss = 127.9389
  iter 25850: loss = 112.1676
  iter 25900: loss = 158.0054
  iter 25950: loss = 154.2625
iter 26000 | train loss 154.3800 | val loss 150.8758 | val MAE 9.106 | val R² 0.8895 | lr 6.00e-05
  iter 26000: loss = 162.6154
  iter 26050: loss = 116.0027
  iter 26100: loss = 139.2611
  iter 26150: loss = 121.4287
  iter 26200: loss = 160.8187
  iter 26250: loss = 137.6498
  iter 26300: loss = 163.1308
  iter 26350: loss = 145.5691
  iter 26400: loss = 154.2659
  iter 26450: loss = 159.8243
iter 26500 | train loss 150.2732 | val loss 147.7550 | val MAE 9.034 | val R² 0.8918 | lr 6.00e-05
  iter 26500: loss = 177.4796
  iter 26550: loss = 164.1811
  iter 26600: loss = 147.2826
  iter 26650: loss = 151.8788
  iter 26700: loss = 147.0809
  iter 26750: loss = 152.4096
  iter 26800: loss = 134.1460
  iter 26850: loss = 147.9862
  iter 26900: loss = 148.3223
  iter 26950: loss = 134.2560
iter 27000 | train loss 152.9171 | val loss 152.0990 | val MAE 9.203 | val R² 0.8886 | lr 6.00e-05
  iter 27000: loss = 144.6586
  iter 27050: loss = 148.6398
  iter 27100: loss = 136.5023
  iter 27150: loss = 146.4289
  iter 27200: loss = 209.5625
  iter 27250: loss = 140.9361
  iter 27300: loss = 144.3427
  iter 27350: loss = 169.6870
  iter 27400: loss = 130.7865
  iter 27450: loss = 136.1632
iter 27500 | train loss 152.4517 | val loss 156.1083 | val MAE 9.289 | val R² 0.8857 | lr 6.00e-05
  iter 27500: loss = 140.2485
  iter 27550: loss = 248.5818
  iter 27600: loss = 139.6923
  iter 27650: loss = 129.9571
  iter 27700: loss = 155.6996
  iter 27750: loss = 139.6012
  iter 27800: loss = 106.3550
  iter 27850: loss = 152.5060
  iter 27900: loss = 164.8105
  iter 27950: loss = 144.3530
iter 28000 | train loss 149.7097 | val loss 148.2668 | val MAE 9.101 | val R² 0.8914 | lr 6.00e-05
  iter 28000: loss = 128.7661
  iter 28050: loss = 133.3208
  iter 28100: loss = 169.0756
  iter 28150: loss = 150.1238
  iter 28200: loss = 136.9141
  iter 28250: loss = 188.2396
  iter 28300: loss = 141.7634
  iter 28350: loss = 135.6892
  iter 28400: loss = 157.0576
  iter 28450: loss = 157.7224
iter 28500 | train loss 149.0358 | val loss 148.5593 | val MAE 9.028 | val R² 0.8912 | lr 6.00e-05
  iter 28500: loss = 195.4032
  iter 28550: loss = 149.7045
  iter 28600: loss = 170.2522
  iter 28650: loss = 140.9781
  iter 28700: loss = 173.8860
  iter 28750: loss = 181.8843
  iter 28800: loss = 129.1468
  iter 28850: loss = 172.9721
  iter 28900: loss = 133.8913
  iter 28950: loss = 157.3253
iter 29000 | train loss 153.7802 | val loss 149.7889 | val MAE 9.054 | val R² 0.8903 | lr 6.00e-05
  iter 29000: loss = 136.4607
  iter 29050: loss = 150.4995
  iter 29100: loss = 149.0579
  iter 29150: loss = 132.2896
  iter 29200: loss = 169.1846
  iter 29250: loss = 107.6786
  iter 29300: loss = 178.7213
  iter 29350: loss = 116.2379
  iter 29400: loss = 157.7932
  iter 29450: loss = 113.5121
iter 29500 | train loss 151.0299 | val loss 153.1462 | val MAE 9.129 | val R² 0.8878 | lr 6.00e-05
  iter 29500: loss = 140.5656
  iter 29550: loss = 169.4649
  iter 29600: loss = 143.1912
  iter 29650: loss = 176.4395
  iter 29700: loss = 131.7725
  iter 29750: loss = 206.8447
  iter 29800: loss = 171.9609
  iter 29850: loss = 122.6164
  iter 29900: loss = 157.7890
  iter 29950: loss = 124.0021
iter 30000 | train loss 151.8672 | val loss 149.9503 | val MAE 9.126 | val R² 0.8902 | lr 6.00e-05

Experiment complete!
