/home/nlp/matan_avitan/git/nopos_locating_new/nanoGPT/train_position_classifier.py:245: FutureWarning: `torch.cuda.amp.GradScaler(args...)` is deprecated. Please use `torch.amp.GradScaler('cuda', args...)` instead.
  scaler = torch.cuda.amp.GradScaler(enabled=(dtype == "float16"))
wandb: Currently logged in as: matan_avitan to https://api.wandb.ai. Use `wandb login --relogin` to force relogin
wandb: setting up run xz8wy9ba
wandb: Tracking run with wandb version 0.23.1
wandb: Run data is saved locally in /home/nlp/matan_avitan/git/nopos_locating_new/nanoGPT/wandb/run-20260116_025343-xz8wy9ba
wandb: Run `wandb offline` to turn off syncing.
wandb: Syncing run nope-12layer-posclf
wandb: ⭐️ View project at https://wandb.ai/matan_avitan/position-classifier
wandb: 🚀 View run at https://wandb.ai/matan_avitan/position-classifier/runs/xz8wy9ba
Overriding config with config/train_posclf_12layer.py:
# Configuration for Position Classifier - 12 Layer (GPT-2 scale)
# Full-scale model for position prediction

# I/O
out_dir = "out-posclf-12layer"
eval_interval = 500
log_interval = 50
eval_iters = 200
always_save_checkpoint = True

# Wandb logging
wandb_log = True
wandb_project = "position-classifier"
wandb_run_name = "nope-12layer-posclf"

# Data
dataset = "openwebtext"
gradient_accumulation_steps = 8  # More accumulation for larger model
batch_size = 32
block_size = 128

# Model - 12 layers (GPT-2 scale)
n_layer = 12
n_head = 12
n_embd = 768
dropout = 0.0
bias = False

# NoPE
use_positional_embedding = False
norm_type = "layernorm"

# Training
freeze_transformer = False
use_regression = False  # Classification

learning_rate = 2e-4  # Lower LR for larger model
max_iters = 30000     # More iterations
weight_decay = 0.1
warmup_iters = 2000
lr_decay_iters = 30000
min_lr = 2e-5

# System
device = "cuda"
dtype = "bfloat16"
compile = True
seed = 42

tokens per iteration will be: 32,768
Initializing a new Position Classifier model from scratch
defaulting to vocab_size of GPT-2: 50304

============================================================
Position Classifier Model Initialized
============================================================
  Positional Embedding: False
  Normalization Type:   layernorm
  Layers:               12
  Heads:                12
  Embedding Dim:        768
  Block Size:           128
  Vocab Size:           50304
  Position Classes:     128
  Parameters:           123.69M
============================================================

Decayed params: 50 tensors, 123,666,432 params
Non-decayed params: 25 tensors, 19,200 params
Using fused AdamW: True
compiling the model... (takes a ~minute)

Starting training for 30000 iterations...
  Model: Position Classifier
  Positional Embedding: False
  Frozen transformer: False
  Dataset: openwebtext
  Batch size: 32 x 8 = 256
  Block size: 128
  Position classes: 128
  Learning rate: 0.0002 -> 2e-05

step 0: train loss 5.0024, val loss 5.0026, train acc 0.0078, val acc 0.0079, lr 1.00e-07
iter 0: loss 5.0015, time 28996.56ms
iter 50: loss 4.4501, time 141.24ms
iter 100: loss 4.0645, time 141.40ms
iter 150: loss 4.1377, time 142.18ms
iter 200: loss 3.9235, time 144.62ms
iter 250: loss 3.7511, time 141.24ms
iter 300: loss 4.2692, time 141.64ms
iter 350: loss 3.6865, time 141.84ms
iter 400: loss 3.6490, time 142.14ms
iter 450: loss 3.4669, time 142.58ms
step 500: train loss 3.6839, val loss 3.6864, train acc 0.0613, val acc 0.0613, lr 5.01e-05
saving checkpoint to out-posclf-12layer/ckpt_00500.pt
iter 500: loss 3.6610, time 12840.52ms
iter 550: loss 3.5203, time 141.85ms
iter 600: loss 3.4900, time 142.29ms
iter 650: loss 3.0862, time 143.15ms
iter 700: loss 3.4073, time 142.76ms
iter 750: loss 3.1956, time 142.12ms
iter 800: loss 4.7978, time 141.68ms
iter 850: loss 3.1591, time 142.46ms
iter 900: loss 3.3283, time 143.23ms
iter 950: loss 3.4998, time 142.77ms
step 1000: train loss 3.7646, val loss 3.7623, train acc 0.0339, val acc 0.0338, lr 1.00e-04
saving checkpoint to out-posclf-12layer/ckpt_01000.pt
iter 1000: loss 3.5109, time 13415.71ms
iter 1050: loss 3.2082, time 141.66ms
iter 1100: loss 2.8865, time 142.17ms
iter 1150: loss 2.9100, time 142.89ms
iter 1200: loss 3.3657, time 142.74ms
iter 1250: loss 3.2051, time 142.88ms
iter 1300: loss 3.0330, time 141.88ms
iter 1350: loss 2.8411, time 142.11ms
iter 1400: loss 2.7213, time 143.44ms
iter 1450: loss 3.0315, time 142.68ms
step 1500: train loss 2.8675, val loss 2.8509, train acc 0.1031, val acc 0.1041, lr 1.50e-04
saving checkpoint to out-posclf-12layer/ckpt_01500.pt
iter 1500: loss 2.9876, time 14265.83ms
iter 1550: loss 3.2170, time 142.45ms
iter 1600: loss 3.5677, time 141.56ms
iter 1650: loss 3.0419, time 143.42ms
iter 1700: loss 2.9035, time 142.13ms
iter 1750: loss 2.7017, time 143.08ms
iter 1800: loss 2.7075, time 143.06ms
iter 1850: loss 2.6945, time 142.93ms
iter 1900: loss 2.5634, time 142.48ms
iter 1950: loss 2.8958, time 142.29ms
step 2000: train loss 2.5584, val loss 2.5570, train acc 0.1637, val acc 0.1622, lr 2.00e-04
saving checkpoint to out-posclf-12layer/ckpt_02000.pt
iter 2000: loss 2.5428, time 14945.34ms
iter 2050: loss 2.6587, time 141.95ms
iter 2100: loss 2.5181, time 142.18ms
iter 2150: loss 2.6355, time 142.31ms
iter 2200: loss 2.6916, time 143.12ms
iter 2250: loss 2.3724, time 143.47ms
iter 2300: loss 2.4459, time 141.83ms
iter 2350: loss 2.5078, time 142.36ms
iter 2400: loss 2.6529, time 143.08ms
iter 2450: loss 2.5725, time 142.11ms
step 2500: train loss 2.3977, val loss 2.4044, train acc 0.1732, val acc 0.1744, lr 2.00e-04
saving checkpoint to out-posclf-12layer/ckpt_02500.pt
iter 2500: loss 2.3973, time 13189.07ms
iter 2550: loss 2.3401, time 141.50ms
iter 2600: loss 2.4800, time 141.90ms
iter 2650: loss 2.6428, time 140.91ms
iter 2700: loss 2.2453, time 143.05ms
iter 2750: loss 2.2710, time 142.22ms
iter 2800: loss 2.3140, time 143.53ms
iter 2850: loss 2.3129, time 142.61ms
iter 2900: loss 2.1756, time 142.32ms
iter 2950: loss 2.2764, time 142.99ms
step 3000: train loss 2.2680, val loss 2.2761, train acc 0.1968, val acc 0.1943, lr 1.99e-04
saving checkpoint to out-posclf-12layer/ckpt_03000.pt
iter 3000: loss 2.3262, time 12743.89ms
iter 3050: loss 2.1864, time 142.13ms
iter 3100: loss 2.5235, time 142.33ms
iter 3150: loss 2.2308, time 142.08ms
iter 3200: loss 2.0119, time 142.14ms
iter 3250: loss 2.3752, time 140.03ms
iter 3300: loss 1.9940, time 139.95ms
iter 3350: loss 2.2355, time 139.53ms
iter 3400: loss 2.0997, time 140.24ms
iter 3450: loss 1.8772, time 139.83ms
step 3500: train loss 2.1396, val loss 2.1274, train acc 0.2209, val acc 0.2213, lr 1.99e-04
saving checkpoint to out-posclf-12layer/ckpt_03500.pt
iter 3500: loss 2.3445, time 14786.01ms
iter 3550: loss 2.1457, time 141.50ms
iter 3600: loss 2.0709, time 143.34ms
iter 3650: loss 1.8064, time 141.22ms
iter 3700: loss 2.1184, time 141.89ms
iter 3750: loss 2.0398, time 142.27ms
iter 3800: loss 1.9283, time 141.09ms
iter 3850: loss 2.5468, time 141.12ms
iter 3900: loss 2.0951, time 141.51ms
iter 3950: loss 1.7117, time 141.40ms
step 4000: train loss 1.8042, val loss 1.8114, train acc 0.2732, val acc 0.2709, lr 1.98e-04
saving checkpoint to out-posclf-12layer/ckpt_04000.pt
iter 4000: loss 1.7365, time 15881.58ms
iter 4050: loss 2.7299, time 145.25ms
iter 4100: loss 1.8974, time 138.52ms
iter 4150: loss 1.8415, time 173.52ms
iter 4200: loss 1.6273, time 171.24ms
iter 4250: loss 1.6724, time 170.81ms
iter 4300: loss 2.0386, time 138.71ms
iter 4350: loss 2.8763, time 140.42ms
iter 4400: loss 1.8358, time 138.75ms
iter 4450: loss 1.9000, time 139.41ms
step 4500: train loss 2.4593, val loss 2.4520, train acc 0.1549, val acc 0.1565, lr 1.96e-04
saving checkpoint to out-posclf-12layer/ckpt_04500.pt
iter 4500: loss 2.4830, time 13753.76ms
iter 4550: loss 1.7273, time 138.98ms
iter 4600: loss 1.6265, time 138.65ms
iter 4650: loss 1.5524, time 139.33ms
iter 4700: loss 1.5217, time 138.83ms
iter 4750: loss 1.7047, time 139.35ms
iter 4800: loss 1.7768, time 140.32ms
iter 4850: loss 1.8954, time 140.39ms
iter 4900: loss 3.5276, time 139.20ms
iter 4950: loss 1.7692, time 139.47ms
step 5000: train loss 1.8163, val loss 1.8153, train acc 0.2064, val acc 0.2064, lr 1.95e-04
saving checkpoint to out-posclf-12layer/ckpt_05000.pt
iter 5000: loss 1.8858, time 12792.99ms
iter 5050: loss 1.5676, time 139.39ms
iter 5100: loss 2.0638, time 140.16ms
iter 5150: loss 1.5321, time 139.81ms
iter 5200: loss 1.5945, time 138.90ms
iter 5250: loss 1.3837, time 139.73ms
iter 5300: loss 1.8672, time 140.65ms
iter 5350: loss 1.9082, time 140.14ms
iter 5400: loss 2.4551, time 139.97ms
iter 5450: loss 2.5360, time 140.42ms
step 5500: train loss 1.9680, val loss 1.9667, train acc 0.1817, val acc 0.1809, lr 1.93e-04
saving checkpoint to out-posclf-12layer/ckpt_05500.pt
iter 5500: loss 2.0679, time 12195.50ms
iter 5550: loss 2.0516, time 140.13ms
iter 5600: loss 2.1047, time 139.55ms
iter 5650: loss 1.6031, time 139.90ms
iter 5700: loss 2.5252, time 139.83ms
iter 5750: loss 2.5706, time 140.33ms
iter 5800: loss 2.6807, time 140.76ms
iter 5850: loss 1.3969, time 140.45ms
iter 5900: loss 1.6226, time 140.12ms
iter 5950: loss 1.6649, time 140.75ms
step 6000: train loss 2.4743, val loss 2.4926, train acc 0.1301, val acc 0.1302, lr 1.91e-04
saving checkpoint to out-posclf-12layer/ckpt_06000.pt
iter 6000: loss 2.4175, time 12269.58ms
iter 6050: loss 1.6212, time 140.09ms
iter 6100: loss 1.7232, time 140.24ms
iter 6150: loss 2.0737, time 140.81ms
iter 6200: loss 1.3108, time 140.46ms
iter 6250: loss 2.4014, time 140.67ms
iter 6300: loss 1.2156, time 140.90ms
iter 6350: loss 1.5566, time 140.96ms
iter 6400: loss 1.3850, time 140.73ms
iter 6450: loss 1.4355, time 141.34ms
step 6500: train loss 1.6841, val loss 1.6815, train acc 0.1666, val acc 0.1662, lr 1.89e-04
saving checkpoint to out-posclf-12layer/ckpt_06500.pt
iter 6500: loss 1.6629, time 12124.64ms
iter 6550: loss 1.4008, time 140.25ms
iter 6600: loss 1.1477, time 140.62ms
iter 6650: loss 1.3087, time 140.28ms
iter 6700: loss 1.3986, time 140.70ms
iter 6750: loss 1.2538, time 140.96ms
iter 6800: loss 2.5413, time 141.60ms
iter 6850: loss 1.9876, time 140.40ms
iter 6900: loss 2.1295, time 140.53ms
iter 6950: loss 1.7379, time 140.40ms
step 7000: train loss 2.0167, val loss 2.0169, train acc 0.2411, val acc 0.2393, lr 1.86e-04
saving checkpoint to out-posclf-12layer/ckpt_07000.pt
iter 7000: loss 2.0484, time 12715.26ms
iter 7050: loss 1.1443, time 140.41ms
iter 7100: loss 1.0855, time 140.67ms
iter 7150: loss 1.3551, time 140.34ms
iter 7200: loss 1.1730, time 139.59ms
iter 7250: loss 3.0801, time 140.74ms
iter 7300: loss 2.6437, time 141.47ms
iter 7350: loss 1.5175, time 141.58ms
iter 7400: loss 2.5416, time 141.06ms
iter 7450: loss 2.4224, time 140.29ms
step 7500: train loss 3.4329, val loss 3.4196, train acc 0.1528, val acc 0.1532, lr 1.83e-04
saving checkpoint to out-posclf-12layer/ckpt_07500.pt
iter 7500: loss 2.8174, time 12752.63ms
iter 7550: loss 3.3418, time 141.20ms
iter 7600: loss 1.8720, time 140.53ms
iter 7650: loss 1.9405, time 140.95ms
iter 7700: loss 2.9948, time 141.27ms
iter 7750: loss 2.2170, time 140.41ms
iter 7800: loss 3.0160, time 140.91ms
iter 7850: loss 2.9305, time 141.08ms
iter 7900: loss 2.6405, time 141.11ms
iter 7950: loss 3.5819, time 140.25ms
step 8000: train loss 2.8371, val loss 2.8383, train acc 0.1064, val acc 0.1060, lr 1.80e-04
saving checkpoint to out-posclf-12layer/ckpt_08000.pt
iter 8000: loss 2.8913, time 12723.23ms
iter 8050: loss 2.2290, time 141.10ms
iter 8100: loss 1.8177, time 141.23ms
iter 8150: loss 2.4732, time 140.90ms
iter 8200: loss 2.8398, time 141.31ms
iter 8250: loss 2.2640, time 141.04ms
iter 8300: loss 2.7019, time 141.02ms
iter 8350: loss 2.5588, time 141.28ms
iter 8400: loss 2.4812, time 140.62ms
iter 8450: loss 2.4166, time 140.46ms
step 8500: train loss 1.9014, val loss 1.8928, train acc 0.4383, val acc 0.4402, lr 1.77e-04
saving checkpoint to out-posclf-12layer/ckpt_08500.pt
iter 8500: loss 1.7875, time 12845.67ms
iter 8550: loss 3.0639, time 139.68ms
iter 8600: loss 2.5410, time 140.41ms
iter 8650: loss 2.2557, time 141.07ms
iter 8700: loss 2.2157, time 141.39ms
iter 8750: loss 3.6415, time 140.58ms
iter 8800: loss 2.2496, time 141.05ms
iter 8850: loss 3.2012, time 140.89ms
iter 8900: loss 2.5013, time 141.66ms
iter 8950: loss 3.6219, time 141.19ms
step 9000: train loss 3.3992, val loss 3.3814, train acc 0.0935, val acc 0.0952, lr 1.74e-04
saving checkpoint to out-posclf-12layer/ckpt_09000.pt
iter 9000: loss 3.3483, time 12457.08ms
iter 9050: loss 2.7658, time 140.98ms
iter 9100: loss 2.1801, time 140.65ms
iter 9150: loss 2.4589, time 140.92ms
iter 9200: loss 2.3758, time 141.28ms
iter 9250: loss 3.9872, time 141.15ms
iter 9300: loss 2.5641, time 140.72ms
iter 9350: loss 2.2829, time 140.85ms
iter 9400: loss 2.9481, time 141.35ms
iter 9450: loss 3.7316, time 141.16ms
step 9500: train loss 2.3145, val loss 2.3174, train acc 0.2366, val acc 0.2354, lr 1.70e-04
saving checkpoint to out-posclf-12layer/ckpt_09500.pt
iter 9500: loss 2.2694, time 12682.89ms
iter 9550: loss 3.3630, time 141.10ms
iter 9600: loss 3.5050, time 140.65ms
iter 9650: loss 2.4159, time 141.18ms
iter 9700: loss 4.1588, time 140.84ms
iter 9750: loss 2.3723, time 140.55ms
iter 9800: loss 3.1409, time 141.01ms
iter 9850: loss 2.9939, time 141.20ms
iter 9900: loss 3.2379, time 141.45ms
iter 9950: loss 3.2692, time 141.18ms
step 10000: train loss 3.0744, val loss 3.0563, train acc 0.0820, val acc 0.0826, lr 1.66e-04
saving checkpoint to out-posclf-12layer/ckpt_10000.pt
iter 10000: loss 3.1477, time 12682.75ms
iter 10050: loss 2.5048, time 140.99ms
iter 10100: loss 3.6686, time 140.25ms
iter 10150: loss 2.9001, time 140.72ms
iter 10200: loss 3.8459, time 140.91ms
iter 10250: loss 2.5013, time 141.24ms
iter 10300: loss 2.4458, time 140.77ms
iter 10350: loss 2.3482, time 141.72ms
iter 10400: loss 3.7139, time 141.76ms
iter 10450: loss 2.6500, time 140.82ms
step 10500: train loss 3.3547, val loss 3.3365, train acc 0.0750, val acc 0.0744, lr 1.62e-04
saving checkpoint to out-posclf-12layer/ckpt_10500.pt
iter 10500: loss 3.3305, time 12904.54ms
iter 10550: loss 2.4073, time 140.69ms
iter 10600: loss 2.1543, time 140.19ms
iter 10650: loss 2.4712, time 140.92ms
iter 10700: loss 2.9490, time 140.83ms
iter 10750: loss 3.2439, time 141.26ms
iter 10800: loss 2.9362, time 141.20ms
iter 10850: loss 2.3126, time 141.14ms
iter 10900: loss 2.6113, time 141.28ms
iter 10950: loss 2.8637, time 140.51ms
step 11000: train loss 2.2052, val loss 2.2108, train acc 0.2833, val acc 0.2826, lr 1.58e-04
saving checkpoint to out-posclf-12layer/ckpt_11000.pt
iter 11000: loss 2.1352, time 12838.69ms
iter 11050: loss 2.8874, time 141.15ms
iter 11100: loss 1.8455, time 141.13ms
iter 11150: loss 3.0669, time 140.75ms
iter 11200: loss 2.2676, time 141.16ms
iter 11250: loss 2.1080, time 141.10ms
iter 11300: loss 1.7927, time 141.31ms
iter 11350: loss 1.7601, time 141.14ms
iter 11400: loss 6.8948, time 141.44ms
iter 11450: loss 1.8751, time 141.13ms
step 11500: train loss 2.0020, val loss 1.9892, train acc 0.2265, val acc 0.2294, lr 1.54e-04
saving checkpoint to out-posclf-12layer/ckpt_11500.pt
iter 11500: loss 1.9885, time 13006.12ms
iter 11550: loss 1.9511, time 140.03ms
iter 11600: loss 1.6549, time 141.21ms
iter 11650: loss 2.1077, time 141.39ms
iter 11700: loss 2.1077, time 140.97ms
iter 11750: loss 1.9882, time 140.73ms
iter 11800: loss 1.7480, time 140.84ms
iter 11850: loss 4.5683, time 140.18ms
iter 11900: loss 1.8353, time 140.66ms
iter 11950: loss 1.8889, time 141.38ms
step 12000: train loss 1.6381, val loss 1.6399, train acc 0.3909, val acc 0.3924, lr 1.49e-04
saving checkpoint to out-posclf-12layer/ckpt_12000.pt
iter 12000: loss 1.6024, time 12968.34ms
iter 12050: loss 2.9695, time 140.00ms
iter 12100: loss 1.7873, time 140.03ms
iter 12150: loss 2.3791, time 140.83ms
iter 12200: loss 3.5932, time 141.34ms
iter 12250: loss 3.1453, time 140.90ms
iter 12300: loss 2.7301, time 141.48ms
iter 12350: loss 2.1519, time 141.33ms
iter 12400: loss 1.6891, time 141.42ms
iter 12450: loss 3.0900, time 141.07ms
step 12500: train loss 1.9102, val loss 1.9038, train acc 0.2783, val acc 0.2763, lr 1.44e-04
saving checkpoint to out-posclf-12layer/ckpt_12500.pt
iter 12500: loss 1.8706, time 12863.26ms
iter 12550: loss 4.2819, time 141.18ms
iter 12600: loss 1.6992, time 141.18ms
iter 12650: loss 1.7818, time 140.80ms
iter 12700: loss 2.6533, time 141.81ms
iter 12750: loss 4.5728, time 140.57ms
iter 12800: loss 2.1840, time 141.11ms
iter 12850: loss 1.6647, time 140.98ms
iter 12900: loss 1.7257, time 141.88ms
iter 12950: loss 1.7509, time 141.48ms
step 13000: train loss 1.3661, val loss 1.3658, train acc 0.5742, val acc 0.5742, lr 1.40e-04
saving checkpoint to out-posclf-12layer/ckpt_13000.pt
iter 13000: loss 1.3444, time 12926.04ms
iter 13050: loss 2.3015, time 140.56ms
iter 13100: loss 1.3633, time 140.99ms
iter 13150: loss 2.3373, time 141.35ms
iter 13200: loss 3.6886, time 140.44ms
iter 13250: loss 2.3694, time 140.88ms
iter 13300: loss 1.8887, time 140.29ms
iter 13350: loss 2.4335, time 141.26ms
iter 13400: loss 5.1831, time 141.01ms
iter 13450: loss 2.0005, time 140.89ms
step 13500: train loss 2.3547, val loss 2.3576, train acc 0.2836, val acc 0.2834, lr 1.35e-04
saving checkpoint to out-posclf-12layer/ckpt_13500.pt
iter 13500: loss 2.3996, time 12554.71ms
iter 13550: loss 1.9324, time 141.38ms
iter 13600: loss 1.9906, time 140.85ms
iter 13650: loss 3.9975, time 141.63ms
iter 13700: loss 2.0101, time 141.20ms
iter 13750: loss 2.1564, time 140.69ms
iter 13800: loss 3.7311, time 141.76ms
iter 13850: loss 2.1578, time 142.06ms
iter 13900: loss 2.1397, time 141.39ms
iter 13950: loss 2.4990, time 141.01ms
step 14000: train loss 2.0555, val loss 2.0588, train acc 0.4174, val acc 0.4171, lr 1.30e-04
saving checkpoint to out-posclf-12layer/ckpt_14000.pt
iter 14000: loss 2.0417, time 12590.69ms
iter 14050: loss 1.7665, time 140.36ms
iter 14100: loss 2.4933, time 140.84ms
iter 14150: loss 1.9607, time 140.68ms
iter 14200: loss 2.2223, time 141.29ms
iter 14250: loss 2.7127, time 141.73ms
iter 14300: loss 4.7864, time 140.80ms
iter 14350: loss 2.2175, time 141.17ms
iter 14400: loss 2.0037, time 141.34ms
iter 14450: loss 2.6866, time 141.12ms
step 14500: train loss 3.7316, val loss 3.7314, train acc 0.0295, val acc 0.0293, lr 1.25e-04
saving checkpoint to out-posclf-12layer/ckpt_14500.pt
iter 14500: loss 3.8363, time 13055.20ms
iter 14550: loss 2.0622, time 139.82ms
iter 14600: loss 3.1910, time 140.43ms
iter 14650: loss 2.2092, time 140.81ms
iter 14700: loss 1.7975, time 140.92ms
iter 14750: loss 2.2725, time 141.36ms
iter 14800: loss 5.1744, time 141.03ms
iter 14850: loss 5.4388, time 141.11ms
iter 14900: loss 5.2975, time 141.28ms
iter 14950: loss 2.1198, time 141.32ms
step 15000: train loss 2.0306, val loss 2.0310, train acc 0.1977, val acc 0.1975, lr 1.20e-04
saving checkpoint to out-posclf-12layer/ckpt_15000.pt
iter 15000: loss 1.9918, time 12904.73ms
iter 15050: loss 2.1792, time 141.21ms
iter 15100: loss 3.0069, time 140.69ms
iter 15150: loss 2.8175, time 141.25ms
iter 15200: loss 2.2906, time 141.62ms
iter 15250: loss 2.4667, time 140.54ms
iter 15300: loss 2.0976, time 141.49ms
iter 15350: loss 1.9289, time 141.07ms
iter 15400: loss 2.2481, time 140.82ms
iter 15450: loss 2.0672, time 141.14ms
step 15500: train loss 1.7903, val loss 1.7837, train acc 0.3523, val acc 0.3548, lr 1.15e-04
saving checkpoint to out-posclf-12layer/ckpt_15500.pt
iter 15500: loss 1.9495, time 12885.12ms
iter 15550: loss 1.9859, time 140.36ms
iter 15600: loss 3.9506, time 139.85ms
iter 15650: loss 2.5366, time 140.78ms
iter 15700: loss 1.7596, time 141.53ms
iter 15750: loss 2.0805, time 140.63ms
iter 15800: loss 2.3342, time 140.66ms
iter 15850: loss 1.7918, time 141.11ms
iter 15900: loss 2.0008, time 141.14ms
iter 15950: loss 1.6748, time 140.92ms
step 16000: train loss 1.6662, val loss 1.6708, train acc 0.4121, val acc 0.4108, lr 1.10e-04
saving checkpoint to out-posclf-12layer/ckpt_16000.pt
iter 16000: loss 1.6706, time 12961.67ms
iter 16050: loss 1.8433, time 140.90ms
iter 16100: loss 2.3935, time 140.77ms
iter 16150: loss 1.5922, time 140.91ms
iter 16200: loss 1.9209, time 141.26ms
iter 16250: loss 2.6506, time 141.08ms
iter 16300: loss 2.0508, time 141.32ms
iter 16350: loss 2.5007, time 141.19ms
iter 16400: loss 2.3188, time 141.01ms
iter 16450: loss 2.0247, time 141.48ms
step 16500: train loss 2.0107, val loss 2.0228, train acc 0.1927, val acc 0.1893, lr 1.05e-04
saving checkpoint to out-posclf-12layer/ckpt_16500.pt
iter 16500: loss 2.0532, time 13055.28ms
iter 16550: loss 2.7347, time 140.42ms
iter 16600: loss 2.4657, time 140.72ms
iter 16650: loss 1.9816, time 141.08ms
iter 16700: loss 1.7583, time 141.14ms
iter 16750: loss 3.1632, time 140.56ms
iter 16800: loss 2.4779, time 140.66ms
iter 16850: loss 1.8516, time 140.54ms
iter 16900: loss 1.5646, time 141.41ms
iter 16950: loss 2.0520, time 141.30ms
step 17000: train loss 2.4312, val loss 2.4183, train acc 0.1872, val acc 0.1885, lr 9.99e-05
saving checkpoint to out-posclf-12layer/ckpt_17000.pt
iter 17000: loss 2.4709, time 12296.03ms
iter 17050: loss 1.8849, time 140.35ms
iter 17100: loss 2.7862, time 141.04ms
iter 17150: loss 2.7811, time 140.52ms
iter 17200: loss 1.9348, time 140.22ms
iter 17250: loss 3.3518, time 141.72ms
iter 17300: loss 1.5292, time 140.58ms
iter 17350: loss 1.4021, time 141.01ms
iter 17400: loss 2.5378, time 141.13ms
iter 17450: loss 1.7044, time 141.13ms
step 17500: train loss 1.3266, val loss 1.3256, train acc 0.5684, val acc 0.5688, lr 9.49e-05
saving checkpoint to out-posclf-12layer/ckpt_17500.pt
iter 17500: loss 1.3544, time 12144.86ms
iter 17550: loss 1.8400, time 140.89ms
iter 17600: loss 2.1933, time 141.12ms
iter 17650: loss 1.8252, time 141.07ms
iter 17700: loss 2.1972, time 141.16ms
iter 17750: loss 2.0827, time 140.46ms
iter 17800: loss 1.8621, time 141.25ms
iter 17850: loss 1.6979, time 141.01ms
iter 17900: loss 2.0083, time 141.33ms
iter 17950: loss 4.6372, time 141.07ms
step 18000: train loss 2.0961, val loss 2.0831, train acc 0.2690, val acc 0.2733, lr 9.00e-05
saving checkpoint to out-posclf-12layer/ckpt_18000.pt
iter 18000: loss 2.3418, time 12434.82ms
iter 18050: loss 4.7419, time 140.97ms
iter 18100: loss 2.2147, time 141.59ms
iter 18150: loss 2.1920, time 141.10ms
iter 18200: loss 3.4052, time 140.69ms
iter 18250: loss 2.4091, time 141.08ms
iter 18300: loss 1.9661, time 140.96ms
iter 18350: loss 3.4201, time 142.11ms
iter 18400: loss 2.9993, time 141.54ms
iter 18450: loss 3.2188, time 141.26ms
step 18500: train loss 2.0901, val loss 2.0784, train acc 0.1423, val acc 0.1432, lr 8.51e-05
saving checkpoint to out-posclf-12layer/ckpt_18500.pt
iter 18500: loss 2.1272, time 12362.66ms
iter 18550: loss 2.2855, time 140.52ms
iter 18600: loss 1.6559, time 141.17ms
iter 18650: loss 2.9904, time 140.07ms
iter 18700: loss 1.4611, time 141.25ms
iter 18750: loss 2.1164, time 141.32ms
iter 18800: loss 2.0230, time 141.30ms
iter 18850: loss 2.2783, time 140.99ms
iter 18900: loss 1.6392, time 141.29ms
iter 18950: loss 1.8400, time 141.51ms
step 19000: train loss 1.9659, val loss 1.9558, train acc 0.1355, val acc 0.1367, lr 8.03e-05
saving checkpoint to out-posclf-12layer/ckpt_19000.pt
iter 19000: loss 1.9567, time 12217.37ms
iter 19050: loss 1.5810, time 140.76ms
iter 19100: loss 1.5607, time 141.16ms
iter 19150: loss 1.5987, time 140.90ms
iter 19200: loss 1.7292, time 141.23ms
iter 19250: loss 1.6140, time 141.34ms
iter 19300: loss 1.5240, time 141.34ms
iter 19350: loss 2.0047, time 140.84ms
iter 19400: loss 1.7823, time 141.09ms
iter 19450: loss 1.4736, time 141.06ms
step 19500: train loss 1.5441, val loss 1.5524, train acc 0.5491, val acc 0.5510, lr 7.56e-05
saving checkpoint to out-posclf-12layer/ckpt_19500.pt
iter 19500: loss 1.5893, time 12295.36ms
iter 19550: loss 2.1886, time 141.80ms
iter 19600: loss 1.4104, time 141.79ms
iter 19650: loss 2.4705, time 142.32ms
iter 19700: loss 4.0071, time 142.79ms
iter 19750: loss 1.7466, time 143.42ms
iter 19800: loss 2.6872, time 143.32ms
iter 19850: loss 4.6182, time 142.92ms
iter 19900: loss 2.3603, time 142.94ms
iter 19950: loss 1.8761, time 142.29ms
step 20000: train loss 4.6799, val loss 4.6805, train acc 0.0223, val acc 0.0222, lr 7.10e-05
saving checkpoint to out-posclf-12layer/ckpt_20000.pt
iter 20000: loss 4.8242, time 12076.16ms
iter 20050: loss 2.7369, time 140.65ms
iter 20100: loss 2.0275, time 141.21ms
iter 20150: loss 3.5533, time 140.71ms
iter 20200: loss 2.4857, time 141.20ms
iter 20250: loss 3.2874, time 140.69ms
iter 20300: loss 8.3696, time 141.25ms
iter 20350: loss 3.1784, time 141.20ms
iter 20400: loss 3.1198, time 141.54ms
iter 20450: loss 1.9725, time 141.10ms
step 20500: train loss 2.7139, val loss 2.7076, train acc 0.0676, val acc 0.0685, lr 6.65e-05
saving checkpoint to out-posclf-12layer/ckpt_20500.pt
iter 20500: loss 2.6538, time 12174.90ms
iter 20550: loss 3.3520, time 141.61ms
iter 20600: loss 3.0008, time 140.82ms
iter 20650: loss 4.0960, time 141.05ms
iter 20700: loss 3.9842, time 140.53ms
iter 20750: loss 2.4016, time 140.96ms
iter 20800: loss 1.9560, time 140.71ms
iter 20850: loss 1.7305, time 142.16ms
iter 20900: loss 1.8522, time 140.52ms
iter 20950: loss 1.5602, time 141.31ms
step 21000: train loss 2.4472, val loss 2.4479, train acc 0.0949, val acc 0.0946, lr 6.21e-05
saving checkpoint to out-posclf-12layer/ckpt_21000.pt
iter 21000: loss 2.3599, time 12180.05ms
iter 21050: loss 3.0335, time 140.15ms
iter 21100: loss 4.2706, time 140.50ms
iter 21150: loss 1.7550, time 141.99ms
iter 21200: loss 1.8307, time 141.13ms
iter 21250: loss 1.9634, time 141.15ms
iter 21300: loss 1.6606, time 141.02ms
iter 21350: loss 2.6805, time 141.26ms
iter 21400: loss 2.3765, time 141.18ms
iter 21450: loss 1.7466, time 141.63ms
step 21500: train loss 3.1065, val loss 3.1041, train acc 0.0350, val acc 0.0349, lr 5.79e-05
saving checkpoint to out-posclf-12layer/ckpt_21500.pt
iter 21500: loss 3.2625, time 12252.36ms
iter 21550: loss 2.7537, time 141.11ms
iter 21600: loss 3.2684, time 141.42ms
iter 21650: loss 2.8344, time 141.19ms
iter 21700: loss 1.6011, time 141.27ms
iter 21750: loss 1.6067, time 141.38ms
iter 21800: loss 1.8127, time 141.15ms
iter 21850: loss 1.3357, time 141.31ms
iter 21900: loss 2.0081, time 141.41ms
iter 21950: loss 1.5558, time 141.43ms
step 22000: train loss 1.4706, val loss 1.4687, train acc 0.5476, val acc 0.5452, lr 5.39e-05
saving checkpoint to out-posclf-12layer/ckpt_22000.pt
iter 22000: loss 1.4569, time 12221.41ms
iter 22050: loss 1.7671, time 140.30ms
iter 22100: loss 1.3931, time 142.08ms
iter 22150: loss 1.8937, time 140.48ms
iter 22200: loss 1.2845, time 140.58ms
iter 22250: loss 1.5617, time 141.35ms
iter 22300: loss 1.3343, time 141.46ms
iter 22350: loss 1.5884, time 141.08ms
iter 22400: loss 1.8471, time 141.09ms
iter 22450: loss 2.1918, time 141.53ms
step 22500: train loss 2.2153, val loss 2.2260, train acc 0.1794, val acc 0.1796, lr 5.00e-05
saving checkpoint to out-posclf-12layer/ckpt_22500.pt
iter 22500: loss 2.2009, time 11941.83ms
iter 22550: loss 1.7830, time 140.83ms
iter 22600: loss 1.7970, time 141.04ms
iter 22650: loss 3.1391, time 141.11ms
iter 22700: loss 3.3383, time 140.73ms
iter 22750: loss 1.4712, time 140.43ms
iter 22800: loss 2.3050, time 141.89ms
iter 22850: loss 1.4307, time 141.16ms
iter 22900: loss 1.4156, time 141.08ms
iter 22950: loss 1.9292, time 140.94ms
step 23000: train loss 1.8404, val loss 1.8319, train acc 0.1494, val acc 0.1489, lr 4.64e-05
saving checkpoint to out-posclf-12layer/ckpt_23000.pt
iter 23000: loss 1.8272, time 12244.95ms
iter 23050: loss 2.5128, time 140.34ms
iter 23100: loss 1.6672, time 141.46ms
iter 23150: loss 1.5118, time 140.74ms
iter 23200: loss 1.8144, time 141.37ms
iter 23250: loss 1.2631, time 141.32ms
iter 23300: loss 1.3407, time 141.10ms
iter 23350: loss 2.1072, time 140.93ms
iter 23400: loss 3.1661, time 140.64ms
iter 23450: loss 3.8416, time 140.99ms
step 23500: train loss 2.4048, val loss 2.4065, train acc 0.2623, val acc 0.2590, lr 4.29e-05
saving checkpoint to out-posclf-12layer/ckpt_23500.pt
iter 23500: loss 2.5019, time 11891.13ms
iter 23550: loss 2.9265, time 140.38ms
iter 23600: loss 3.0994, time 141.05ms
iter 23650: loss 2.7145, time 140.87ms
iter 23700: loss 2.0479, time 141.45ms
iter 23750: loss 1.5995, time 142.13ms
iter 23800: loss 1.6448, time 141.28ms
iter 23850: loss 1.6611, time 141.77ms
iter 23900: loss 1.4383, time 140.89ms
iter 23950: loss 1.6863, time 141.37ms
step 24000: train loss 1.3938, val loss 1.3955, train acc 0.4357, val acc 0.4336, lr 3.96e-05
saving checkpoint to out-posclf-12layer/ckpt_24000.pt
iter 24000: loss 1.3488, time 11997.96ms
iter 24050: loss 3.1263, time 140.30ms
iter 24100: loss 2.1444, time 141.31ms
iter 24150: loss 1.4859, time 141.12ms
iter 24200: loss 1.1664, time 141.67ms
iter 24250: loss 1.4365, time 141.35ms
iter 24300: loss 1.2346, time 141.21ms
iter 24350: loss 2.3594, time 141.74ms
iter 24400: loss 1.9402, time 141.17ms
iter 24450: loss 1.9838, time 141.41ms
step 24500: train loss 1.9282, val loss 1.9240, train acc 0.1738, val acc 0.1732, lr 3.66e-05
saving checkpoint to out-posclf-12layer/ckpt_24500.pt
iter 24500: loss 1.9965, time 11919.56ms
iter 24550: loss 3.3312, time 142.51ms
iter 24600: loss 2.0159, time 142.90ms
iter 24650: loss 1.9176, time 142.21ms
iter 24700: loss 1.7042, time 143.78ms
iter 24750: loss 1.3477, time 143.38ms
iter 24800: loss 1.4192, time 143.07ms
iter 24850: loss 2.0015, time 142.33ms
iter 24900: loss 1.4374, time 142.31ms
iter 24950: loss 1.4132, time 143.53ms
step 25000: train loss 1.5345, val loss 1.5314, train acc 0.4695, val acc 0.4674, lr 3.38e-05
saving checkpoint to out-posclf-12layer/ckpt_25000.pt
iter 25000: loss 1.5030, time 12183.63ms
iter 25050: loss 1.6593, time 142.49ms
iter 25100: loss 1.4854, time 141.85ms
iter 25150: loss 1.7952, time 142.60ms
iter 25200: loss 1.9065, time 142.65ms
iter 25250: loss 1.6362, time 142.84ms
iter 25300: loss 2.2612, time 143.89ms
iter 25350: loss 2.4260, time 142.03ms
iter 25400: loss 1.8080, time 142.38ms
iter 25450: loss 2.3457, time 142.07ms
step 25500: train loss 2.5200, val loss 2.5114, train acc 0.0820, val acc 0.0820, lr 3.12e-05
saving checkpoint to out-posclf-12layer/ckpt_25500.pt
iter 25500: loss 2.3963, time 12057.84ms
iter 25550: loss 1.2880, time 141.89ms
iter 25600: loss 2.1276, time 141.48ms
iter 25650: loss 1.4851, time 142.23ms
iter 25700: loss 2.2496, time 143.40ms
iter 25750: loss 2.0861, time 143.12ms
iter 25800: loss 3.5771, time 142.97ms
iter 25850: loss 3.0078, time 141.54ms
iter 25900: loss 2.1099, time 142.95ms
iter 25950: loss 3.0935, time 143.11ms
step 26000: train loss 2.0199, val loss 2.0247, train acc 0.4250, val acc 0.4228, lr 2.89e-05
saving checkpoint to out-posclf-12layer/ckpt_26000.pt
iter 26000: loss 2.0584, time 12022.77ms
iter 26050: loss 2.4136, time 141.90ms
iter 26100: loss 1.7895, time 141.92ms
iter 26150: loss 1.6622, time 142.86ms
iter 26200: loss 3.2177, time 142.52ms
iter 26250: loss 2.3303, time 141.99ms
iter 26300: loss 1.2173, time 142.98ms
iter 26350: loss 1.4427, time 143.09ms
iter 26400: loss 1.1658, time 142.40ms
iter 26450: loss 1.3522, time 142.95ms
step 26500: train loss 1.2015, val loss 1.2016, train acc 0.6959, val acc 0.6946, lr 2.69e-05
saving checkpoint to out-posclf-12layer/ckpt_26500.pt
iter 26500: loss 1.2248, time 11902.64ms
iter 26550: loss 1.3941, time 142.81ms
iter 26600: loss 1.0485, time 142.23ms
iter 26650: loss 1.4987, time 142.41ms
iter 26700: loss 1.1539, time 142.59ms
iter 26750: loss 0.9142, time 140.99ms
iter 26800: loss 1.5811, time 141.43ms
iter 26850: loss 0.8910, time 141.35ms
iter 26900: loss 0.8907, time 141.21ms
iter 26950: loss 1.0387, time 141.46ms
step 27000: train loss 1.0081, val loss 0.9999, train acc 0.6592, val acc 0.6594, lr 2.51e-05
saving checkpoint to out-posclf-12layer/ckpt_27000.pt
iter 27000: loss 1.0650, time 11869.53ms
iter 27050: loss 0.9023, time 141.25ms
iter 27100: loss 0.9856, time 140.54ms
iter 27150: loss 0.8471, time 140.76ms
iter 27200: loss 1.1011, time 141.08ms
iter 27250: loss 0.7980, time 141.43ms
iter 27300: loss 0.9151, time 141.07ms
iter 27350: loss 1.6229, time 141.71ms
iter 27400: loss 0.8780, time 140.79ms
iter 27450: loss 0.8557, time 140.95ms
step 27500: train loss 0.9340, val loss 0.9251, train acc 0.7012, val acc 0.7042, lr 2.35e-05
saving checkpoint to out-posclf-12layer/ckpt_27500.pt
iter 27500: loss 0.8694, time 11988.13ms
iter 27550: loss 1.1634, time 140.22ms
iter 27600: loss 0.9183, time 141.08ms
iter 27650: loss 0.8647, time 140.59ms
iter 27700: loss 2.8973, time 140.36ms
iter 27750: loss 1.9879, time 141.27ms
iter 27800: loss 2.6642, time 140.73ms
iter 27850: loss 1.3017, time 140.91ms
iter 27900: loss 1.0155, time 141.11ms
iter 27950: loss 1.2892, time 141.02ms
step 28000: train loss 1.2292, val loss 1.2322, train acc 0.4451, val acc 0.4380, lr 2.23e-05
saving checkpoint to out-posclf-12layer/ckpt_28000.pt
iter 28000: loss 1.2909, time 12264.07ms
iter 28050: loss 0.8835, time 140.95ms
iter 28100: loss 1.2686, time 141.75ms
iter 28150: loss 0.9571, time 141.02ms
iter 28200: loss 1.6407, time 141.07ms
iter 28250: loss 1.4858, time 140.23ms
iter 28300: loss 2.9370, time 141.37ms
iter 28350: loss 1.0560, time 140.70ms
iter 28400: loss 1.1179, time 141.12ms
iter 28450: loss 1.1957, time 141.25ms
step 28500: train loss 1.8391, val loss 1.8280, train acc 0.1795, val acc 0.1789, lr 2.13e-05
saving checkpoint to out-posclf-12layer/ckpt_28500.pt
iter 28500: loss 1.9976, time 12273.07ms
iter 28550: loss 1.8364, time 139.42ms
iter 28600: loss 1.4941, time 140.90ms
iter 28650: loss 1.7767, time 140.98ms
iter 28700: loss 1.7092, time 141.14ms
iter 28750: loss 1.3159, time 141.45ms
iter 28800: loss 1.3429, time 141.03ms
iter 28850: loss 0.9850, time 140.91ms
iter 28900: loss 0.8928, time 140.77ms
iter 28950: loss 1.0564, time 141.06ms
step 29000: train loss 1.1044, val loss 1.1102, train acc 0.4851, val acc 0.4821, lr 2.06e-05
saving checkpoint to out-posclf-12layer/ckpt_29000.pt
iter 29000: loss 1.1278, time 11861.33ms
iter 29050: loss 0.8542, time 140.29ms
iter 29100: loss 1.0862, time 140.07ms
iter 29150: loss 0.7615, time 140.73ms
iter 29200: loss 0.9740, time 140.27ms
iter 29250: loss 0.9161, time 141.73ms
iter 29300: loss 0.8986, time 140.84ms
iter 29350: loss 1.5543, time 140.43ms
iter 29400: loss 0.9020, time 140.41ms
iter 29450: loss 1.6258, time 163.46ms
step 29500: train loss 1.3896, val loss 1.3696, train acc 0.3027, val acc 0.3060, lr 2.01e-05
saving checkpoint to out-posclf-12layer/ckpt_29500.pt
iter 29500: loss 1.3058, time 13440.22ms
iter 29550: loss 1.1349, time 139.95ms
iter 29600: loss 1.3973, time 140.19ms
iter 29650: loss 1.5991, time 139.89ms
iter 29700: loss 1.5276, time 140.19ms
iter 29750: loss 2.5449, time 139.69ms
iter 29800: loss 3.1859, time 140.46ms
iter 29850: loss 2.7487, time 139.80ms
iter 29900: loss 2.6018, time 140.56ms
iter 29950: loss 2.3798, time 140.13ms
step 30000: train loss 1.5595, val loss 1.5469, train acc 0.5112, val acc 0.5106, lr 2.00e-05
saving checkpoint to out-posclf-12layer/ckpt_30000.pt
iter 30000: loss 1.7951, time 13605.96ms

Training complete!
Best validation loss: 0.9251
Checkpoints saved to: out-posclf-12layer/
[1;34mwandb[0m: 
[1;34mwandb[0m: 🚀 View run [33mnope-12layer-posclf[0m at: [34m[0m
[1;34mwandb[0m: Find logs at: [1;35mwandb/run-20260116_025343-xz8wy9ba/logs[0m
