/home/nlp/matan_avitan/git/nopos_locating_new/nanoGPT/train_2layer_mechanism.py:488: FutureWarning: `torch.cuda.amp.GradScaler(args...)` is deprecated. Please use `torch.amp.GradScaler('cuda', args...)` instead.
  scaler = torch.cuda.amp.GradScaler(enabled=(config.dtype == "float16"))
wandb: Currently logged in as: matan_avitan to https://api.wandb.ai. Use `wandb login --relogin` to force relogin
wandb: setting up run p2tuelfq
wandb: Tracking run with wandb version 0.23.1
wandb: Run data is saved locally in /home/nlp/matan_avitan/git/nopos_locating_new/nanoGPT/wandb/run-20260125_203727-p2tuelfq
wandb: Run `wandb offline` to turn off syncing.
wandb: Syncing run R1_exp1_freeze_train_matrix
wandb: ⭐️ View project at https://wandb.ai/matan_avitan/nope-2layer-mechanism
wandb: 🚀 View run at https://wandb.ai/matan_avitan/nope-2layer-mechanism/runs/p2tuelfq
wandb: updating run metadata
wandb: uploading output.log; uploading wandb-summary.json; uploading config.yaml
wandb: uploading history steps 39-40, summary, console lines 442-445
wandb: 
wandb: Run history:
wandb: hypothesis/val_r2_for_comparison ▁███████████████████████████████████████
wandb:                             iter ▁▁▁▂▂▂▂▂▂▃▃▃▃▃▃▄▄▄▄▄▅▅▅▅▅▅▆▆▆▆▆▆▇▇▇▇▇▇██
wandb:                               lr ▁████████▇▇▇▇▇▆▆▆▆▅▅▅▅▄▄▄▄▃▃▃▃▃▂▂▂▂▂▂▂▂▂
wandb:                       train/loss █▁▁▁▁▁▁▁▁▁▁▁▁▁▁▁▁▁▁▁▁▁▁▁▁▁▁▁▁▁▁▁▁▁▁▁▁▁▁▁
wandb:                        train/mae █▂▂▁▁▁▁▁▁▁▁▁▁▁▁▁▁▁▁▁▁▁▁▁▁▁▁▁▁▁▁▁▁▁▁▁▁▁▁▁
wandb:                         train/r2 ▁███████████████████████████████████████
wandb:                         val/loss █▁▁▁▁▁▁▁▁▁▁▁▁▁▁▁▁▁▁▁▁▁▁▁▁▁▁▁▁▁▁▁▁▁▁▁▁▁▁▁
wandb:                          val/mae █▂▂▁▁▁▁▁▁▁▁▁▁▁▁▁▁▁▁▁▁▁▁▁▁▁▁▁▁▁▁▁▁▁▁▁▁▁▁▁
wandb:                val/per_pos_mae/0 ▂▃▄▁▁▂▁▃▂▃▃▄▂█▂▁▃▂▂▃▂▂▂▂▁▂▁▂▁▁▁▂▁▁▁▁▁▁▁▁
wandb:                val/per_pos_mae/1 ▃▃▅▁▁▃▁▂▁▂▂▄▂█▂▁▃▂▃▃▂▁▁▂▁▁▁▂▁▁▁▁▁▁▁▁▁▁▁▁
wandb:                             +128 ...
wandb: 
wandb: Run summary:
wandb:                     best_val_mae 1.5409
wandb:                      best_val_r2 0.99632
wandb:                   final_val_loss 5.04972
wandb:                    final_val_mae 1.53887
wandb:                     final_val_r2 0.9963
wandb:                hypothesis/regime R1
wandb: hypothesis/val_r2_for_comparison 0.99613
wandb:                             iter 20000
wandb:                               lr 6e-05
wandb:               regime_description Block2-only - freeze...
wandb:                             +135 ...
wandb: 
wandb: 🚀 View run R1_exp1_freeze_train_matrix at: https://wandb.ai/matan_avitan/nope-2layer-mechanism/runs/p2tuelfq
wandb: ⭐️ View project at: https://wandb.ai/matan_avitan/nope-2layer-mechanism
wandb: Synced 5 W&B file(s), 164 media file(s), 0 artifact file(s) and 0 other file(s)
wandb: Find logs at: ./wandb/run-20260125_203727-p2tuelfq/logs
Loaded data: train=9,035,582,489 tokens, val=4,434,606 tokens

*** BOS token (ID 50256) is inserted at position 0 ***


============================================================
2-Layer Mechanism Analysis Model Initialized
============================================================
  Embedding Dim:        768
  Heads:                12
  Head Dim:             64
  Block Size:           128
  Normalization:        layernorm
  Regression Mode:      True
  Parameters:           53.40M
============================================================


============================================================
Regime: R1: Block2-only
============================================================
  Trainable:  7,681,538 params (14.4%)
  Frozen:     45,721,344 params (85.6%)
  Total:      53,402,882 params

  Component status:
    Embedding      : frozen (38,633,472 params)
    Block1.LN1     : frozen (1,536 params)
    Block1.Attn    : frozen (2,362,368 params)
    Block1.LN2     : frozen (1,536 params)
    Block1.MLP     : frozen (4,722,432 params)
    Block2.LN1     : TRAIN  (1,536 params)
    Block2.Attn    : TRAIN  (2,362,368 params)
    Block2.LN2     : TRAIN  (1,536 params)
    Block2.MLP     : TRAIN  (4,722,432 params)
    Final LN       : TRAIN  (1,536 params)
    Pos Head       : TRAIN  (769 params)
    MLP Probe      : TRAIN  (591,361 params)
============================================================

Compiling model...
Optimizer: 7 weight decay, 13 no decay

============================================================
Training Regime: R1
Max iterations: 20000
============================================================

iter     0 | train loss 5372.4335 | val loss 5372.8640 | val MAE 63.347 | val R² -2.9354 | lr 1.20e-06
  iter 50: loss = 3622.2507
  iter 100: loss = 3278.9973
  iter 150: loss = 2799.3940
  iter 200: loss = 2191.5505
  iter 250: loss = 1358.1123
  iter 300: loss = 693.9630
  iter 350: loss = 305.8271
  iter 400: loss = 138.6465
  iter 450: loss = 93.2073
iter   500 | train loss 103.6372 | val loss 102.5722 | val MAE 7.862 | val R² 0.9249 | lr 6.00e-04
  iter 500: loss = 92.1999
  iter 550: loss = 73.1442
  iter 600: loss = 61.0617
  iter 650: loss = 81.2356
  iter 700: loss = 121.5097
  iter 750: loss = 59.0010
  iter 800: loss = 107.4785
  iter 850: loss = 60.0789
  iter 900: loss = 71.9068
  iter 950: loss = 82.9466
iter  1000 | train loss 84.6588 | val loss 84.7182 | val MAE 6.746 | val R² 0.9379 | lr 5.99e-04
  iter 1000: loss = 83.9758
  iter 1050: loss = 62.1889
  iter 1100: loss = 87.7212
  iter 1150: loss = 51.4160
  iter 1200: loss = 60.3815
  iter 1250: loss = 84.4864
  iter 1300: loss = 79.5167
  iter 1350: loss = 44.1746
  iter 1400: loss = 64.6517
  iter 1450: loss = 85.0323
iter  1500 | train loss 54.2257 | val loss 55.3700 | val MAE 5.148 | val R² 0.9594 | lr 5.97e-04
  iter 1500: loss = 51.6757
  iter 1550: loss = 67.3589
  iter 1600: loss = 58.5822
  iter 1650: loss = 45.5018
  iter 1700: loss = 76.6941
  iter 1750: loss = 72.8670
  iter 1800: loss = 60.1652
  iter 1850: loss = 66.9228
  iter 1900: loss = 52.7093
  iter 1950: loss = 42.0402
iter  2000 | train loss 63.5277 | val loss 63.8039 | val MAE 5.843 | val R² 0.9533 | lr 5.92e-04
  iter 2000: loss = 64.4334
  iter 2050: loss = 73.2621
  iter 2100: loss = 50.3411
  iter 2150: loss = 72.1698
  iter 2200: loss = 76.2925
  iter 2250: loss = 42.0040
  iter 2300: loss = 55.1555
  iter 2350: loss = 57.4302
  iter 2400: loss = 50.4919
  iter 2450: loss = 46.7490
iter  2500 | train loss 56.9325 | val loss 59.1546 | val MAE 5.549 | val R² 0.9567 | lr 5.86e-04
  iter 2500: loss = 47.1874
  iter 2550: loss = 42.0034
  iter 2600: loss = 33.4045
  iter 2650: loss = 60.8780
  iter 2700: loss = 30.8735
  iter 2750: loss = 31.6601
  iter 2800: loss = 54.2069
  iter 2850: loss = 35.6704
  iter 2900: loss = 37.3370
  iter 2950: loss = 88.2411
iter  3000 | train loss 48.5221 | val loss 47.5089 | val MAE 4.966 | val R² 0.9652 | lr 5.78e-04
  iter 3000: loss = 54.1006
  iter 3050: loss = 41.4173
  iter 3100: loss = 57.9984
  iter 3150: loss = 35.9375
  iter 3200: loss = 33.8835
  iter 3250: loss = 52.7441
  iter 3300: loss = 48.7880
  iter 3350: loss = 28.2924
  iter 3400: loss = 37.4010
  iter 3450: loss = 45.0174
iter  3500 | train loss 37.7206 | val loss 38.3600 | val MAE 4.324 | val R² 0.9719 | lr 5.69e-04
  iter 3500: loss = 31.4979
  iter 3550: loss = 29.6272
  iter 3600: loss = 44.0601
  iter 3650: loss = 53.6473
  iter 3700: loss = 34.8003
  iter 3750: loss = 50.6707
  iter 3800: loss = 35.3726
  iter 3850: loss = 25.9355
  iter 3900: loss = 40.4945
  iter 3950: loss = 41.7521
iter  4000 | train loss 40.3323 | val loss 40.8939 | val MAE 4.458 | val R² 0.9700 | lr 5.58e-04
  iter 4000: loss = 54.0944
  iter 4050: loss = 26.8535
  iter 4100: loss = 36.5652
  iter 4150: loss = 29.4816
  iter 4200: loss = 43.4528
  iter 4250: loss = 37.4340
  iter 4300: loss = 28.9532
  iter 4350: loss = 33.8262
  iter 4400: loss = 26.6383
  iter 4450: loss = 28.1075
iter  4500 | train loss 32.1538 | val loss 32.6186 | val MAE 4.082 | val R² 0.9761 | lr 5.46e-04
  iter 4500: loss = 35.6587
  iter 4550: loss = 27.6758
  iter 4600: loss = 45.8319
  iter 4650: loss = 29.9803
  iter 4700: loss = 26.2053
  iter 4750: loss = 39.9502
  iter 4800: loss = 33.0496
  iter 4850: loss = 30.6176
  iter 4900: loss = 36.5795
  iter 4950: loss = 34.9740
iter  5000 | train loss 29.6084 | val loss 29.1200 | val MAE 3.820 | val R² 0.9787 | lr 5.32e-04
  iter 5000: loss = 28.9479
  iter 5050: loss = 32.2973
  iter 5100: loss = 39.5942
  iter 5150: loss = 25.5008
  iter 5200: loss = 38.4076
  iter 5250: loss = 26.5997
  iter 5300: loss = 33.8862
  iter 5350: loss = 38.8337
  iter 5400: loss = 39.3877
  iter 5450: loss = 26.2046
iter  5500 | train loss 36.9071 | val loss 36.2523 | val MAE 4.471 | val R² 0.9734 | lr 5.17e-04
  iter 5500: loss = 32.5494
  iter 5550: loss = 39.8724
  iter 5600: loss = 21.4110
  iter 5650: loss = 37.0903
  iter 5700: loss = 23.9142
  iter 5750: loss = 23.6115
  iter 5800: loss = 33.6796
  iter 5850: loss = 30.5635
  iter 5900: loss = 26.0289
  iter 5950: loss = 31.3968
iter  6000 | train loss 31.7788 | val loss 31.5290 | val MAE 3.994 | val R² 0.9769 | lr 5.01e-04
  iter 6000: loss = 34.4468
  iter 6050: loss = 19.1434
  iter 6100: loss = 27.3481
  iter 6150: loss = 35.0170
  iter 6200: loss = 24.9278
  iter 6250: loss = 41.4850
  iter 6300: loss = 20.4944
  iter 6350: loss = 21.3839
  iter 6400: loss = 30.2468
  iter 6450: loss = 33.2866
iter  6500 | train loss 42.5379 | val loss 43.4592 | val MAE 5.326 | val R² 0.9682 | lr 4.83e-04
  iter 6500: loss = 38.5611
  iter 6550: loss = 19.3667
  iter 6600: loss = 28.4483
  iter 6650: loss = 42.5796
  iter 6700: loss = 24.8294
  iter 6750: loss = 22.8033
  iter 6800: loss = 28.7539
  iter 6850: loss = 52.9525
  iter 6900: loss = 25.4036
  iter 6950: loss = 18.9003
iter  7000 | train loss 21.5657 | val loss 21.4727 | val MAE 3.297 | val R² 0.9843 | lr 4.65e-04
  iter 7000: loss = 18.9287
  iter 7050: loss = 20.9919
  iter 7100: loss = 51.9543
  iter 7150: loss = 21.1291
  iter 7200: loss = 21.3349
  iter 7250: loss = 20.1819
  iter 7300: loss = 29.4113
  iter 7350: loss = 22.7441
  iter 7400: loss = 53.1924
  iter 7450: loss = 32.1260
iter  7500 | train loss 25.5564 | val loss 25.1309 | val MAE 3.583 | val R² 0.9816 | lr 4.46e-04
  iter 7500: loss = 24.9762
  iter 7550: loss = 36.1205
  iter 7600: loss = 20.9636
  iter 7650: loss = 20.1933
  iter 7700: loss = 25.0612
  iter 7750: loss = 20.8662
  iter 7800: loss = 32.8821
  iter 7850: loss = 23.0937
  iter 7900: loss = 22.6606
  iter 7950: loss = 20.2482
iter  8000 | train loss 19.0310 | val loss 18.7137 | val MAE 3.101 | val R² 0.9863 | lr 4.26e-04
  iter 8000: loss = 17.6071
  iter 8050: loss = 27.1419
  iter 8100: loss = 18.8094
  iter 8150: loss = 15.8703
  iter 8200: loss = 24.3387
  iter 8250: loss = 24.4296
  iter 8300: loss = 26.6681
  iter 8350: loss = 30.0135
  iter 8400: loss = 20.2483
  iter 8450: loss = 19.9496
iter  8500 | train loss 18.2354 | val loss 17.7789 | val MAE 2.979 | val R² 0.9870 | lr 4.05e-04
  iter 8500: loss = 20.9489
  iter 8550: loss = 19.3478
  iter 8600: loss = 32.5433
  iter 8650: loss = 17.9700
  iter 8700: loss = 17.6390
  iter 8750: loss = 25.7157
  iter 8800: loss = 17.4553
  iter 8850: loss = 19.9594
  iter 8900: loss = 20.8594
  iter 8950: loss = 18.6182
iter  9000 | train loss 19.2943 | val loss 19.3376 | val MAE 3.099 | val R² 0.9858 | lr 3.84e-04
  iter 9000: loss = 21.3456
  iter 9050: loss = 24.1728
  iter 9100: loss = 23.2761
  iter 9150: loss = 25.6771
  iter 9200: loss = 20.3334
  iter 9250: loss = 19.8365
  iter 9300: loss = 18.6385
  iter 9350: loss = 23.7803
  iter 9400: loss = 24.4176
  iter 9450: loss = 16.9143
iter  9500 | train loss 25.0872 | val loss 25.3382 | val MAE 3.694 | val R² 0.9814 | lr 3.63e-04
  iter 9500: loss = 26.7441
  iter 9550: loss = 15.4003
  iter 9600: loss = 17.8938
  iter 9650: loss = 17.5611
  iter 9700: loss = 14.4276
  iter 9750: loss = 58.7683
  iter 9800: loss = 17.0166
  iter 9850: loss = 22.1810
  iter 9900: loss = 19.4895
  iter 9950: loss = 15.5644
iter 10000 | train loss 15.1635 | val loss 15.3319 | val MAE 2.748 | val R² 0.9888 | lr 3.41e-04
  iter 10000: loss = 17.3336
  iter 10050: loss = 16.8478
  iter 10100: loss = 25.2916
  iter 10150: loss = 23.5940
  iter 10200: loss = 14.6956
  iter 10250: loss = 31.8975
  iter 10300: loss = 15.7963
  iter 10350: loss = 23.5315
  iter 10400: loss = 20.0102
  iter 10450: loss = 15.7986
iter 10500 | train loss 19.1548 | val loss 18.9921 | val MAE 3.112 | val R² 0.9861 | lr 3.19e-04
  iter 10500: loss = 23.5526
  iter 10550: loss = 13.6522
  iter 10600: loss = 14.6596
  iter 10650: loss = 16.1643
  iter 10700: loss = 14.0291
  iter 10750: loss = 13.0452
  iter 10800: loss = 12.5331
  iter 10850: loss = 12.4745
  iter 10900: loss = 22.1692
  iter 10950: loss = 16.6607
iter 11000 | train loss 24.2528 | val loss 23.8415 | val MAE 3.643 | val R² 0.9825 | lr 2.97e-04
  iter 11000: loss = 23.9080
  iter 11050: loss = 12.1878
  iter 11100: loss = 23.2367
  iter 11150: loss = 13.5313
  iter 11200: loss = 20.3524
  iter 11250: loss = 13.1231
  iter 11300: loss = 21.2234
  iter 11350: loss = 16.3140
  iter 11400: loss = 16.5997
  iter 11450: loss = 12.8347
iter 11500 | train loss 18.8382 | val loss 19.7157 | val MAE 3.167 | val R² 0.9856 | lr 2.76e-04
  iter 11500: loss = 20.7044
  iter 11550: loss = 13.1802
  iter 11600: loss = 15.3219
  iter 11650: loss = 13.2533
  iter 11700: loss = 14.9021
  iter 11750: loss = 14.4199
  iter 11800: loss = 17.6462
  iter 11850: loss = 11.4298
  iter 11900: loss = 16.3300
  iter 11950: loss = 16.2924
iter 12000 | train loss 11.7361 | val loss 11.9007 | val MAE 2.404 | val R² 0.9913 | lr 2.55e-04
  iter 12000: loss = 10.0581
  iter 12050: loss = 13.1451
  iter 12100: loss = 11.4904
  iter 12150: loss = 21.2158
  iter 12200: loss = 26.5623
  iter 12250: loss = 13.5379
  iter 12300: loss = 21.8620
  iter 12350: loss = 10.9095
  iter 12400: loss = 20.2660
  iter 12450: loss = 11.3401
iter 12500 | train loss 18.1746 | val loss 18.1699 | val MAE 3.062 | val R² 0.9867 | lr 2.34e-04
  iter 12500: loss = 16.4324
  iter 12550: loss = 12.4515
  iter 12600: loss = 16.7367
  iter 12650: loss = 10.0621
  iter 12700: loss = 19.9246
  iter 12750: loss = 8.7614
  iter 12800: loss = 12.4995
  iter 12850: loss = 12.9712
  iter 12900: loss = 9.3783
  iter 12950: loss = 9.9460
iter 13000 | train loss 11.8295 | val loss 12.0007 | val MAE 2.391 | val R² 0.9912 | lr 2.14e-04
  iter 13000: loss = 11.1371
  iter 13050: loss = 10.7783
  iter 13100: loss = 34.3051
  iter 13150: loss = 13.2235
  iter 13200: loss = 13.1514
  iter 13250: loss = 9.5665
  iter 13300: loss = 16.8269
  iter 13350: loss = 9.7400
  iter 13400: loss = 18.6924
  iter 13450: loss = 13.0524
iter 13500 | train loss 11.1725 | val loss 11.2824 | val MAE 2.428 | val R² 0.9917 | lr 1.95e-04
  iter 13500: loss = 13.1401
  iter 13550: loss = 12.3285
  iter 13600: loss = 10.6290
  iter 13650: loss = 9.7863
  iter 13700: loss = 9.9249
  iter 13750: loss = 11.1887
  iter 13800: loss = 13.1070
  iter 13850: loss = 10.2994
  iter 13900: loss = 7.4044
  iter 13950: loss = 8.4624
iter 14000 | train loss 10.0860 | val loss 9.8620 | val MAE 2.158 | val R² 0.9928 | lr 1.77e-04
  iter 14000: loss = 8.9788
  iter 14050: loss = 9.4171
  iter 14100: loss = 10.1118
  iter 14150: loss = 10.3343
  iter 14200: loss = 8.9164
  iter 14250: loss = 9.9679
  iter 14300: loss = 9.7444
  iter 14350: loss = 7.6391
  iter 14400: loss = 9.1052
  iter 14450: loss = 13.1713
iter 14500 | train loss 12.5341 | val loss 12.6148 | val MAE 2.490 | val R² 0.9908 | lr 1.59e-04
  iter 14500: loss = 11.1213
  iter 14550: loss = 8.5053
  iter 14600: loss = 8.8319
  iter 14650: loss = 9.1614
  iter 14700: loss = 9.4481
  iter 14750: loss = 9.7325
  iter 14800: loss = 11.0652
  iter 14850: loss = 8.3880
  iter 14900: loss = 8.9251
  iter 14950: loss = 8.3443
iter 15000 | train loss 8.5071 | val loss 8.7247 | val MAE 2.028 | val R² 0.9936 | lr 1.43e-04
  iter 15000: loss = 9.2251
  iter 15050: loss = 8.8378
  iter 15100: loss = 8.8247
  iter 15150: loss = 10.5680
  iter 15200: loss = 9.1958
  iter 15250: loss = 8.4475
  iter 15300: loss = 8.0306
  iter 15350: loss = 9.9004
  iter 15400: loss = 9.7653
  iter 15450: loss = 7.4658
iter 15500 | train loss 11.6580 | val loss 11.5702 | val MAE 2.381 | val R² 0.9915 | lr 1.28e-04
  iter 15500: loss = 10.6680
  iter 15550: loss = 14.6943
  iter 15600: loss = 8.9071
  iter 15650: loss = 8.3786
  iter 15700: loss = 9.6679
  iter 15750: loss = 8.0739
  iter 15800: loss = 6.7745
  iter 15850: loss = 6.4108
  iter 15900: loss = 6.5059
  iter 15950: loss = 7.6721
iter 16000 | train loss 7.8391 | val loss 7.7948 | val MAE 1.905 | val R² 0.9943 | lr 1.14e-04
  iter 16000: loss = 5.8561
  iter 16050: loss = 8.7129
  iter 16100: loss = 12.6105
  iter 16150: loss = 7.0112
  iter 16200: loss = 7.8425
  iter 16250: loss = 6.7475
  iter 16300: loss = 7.6202
  iter 16350: loss = 19.1474
  iter 16400: loss = 8.1492
  iter 16450: loss = 9.9047
iter 16500 | train loss 12.1362 | val loss 12.3709 | val MAE 2.503 | val R² 0.9909 | lr 1.02e-04
  iter 16500: loss = 11.5823
  iter 16550: loss = 9.8083
  iter 16600: loss = 6.9943
  iter 16650: loss = 6.8041
  iter 16700: loss = 7.0772
  iter 16750: loss = 5.2880
  iter 16800: loss = 7.3176
  iter 16850: loss = 7.3719
  iter 16900: loss = 18.7965
  iter 16950: loss = 6.4925
iter 17000 | train loss 6.2650 | val loss 6.1741 | val MAE 1.705 | val R² 0.9955 | lr 9.09e-05
  iter 17000: loss = 5.6955
  iter 17050: loss = 6.3797
  iter 17100: loss = 6.5426
  iter 17150: loss = 5.2976
  iter 17200: loss = 5.6799
  iter 17250: loss = 10.0460
  iter 17300: loss = 7.8155
  iter 17350: loss = 7.9207
  iter 17400: loss = 6.4704
  iter 17450: loss = 6.5836
iter 17500 | train loss 6.8301 | val loss 6.9801 | val MAE 1.814 | val R² 0.9949 | lr 8.16e-05
  iter 17500: loss = 6.5845
  iter 17550: loss = 6.1894
  iter 17600: loss = 9.9479
  iter 17650: loss = 5.2019
  iter 17700: loss = 6.2598
  iter 17750: loss = 5.8351
  iter 17800: loss = 4.6926
  iter 17850: loss = 5.2540
  iter 17900: loss = 7.4727
  iter 17950: loss = 7.4434
iter 18000 | train loss 9.7822 | val loss 9.9911 | val MAE 2.206 | val R² 0.9927 | lr 7.39e-05
  iter 18000: loss = 11.4725
  iter 18050: loss = 7.0565
  iter 18100: loss = 5.4298
  iter 18150: loss = 7.5445
  iter 18200: loss = 4.8949
  iter 18250: loss = 5.3451
  iter 18300: loss = 6.1094
  iter 18350: loss = 5.5089
  iter 18400: loss = 6.0866
  iter 18450: loss = 5.6795
iter 18500 | train loss 5.3375 | val loss 5.4367 | val MAE 1.598 | val R² 0.9960 | lr 6.78e-05
  iter 18500: loss = 5.3281
  iter 18550: loss = 4.4883
  iter 18600: loss = 4.5269
  iter 18650: loss = 6.8656
  iter 18700: loss = 4.7466
  iter 18750: loss = 8.2730
  iter 18800: loss = 4.9131
  iter 18850: loss = 5.1733
  iter 18900: loss = 5.3155
  iter 18950: loss = 5.1143
iter 19000 | train loss 5.1463 | val loss 5.0211 | val MAE 1.541 | val R² 0.9963 | lr 6.35e-05
  iter 19000: loss = 5.7428
  iter 19050: loss = 5.1391
  iter 19100: loss = 5.2327
  iter 19150: loss = 5.3210
  iter 19200: loss = 12.0895
  iter 19250: loss = 5.1456
  iter 19300: loss = 4.7711
  iter 19350: loss = 4.0974
  iter 19400: loss = 4.7844
  iter 19450: loss = 5.3644
iter 19500 | train loss 5.7318 | val loss 5.4733 | val MAE 1.625 | val R² 0.9960 | lr 6.09e-05
  iter 19500: loss = 5.2650
  iter 19550: loss = 5.0024
  iter 19600: loss = 5.0352
  iter 19650: loss = 4.2838
  iter 19700: loss = 5.5326
  iter 19750: loss = 24.7106
  iter 19800: loss = 4.1606
  iter 19850: loss = 5.2075
  iter 19900: loss = 6.5663
  iter 19950: loss = 4.4532
iter 20000 | train loss 5.2319 | val loss 5.2837 | val MAE 1.545 | val R² 0.9961 | lr 6.00e-05

Experiment complete!
