/home/nlp/matan_avitan/git/nopos_locating_new/nanoGPT/train_2layer_mechanism.py:416: FutureWarning: `torch.cuda.amp.GradScaler(args...)` is deprecated. Please use `torch.amp.GradScaler('cuda', args...)` instead.
  scaler = torch.cuda.amp.GradScaler(enabled=(config.dtype == "float16"))
wandb: Currently logged in as: matan_avitan to https://api.wandb.ai. Use `wandb login --relogin` to force relogin
wandb: setting up run cs9b1gkz
wandb: Tracking run with wandb version 0.23.1
wandb: Run data is saved locally in /home/nlp/matan_avitan/git/nopos_locating_new/nanoGPT/wandb/run-20260125_194930-cs9b1gkz
wandb: Run `wandb offline` to turn off syncing.
wandb: Syncing run R0_exp1_freeze_train_matrix
wandb: ⭐️ View project at https://wandb.ai/matan_avitan/nope-2layer-mechanism
wandb: 🚀 View run at https://wandb.ai/matan_avitan/nope-2layer-mechanism/runs/cs9b1gkz
wandb: updating run metadata
wandb: uploading output.log; uploading wandb-summary.json; uploading config.yaml
wandb: uploading history steps 38-40, summary, console lines 433-445
wandb: 
wandb: Run history:
wandb: hypothesis/val_r2_for_comparison ▁███████████████████████████████████████
wandb:                             iter ▁▁▁▂▂▂▂▂▂▃▃▃▃▃▃▄▄▄▄▄▅▅▅▅▅▅▆▆▆▆▆▆▇▇▇▇▇▇██
wandb:                               lr ▁████████▇▇▇▇▇▆▆▆▆▅▅▅▅▄▄▄▄▃▃▃▃▃▂▂▂▂▂▂▂▂▂
wandb:                       train/loss █▁▁▁▁▁▁▁▁▁▁▁▁▁▁▁▁▁▁▁▁▁▁▁▁▁▁▁▁▁▁▁▁▁▁▁▁▁▁▁
wandb:                        train/mae █▂▂▂▂▂▂▂▁▁▁▁▁▁▁▁▁▁▁▁▁▁▁▁▁▁▁▁▁▁▁▁▁▁▁▁▁▁▁▁
wandb:                         train/r2 ▁███████████████████████████████████████
wandb:                         val/loss █▁▁▁▁▁▁▁▁▁▁▁▁▁▁▁▁▁▁▁▁▁▁▁▁▁▁▁▁▁▁▁▁▁▁▁▁▁▁▁
wandb:                          val/mae █▂▂▂▂▂▂▂▁▁▁▁▁▁▁▁▁▁▁▁▁▁▁▁▁▁▁▁▁▁▁▁▁▁▁▁▁▁▁▁
wandb:                val/per_pos_mae/0 ▂▃▂▂▃▂▅▂▂▁▂▂▃█▃▄▂▂▃▂▃▂▁▁▁▁▃▁▂▁▂▁▁▁▁▁▁▁▁▁
wandb:                val/per_pos_mae/1 ▃▅▃▃▃▂█▂▂▁▃▂▂▅▄▆▃▃▃▂▃▂▂▂▂▂▅▂▂▁▁▂▂▁▁▁▁▁▁▂
wandb:                             +128 ...
wandb: 
wandb: Run summary:
wandb:                     best_val_mae 0.4235
wandb:                      best_val_r2 0.99952
wandb:                   final_val_loss 0.90072
wandb:                    final_val_mae 0.42088
wandb:                     final_val_r2 0.99934
wandb:                hypothesis/regime R0
wandb: hypothesis/val_r2_for_comparison 0.99952
wandb:                             iter 20000
wandb:                               lr 6e-05
wandb:               regime_description Full training baseli...
wandb:                             +135 ...
wandb: 
wandb: 🚀 View run R0_exp1_freeze_train_matrix at: https://wandb.ai/matan_avitan/nope-2layer-mechanism/runs/cs9b1gkz
wandb: ⭐️ View project at: https://wandb.ai/matan_avitan/nope-2layer-mechanism
wandb: Synced 5 W&B file(s), 41 media file(s), 0 artifact file(s) and 0 other file(s)
wandb: Find logs at: ./wandb/run-20260125_194930-cs9b1gkz/logs
Loaded data: train=9,035,582,489 tokens, val=4,434,606 tokens

*** Using raw OpenWebText sequences (no forced BOS insertion) ***


============================================================
2-Layer Mechanism Analysis Model Initialized
============================================================
  Embedding Dim:        768
  Heads:                12
  Head Dim:             64
  Block Size:           128
  Normalization:        layernorm
  Regression Mode:      True
  Parameters:           53.40M
============================================================


============================================================
Regime: R0: Full Training
============================================================
  Trainable:  53,402,882 params (100.0%)
  Frozen:     0 params (0.0%)
  Total:      53,402,882 params

  Component status:
    Embedding      : TRAIN  (38,633,472 params)
    Block1.LN1     : TRAIN  (1,536 params)
    Block1.Attn    : TRAIN  (2,362,368 params)
    Block1.LN2     : TRAIN  (1,536 params)
    Block1.MLP     : TRAIN  (4,722,432 params)
    Block2.LN1     : TRAIN  (1,536 params)
    Block2.Attn    : TRAIN  (2,362,368 params)
    Block2.LN2     : TRAIN  (1,536 params)
    Block2.MLP     : TRAIN  (4,722,432 params)
    Final LN       : TRAIN  (1,536 params)
    Pos Head       : TRAIN  (769 params)
    MLP Probe      : TRAIN  (591,361 params)
============================================================

Compiling model...
Optimizer: 12 weight decay, 21 no decay

============================================================
Training Regime: R0
Max iterations: 20000
============================================================

iter     0 | train loss 5365.0315 | val loss 5364.9398 | val MAE 63.258 | val R² -2.9296 | lr 1.20e-06
  iter 50: loss = 3573.2205
  iter 100: loss = 3266.9863
  iter 150: loss = 2776.5249
  iter 200: loss = 2153.2524
  iter 250: loss = 1554.3375
  iter 300: loss = 840.7333
  iter 350: loss = 426.6085
  iter 400: loss = 281.2753
  iter 450: loss = 217.5372
iter   500 | train loss 146.3744 | val loss 139.9462 | val MAE 8.795 | val R² 0.8975 | lr 6.00e-04
  iter 500: loss = 135.5661
  iter 550: loss = 167.7356
  iter 600: loss = 182.6548
  iter 650: loss = 103.7418
  iter 700: loss = 110.6581
  iter 750: loss = 93.0500
  iter 800: loss = 121.0700
  iter 850: loss = 125.7596
  iter 900: loss = 86.2708
  iter 950: loss = 82.9145
iter  1000 | train loss 88.7873 | val loss 86.7383 | val MAE 6.683 | val R² 0.9365 | lr 5.99e-04
  iter 1000: loss = 83.5623
  iter 1050: loss = 90.2961
  iter 1100: loss = 88.5396
  iter 1150: loss = 83.0040
  iter 1200: loss = 80.1880
  iter 1250: loss = 92.5050
  iter 1300: loss = 88.4953
  iter 1350: loss = 52.9439
  iter 1400: loss = 101.8391
  iter 1450: loss = 74.5777
iter  1500 | train loss 67.7377 | val loss 62.2810 | val MAE 5.822 | val R² 0.9544 | lr 5.97e-04
  iter 1500: loss = 70.7063
  iter 1550: loss = 59.7590
  iter 1600: loss = 108.3592
  iter 1650: loss = 138.8204
  iter 1700: loss = 65.3628
  iter 1750: loss = 106.8758
  iter 1800: loss = 47.5034
  iter 1850: loss = 58.9238
  iter 1900: loss = 134.6424
  iter 1950: loss = 79.6709
iter  2000 | train loss 59.4407 | val loss 55.7839 | val MAE 5.333 | val R² 0.9591 | lr 5.92e-04
  iter 2000: loss = 65.7173
  iter 2050: loss = 43.6471
  iter 2100: loss = 47.6336
  iter 2150: loss = 57.7978
  iter 2200: loss = 98.1016
  iter 2250: loss = 65.1362
  iter 2300: loss = 53.3931
  iter 2350: loss = 84.5858
  iter 2400: loss = 59.6851
  iter 2450: loss = 108.2158
iter  2500 | train loss 57.4427 | val loss 56.3890 | val MAE 5.337 | val R² 0.9587 | lr 5.86e-04
  iter 2500: loss = 62.9986
  iter 2550: loss = 65.6569
  iter 2600: loss = 53.0843
  iter 2650: loss = 51.9194
  iter 2700: loss = 63.0993
  iter 2750: loss = 38.2353
  iter 2800: loss = 40.4141
  iter 2850: loss = 54.9205
  iter 2900: loss = 71.3173
  iter 2950: loss = 54.3282
iter  3000 | train loss 72.5828 | val loss 69.9700 | val MAE 6.230 | val R² 0.9487 | lr 5.78e-04
  iter 3000: loss = 63.9149
  iter 3050: loss = 52.8960
  iter 3100: loss = 48.2560
  iter 3150: loss = 52.4123
  iter 3200: loss = 49.6914
  iter 3250: loss = 66.7994
  iter 3300: loss = 37.5444
  iter 3350: loss = 56.8691
  iter 3400: loss = 56.0806
  iter 3450: loss = 59.0714
iter  3500 | train loss 51.2878 | val loss 48.2726 | val MAE 5.057 | val R² 0.9646 | lr 5.69e-04
  iter 3500: loss = 43.0779
  iter 3550: loss = 50.4902
  iter 3600: loss = 49.4701
  iter 3650: loss = 37.3263
  iter 3700: loss = 37.1730
  iter 3750: loss = 40.3149
  iter 3800: loss = 42.6002
  iter 3850: loss = 41.3584
  iter 3900: loss = 31.4439
  iter 3950: loss = 59.5936
iter  4000 | train loss 43.4711 | val loss 43.3604 | val MAE 4.715 | val R² 0.9682 | lr 5.58e-04
  iter 4000: loss = 52.7800
  iter 4050: loss = 39.7385
  iter 4100: loss = 44.8347
  iter 4150: loss = 49.4196
  iter 4200: loss = 43.8688
  iter 4250: loss = 38.1497
  iter 4300: loss = 47.6287
  iter 4350: loss = 35.0912
  iter 4400: loss = 47.0828
  iter 4450: loss = 66.9439
iter  4500 | train loss 34.4772 | val loss 34.6424 | val MAE 4.186 | val R² 0.9746 | lr 5.46e-04
  iter 4500: loss = 34.6901
  iter 4550: loss = 119.9457
  iter 4600: loss = 37.7347
  iter 4650: loss = 44.3120
  iter 4700: loss = 26.7980
  iter 4750: loss = 22.1675
  iter 4800: loss = 40.5687
  iter 4850: loss = 32.5530
  iter 4900: loss = 30.6254
  iter 4950: loss = 60.7538
iter  5000 | train loss 37.2915 | val loss 36.7496 | val MAE 3.889 | val R² 0.9731 | lr 5.32e-04
  iter 5000: loss = 34.5942
  iter 5050: loss = 17.4925
  iter 5100: loss = 27.7312
  iter 5150: loss = 8.8292
  iter 5200: loss = 14.9296
  iter 5250: loss = 22.3241
  iter 5300: loss = 20.6232
  iter 5350: loss = 32.3727
  iter 5400: loss = 21.8185
  iter 5450: loss = 19.6616
iter  5500 | train loss 39.1331 | val loss 37.3669 | val MAE 4.740 | val R² 0.9726 | lr 5.17e-04
  iter 5500: loss = 42.3071
  iter 5550: loss = 35.4042
  iter 5600: loss = 23.0523
  iter 5650: loss = 18.7449
  iter 5700: loss = 16.8655
  iter 5750: loss = 14.1769
  iter 5800: loss = 19.4511
  iter 5850: loss = 35.9998
  iter 5900: loss = 11.1414
  iter 5950: loss = 8.8532
iter  6000 | train loss 22.0706 | val loss 20.6527 | val MAE 2.993 | val R² 0.9849 | lr 5.01e-04
  iter 6000: loss = 30.5118
  iter 6050: loss = 17.9566
  iter 6100: loss = 18.8247
  iter 6150: loss = 8.0775
  iter 6200: loss = 34.2920
  iter 6250: loss = 7.4616
  iter 6300: loss = 5.6784
  iter 6350: loss = 22.2652
  iter 6400: loss = 6.6824
  iter 6450: loss = 12.1512
iter  6500 | train loss 28.9828 | val loss 30.9604 | val MAE 3.687 | val R² 0.9773 | lr 4.83e-04
  iter 6500: loss = 36.2864
  iter 6550: loss = 27.2031
  iter 6600: loss = 7.5434
  iter 6650: loss = 13.9202
  iter 6700: loss = 34.0899
  iter 6750: loss = 7.2130
  iter 6800: loss = 14.9308
  iter 6850: loss = 29.1518
  iter 6900: loss = 34.9796
  iter 6950: loss = 19.2033
iter  7000 | train loss 12.9532 | val loss 10.9281 | val MAE 2.203 | val R² 0.9920 | lr 4.65e-04
  iter 7000: loss = 7.6704
  iter 7050: loss = 27.3976
  iter 7100: loss = 10.2791
  iter 7150: loss = 21.2976
  iter 7200: loss = 19.4708
  iter 7250: loss = 24.3575
  iter 7300: loss = 2.0529
  iter 7350: loss = 34.4267
  iter 7400: loss = 12.5477
  iter 7450: loss = 5.2277
iter  7500 | train loss 28.9581 | val loss 30.1391 | val MAE 3.456 | val R² 0.9779 | lr 4.46e-04
  iter 7500: loss = 32.6848
  iter 7550: loss = 22.3256
  iter 7600: loss = 21.6279
  iter 7650: loss = 5.2185
  iter 7700: loss = 8.1567
  iter 7750: loss = 45.4417
  iter 7800: loss = 17.7052
  iter 7850: loss = 10.6006
  iter 7900: loss = 55.5702
  iter 7950: loss = 7.1517
iter  8000 | train loss 23.6664 | val loss 24.2898 | val MAE 3.663 | val R² 0.9822 | lr 4.26e-04
  iter 8000: loss = 22.6242
  iter 8050: loss = 8.0304
  iter 8100: loss = 2.6199
  iter 8150: loss = 29.9198
  iter 8200: loss = 28.3769
  iter 8250: loss = 16.1328
  iter 8300: loss = 21.1778
  iter 8350: loss = 4.4434
  iter 8400: loss = 7.6744
  iter 8450: loss = 8.8100
iter  8500 | train loss 11.0892 | val loss 12.5836 | val MAE 2.411 | val R² 0.9908 | lr 4.05e-04
  iter 8500: loss = 5.9403
  iter 8550: loss = 4.2723
  iter 8600: loss = 2.7147
  iter 8650: loss = 8.0735
  iter 8700: loss = 36.4142
  iter 8750: loss = 2.1265
  iter 8800: loss = 3.2255
  iter 8850: loss = 16.3834
  iter 8900: loss = 13.8222
  iter 8950: loss = 12.0445
iter  9000 | train loss 10.2359 | val loss 7.2502 | val MAE 1.173 | val R² 0.9947 | lr 3.84e-04
  iter 9000: loss = 18.3236
  iter 9050: loss = 27.7315
  iter 9100: loss = 21.7339
  iter 9150: loss = 19.7841
  iter 9200: loss = 5.2849
  iter 9250: loss = 14.7139
  iter 9300: loss = 4.8731
  iter 9350: loss = 3.6168
  iter 9400: loss = 3.0522
  iter 9450: loss = 26.5783
iter  9500 | train loss 19.8713 | val loss 20.0548 | val MAE 3.180 | val R² 0.9853 | lr 3.63e-04
  iter 9500: loss = 13.5902
  iter 9550: loss = 10.1771
  iter 9600: loss = 6.8931
  iter 9650: loss = 15.5871
  iter 9700: loss = 4.8470
  iter 9750: loss = 5.7926
  iter 9800: loss = 7.3416
  iter 9850: loss = 7.8454
  iter 9900: loss = 8.6851
  iter 9950: loss = 12.7713
iter 10000 | train loss 4.6636 | val loss 5.2995 | val MAE 0.971 | val R² 0.9961 | lr 3.41e-04
  iter 10000: loss = 3.4490
  iter 10050: loss = 3.7984
  iter 10100: loss = 1.0258
  iter 10150: loss = 10.6613
  iter 10200: loss = 6.5153
  iter 10250: loss = 2.7227
  iter 10300: loss = 4.2754
  iter 10350: loss = 7.8073
  iter 10400: loss = 20.1698
  iter 10450: loss = 4.7121
iter 10500 | train loss 10.1992 | val loss 9.4315 | val MAE 1.973 | val R² 0.9931 | lr 3.19e-04
  iter 10500: loss = 9.6034
  iter 10550: loss = 16.3482
  iter 10600: loss = 35.7815
  iter 10650: loss = 4.2022
  iter 10700: loss = 2.2884
  iter 10750: loss = 18.6510
  iter 10800: loss = 7.6245
  iter 10850: loss = 27.0953
  iter 10900: loss = 2.2574
  iter 10950: loss = 1.1166
iter 11000 | train loss 5.0004 | val loss 4.7398 | val MAE 1.248 | val R² 0.9965 | lr 2.97e-04
  iter 11000: loss = 19.1318
  iter 11050: loss = 6.3376
  iter 11100: loss = 3.2203
  iter 11150: loss = 1.8612
  iter 11200: loss = 1.8107
  iter 11250: loss = 2.4792
  iter 11300: loss = 1.8682
  iter 11350: loss = 13.6050
  iter 11400: loss = 1.4510
  iter 11450: loss = 2.7839
iter 11500 | train loss 9.4893 | val loss 8.5558 | val MAE 2.458 | val R² 0.9937 | lr 2.76e-04
  iter 11500: loss = 9.4416
  iter 11550: loss = 1.7369
  iter 11600: loss = 2.8240
  iter 11650: loss = 2.4225
  iter 11700: loss = 0.5302
  iter 11750: loss = 4.0909
  iter 11800: loss = 1.9741
  iter 11850: loss = 1.1817
  iter 11900: loss = 9.7261
  iter 11950: loss = 3.6569
iter 12000 | train loss 5.7415 | val loss 5.2724 | val MAE 1.751 | val R² 0.9961 | lr 2.55e-04
  iter 12000: loss = 4.0921
  iter 12050: loss = 7.9402
  iter 12100: loss = 0.9873
  iter 12150: loss = 12.5072
  iter 12200: loss = 0.8933
  iter 12250: loss = 12.3940
  iter 12300: loss = 6.2849
  iter 12350: loss = 0.6769
  iter 12400: loss = 1.3457
  iter 12450: loss = 6.8486
iter 12500 | train loss 3.5953 | val loss 3.0910 | val MAE 0.997 | val R² 0.9977 | lr 2.34e-04
  iter 12500: loss = 1.3330
  iter 12550: loss = 3.7812
  iter 12600: loss = 2.9817
  iter 12650: loss = 1.4790
  iter 12700: loss = 0.8102
  iter 12750: loss = 4.7506
  iter 12800: loss = 1.7267
  iter 12850: loss = 12.2396
  iter 12900: loss = 2.3959
  iter 12950: loss = 1.0229
iter 13000 | train loss 5.2778 | val loss 5.0972 | val MAE 1.185 | val R² 0.9963 | lr 2.14e-04
  iter 13000: loss = 9.2947
  iter 13050: loss = 2.0304
  iter 13100: loss = 1.5392
  iter 13150: loss = 1.3153
  iter 13200: loss = 1.4498
  iter 13250: loss = 1.3274
  iter 13300: loss = 3.2294
  iter 13350: loss = 0.6492
  iter 13400: loss = 1.9219
  iter 13450: loss = 100.2011
iter 13500 | train loss 4.9278 | val loss 4.8281 | val MAE 0.768 | val R² 0.9965 | lr 1.95e-04
  iter 13500: loss = 1.3929
  iter 13550: loss = 3.3358
  iter 13600: loss = 1.0259
  iter 13650: loss = 1.7475
  iter 13700: loss = 1.3912
  iter 13750: loss = 0.7841
  iter 13800: loss = 3.2199
  iter 13850: loss = 1.2147
  iter 13900: loss = 1.4741
  iter 13950: loss = 1.3486
iter 14000 | train loss 3.9354 | val loss 2.4454 | val MAE 0.909 | val R² 0.9982 | lr 1.77e-04
  iter 14000: loss = 1.1674
  iter 14050: loss = 0.7640
  iter 14100: loss = 3.3008
  iter 14150: loss = 2.3812
  iter 14200: loss = 0.5190
  iter 14250: loss = 0.7930
  iter 14300: loss = 2.8899
  iter 14350: loss = 1.4529
  iter 14400: loss = 4.4707
  iter 14450: loss = 2.9417
iter 14500 | train loss 3.6079 | val loss 2.6315 | val MAE 1.095 | val R² 0.9981 | lr 1.59e-04
  iter 14500: loss = 2.0879
  iter 14550: loss = 0.8405
  iter 14600: loss = 0.4479
  iter 14650: loss = 0.7331
  iter 14700: loss = 1.7685
  iter 14750: loss = 5.2633
  iter 14800: loss = 0.7452
  iter 14850: loss = 1.5215
  iter 14900: loss = 1.9182
  iter 14950: loss = 2.2507
iter 15000 | train loss 1.7013 | val loss 2.4256 | val MAE 0.678 | val R² 0.9982 | lr 1.43e-04
  iter 15000: loss = 1.1005
  iter 15050: loss = 0.9582
  iter 15100: loss = 2.5552
  iter 15150: loss = 0.8788
  iter 15200: loss = 2.8494
  iter 15250: loss = 0.7154
  iter 15300: loss = 0.7155
  iter 15350: loss = 5.2432
  iter 15400: loss = 0.7075
  iter 15450: loss = 0.7344
iter 15500 | train loss 2.8131 | val loss 2.1435 | val MAE 0.820 | val R² 0.9984 | lr 1.28e-04
  iter 15500: loss = 0.9520
  iter 15550: loss = 0.4122
  iter 15600: loss = 0.6744
  iter 15650: loss = 2.1237
  iter 15700: loss = 0.8615
  iter 15750: loss = 0.6680
  iter 15800: loss = 2.0201
  iter 15850: loss = 0.4425
  iter 15900: loss = 0.8208
  iter 15950: loss = 1.1603
iter 16000 | train loss 1.9374 | val loss 2.6413 | val MAE 0.640 | val R² 0.9981 | lr 1.14e-04
  iter 16000: loss = 85.4040
  iter 16050: loss = 2.1386
  iter 16100: loss = 0.3135
  iter 16150: loss = 10.0635
  iter 16200: loss = 0.6106
  iter 16250: loss = 8.0526
  iter 16300: loss = 0.8064
  iter 16350: loss = 1.3135
  iter 16400: loss = 1.0797
  iter 16450: loss = 1.1820
iter 16500 | train loss 0.9620 | val loss 1.2321 | val MAE 0.415 | val R² 0.9991 | lr 1.02e-04
  iter 16500: loss = 2.0768
  iter 16550: loss = 0.5207
  iter 16600: loss = 0.7507
  iter 16650: loss = 0.3890
  iter 16700: loss = 0.3665
  iter 16750: loss = 2.0895
  iter 16800: loss = 0.5044
  iter 16850: loss = 1.7890
  iter 16900: loss = 0.4401
  iter 16950: loss = 0.5131
iter 17000 | train loss 1.9567 | val loss 0.8970 | val MAE 0.487 | val R² 0.9993 | lr 9.09e-05
  iter 17000: loss = 0.2980
  iter 17050: loss = 0.7031
  iter 17100: loss = 0.6884
  iter 17150: loss = 0.6318
  iter 17200: loss = 1.8228
  iter 17250: loss = 6.8021
  iter 17300: loss = 0.2512
  iter 17350: loss = 0.5150
  iter 17400: loss = 0.8268
  iter 17450: loss = 0.6968
iter 17500 | train loss 1.2684 | val loss 0.7498 | val MAE 0.402 | val R² 0.9995 | lr 8.16e-05
  iter 17500: loss = 9.3022
  iter 17550: loss = 0.2374
  iter 17600: loss = 0.5320
  iter 17650: loss = 1.3514
  iter 17700: loss = 0.2483
  iter 17750: loss = 0.4246
  iter 17800: loss = 0.9630
  iter 17850: loss = 0.4283
  iter 17900: loss = 0.3195
  iter 17950: loss = 0.4065
iter 18000 | train loss 0.9843 | val loss 1.0136 | val MAE 0.425 | val R² 0.9993 | lr 7.39e-05
  iter 18000: loss = 0.3032
  iter 18050: loss = 0.2935
  iter 18100: loss = 0.4809
  iter 18150: loss = 0.2396
  iter 18200: loss = 4.0542
  iter 18250: loss = 14.5227
  iter 18300: loss = 1.6005
  iter 18350: loss = 0.2286
  iter 18400: loss = 0.5660
  iter 18450: loss = 0.4025
iter 18500 | train loss 1.3265 | val loss 0.6956 | val MAE 0.399 | val R² 0.9995 | lr 6.78e-05
  iter 18500: loss = 0.2864
  iter 18550: loss = 0.5073
  iter 18600: loss = 0.6141
  iter 18650: loss = 0.4233
  iter 18700: loss = 0.1622
  iter 18750: loss = 0.2813
  iter 18800: loss = 1.2540
  iter 18850: loss = 1.1228
  iter 18900: loss = 0.4168
  iter 18950: loss = 19.0756
iter 19000 | train loss 2.3193 | val loss 1.5993 | val MAE 0.400 | val R² 0.9988 | lr 6.35e-05
  iter 19000: loss = 0.1829
  iter 19050: loss = 0.2256
  iter 19100: loss = 1.1535
  iter 19150: loss = 0.4904
  iter 19200: loss = 10.1318
  iter 19250: loss = 3.4683
  iter 19300: loss = 0.6965
  iter 19350: loss = 0.2635
  iter 19400: loss = 0.8782
  iter 19450: loss = 2.1991
iter 19500 | train loss 2.0441 | val loss 1.1245 | val MAE 0.498 | val R² 0.9992 | lr 6.09e-05
  iter 19500: loss = 0.4349
  iter 19550: loss = 0.2700
  iter 19600: loss = 0.3841
  iter 19650: loss = 1.1661
  iter 19700: loss = 19.5154
  iter 19750: loss = 0.4161
  iter 19800: loss = 0.3502
  iter 19850: loss = 0.2211
  iter 19900: loss = 0.2844
  iter 19950: loss = 0.1827
iter 20000 | train loss 0.9547 | val loss 0.6540 | val MAE 0.423 | val R² 0.9995 | lr 6.00e-05

Experiment complete!
