/home/nlp/matan_avitan/git/nopos_locating_new/nanoGPT/train_2layer_mechanism.py:496: FutureWarning: `torch.cuda.amp.GradScaler(args...)` is deprecated. Please use `torch.amp.GradScaler('cuda', args...)` instead.
  scaler = torch.cuda.amp.GradScaler(enabled=(config.dtype == "float16"))
wandb: Currently logged in as: matan_avitan to https://api.wandb.ai. Use `wandb login --relogin` to force relogin
wandb: setting up run uv1hq205
wandb: Tracking run with wandb version 0.23.1
wandb: Run data is saved locally in /home/nlp/matan_avitan/git/nopos_locating_new/nanoGPT/wandb/run-20260126_175350-uv1hq205
wandb: Run `wandb offline` to turn off syncing.
wandb: Syncing run R2_exp1_freeze_train_matrix
wandb: ⭐️ View project at https://wandb.ai/matan_avitan/nope-2layer-mechanism
wandb: 🚀 View run at https://wandb.ai/matan_avitan/nope-2layer-mechanism/runs/uv1hq205
wandb: updating run metadata
wandb: uploading output.log; uploading wandb-summary.json; uploading config.yaml
wandb: uploading history steps 58-60, summary, console lines 646-665
wandb: 
wandb: Run history:
wandb: hypothesis/val_r2_for_comparison ▁███████████████████████████████████████
wandb:                             iter ▁▁▁▂▂▂▂▃▃▃▃▃▃▃▄▄▄▄▄▅▅▅▅▅▅▆▆▆▆▆▇▇▇▇▇▇████
wandb:                               lr ██████▇▇▆▆▆▅▅▅▅▄▄▃▃▃▂▂▂▂▁▁▁▁▁▁▁▁▁▁▁▁▁▁▁▁
wandb:                       train/loss █▁▁▁▁▁▁▁▁▁▁▁▁▁▁▁▁▁▁▁▁▁▁▁▁▁▁▁▁▁▁▁▁▁▁▁▁▁▁▁
wandb:                        train/mae █▂▂▂▂▁▂▁▁▁▁▁▁▁▁▁▁▁▁▁▁▁▁▁▁▁▁▁▁▁▁▁▁▁▁▁▁▁▁▁
wandb:                         train/r2 ▁███████████████████████████████████████
wandb:                         val/loss █▁▁▁▁▁▁▁▁▁▁▁▁▁▁▁▁▁▁▁▁▁▁▁▁▁▁▁▁▁▁▁▁▁▁▁▁▁▁▁
wandb:                          val/mae █▆▅▅▅▄▄▄▄▄▃▃▃▃▃▃▂▂▂▂▂▂▂▂▂▂▁▁▁▁▁▁▂▁▂▁▁▁▁▁
wandb:                val/per_pos_mae/0 █▄▄▃▄▃▄▂▃▃▁▄▁▁▁▁▁▁▁▂▃▁▂▂▂▂▂▂▃▂▃▃▃▃▃▃▂▃▃▂
wandb:                val/per_pos_mae/1 █▃▂▃▄▃▁▁▄▂▁▂▁▁▁▁▁▂▁▁▁▂▁▂▁▁▁▂▂▂▂▂▂▂▂▂▂▂▃▂
wandb:                             +128 ...
wandb: 
wandb: Run summary:
wandb:                     best_val_mae 2.33993
wandb:                      best_val_r2 0.99174
wandb:                   final_val_loss 12.72552
wandb:                    final_val_mae 2.66014
wandb:                     final_val_r2 0.99068
wandb:                hypothesis/regime R2
wandb: hypothesis/val_r2_for_comparison 0.99051
wandb:                             iter 30000
wandb:                               lr 6e-05
wandb:               regime_description Attn2-only - freeze ...
wandb:                             +135 ...
wandb: 
wandb: 🚀 View run R2_exp1_freeze_train_matrix at: https://wandb.ai/matan_avitan/nope-2layer-mechanism/runs/uv1hq205
wandb: ⭐️ View project at: https://wandb.ai/matan_avitan/nope-2layer-mechanism
wandb: Synced 5 W&B file(s), 244 media file(s), 0 artifact file(s) and 0 other file(s)
wandb: Find logs at: ./wandb/run-20260126_175350-uv1hq205/logs
Loaded data: train=9,035,582,489 tokens, val=4,434,606 tokens

*** BOS token (ID 50256) is inserted at position 0 ***


============================================================
2-Layer Mechanism Analysis Model Initialized
============================================================
  Embedding Dim:        768
  Heads:                1
  Head Dim:             768
  Block Size:           128
  Normalization:        layernorm
  Regression Mode:      True
  Parameters:           53.40M
============================================================


============================================================
Regime: R2: Attn2-only
============================================================
  Trainable:  2,957,570 params (5.5%)
  Frozen:     50,445,312 params (94.5%)
  Total:      53,402,882 params

  Component status:
    Embedding      : frozen (38,633,472 params)
    Block1.LN1     : frozen (1,536 params)
    Block1.Attn    : frozen (2,362,368 params)
    Block1.LN2     : frozen (1,536 params)
    Block1.MLP     : frozen (4,722,432 params)
    Block2.LN1     : TRAIN  (1,536 params)
    Block2.Attn    : TRAIN  (2,362,368 params)
    Block2.LN2     : frozen (1,536 params)
    Block2.MLP     : frozen (4,722,432 params)
    Final LN       : TRAIN  (1,536 params)
    Pos Head       : TRAIN  (769 params)
    MLP Probe      : TRAIN  (591,361 params)
============================================================

Compiling model...
Optimizer: 5 weight decay, 9 no decay

============================================================
Training Regime: R2
Max iterations: 30000
============================================================

iter     0 | train loss 5363.6532 | val loss 5363.6239 | val MAE 63.279 | val R² -2.9287 | lr 1.20e-06
  iter 50: loss = 3930.9617
  iter 100: loss = 3315.4343
  iter 150: loss = 2804.4587
  iter 200: loss = 2137.3149
  iter 250: loss = 1400.0576
  iter 300: loss = 764.7806
  iter 350: loss = 402.9475
  iter 400: loss = 273.6686
  iter 450: loss = 208.6512
iter   500 | train loss 178.5738 | val loss 175.6653 | val MAE 10.204 | val R² 0.8713 | lr 6.00e-04
  iter 500: loss = 161.0691
  iter 550: loss = 201.4487
  iter 600: loss = 206.6195
  iter 650: loss = 144.5001
  iter 700: loss = 155.8643
  iter 750: loss = 157.6432
  iter 800: loss = 149.4918
  iter 850: loss = 138.6736
  iter 900: loss = 151.0065
  iter 950: loss = 137.4023
iter  1000 | train loss 122.3855 | val loss 122.7820 | val MAE 8.132 | val R² 0.9101 | lr 5.99e-04
  iter 1000: loss = 138.9343
  iter 1050: loss = 125.4307
  iter 1100: loss = 121.6393
  iter 1150: loss = 149.0215
  iter 1200: loss = 116.3748
  iter 1250: loss = 109.6947
  iter 1300: loss = 102.5109
  iter 1350: loss = 142.1161
  iter 1400: loss = 96.7934
  iter 1450: loss = 117.8727
iter  1500 | train loss 117.3565 | val loss 112.2731 | val MAE 7.628 | val R² 0.9178 | lr 5.97e-04
  iter 1500: loss = 96.4791
  iter 1550: loss = 111.3614
  iter 1600: loss = 132.6798
  iter 1650: loss = 123.2167
  iter 1700: loss = 93.9053
  iter 1750: loss = 104.2457
  iter 1800: loss = 154.4498
  iter 1850: loss = 99.0766
  iter 1900: loss = 69.4844
  iter 1950: loss = 168.1055
iter  2000 | train loss 91.8623 | val loss 90.6830 | val MAE 6.990 | val R² 0.9336 | lr 5.92e-04
  iter 2000: loss = 96.9426
  iter 2050: loss = 80.0878
  iter 2100: loss = 70.2741
  iter 2150: loss = 96.4332
  iter 2200: loss = 118.2666
  iter 2250: loss = 100.9359
  iter 2300: loss = 113.2255
  iter 2350: loss = 83.9525
  iter 2400: loss = 67.9012
  iter 2450: loss = 106.0114
iter  2500 | train loss 90.6942 | val loss 87.6245 | val MAE 6.750 | val R² 0.9358 | lr 5.86e-04
  iter 2500: loss = 79.2178
  iter 2550: loss = 107.6168
  iter 2600: loss = 87.8513
  iter 2650: loss = 187.0082
  iter 2700: loss = 84.2879
  iter 2750: loss = 77.9884
  iter 2800: loss = 71.7993
  iter 2850: loss = 100.0036
  iter 2900: loss = 99.1683
  iter 2950: loss = 106.1005
iter  3000 | train loss 73.5855 | val loss 71.9206 | val MAE 6.076 | val R² 0.9473 | lr 5.78e-04
  iter 3000: loss = 73.6098
  iter 3050: loss = 67.5066
  iter 3100: loss = 66.8852
  iter 3150: loss = 58.1575
  iter 3200: loss = 124.5688
  iter 3250: loss = 54.4194
  iter 3300: loss = 92.9924
  iter 3350: loss = 56.1983
  iter 3400: loss = 62.8996
  iter 3450: loss = 98.1577
iter  3500 | train loss 80.9834 | val loss 80.2670 | val MAE 6.682 | val R² 0.9412 | lr 5.69e-04
  iter 3500: loss = 95.9311
  iter 3550: loss = 65.7836
  iter 3600: loss = 70.7710
  iter 3650: loss = 88.4711
  iter 3700: loss = 98.5143
  iter 3750: loss = 84.9216
  iter 3800: loss = 70.0565
  iter 3850: loss = 84.3233
  iter 3900: loss = 69.9289
  iter 3950: loss = 62.5546
iter  4000 | train loss 75.8607 | val loss 74.3014 | val MAE 6.262 | val R² 0.9456 | lr 5.58e-04
  iter 4000: loss = 70.7617
  iter 4050: loss = 83.5806
  iter 4100: loss = 66.1632
  iter 4150: loss = 77.9602
  iter 4200: loss = 67.5677
  iter 4250: loss = 70.8196
  iter 4300: loss = 81.7353
  iter 4350: loss = 104.4868
  iter 4400: loss = 59.8942
  iter 4450: loss = 73.7262
iter  4500 | train loss 65.9716 | val loss 64.6916 | val MAE 5.755 | val R² 0.9526 | lr 5.46e-04
  iter 4500: loss = 61.2713
  iter 4550: loss = 72.7493
  iter 4600: loss = 59.6445
  iter 4650: loss = 76.8927
  iter 4700: loss = 80.8884
  iter 4750: loss = 77.9000
  iter 4800: loss = 83.1367
  iter 4850: loss = 58.3024
  iter 4900: loss = 55.6524
  iter 4950: loss = 60.8869
iter  5000 | train loss 55.6913 | val loss 54.9241 | val MAE 5.311 | val R² 0.9598 | lr 5.32e-04
  iter 5000: loss = 61.1552
  iter 5050: loss = 70.1375
  iter 5100: loss = 122.6095
  iter 5150: loss = 53.3561
  iter 5200: loss = 59.2822
  iter 5250: loss = 65.2007
  iter 5300: loss = 60.3156
  iter 5350: loss = 50.2096
  iter 5400: loss = 91.0266
  iter 5450: loss = 67.6268
iter  5500 | train loss 60.1302 | val loss 63.0304 | val MAE 5.734 | val R² 0.9538 | lr 5.17e-04
  iter 5500: loss = 67.2231
  iter 5550: loss = 52.1894
  iter 5600: loss = 54.9991
  iter 5650: loss = 53.5785
  iter 5700: loss = 77.5537
  iter 5750: loss = 67.5654
  iter 5800: loss = 66.2623
  iter 5850: loss = 51.0966
  iter 5900: loss = 56.6022
  iter 5950: loss = 59.6962
iter  6000 | train loss 57.6596 | val loss 57.6262 | val MAE 5.466 | val R² 0.9578 | lr 5.01e-04
  iter 6000: loss = 53.9503
  iter 6050: loss = 42.8055
  iter 6100: loss = 54.5152
  iter 6150: loss = 55.1874
  iter 6200: loss = 55.3182
  iter 6250: loss = 64.1283
  iter 6300: loss = 53.0545
  iter 6350: loss = 52.3158
  iter 6400: loss = 57.7153
  iter 6450: loss = 50.0743
iter  6500 | train loss 50.9278 | val loss 53.7066 | val MAE 5.117 | val R² 0.9607 | lr 4.83e-04
  iter 6500: loss = 48.7480
  iter 6550: loss = 51.8520
  iter 6600: loss = 47.3679
  iter 6650: loss = 56.2736
  iter 6700: loss = 43.9641
  iter 6750: loss = 51.6023
  iter 6800: loss = 67.2208
  iter 6850: loss = 60.8716
  iter 6900: loss = 43.2604
  iter 6950: loss = 50.4478
iter  7000 | train loss 54.8048 | val loss 57.2291 | val MAE 5.587 | val R² 0.9581 | lr 4.65e-04
  iter 7000: loss = 64.1436
  iter 7050: loss = 46.8862
  iter 7100: loss = 36.7496
  iter 7150: loss = 49.0666
  iter 7200: loss = 51.4696
  iter 7250: loss = 46.3538
  iter 7300: loss = 50.2033
  iter 7350: loss = 41.5487
  iter 7400: loss = 48.2415
  iter 7450: loss = 49.7884
iter  7500 | train loss 44.4720 | val loss 45.2864 | val MAE 4.822 | val R² 0.9668 | lr 4.46e-04
  iter 7500: loss = 47.4812
  iter 7550: loss = 46.0112
  iter 7600: loss = 52.9122
  iter 7650: loss = 41.8303
  iter 7700: loss = 42.0060
  iter 7750: loss = 57.4269
  iter 7800: loss = 43.6487
  iter 7850: loss = 42.9594
  iter 7900: loss = 48.1569
  iter 7950: loss = 55.6010
iter  8000 | train loss 43.0283 | val loss 43.9656 | val MAE 4.716 | val R² 0.9678 | lr 4.26e-04
  iter 8000: loss = 41.8625
  iter 8050: loss = 45.6668
  iter 8100: loss = 51.9774
  iter 8150: loss = 40.6911
  iter 8200: loss = 54.5033
  iter 8250: loss = 36.3849
  iter 8300: loss = 42.0593
  iter 8350: loss = 46.5559
  iter 8400: loss = 48.0045
  iter 8450: loss = 37.7498
iter  8500 | train loss 45.6337 | val loss 45.5550 | val MAE 4.741 | val R² 0.9666 | lr 4.05e-04
  iter 8500: loss = 38.1147
  iter 8550: loss = 59.3738
  iter 8600: loss = 89.8102
  iter 8650: loss = 41.3483
  iter 8700: loss = 38.2908
  iter 8750: loss = 34.8071
  iter 8800: loss = 42.5085
  iter 8850: loss = 43.1556
  iter 8900: loss = 58.6480
  iter 8950: loss = 46.7408
iter  9000 | train loss 42.2484 | val loss 40.8481 | val MAE 4.658 | val R² 0.9701 | lr 3.84e-04
  iter 9000: loss = 36.7755
  iter 9050: loss = 46.4409
  iter 9100: loss = 37.2125
  iter 9150: loss = 45.7401
  iter 9200: loss = 55.5107
  iter 9250: loss = 45.1188
  iter 9300: loss = 41.8930
  iter 9350: loss = 38.5564
  iter 9400: loss = 41.6318
  iter 9450: loss = 45.5916
iter  9500 | train loss 35.9672 | val loss 36.3012 | val MAE 4.208 | val R² 0.9734 | lr 3.63e-04
  iter 9500: loss = 37.6267
  iter 9550: loss = 40.9445
  iter 9600: loss = 40.6417
  iter 9650: loss = 37.7695
  iter 9700: loss = 68.0945
  iter 9750: loss = 38.0931
  iter 9800: loss = 28.3146
  iter 9850: loss = 46.5465
  iter 9900: loss = 36.8559
  iter 9950: loss = 33.5404
iter 10000 | train loss 47.2032 | val loss 49.3762 | val MAE 5.236 | val R² 0.9638 | lr 3.41e-04
  iter 10000: loss = 52.7023
  iter 10050: loss = 37.9487
  iter 10100: loss = 28.4679
  iter 10150: loss = 37.2769
  iter 10200: loss = 38.4578
  iter 10250: loss = 32.9423
  iter 10300: loss = 36.6737
  iter 10350: loss = 31.8300
  iter 10400: loss = 47.6571
  iter 10450: loss = 36.8385
iter 10500 | train loss 34.8712 | val loss 34.1139 | val MAE 4.087 | val R² 0.9750 | lr 3.19e-04
  iter 10500: loss = 36.3434
  iter 10550: loss = 28.4535
  iter 10600: loss = 77.5403
  iter 10650: loss = 40.8273
  iter 10700: loss = 46.4382
  iter 10750: loss = 38.6341
  iter 10800: loss = 76.6500
  iter 10850: loss = 32.7341
  iter 10900: loss = 41.4418
  iter 10950: loss = 36.2711
iter 11000 | train loss 34.0150 | val loss 35.2610 | val MAE 4.116 | val R² 0.9742 | lr 2.97e-04
  iter 11000: loss = 32.3163
  iter 11050: loss = 70.3671
  iter 11100: loss = 37.5916
  iter 11150: loss = 33.0977
  iter 11200: loss = 47.1497
  iter 11250: loss = 39.0889
  iter 11300: loss = 44.4306
  iter 11350: loss = 51.5443
  iter 11400: loss = 29.4908
  iter 11450: loss = 26.3300
iter 11500 | train loss 31.5290 | val loss 30.9202 | val MAE 3.891 | val R² 0.9774 | lr 2.76e-04
  iter 11500: loss = 33.1161
  iter 11550: loss = 24.4679
  iter 11600: loss = 60.4107
  iter 11650: loss = 50.1047
  iter 11700: loss = 40.3207
  iter 11750: loss = 40.5891
  iter 11800: loss = 44.2779
  iter 11850: loss = 33.2775
  iter 11900: loss = 27.5845
  iter 11950: loss = 28.7255
iter 12000 | train loss 27.8103 | val loss 28.0175 | val MAE 3.792 | val R² 0.9795 | lr 2.55e-04
  iter 12000: loss = 26.5373
  iter 12050: loss = 34.0186
  iter 12100: loss = 26.3372
  iter 12150: loss = 25.1823
  iter 12200: loss = 32.3442
  iter 12250: loss = 24.5467
  iter 12300: loss = 23.1586
  iter 12350: loss = 50.8663
  iter 12400: loss = 42.9776
  iter 12450: loss = 26.5781
iter 12500 | train loss 27.5644 | val loss 27.9689 | val MAE 3.681 | val R² 0.9795 | lr 2.34e-04
  iter 12500: loss = 30.4396
  iter 12550: loss = 26.5903
  iter 12600: loss = 33.0941
  iter 12650: loss = 33.1783
  iter 12700: loss = 27.7503
  iter 12750: loss = 37.4046
  iter 12800: loss = 44.3599
  iter 12850: loss = 37.2036
  iter 12900: loss = 28.0049
  iter 12950: loss = 24.8601
iter 13000 | train loss 27.4259 | val loss 27.9058 | val MAE 3.680 | val R² 0.9796 | lr 2.14e-04
  iter 13000: loss = 28.9037
  iter 13050: loss = 22.8284
  iter 13100: loss = 40.1951
  iter 13150: loss = 34.9431
  iter 13200: loss = 25.1593
  iter 13250: loss = 23.4458
  iter 13300: loss = 25.0801
  iter 13350: loss = 28.7907
  iter 13400: loss = 24.5056
  iter 13450: loss = 27.2368
iter 13500 | train loss 35.6464 | val loss 33.9787 | val MAE 4.301 | val R² 0.9751 | lr 1.95e-04
  iter 13500: loss = 28.3107
  iter 13550: loss = 26.9296
  iter 13600: loss = 22.7507
  iter 13650: loss = 30.2577
  iter 13700: loss = 21.3766
  iter 13750: loss = 29.2165
  iter 13800: loss = 26.4595
  iter 13850: loss = 22.2985
  iter 13900: loss = 25.7657
  iter 13950: loss = 49.2121
iter 14000 | train loss 25.3811 | val loss 25.8181 | val MAE 3.605 | val R² 0.9811 | lr 1.77e-04
  iter 14000: loss = 30.3319
  iter 14050: loss = 25.8871
  iter 14100: loss = 24.5176
  iter 14150: loss = 23.0537
  iter 14200: loss = 19.4615
  iter 14250: loss = 37.7889
  iter 14300: loss = 23.5617
  iter 14350: loss = 22.6440
  iter 14400: loss = 22.0516
  iter 14450: loss = 26.5444
iter 14500 | train loss 22.5087 | val loss 24.2282 | val MAE 3.419 | val R² 0.9823 | lr 1.59e-04
  iter 14500: loss = 25.1576
  iter 14550: loss = 23.3466
  iter 14600: loss = 35.1598
  iter 14650: loss = 23.5030
  iter 14700: loss = 26.8802
  iter 14750: loss = 20.7509
  iter 14800: loss = 24.8531
  iter 14850: loss = 22.0517
  iter 14900: loss = 22.8812
  iter 14950: loss = 23.4527
iter 15000 | train loss 23.0853 | val loss 24.0450 | val MAE 3.393 | val R² 0.9824 | lr 1.43e-04
  iter 15000: loss = 23.8022
  iter 15050: loss = 22.3560
  iter 15100: loss = 21.3771
  iter 15150: loss = 23.0497
  iter 15200: loss = 22.1805
  iter 15250: loss = 20.0812
  iter 15300: loss = 20.8015
  iter 15350: loss = 41.9230
  iter 15400: loss = 23.6606
  iter 15450: loss = 21.6127
iter 15500 | train loss 23.8703 | val loss 21.9558 | val MAE 3.299 | val R² 0.9839 | lr 1.28e-04
  iter 15500: loss = 25.5274
  iter 15550: loss = 18.3287
  iter 15600: loss = 21.8023
  iter 15650: loss = 19.8189
  iter 15700: loss = 21.2161
  iter 15750: loss = 21.3827
  iter 15800: loss = 19.2158
  iter 15850: loss = 17.1875
  iter 15900: loss = 17.6370
  iter 15950: loss = 23.1327
iter 16000 | train loss 23.8882 | val loss 23.2191 | val MAE 3.445 | val R² 0.9830 | lr 1.14e-04
  iter 16000: loss = 16.6378
  iter 16050: loss = 19.1061
  iter 16100: loss = 19.6909
  iter 16150: loss = 17.2098
  iter 16200: loss = 20.3320
  iter 16250: loss = 20.8072
  iter 16300: loss = 17.7307
  iter 16350: loss = 14.5439
  iter 16400: loss = 22.3105
  iter 16450: loss = 16.2313
iter 16500 | train loss 19.9511 | val loss 19.7859 | val MAE 3.165 | val R² 0.9855 | lr 1.02e-04
  iter 16500: loss = 22.3232
  iter 16550: loss = 14.4145
  iter 16600: loss = 19.1089
  iter 16650: loss = 26.1215
  iter 16700: loss = 16.3276
  iter 16750: loss = 20.6226
  iter 16800: loss = 15.7908
  iter 16850: loss = 21.4920
  iter 16900: loss = 15.3891
  iter 16950: loss = 15.9890
iter 17000 | train loss 31.5559 | val loss 30.8105 | val MAE 4.167 | val R² 0.9774 | lr 9.09e-05
  iter 17000: loss = 30.7545
  iter 17050: loss = 14.4398
  iter 17100: loss = 20.0375
  iter 17150: loss = 16.8072
  iter 17200: loss = 32.7647
  iter 17250: loss = 15.8753
  iter 17300: loss = 17.3727
  iter 17350: loss = 18.8955
  iter 17400: loss = 19.6837
  iter 17450: loss = 16.2536
iter 17500 | train loss 17.4450 | val loss 17.2691 | val MAE 2.987 | val R² 0.9874 | lr 8.16e-05
  iter 17500: loss = 14.2910
  iter 17550: loss = 15.1243
  iter 17600: loss = 15.5323
  iter 17650: loss = 19.1815
  iter 17700: loss = 20.0787
  iter 17750: loss = 14.9029
  iter 17800: loss = 15.9511
  iter 17850: loss = 16.5993
  iter 17900: loss = 27.1263
  iter 17950: loss = 14.1615
iter 18000 | train loss 16.6961 | val loss 15.6427 | val MAE 2.800 | val R² 0.9885 | lr 7.39e-05
  iter 18000: loss = 14.6769
  iter 18050: loss = 10.6594
  iter 18100: loss = 14.4473
  iter 18150: loss = 13.8359
  iter 18200: loss = 17.0523
  iter 18250: loss = 17.4601
  iter 18300: loss = 17.8452
  iter 18350: loss = 18.3960
  iter 18400: loss = 40.3452
  iter 18450: loss = 22.4363
iter 18500 | train loss 15.4815 | val loss 16.2161 | val MAE 2.806 | val R² 0.9881 | lr 6.78e-05
  iter 18500: loss = 15.0102
  iter 18550: loss = 15.3373
  iter 18600: loss = 14.7981
  iter 18650: loss = 14.1608
  iter 18700: loss = 12.4282
  iter 18750: loss = 17.8069
  iter 18800: loss = 17.0077
  iter 18850: loss = 14.1767
  iter 18900: loss = 17.7649
  iter 18950: loss = 15.2705
iter 19000 | train loss 15.6667 | val loss 14.9927 | val MAE 2.748 | val R² 0.9890 | lr 6.35e-05
  iter 19000: loss = 11.9902
  iter 19050: loss = 10.4982
  iter 19100: loss = 12.1475
  iter 19150: loss = 12.4775
  iter 19200: loss = 27.9582
  iter 19250: loss = 16.9629
  iter 19300: loss = 14.6945
  iter 19350: loss = 17.5258
  iter 19400: loss = 20.6117
  iter 19450: loss = 15.1090
iter 19500 | train loss 14.2867 | val loss 14.8774 | val MAE 2.696 | val R² 0.9891 | lr 6.09e-05
  iter 19500: loss = 34.0773
  iter 19550: loss = 11.8387
  iter 19600: loss = 13.8071
  iter 19650: loss = 13.2348
  iter 19700: loss = 32.4312
  iter 19750: loss = 11.8941
  iter 19800: loss = 12.3016
  iter 19850: loss = 13.9861
  iter 19900: loss = 14.6895
  iter 19950: loss = 11.9111
iter 20000 | train loss 15.4750 | val loss 15.8524 | val MAE 2.693 | val R² 0.9884 | lr 6.00e-05
  iter 20000: loss = 11.8121
  iter 20050: loss = 13.8043
  iter 20100: loss = 12.1620
  iter 20150: loss = 17.1581
  iter 20200: loss = 14.7307
  iter 20250: loss = 9.6415
  iter 20300: loss = 15.2092
  iter 20350: loss = 13.4016
  iter 20400: loss = 10.4354
  iter 20450: loss = 12.8889
iter 20500 | train loss 13.5130 | val loss 14.8284 | val MAE 2.622 | val R² 0.9891 | lr 6.00e-05
  iter 20500: loss = 10.5294
  iter 20550: loss = 10.3645
  iter 20600: loss = 11.4253
  iter 20650: loss = 11.3356
  iter 20700: loss = 12.5925
  iter 20750: loss = 16.2498
  iter 20800: loss = 11.4733
  iter 20850: loss = 17.2644
  iter 20900: loss = 14.2363
  iter 20950: loss = 9.0653
iter 21000 | train loss 14.4425 | val loss 14.0602 | val MAE 2.643 | val R² 0.9897 | lr 6.00e-05
  iter 21000: loss = 11.7372
  iter 21050: loss = 12.8590
  iter 21100: loss = 17.9774
  iter 21150: loss = 19.8071
  iter 21200: loss = 14.0685
  iter 21250: loss = 17.8442
  iter 21300: loss = 18.8188
  iter 21350: loss = 12.0752
  iter 21400: loss = 12.8563
  iter 21450: loss = 13.4188
iter 21500 | train loss 12.2338 | val loss 12.7016 | val MAE 2.547 | val R² 0.9907 | lr 6.00e-05
  iter 21500: loss = 10.1816
  iter 21550: loss = 15.3854
  iter 21600: loss = 16.2931
  iter 21650: loss = 16.4725
  iter 21700: loss = 12.2832
  iter 21750: loss = 11.9613
  iter 21800: loss = 9.8268
  iter 21850: loss = 13.7354
  iter 21900: loss = 12.2128
  iter 21950: loss = 12.3821
iter 22000 | train loss 13.5585 | val loss 13.4307 | val MAE 2.641 | val R² 0.9902 | lr 6.00e-05
  iter 22000: loss = 12.1914
  iter 22050: loss = 12.0352
  iter 22100: loss = 12.8080
  iter 22150: loss = 10.4785
  iter 22200: loss = 13.7430
  iter 22250: loss = 8.7628
  iter 22300: loss = 11.7553
  iter 22350: loss = 9.4021
  iter 22400: loss = 13.1065
  iter 22450: loss = 11.6901
iter 22500 | train loss 20.0188 | val loss 18.8469 | val MAE 3.292 | val R² 0.9862 | lr 6.00e-05
  iter 22500: loss = 17.7758
  iter 22550: loss = 14.5107
  iter 22600: loss = 15.4414
  iter 22650: loss = 10.5715
  iter 22700: loss = 9.7290
  iter 22750: loss = 12.3623
  iter 22800: loss = 9.4049
  iter 22850: loss = 11.9284
  iter 22900: loss = 33.2078
  iter 22950: loss = 9.6697
iter 23000 | train loss 11.9854 | val loss 13.8286 | val MAE 2.459 | val R² 0.9899 | lr 6.00e-05
  iter 23000: loss = 9.1334
  iter 23050: loss = 10.3864
  iter 23100: loss = 9.6772
  iter 23150: loss = 11.4588
  iter 23200: loss = 12.3743
  iter 23250: loss = 12.0177
  iter 23300: loss = 9.8042
  iter 23350: loss = 9.7530
  iter 23400: loss = 15.8472
  iter 23450: loss = 10.2131
iter 23500 | train loss 14.4163 | val loss 13.9455 | val MAE 2.555 | val R² 0.9898 | lr 6.00e-05
  iter 23500: loss = 14.3936
  iter 23550: loss = 12.2387
  iter 23600: loss = 31.0752
  iter 23650: loss = 13.7990
  iter 23700: loss = 17.5173
  iter 23750: loss = 18.0603
  iter 23800: loss = 13.0552
  iter 23850: loss = 43.6585
  iter 23900: loss = 11.3354
  iter 23950: loss = 12.3693
iter 24000 | train loss 15.5351 | val loss 15.6503 | val MAE 2.875 | val R² 0.9885 | lr 6.00e-05
  iter 24000: loss = 14.3534
  iter 24050: loss = 11.7663
  iter 24100: loss = 14.0306
  iter 24150: loss = 12.7017
  iter 24200: loss = 9.6204
  iter 24250: loss = 12.3746
  iter 24300: loss = 11.8415
  iter 24350: loss = 7.9391
  iter 24400: loss = 16.9456
  iter 24450: loss = 11.2308
iter 24500 | train loss 11.1741 | val loss 12.6288 | val MAE 2.409 | val R² 0.9907 | lr 6.00e-05
  iter 24500: loss = 11.7184
  iter 24550: loss = 9.6385
  iter 24600: loss = 34.9388
  iter 24650: loss = 11.1033
  iter 24700: loss = 12.9833
  iter 24750: loss = 10.1022
  iter 24800: loss = 11.5188
  iter 24850: loss = 8.3485
  iter 24900: loss = 11.1947
  iter 24950: loss = 10.7013
iter 25000 | train loss 11.7224 | val loss 11.2849 | val MAE 2.372 | val R² 0.9917 | lr 6.00e-05
  iter 25000: loss = 9.4380
  iter 25050: loss = 13.8667
  iter 25100: loss = 10.9377
  iter 25150: loss = 9.8839
  iter 25200: loss = 11.0238
  iter 25250: loss = 11.0084
  iter 25300: loss = 13.7312
  iter 25350: loss = 14.3467
  iter 25400: loss = 11.6561
  iter 25450: loss = 10.9085
iter 25500 | train loss 13.5609 | val loss 13.0075 | val MAE 2.654 | val R² 0.9905 | lr 6.00e-05
  iter 25500: loss = 13.0412
  iter 25550: loss = 11.0052
  iter 25600: loss = 8.3330
  iter 25650: loss = 10.3040
  iter 25700: loss = 16.4661
  iter 25750: loss = 12.9303
  iter 25800: loss = 13.0145
  iter 25850: loss = 15.9343
  iter 25900: loss = 13.2851
  iter 25950: loss = 9.0550
iter 26000 | train loss 13.7488 | val loss 13.3667 | val MAE 2.504 | val R² 0.9902 | lr 6.00e-05
  iter 26000: loss = 15.0043
  iter 26050: loss = 14.1908
  iter 26100: loss = 7.6256
  iter 26150: loss = 9.8083
  iter 26200: loss = 12.1940
  iter 26250: loss = 30.0873
  iter 26300: loss = 8.7530
  iter 26350: loss = 8.3554
  iter 26400: loss = 11.5810
  iter 26450: loss = 36.8800
iter 26500 | train loss 10.8313 | val loss 11.3295 | val MAE 2.290 | val R² 0.9917 | lr 6.00e-05
  iter 26500: loss = 13.7653
  iter 26550: loss = 15.8311
  iter 26600: loss = 11.5984
  iter 26650: loss = 20.1565
  iter 26700: loss = 13.1563
  iter 26750: loss = 15.2507
  iter 26800: loss = 12.7691
  iter 26850: loss = 23.6264
  iter 26900: loss = 8.9326
  iter 26950: loss = 12.0591
iter 27000 | train loss 13.1133 | val loss 11.5574 | val MAE 2.297 | val R² 0.9915 | lr 6.00e-05
  iter 27000: loss = 12.7670
  iter 27050: loss = 37.6441
  iter 27100: loss = 8.8218
  iter 27150: loss = 9.8983
  iter 27200: loss = 8.5818
  iter 27250: loss = 8.1395
  iter 27300: loss = 10.3928
  iter 27350: loss = 8.1581
  iter 27400: loss = 14.4866
  iter 27450: loss = 8.6448
iter 27500 | train loss 11.0779 | val loss 11.2712 | val MAE 2.340 | val R² 0.9917 | lr 6.00e-05
  iter 27500: loss = 9.6870
  iter 27550: loss = 16.3392
  iter 27600: loss = 10.1375
  iter 27650: loss = 9.9741
  iter 27700: loss = 8.4676
  iter 27750: loss = 26.5124
  iter 27800: loss = 7.7768
  iter 27850: loss = 11.4061
  iter 27900: loss = 41.1468
  iter 27950: loss = 10.4448
iter 28000 | train loss 13.6959 | val loss 14.1185 | val MAE 2.829 | val R² 0.9897 | lr 6.00e-05
  iter 28000: loss = 11.8561
  iter 28050: loss = 10.1223
  iter 28100: loss = 8.9668
  iter 28150: loss = 10.1022
  iter 28200: loss = 8.0221
  iter 28250: loss = 8.0192
  iter 28300: loss = 13.0955
  iter 28350: loss = 9.3127
  iter 28400: loss = 10.9055
  iter 28450: loss = 10.3079
iter 28500 | train loss 12.3389 | val loss 11.5698 | val MAE 2.469 | val R² 0.9915 | lr 6.00e-05
  iter 28500: loss = 11.5170
  iter 28550: loss = 12.3328
  iter 28600: loss = 17.5202
  iter 28650: loss = 10.7956
  iter 28700: loss = 8.9662
  iter 28750: loss = 10.4519
  iter 28800: loss = 9.6948
  iter 28850: loss = 8.7880
  iter 28900: loss = 14.9502
  iter 28950: loss = 8.9214
iter 29000 | train loss 10.6331 | val loss 11.3634 | val MAE 2.332 | val R² 0.9917 | lr 6.00e-05
  iter 29000: loss = 9.2714
  iter 29050: loss = 11.1979
  iter 29100: loss = 9.9134
  iter 29150: loss = 11.3707
  iter 29200: loss = 8.7504
  iter 29250: loss = 9.6821
  iter 29300: loss = 10.3298
  iter 29350: loss = 22.3990
  iter 29400: loss = 25.0346
  iter 29450: loss = 12.9637
iter 29500 | train loss 11.9565 | val loss 12.1281 | val MAE 2.545 | val R² 0.9911 | lr 6.00e-05
  iter 29500: loss = 30.0799
  iter 29550: loss = 12.2464
  iter 29600: loss = 8.4527
  iter 29650: loss = 12.4313
  iter 29700: loss = 10.1028
  iter 29750: loss = 11.8006
  iter 29800: loss = 9.0590
  iter 29850: loss = 8.9486
  iter 29900: loss = 9.8136
  iter 29950: loss = 8.4654
iter 30000 | train loss 12.3532 | val loss 12.9568 | val MAE 2.662 | val R² 0.9905 | lr 6.00e-05

Experiment complete!
