/home/nlp/matan_avitan/git/nopos_locating_new/nanoGPT/train_position_classifier.py:245: FutureWarning: `torch.cuda.amp.GradScaler(args...)` is deprecated. Please use `torch.amp.GradScaler('cuda', args...)` instead.
  scaler = torch.cuda.amp.GradScaler(enabled=(dtype == "float16"))
wandb: Currently logged in as: matan_avitan to https://api.wandb.ai. Use `wandb login --relogin` to force relogin
wandb: setting up run tyl2f19b
wandb: Tracking run with wandb version 0.23.1
wandb: Run data is saved locally in /home/nlp/matan_avitan/git/nopos_locating_new/nanoGPT/wandb/run-20260116_024812-tyl2f19b
wandb: Run `wandb offline` to turn off syncing.
wandb: Syncing run nope-1layer-wide-1536d-24h
wandb: ⭐️ View project at https://wandb.ai/matan_avitan/position-classifier
wandb: 🚀 View run at https://wandb.ai/matan_avitan/position-classifier/runs/tyl2f19b
Overriding config with config/train_posclf_1layer_wide.py:
# Configuration for Position Classifier - 1 Layer WIDE (higher dim, more heads)
# Tests if wider model helps with limited depth

# I/O
out_dir = "out-posclf-1layer-wide"
eval_interval = 500
log_interval = 50
eval_iters = 200
always_save_checkpoint = True

# Wandb logging
wandb_log = True
wandb_project = "position-classifier"
wandb_run_name = "nope-1layer-wide-1536d-24h"

# Data
dataset = "openwebtext"
gradient_accumulation_steps = 4
batch_size = 32  # Smaller batch due to larger model
block_size = 128

# Model - 1 layer but WIDE
n_layer = 1
n_head = 24       # More heads
n_embd = 1536     # 2x embedding dimension
dropout = 0.0
bias = False

# NoPE
use_positional_embedding = False
norm_type = "layernorm"

# Training
freeze_transformer = False
use_regression = False  # Classification

learning_rate = 3e-4
max_iters = 20000
weight_decay = 0.1
warmup_iters = 1000
lr_decay_iters = 20000
min_lr = 3e-5

# System
device = "cuda"
dtype = "bfloat16"
compile = True
seed = 42

tokens per iteration will be: 16,384
Initializing a new Position Classifier model from scratch
defaulting to vocab_size of GPT-2: 50304

============================================================
Position Classifier Model Initialized
============================================================
  Positional Embedding: False
  Normalization Type:   layernorm
  Layers:               1
  Heads:                24
  Embedding Dim:        1536
  Block Size:           128
  Vocab Size:           50304
  Position Classes:     128
  Parameters:           105.78M
============================================================

Decayed params: 6 tensors, 105,775,104 params
Non-decayed params: 3 tensors, 4,608 params
Using fused AdamW: True
compiling the model... (takes a ~minute)

Starting training for 20000 iterations...
  Model: Position Classifier
  Positional Embedding: False
  Frozen transformer: False
  Dataset: openwebtext
  Batch size: 32 x 4 = 128
  Block size: 128
  Position classes: 128
  Learning rate: 0.0003 -> 3e-05

step 0: train loss 5.1993, val loss 5.2000, train acc 0.0068, val acc 0.0068, lr 3.00e-07
iter 0: loss 5.2084, time 15333.78ms
iter 50: loss 4.7219, time 24.11ms
iter 100: loss 4.4085, time 24.03ms
iter 150: loss 4.2388, time 24.65ms
iter 200: loss 4.1061, time 24.61ms
iter 250: loss 4.1445, time 24.62ms
iter 300: loss 3.8947, time 24.84ms
iter 350: loss 3.9043, time 24.31ms
iter 400: loss 3.8183, time 24.19ms
iter 450: loss 3.7904, time 24.59ms
step 500: train loss 3.8433, val loss 3.8366, train acc 0.0509, val acc 0.0510, lr 1.50e-04
saving checkpoint to out-posclf-1layer-wide/ckpt_00500.pt
iter 500: loss 3.8634, time 9410.36ms
iter 550: loss 3.7528, time 24.21ms
iter 600: loss 3.9385, time 24.87ms
iter 650: loss 3.8077, time 24.22ms
iter 700: loss 3.7655, time 24.29ms
iter 750: loss 3.8000, time 24.12ms
iter 800: loss 3.5813, time 24.57ms
iter 850: loss 3.6711, time 24.60ms
iter 900: loss 3.6623, time 24.60ms
iter 950: loss 3.9195, time 23.98ms
step 1000: train loss 4.2796, val loss 4.2697, train acc 0.0423, val acc 0.0419, lr 3.00e-04
saving checkpoint to out-posclf-1layer-wide/ckpt_01000.pt
iter 1000: loss 4.3933, time 10177.45ms
iter 1050: loss 4.1181, time 24.16ms
iter 1100: loss 3.6429, time 24.20ms
iter 1150: loss 3.8535, time 24.09ms
iter 1200: loss 3.6884, time 24.65ms
iter 1250: loss 3.6733, time 24.19ms
iter 1300: loss 3.6681, time 24.35ms
iter 1350: loss 3.6385, time 24.09ms
iter 1400: loss 3.5935, time 24.65ms
iter 1450: loss 3.6733, time 24.54ms
step 1500: train loss 3.6651, val loss 3.6591, train acc 0.0658, val acc 0.0661, lr 3.00e-04
saving checkpoint to out-posclf-1layer-wide/ckpt_01500.pt
iter 1500: loss 3.7222, time 9750.34ms
iter 1550: loss 3.7619, time 24.57ms
iter 1600: loss 3.5545, time 24.08ms
iter 1650: loss 3.5699, time 24.34ms
iter 1700: loss 3.7050, time 24.27ms
iter 1750: loss 3.6683, time 24.20ms
iter 1800: loss 3.6761, time 24.22ms
iter 1850: loss 3.5180, time 24.22ms
iter 1900: loss 3.5541, time 24.25ms
iter 1950: loss 3.5127, time 24.29ms
step 2000: train loss 3.5419, val loss 3.5321, train acc 0.0769, val acc 0.0767, lr 2.98e-04
saving checkpoint to out-posclf-1layer-wide/ckpt_02000.pt
iter 2000: loss 3.4968, time 10010.97ms
iter 2050: loss 3.5616, time 24.57ms
iter 2100: loss 3.6036, time 24.59ms
iter 2150: loss 3.5838, time 24.60ms
iter 2200: loss 3.6885, time 24.13ms
iter 2250: loss 3.4514, time 24.65ms
iter 2300: loss 3.5480, time 24.21ms
iter 2350: loss 3.5647, time 24.46ms
iter 2400: loss 3.4870, time 24.64ms
iter 2450: loss 3.4989, time 23.66ms
step 2500: train loss 3.6795, val loss 3.6563, train acc 0.0737, val acc 0.0733, lr 2.96e-04
saving checkpoint to out-posclf-1layer-wide/ckpt_02500.pt
iter 2500: loss 3.7698, time 10034.70ms
iter 2550: loss 3.3208, time 23.67ms
iter 2600: loss 3.4178, time 23.70ms
iter 2650: loss 3.3979, time 23.71ms
iter 2700: loss 3.3805, time 23.73ms
iter 2750: loss 3.5170, time 23.56ms
iter 2800: loss 3.6110, time 23.76ms
iter 2850: loss 3.6513, time 23.61ms
iter 2900: loss 3.4873, time 23.55ms
iter 2950: loss 3.3737, time 24.48ms
step 3000: train loss 3.3778, val loss 3.3742, train acc 0.0929, val acc 0.0940, lr 2.93e-04
saving checkpoint to out-posclf-1layer-wide/ckpt_03000.pt
iter 3000: loss 3.3503, time 10086.55ms
iter 3050: loss 3.4450, time 23.76ms
iter 3100: loss 3.5946, time 23.57ms
iter 3150: loss 3.6020, time 24.02ms
iter 3200: loss 3.2812, time 23.61ms
iter 3250: loss 3.3657, time 23.69ms
iter 3300: loss 3.5172, time 23.51ms
iter 3350: loss 3.7918, time 23.54ms
iter 3400: loss 3.3561, time 23.59ms
iter 3450: loss 3.4060, time 23.62ms
step 3500: train loss 3.4049, val loss 3.3915, train acc 0.0895, val acc 0.0896, lr 2.89e-04
saving checkpoint to out-posclf-1layer-wide/ckpt_03500.pt
iter 3500: loss 3.3767, time 9837.13ms
iter 3550: loss 3.3003, time 23.58ms
iter 3600: loss 3.3872, time 23.64ms
iter 3650: loss 3.3489, time 23.61ms
iter 3700: loss 3.2178, time 23.77ms
iter 3750: loss 3.2666, time 23.70ms
iter 3800: loss 3.2936, time 28.62ms
iter 3850: loss 3.3760, time 23.74ms
iter 3900: loss 3.4195, time 23.54ms
iter 3950: loss 3.3106, time 23.74ms
step 4000: train loss 3.3500, val loss 3.3305, train acc 0.0947, val acc 0.0950, lr 2.84e-04
saving checkpoint to out-posclf-1layer-wide/ckpt_04000.pt
iter 4000: loss 3.5023, time 10452.34ms
iter 4050: loss 3.3264, time 23.78ms
iter 4100: loss 3.2466, time 23.71ms
iter 4150: loss 3.2886, time 23.52ms
iter 4200: loss 3.3689, time 23.73ms
iter 4250: loss 3.2809, time 23.76ms
iter 4300: loss 3.2780, time 23.67ms
iter 4350: loss 3.3717, time 23.72ms
iter 4400: loss 3.3501, time 23.68ms
iter 4450: loss 3.3606, time 23.92ms
step 4500: train loss 3.2721, val loss 3.2527, train acc 0.1046, val acc 0.1055, lr 2.78e-04
saving checkpoint to out-posclf-1layer-wide/ckpt_04500.pt
iter 4500: loss 3.2525, time 9788.17ms
iter 4550: loss 3.3034, time 23.56ms
iter 4600: loss 3.3021, time 23.86ms
iter 4650: loss 3.3564, time 23.66ms
iter 4700: loss 3.5016, time 23.67ms
iter 4750: loss 3.2747, time 23.66ms
iter 4800: loss 3.3428, time 23.70ms
iter 4850: loss 3.2830, time 23.64ms
iter 4900: loss 3.3439, time 23.70ms
iter 4950: loss 3.2439, time 23.92ms
step 5000: train loss 3.2648, val loss 3.2577, train acc 0.1029, val acc 0.1043, lr 2.72e-04
saving checkpoint to out-posclf-1layer-wide/ckpt_05000.pt
iter 5000: loss 3.1782, time 10654.47ms
iter 5050: loss 3.4409, time 23.71ms
iter 5100: loss 3.4845, time 23.76ms
iter 5150: loss 3.1655, time 23.63ms
iter 5200: loss 3.3955, time 23.63ms
iter 5250: loss 3.2283, time 23.60ms
iter 5300: loss 3.2864, time 23.60ms
iter 5350: loss 3.2389, time 23.76ms
iter 5400: loss 3.2846, time 23.82ms
iter 5450: loss 3.2080, time 23.65ms
step 5500: train loss 3.2290, val loss 3.2145, train acc 0.1081, val acc 0.1080, lr 2.64e-04
saving checkpoint to out-posclf-1layer-wide/ckpt_05500.pt
iter 5500: loss 3.4532, time 9730.33ms
iter 5550: loss 3.2631, time 23.71ms
iter 5600: loss 3.3468, time 23.38ms
iter 5650: loss 3.1549, time 23.51ms
iter 5700: loss 3.4208, time 23.62ms
iter 5750: loss 3.1240, time 23.60ms
iter 5800: loss 3.2083, time 23.75ms
iter 5850: loss 3.1573, time 23.63ms
iter 5900: loss 3.3311, time 23.68ms
iter 5950: loss 3.1182, time 23.54ms
step 6000: train loss 3.2257, val loss 3.2224, train acc 0.1066, val acc 0.1063, lr 2.56e-04
saving checkpoint to out-posclf-1layer-wide/ckpt_06000.pt
iter 6000: loss 3.1995, time 9703.52ms
iter 6050: loss 3.2910, time 23.57ms
iter 6100: loss 3.1706, time 23.85ms
iter 6150: loss 3.3774, time 23.65ms
iter 6200: loss 3.3286, time 23.59ms
iter 6250: loss 3.1763, time 23.62ms
iter 6300: loss 3.2989, time 23.62ms
iter 6350: loss 3.1210, time 23.74ms
iter 6400: loss 3.4085, time 23.71ms
iter 6450: loss 3.2456, time 23.81ms
step 6500: train loss 3.1825, val loss 3.1933, train acc 0.1152, val acc 0.1137, lr 2.48e-04
saving checkpoint to out-posclf-1layer-wide/ckpt_06500.pt
iter 6500: loss 3.1300, time 10538.17ms
iter 6550: loss 3.0958, time 23.52ms
iter 6600: loss 3.1705, time 23.57ms
iter 6650: loss 3.3908, time 23.62ms
iter 6700: loss 3.3081, time 23.65ms
iter 6750: loss 3.1649, time 23.66ms
iter 6800: loss 3.2347, time 23.63ms
iter 6850: loss 3.2309, time 23.67ms
iter 6900: loss 3.1003, time 23.70ms
iter 6950: loss 3.2256, time 23.65ms
step 7000: train loss 3.1737, val loss 3.1883, train acc 0.1147, val acc 0.1137, lr 2.39e-04
saving checkpoint to out-posclf-1layer-wide/ckpt_07000.pt
iter 7000: loss 3.1062, time 9621.02ms
iter 7050: loss 3.2782, time 23.53ms
iter 7100: loss 3.4034, time 22.97ms
iter 7150: loss 3.1963, time 23.63ms
iter 7200: loss 3.1160, time 23.57ms
iter 7250: loss 3.0911, time 23.67ms
iter 7300: loss 3.1340, time 23.67ms
iter 7350: loss 3.2471, time 23.64ms
iter 7400: loss 3.0023, time 23.66ms
iter 7450: loss 3.1209, time 23.62ms
step 7500: train loss 3.1675, val loss 3.1548, train acc 0.1145, val acc 0.1162, lr 2.29e-04
saving checkpoint to out-posclf-1layer-wide/ckpt_07500.pt
iter 7500: loss 3.2821, time 10134.46ms
iter 7550: loss 3.2651, time 24.24ms
iter 7600: loss 3.1688, time 24.20ms
iter 7650: loss 3.1490, time 24.21ms
iter 7700: loss 3.1611, time 24.30ms
iter 7750: loss 3.1294, time 24.10ms
iter 7800: loss 3.2978, time 24.16ms
iter 7850: loss 3.1742, time 23.65ms
iter 7900: loss 3.3221, time 23.72ms
iter 7950: loss 3.0836, time 23.73ms
step 8000: train loss 3.1497, val loss 3.1553, train acc 0.1171, val acc 0.1164, lr 2.19e-04
saving checkpoint to out-posclf-1layer-wide/ckpt_08000.pt
iter 8000: loss 3.1946, time 10270.60ms
iter 8050: loss 3.4377, time 23.81ms
iter 8100: loss 3.1489, time 23.83ms
iter 8150: loss 3.0762, time 23.71ms
iter 8200: loss 3.2857, time 24.98ms
iter 8250: loss 3.1144, time 24.49ms
iter 8300: loss 3.0841, time 23.53ms
iter 8350: loss 3.0938, time 23.67ms
iter 8400: loss 3.1982, time 23.68ms
iter 8450: loss 3.1084, time 23.60ms
step 8500: train loss 3.1363, val loss 3.1185, train acc 0.1213, val acc 0.1210, lr 2.09e-04
saving checkpoint to out-posclf-1layer-wide/ckpt_08500.pt
iter 8500: loss 3.1597, time 10301.76ms
iter 8550: loss 3.3396, time 23.70ms
iter 8600: loss 3.2187, time 23.69ms
iter 8650: loss 3.2319, time 23.79ms
iter 8700: loss 2.9900, time 23.67ms
iter 8750: loss 3.0474, time 23.52ms
iter 8800: loss 3.1394, time 24.45ms
iter 8850: loss 3.1327, time 23.69ms
iter 8900: loss 3.0238, time 23.66ms
iter 8950: loss 3.2257, time 23.78ms
step 9000: train loss 3.1268, val loss 3.1184, train acc 0.1189, val acc 0.1193, lr 1.98e-04
saving checkpoint to out-posclf-1layer-wide/ckpt_09000.pt
iter 9000: loss 3.2453, time 9976.24ms
iter 9050: loss 3.0317, time 23.67ms
iter 9100: loss 3.1952, time 23.60ms
iter 9150: loss 3.2400, time 23.63ms
iter 9200: loss 3.0768, time 23.70ms
iter 9250: loss 3.0547, time 23.65ms
iter 9300: loss 3.0163, time 23.52ms
iter 9350: loss 2.9815, time 23.78ms
iter 9400: loss 3.0640, time 23.78ms
iter 9450: loss 3.0668, time 23.74ms
step 9500: train loss 3.1193, val loss 3.1097, train acc 0.1221, val acc 0.1215, lr 1.87e-04
saving checkpoint to out-posclf-1layer-wide/ckpt_09500.pt
iter 9500: loss 3.2014, time 10255.67ms
iter 9550: loss 3.0773, time 23.78ms
iter 9600: loss 3.0930, time 23.70ms
iter 9650: loss 3.0087, time 24.49ms
iter 9700: loss 3.1944, time 23.70ms
iter 9750: loss 3.0647, time 23.89ms
iter 9800: loss 3.0548, time 26.70ms
iter 9850: loss 3.0082, time 23.64ms
iter 9900: loss 3.0332, time 23.63ms
iter 9950: loss 2.9474, time 23.68ms
step 10000: train loss 3.0788, val loss 3.0698, train acc 0.1290, val acc 0.1293, lr 1.76e-04
saving checkpoint to out-posclf-1layer-wide/ckpt_10000.pt
iter 10000: loss 3.1190, time 9753.54ms
iter 10050: loss 3.0960, time 23.70ms
iter 10100: loss 3.1367, time 23.69ms
iter 10150: loss 3.2284, time 23.72ms
iter 10200: loss 3.0672, time 23.58ms
iter 10250: loss 2.9958, time 23.54ms
iter 10300: loss 3.1418, time 23.75ms
iter 10350: loss 3.0868, time 23.76ms
iter 10400: loss 3.0404, time 23.52ms
iter 10450: loss 3.0466, time 23.57ms
step 10500: train loss 3.0396, val loss 3.0482, train acc 0.1317, val acc 0.1318, lr 1.65e-04
saving checkpoint to out-posclf-1layer-wide/ckpt_10500.pt
iter 10500: loss 3.0631, time 9695.89ms
iter 10550: loss 3.0852, time 23.57ms
iter 10600: loss 3.0729, time 24.00ms
iter 10650: loss 3.1354, time 23.74ms
iter 10700: loss 2.9766, time 23.69ms
iter 10750: loss 3.0807, time 23.62ms
iter 10800: loss 2.8445, time 23.57ms
iter 10850: loss 3.0535, time 23.68ms
iter 10900: loss 2.8750, time 23.84ms
iter 10950: loss 3.6405, time 23.68ms
step 11000: train loss 3.0286, val loss 3.0337, train acc 0.1333, val acc 0.1331, lr 1.54e-04
saving checkpoint to out-posclf-1layer-wide/ckpt_11000.pt
iter 11000: loss 2.9465, time 9702.66ms
iter 11050: loss 3.1014, time 23.73ms
iter 11100: loss 3.1491, time 23.83ms
iter 11150: loss 3.0078, time 23.80ms
iter 11200: loss 3.1781, time 23.74ms
iter 11250: loss 2.9793, time 23.72ms
iter 11300: loss 3.0550, time 23.62ms
iter 11350: loss 2.9875, time 23.59ms
iter 11400: loss 2.9687, time 23.91ms
iter 11450: loss 2.9234, time 23.57ms
step 11500: train loss 3.0567, val loss 3.0454, train acc 0.1347, val acc 0.1351, lr 1.43e-04
saving checkpoint to out-posclf-1layer-wide/ckpt_11500.pt
iter 11500: loss 2.8783, time 9967.90ms
iter 11550: loss 2.9923, time 23.52ms
iter 11600: loss 3.1451, time 23.59ms
iter 11650: loss 3.0319, time 24.21ms
iter 11700: loss 3.1578, time 24.11ms
iter 11750: loss 2.9387, time 23.83ms
iter 11800: loss 3.0288, time 24.22ms
iter 11850: loss 3.0256, time 24.24ms
iter 11900: loss 2.9141, time 24.32ms
iter 11950: loss 3.0811, time 24.38ms
step 12000: train loss 2.9796, val loss 2.9695, train acc 0.1417, val acc 0.1408, lr 1.32e-04
saving checkpoint to out-posclf-1layer-wide/ckpt_12000.pt
iter 12000: loss 3.0030, time 9629.12ms
iter 12050: loss 2.9951, time 24.21ms
iter 12100: loss 3.0096, time 24.34ms
iter 12150: loss 2.9739, time 24.15ms
iter 12200: loss 2.9173, time 24.20ms
iter 12250: loss 3.0771, time 24.32ms
iter 12300: loss 3.0730, time 24.19ms
iter 12350: loss 3.2187, time 24.09ms
iter 12400: loss 2.8833, time 24.22ms
iter 12450: loss 2.9520, time 24.20ms
step 12500: train loss 2.9581, val loss 2.9578, train acc 0.1463, val acc 0.1450, lr 1.21e-04
saving checkpoint to out-posclf-1layer-wide/ckpt_12500.pt
iter 12500: loss 2.7979, time 9735.80ms
iter 12550: loss 2.9136, time 24.13ms
iter 12600: loss 3.0764, time 24.22ms
iter 12650: loss 2.9920, time 24.07ms
iter 12700: loss 2.9524, time 24.24ms
iter 12750: loss 3.0767, time 24.13ms
iter 12800: loss 3.0381, time 24.60ms
iter 12850: loss 3.0816, time 24.23ms
iter 12900: loss 2.9061, time 24.22ms
iter 12950: loss 2.8601, time 24.11ms
step 13000: train loss 2.9204, val loss 2.9132, train acc 0.1500, val acc 0.1512, lr 1.11e-04
saving checkpoint to out-posclf-1layer-wide/ckpt_13000.pt
iter 13000: loss 3.0012, time 9615.23ms
iter 13050: loss 2.8709, time 23.60ms
iter 13100: loss 2.8367, time 23.70ms
iter 13150: loss 2.7591, time 23.52ms
iter 13200: loss 2.8307, time 23.68ms
iter 13250: loss 2.9264, time 23.73ms
iter 13300: loss 2.9334, time 23.64ms
iter 13350: loss 2.9167, time 23.79ms
iter 13400: loss 2.7645, time 23.67ms
iter 13450: loss 2.9835, time 23.65ms
step 13500: train loss 2.8986, val loss 2.8866, train acc 0.1547, val acc 0.1549, lr 1.01e-04
saving checkpoint to out-posclf-1layer-wide/ckpt_13500.pt
iter 13500: loss 3.0132, time 11356.02ms
iter 13550: loss 2.9628, time 24.16ms
iter 13600: loss 3.0257, time 24.42ms
iter 13650: loss 2.8861, time 24.03ms
iter 13700: loss 2.8357, time 24.18ms
iter 13750: loss 2.9010, time 24.20ms
iter 13800: loss 3.3265, time 24.65ms
iter 13850: loss 2.8266, time 24.08ms
iter 13900: loss 2.7632, time 24.22ms
iter 13950: loss 2.9521, time 23.93ms
step 14000: train loss 2.8629, val loss 2.8481, train acc 0.1573, val acc 0.1586, lr 9.12e-05
saving checkpoint to out-posclf-1layer-wide/ckpt_14000.pt
iter 14000: loss 2.7213, time 9712.24ms
iter 14050: loss 2.8146, time 24.21ms
iter 14100: loss 2.8153, time 24.17ms
iter 14150: loss 2.8310, time 24.60ms
iter 14200: loss 2.8658, time 24.16ms
iter 14250: loss 3.0213, time 24.19ms
iter 14300: loss 2.7845, time 24.11ms
iter 14350: loss 2.7550, time 24.62ms
iter 14400: loss 2.9467, time 24.16ms
iter 14450: loss 2.6498, time 24.58ms
step 14500: train loss 2.8496, val loss 2.8462, train acc 0.1631, val acc 0.1625, lr 8.21e-05
saving checkpoint to out-posclf-1layer-wide/ckpt_14500.pt
iter 14500: loss 2.7975, time 9816.16ms
iter 14550: loss 2.7587, time 24.22ms
iter 14600: loss 3.0324, time 24.10ms
iter 14650: loss 2.7342, time 24.20ms
iter 14700: loss 2.8795, time 24.18ms
iter 14750: loss 2.7600, time 23.88ms
iter 14800: loss 2.7129, time 24.16ms
iter 14850: loss 2.7449, time 24.07ms
iter 14900: loss 2.8294, time 24.04ms
iter 14950: loss 2.7290, time 23.87ms
step 15000: train loss 2.7810, val loss 2.7769, train acc 0.1660, val acc 0.1674, lr 7.36e-05
saving checkpoint to out-posclf-1layer-wide/ckpt_15000.pt
iter 15000: loss 2.8561, time 9608.33ms
iter 15050: loss 2.7568, time 23.96ms
iter 15100: loss 2.8578, time 24.20ms
iter 15150: loss 2.6778, time 24.15ms
iter 15200: loss 2.6961, time 24.24ms
iter 15250: loss 2.7503, time 24.22ms
iter 15300: loss 2.7455, time 24.17ms
iter 15350: loss 2.6312, time 24.09ms
iter 15400: loss 2.5850, time 24.40ms
iter 15450: loss 2.8997, time 24.30ms
step 15500: train loss 2.7474, val loss 2.7480, train acc 0.1789, val acc 0.1771, lr 6.57e-05
saving checkpoint to out-posclf-1layer-wide/ckpt_15500.pt
iter 15500: loss 2.6847, time 11926.56ms
iter 15550: loss 3.0224, time 23.74ms
iter 15600: loss 2.7664, time 23.57ms
iter 15650: loss 2.6697, time 23.63ms
iter 15700: loss 2.8377, time 23.71ms
iter 15750: loss 2.7232, time 23.54ms
iter 15800: loss 2.6192, time 23.60ms
iter 15850: loss 2.6522, time 23.70ms
iter 15900: loss 2.6747, time 23.55ms
iter 15950: loss 2.5646, time 23.67ms
step 16000: train loss 2.6985, val loss 2.6799, train acc 0.1830, val acc 0.1845, lr 5.85e-05
saving checkpoint to out-posclf-1layer-wide/ckpt_16000.pt
iter 16000: loss 2.8375, time 10299.18ms
iter 16050: loss 2.6814, time 23.65ms
iter 16100: loss 2.5445, time 23.72ms
iter 16150: loss 2.6851, time 23.57ms
iter 16200: loss 2.6403, time 23.58ms
iter 16250: loss 2.5807, time 23.84ms
iter 16300: loss 2.6879, time 23.85ms
iter 16350: loss 2.6451, time 23.69ms
iter 16400: loss 2.6736, time 23.76ms
iter 16450: loss 2.5024, time 23.55ms
step 16500: train loss 2.6497, val loss 2.6331, train acc 0.1922, val acc 0.1939, lr 5.20e-05
saving checkpoint to out-posclf-1layer-wide/ckpt_16500.pt
iter 16500: loss 2.5019, time 9764.47ms
iter 16550: loss 2.6610, time 23.56ms
iter 16600: loss 2.7131, time 23.57ms
iter 16650: loss 2.5722, time 23.59ms
iter 16700: loss 2.5567, time 23.90ms
iter 16750: loss 2.5952, time 23.65ms
iter 16800: loss 2.4994, time 23.62ms
iter 16850: loss 2.5207, time 23.82ms
iter 16900: loss 2.7481, time 23.68ms
iter 16950: loss 2.5211, time 23.61ms
step 17000: train loss 2.6044, val loss 2.6003, train acc 0.1879, val acc 0.1895, lr 4.63e-05
saving checkpoint to out-posclf-1layer-wide/ckpt_17000.pt
iter 17000: loss 2.4614, time 10733.25ms
iter 17050: loss 2.5466, time 23.53ms
iter 17100: loss 2.4573, time 23.69ms
iter 17150: loss 2.4055, time 23.55ms
iter 17200: loss 2.7441, time 23.62ms
iter 17250: loss 2.5747, time 23.64ms
iter 17300: loss 2.5929, time 23.59ms
iter 17350: loss 2.6072, time 23.72ms
iter 17400: loss 2.7202, time 24.34ms
iter 17450: loss 2.5189, time 23.69ms
step 17500: train loss 2.6117, val loss 2.5887, train acc 0.1736, val acc 0.1742, lr 4.14e-05
saving checkpoint to out-posclf-1layer-wide/ckpt_17500.pt
iter 17500: loss 2.6018, time 9839.96ms
iter 17550: loss 2.4698, time 23.59ms
iter 17600: loss 2.3807, time 23.71ms
iter 17650: loss 2.3988, time 23.64ms
iter 17700: loss 2.5264, time 23.62ms
iter 17750: loss 2.4730, time 23.59ms
iter 17800: loss 2.5607, time 23.73ms
iter 17850: loss 2.5584, time 23.53ms
iter 17900: loss 2.6584, time 24.37ms
iter 17950: loss 2.4234, time 23.71ms
step 18000: train loss 2.5161, val loss 2.4892, train acc 0.2095, val acc 0.2108, lr 3.73e-05
saving checkpoint to out-posclf-1layer-wide/ckpt_18000.pt
iter 18000: loss 2.3482, time 10494.66ms
iter 18050: loss 2.5158, time 23.56ms
iter 18100: loss 2.5278, time 24.11ms
iter 18150: loss 2.4041, time 23.71ms
iter 18200: loss 2.5030, time 23.69ms
iter 18250: loss 2.4693, time 23.58ms
iter 18300: loss 2.5082, time 23.56ms
iter 18350: loss 2.5454, time 23.61ms
iter 18400: loss 2.3053, time 23.75ms
iter 18450: loss 2.4476, time 23.66ms
step 18500: train loss 2.4416, val loss 2.4664, train acc 0.2244, val acc 0.2208, lr 3.41e-05
saving checkpoint to out-posclf-1layer-wide/ckpt_18500.pt
iter 18500: loss 2.4737, time 9712.76ms
iter 18550: loss 2.6547, time 23.77ms
iter 18600: loss 2.3800, time 23.60ms
iter 18650: loss 2.3609, time 23.66ms
iter 18700: loss 2.4097, time 23.65ms
iter 18750: loss 2.3683, time 23.82ms
iter 18800: loss 2.7391, time 23.70ms
iter 18850: loss 2.5859, time 23.52ms
iter 18900: loss 2.3307, time 23.53ms
iter 18950: loss 2.4300, time 23.62ms
step 19000: train loss 2.4400, val loss 2.4156, train acc 0.2390, val acc 0.2415, lr 3.18e-05
saving checkpoint to out-posclf-1layer-wide/ckpt_19000.pt
iter 19000: loss 2.3399, time 9634.68ms
iter 19050: loss 2.4544, time 23.76ms
iter 19100: loss 2.3937, time 24.07ms
iter 19150: loss 2.5241, time 23.62ms
iter 19200: loss 2.4137, time 23.57ms
iter 19250: loss 2.4316, time 23.92ms
iter 19300: loss 2.4529, time 23.67ms
iter 19350: loss 2.3833, time 23.58ms
iter 19400: loss 2.4044, time 23.60ms
iter 19450: loss 2.1972, time 23.70ms
step 19500: train loss 2.4095, val loss 2.3948, train acc 0.2336, val acc 0.2346, lr 3.05e-05
saving checkpoint to out-posclf-1layer-wide/ckpt_19500.pt
iter 19500: loss 2.4075, time 9722.59ms
iter 19550: loss 2.3459, time 24.74ms
iter 19600: loss 2.4430, time 24.70ms
iter 19650: loss 2.3618, time 24.28ms
iter 19700: loss 2.5366, time 24.31ms
iter 19750: loss 2.4667, time 24.56ms
iter 19800: loss 2.3090, time 24.95ms
iter 19850: loss 2.3620, time 24.62ms
iter 19900: loss 2.5112, time 24.76ms
iter 19950: loss 2.3806, time 24.73ms
step 20000: train loss 2.3816, val loss 2.3561, train acc 0.2379, val acc 0.2416, lr 3.00e-05
saving checkpoint to out-posclf-1layer-wide/ckpt_20000.pt
iter 20000: loss 2.4560, time 11081.95ms

Training complete!
Best validation loss: 2.3561
Checkpoints saved to: out-posclf-1layer-wide/
[1;34mwandb[0m: 
[1;34mwandb[0m: 🚀 View run [33mnope-1layer-wide-1536d-24h[0m at: [34m[0m
[1;34mwandb[0m: Find logs at: [1;35mwandb/run-20260116_024812-tyl2f19b/logs[0m
