/home/nlp/matan_avitan/git/nopos_locating_new/nanoGPT/train_2layer_mechanism.py:413: FutureWarning: `torch.cuda.amp.GradScaler(args...)` is deprecated. Please use `torch.amp.GradScaler('cuda', args...)` instead.
  scaler = torch.cuda.amp.GradScaler(enabled=(config.dtype == "float16"))
wandb: Currently logged in as: matan_avitan to https://api.wandb.ai. Use `wandb login --relogin` to force relogin
wandb: setting up run 4dev6ibk
wandb: Tracking run with wandb version 0.23.1
wandb: Run data is saved locally in /home/nlp/matan_avitan/git/nopos_locating_new/nanoGPT/wandb/run-20260125_192448-4dev6ibk
wandb: Run `wandb offline` to turn off syncing.
wandb: Syncing run R0_exp1_freeze_train_matrix
wandb: ⭐️ View project at https://wandb.ai/matan_avitan/nope-2layer-mechanism
wandb: 🚀 View run at https://wandb.ai/matan_avitan/nope-2layer-mechanism/runs/4dev6ibk
Loaded data: train=9,035,582,489 tokens, val=4,434,606 tokens

*** Using raw OpenWebText sequences (no forced BOS insertion) ***


============================================================
2-Layer Mechanism Analysis Model Initialized
============================================================
  Embedding Dim:        768
  Heads:                12
  Head Dim:             64
  Block Size:           128
  Normalization:        layernorm
  Regression Mode:      True
  Parameters:           53.40M
============================================================


============================================================
Regime: R0: Full Training
============================================================
  Trainable:  53,402,882 params (100.0%)
  Frozen:     0 params (0.0%)
  Total:      53,402,882 params

  Component status:
    Embedding      : TRAIN  (38,633,472 params)
    Block1.LN1     : TRAIN  (1,536 params)
    Block1.Attn    : TRAIN  (2,362,368 params)
    Block1.LN2     : TRAIN  (1,536 params)
    Block1.MLP     : TRAIN  (4,722,432 params)
    Block2.LN1     : TRAIN  (1,536 params)
    Block2.Attn    : TRAIN  (2,362,368 params)
    Block2.LN2     : TRAIN  (1,536 params)
    Block2.MLP     : TRAIN  (4,722,432 params)
    Final LN       : TRAIN  (1,536 params)
    Pos Head       : TRAIN  (769 params)
    MLP Probe      : TRAIN  (591,361 params)
============================================================

Compiling model...
Optimizer: 12 weight decay, 21 no decay

============================================================
Training Regime: R0
Max iterations: 20000
============================================================

Traceback (most recent call last):
  File "/home/nlp/matan_avitan/git/nopos_locating_new/nanoGPT/train_2layer_mechanism.py", line 733, in <module>
    main()
  File "/home/nlp/matan_avitan/git/nopos_locating_new/nanoGPT/train_2layer_mechanism.py", line 726, in main
    results = train_regime(args.regime, config, args)
              ^^^^^^^^^^^^^^^^^^^^^^^^^^^^^^^^^^^^^^^
  File "/home/nlp/matan_avitan/git/nopos_locating_new/nanoGPT/train_2layer_mechanism.py", line 466, in train_regime
    metrics = evaluate(model, config, device, ctx)
              ^^^^^^^^^^^^^^^^^^^^^^^^^^^^^^^^^^^^
  File "/home/nlp/matan_avitan/.conda/envs/py312/lib/python3.12/site-packages/torch/utils/_contextlib.py", line 120, in decorate_context
    return func(*args, **kwargs)
           ^^^^^^^^^^^^^^^^^^^^^
  File "/home/nlp/matan_avitan/git/nopos_locating_new/nanoGPT/train_2layer_mechanism.py", line 296, in evaluate
    x, targets = get_batch(split, config, device)
                 ^^^^^^^^^^^^^^^^^^^^^^^^^^^^^^^^
  File "/home/nlp/matan_avitan/git/nopos_locating_new/nanoGPT/train_2layer_mechanism.py", line 246, in get_batch
    pos_targets = pos_targets.pin_memory().to(device, non_blocking=True)
                  ^^^^^^^^^^^^^^^^^^^^^^^^
RuntimeError: unsupported operation: more than one element of the written-to tensor refers to a single memory location. Please clone() the tensor before performing the operation.
[1;34mwandb[0m: 
[1;34mwandb[0m: 🚀 View run [33mR0_exp1_freeze_train_matrix[0m at: [34m[0m
[1;34mwandb[0m: Find logs at: [1;35mwandb/run-20260125_192448-4dev6ibk/logs[0m
