/home/nlp/matan_avitan/git/nopos_locating_new/nanoGPT/train_position_classifier.py:243: FutureWarning: `torch.cuda.amp.GradScaler(args...)` is deprecated. Please use `torch.amp.GradScaler('cuda', args...)` instead.
  scaler = torch.cuda.amp.GradScaler(enabled=(dtype == "float16"))
wandb: Currently logged in as: matan_avitan to https://api.wandb.ai. Use `wandb login --relogin` to force relogin
wandb: setting up run 9smkksr1
wandb: Tracking run with wandb version 0.23.1
wandb: Run data is saved locally in /home/nlp/matan_avitan/git/nopos_locating_new/nanoGPT/wandb/run-20260116_022327-9smkksr1
wandb: Run `wandb offline` to turn off syncing.
wandb: Syncing run nope-1layer-posclf-full
wandb: ⭐️ View project at https://wandb.ai/matan_avitan/position-classifier
wandb: 🚀 View run at https://wandb.ai/matan_avitan/position-classifier/runs/9smkksr1
Overriding config with config/train_position_classifier.py:
# Configuration for Position Classifier - Full Training
# Trains entire model end-to-end for position prediction

# I/O
out_dir = "out-position-classifier-full"
eval_interval = 500
log_interval = 50
eval_iters = 200
always_save_checkpoint = True

# Wandb logging
wandb_log = True
wandb_project = "position-classifier"
wandb_run_name = "nope-1layer-posclf-full"

# Data
dataset = "openwebtext"
gradient_accumulation_steps = 4
batch_size = 64
block_size = 128  # Sequence length = position classes

# Model
n_layer = 1
n_head = 12
n_embd = 768
dropout = 0.0
bias = False

# NoPE - no positional embeddings
use_positional_embedding = False
norm_type = "layernorm"

# Training mode
freeze_transformer = False  # Full training

# Optimizer
learning_rate = 6e-4
max_iters = 10000
weight_decay = 0.1
beta1 = 0.9
beta2 = 0.99
grad_clip = 1.0

# Learning rate schedule
decay_lr = True
warmup_iters = 500
lr_decay_iters = 10000
min_lr = 6e-5

# System
device = "cuda"
dtype = "bfloat16"
compile = True
seed = 42

tokens per iteration will be: 32,768
Initializing a new Position Classifier model from scratch
defaulting to vocab_size of GPT-2: 50304

============================================================
Position Classifier Model Initialized
============================================================
  Positional Embedding: False
  Normalization Type:   layernorm
  Layers:               1
  Heads:                12
  Embedding Dim:        768
  Block Size:           128
  Vocab Size:           50304
  Position Classes:     128
  Parameters:           45.81M
============================================================

Decayed params: 6 tensors, 45,809,664 params
Non-decayed params: 3 tensors, 2,304 params
Using fused AdamW: True
compiling the model... (takes a ~minute)

Starting training for 10000 iterations...
  Model: Position Classifier
  Positional Embedding: False
  Frozen transformer: False
  Dataset: openwebtext
  Batch size: 64 x 4 = 256
  Block size: 128
  Position classes: 128
  Learning rate: 0.0006 -> 6e-05

step 0: train loss 5.0009, val loss 5.0007, train acc 0.0076, val acc 0.0076, lr 1.20e-06
iter 0: loss 5.0009, time 15638.66ms
iter 50: loss 4.6184, time 17.28ms
iter 100: loss 4.2028, time 18.11ms
iter 150: loss 4.1337, time 18.50ms
iter 200: loss 4.0367, time 16.01ms
iter 250: loss 4.0253, time 18.41ms
iter 300: loss 4.0164, time 16.00ms
iter 350: loss 3.8198, time 15.50ms
iter 400: loss 3.8591, time 16.18ms
iter 450: loss 3.9510, time 16.01ms
step 500: train loss 3.9933, val loss 3.9891, train acc 0.0463, val acc 0.0461, lr 6.00e-04
saving checkpoint to out-position-classifier-full/ckpt_00500.pt
iter 500: loss 4.0377, time 6896.93ms
iter 550: loss 3.8396, time 17.83ms
iter 600: loss 3.8622, time 15.94ms
iter 650: loss 3.8772, time 15.98ms
iter 700: loss 3.9614, time 15.92ms
iter 750: loss 3.7314, time 16.89ms
iter 800: loss 4.5673, time 15.83ms
iter 850: loss 3.6764, time 15.90ms
iter 900: loss 4.1211, time 15.37ms
iter 950: loss 3.6624, time 16.01ms
step 1000: train loss 3.6840, val loss 3.6822, train acc 0.0650, val acc 0.0653, lr 5.96e-04
saving checkpoint to out-position-classifier-full/ckpt_01000.pt
iter 1000: loss 3.6536, time 7036.28ms
iter 1050: loss 3.7529, time 15.99ms
iter 1100: loss 3.7167, time 15.90ms
iter 1150: loss 3.6547, time 16.00ms
iter 1200: loss 3.6530, time 16.13ms
iter 1250: loss 3.5932, time 15.89ms
iter 1300: loss 3.6773, time 17.29ms
iter 1350: loss 3.5634, time 17.81ms
iter 1400: loss 3.6053, time 15.96ms
iter 1450: loss 3.6642, time 16.73ms
step 1500: train loss 3.5297, val loss 3.5129, train acc 0.0804, val acc 0.0800, lr 5.85e-04
saving checkpoint to out-position-classifier-full/ckpt_01500.pt
iter 1500: loss 3.4676, time 6823.48ms
iter 1550: loss 3.7649, time 17.48ms
iter 1600: loss 3.4996, time 15.95ms
iter 1650: loss 3.4708, time 15.51ms
iter 1700: loss 3.4823, time 15.86ms
iter 1750: loss 3.4354, time 15.56ms
iter 1800: loss 3.4201, time 15.91ms
iter 1850: loss 3.3961, time 16.00ms
iter 1900: loss 3.4820, time 16.96ms
iter 1950: loss 3.4500, time 15.48ms
step 2000: train loss 3.4267, val loss 3.4126, train acc 0.0886, val acc 0.0889, lr 5.67e-04
saving checkpoint to out-position-classifier-full/ckpt_02000.pt
iter 2000: loss 3.5183, time 6942.48ms
iter 2050: loss 3.6724, time 16.06ms
iter 2100: loss 3.4764, time 18.12ms
iter 2150: loss 3.5513, time 15.97ms
iter 2200: loss 3.3366, time 17.80ms
iter 2250: loss 3.3475, time 15.95ms
iter 2300: loss 3.4257, time 17.43ms
iter 2350: loss 3.6213, time 15.01ms
iter 2400: loss 3.4975, time 15.04ms
iter 2450: loss 3.4536, time 15.17ms
step 2500: train loss 3.4384, val loss 3.4369, train acc 0.0868, val acc 0.0872, lr 5.43e-04
saving checkpoint to out-position-classifier-full/ckpt_02500.pt
iter 2500: loss 3.3238, time 6667.51ms
iter 2550: loss 3.4228, time 15.08ms
iter 2600: loss 3.2931, time 15.05ms
iter 2650: loss 3.2833, time 15.11ms
iter 2700: loss 3.3132, time 15.05ms
iter 2750: loss 3.2613, time 15.02ms
iter 2800: loss 3.3332, time 15.02ms
iter 2850: loss 3.4241, time 15.16ms
iter 2900: loss 3.3789, time 15.05ms
iter 2950: loss 3.4232, time 15.04ms
step 3000: train loss 3.3078, val loss 3.2995, train acc 0.1007, val acc 0.1010, lr 5.13e-04
saving checkpoint to out-position-classifier-full/ckpt_03000.pt
iter 3000: loss 3.3501, time 6655.41ms
iter 3050: loss 3.2935, time 15.43ms
iter 3100: loss 3.3478, time 15.23ms
iter 3150: loss 3.4703, time 15.04ms
iter 3200: loss 3.2416, time 14.99ms
iter 3250: loss 3.2535, time 15.03ms
iter 3300: loss 3.3852, time 15.11ms
iter 3350: loss 3.2113, time 15.04ms
iter 3400: loss 3.3232, time 15.28ms
iter 3450: loss 3.2088, time 15.28ms
step 3500: train loss 3.2590, val loss 3.2447, train acc 0.1057, val acc 0.1067, lr 4.78e-04
saving checkpoint to out-position-classifier-full/ckpt_03500.pt
iter 3500: loss 3.2612, time 6648.61ms
iter 3550: loss 3.3030, time 15.15ms
iter 3600: loss 3.5864, time 15.06ms
iter 3650: loss 3.3473, time 15.04ms
iter 3700: loss 3.3381, time 15.00ms
iter 3750: loss 3.1833, time 15.13ms
iter 3800: loss 3.2586, time 15.05ms
iter 3850: loss 3.2643, time 15.12ms
iter 3900: loss 3.2477, time 15.13ms
iter 3950: loss 3.4391, time 15.10ms
step 4000: train loss 3.2228, val loss 3.2174, train acc 0.1093, val acc 0.1097, lr 4.38e-04
saving checkpoint to out-position-classifier-full/ckpt_04000.pt
iter 4000: loss 3.2015, time 6733.70ms
iter 4050: loss 3.2423, time 15.19ms
iter 4100: loss 3.2074, time 15.04ms
iter 4150: loss 3.3178, time 15.05ms
iter 4200: loss 3.1892, time 15.15ms
iter 4250: loss 3.2558, time 16.52ms
iter 4300: loss 3.3045, time 16.35ms
iter 4350: loss 3.2915, time 15.03ms
iter 4400: loss 3.2825, time 16.28ms
iter 4450: loss 3.2415, time 15.22ms
step 4500: train loss 3.2078, val loss 3.2020, train acc 0.1106, val acc 0.1102, lr 3.96e-04
saving checkpoint to out-position-classifier-full/ckpt_04500.pt
iter 4500: loss 3.1709, time 6770.76ms
iter 4550: loss 3.0998, time 15.05ms
iter 4600: loss 3.6462, time 16.97ms
iter 4650: loss 3.0919, time 15.05ms
iter 4700: loss 3.1490, time 15.32ms
iter 4750: loss 3.2502, time 15.40ms
iter 4800: loss 3.1202, time 15.02ms
iter 4850: loss 3.2640, time 15.10ms
iter 4900: loss 3.3636, time 15.02ms
iter 4950: loss 3.1441, time 15.04ms
step 5000: train loss 3.1599, val loss 3.1571, train acc 0.1162, val acc 0.1162, lr 3.52e-04
saving checkpoint to out-position-classifier-full/ckpt_05000.pt
iter 5000: loss 3.0353, time 6925.84ms
iter 5050: loss 3.2285, time 15.90ms
iter 5100: loss 3.1862, time 15.01ms
iter 5150: loss 3.1071, time 15.14ms
iter 5200: loss 3.2504, time 15.03ms
iter 5250: loss 3.1769, time 15.10ms
iter 5300: loss 3.1457, time 15.17ms
iter 5350: loss 3.1608, time 15.04ms
iter 5400: loss 3.1243, time 15.08ms
iter 5450: loss 3.0988, time 15.22ms
step 5500: train loss 3.1209, val loss 3.1131, train acc 0.1216, val acc 0.1224, lr 3.08e-04
saving checkpoint to out-position-classifier-full/ckpt_05500.pt
iter 5500: loss 3.2853, time 6748.92ms
iter 5550: loss 3.1727, time 15.04ms
iter 5600: loss 3.0737, time 15.11ms
iter 5650: loss 3.0976, time 15.01ms
iter 5700: loss 3.1068, time 15.09ms
iter 5750: loss 3.0704, time 17.05ms
iter 5800: loss 3.2051, time 15.00ms
iter 5850: loss 3.0124, time 15.04ms
iter 5900: loss 3.0804, time 16.39ms
iter 5950: loss 2.9804, time 15.27ms
step 6000: train loss 3.0662, val loss 3.0510, train acc 0.1312, val acc 0.1324, lr 2.64e-04
saving checkpoint to out-position-classifier-full/ckpt_06000.pt
iter 6000: loss 3.0504, time 6633.37ms
iter 6050: loss 2.9316, time 16.04ms
iter 6100: loss 3.2066, time 17.08ms
iter 6150: loss 3.0196, time 16.10ms
iter 6200: loss 2.9824, time 16.24ms
iter 6250: loss 3.1098, time 16.72ms
iter 6300: loss 3.1503, time 15.97ms
iter 6350: loss 3.0060, time 16.28ms
iter 6400: loss 3.0347, time 15.83ms
iter 6450: loss 3.1412, time 15.98ms
step 6500: train loss 3.0537, val loss 3.0489, train acc 0.1296, val acc 0.1301, lr 2.22e-04
saving checkpoint to out-position-classifier-full/ckpt_06500.pt
iter 6500: loss 3.0017, time 6855.14ms
iter 6550: loss 3.0214, time 16.01ms
iter 6600: loss 3.0312, time 15.35ms
iter 6650: loss 2.9881, time 16.14ms
iter 6700: loss 2.9873, time 16.10ms
iter 6750: loss 2.9343, time 16.06ms
iter 6800: loss 3.7028, time 16.03ms
iter 6850: loss 3.0580, time 15.97ms
iter 6900: loss 2.9414, time 15.97ms
iter 6950: loss 3.0060, time 15.94ms
step 7000: train loss 2.9990, val loss 2.9965, train acc 0.1384, val acc 0.1385, lr 1.82e-04
saving checkpoint to out-position-classifier-full/ckpt_07000.pt
iter 7000: loss 3.0691, time 6588.21ms
iter 7050: loss 2.9528, time 15.61ms
iter 7100: loss 3.1450, time 16.12ms
iter 7150: loss 2.9791, time 15.92ms
iter 7200: loss 3.1272, time 16.03ms
iter 7250: loss 2.9273, time 16.14ms
iter 7300: loss 3.1789, time 16.01ms
iter 7350: loss 3.0704, time 15.62ms
iter 7400: loss 3.0212, time 16.06ms
iter 7450: loss 2.9691, time 15.82ms
step 7500: train loss 2.9792, val loss 2.9759, train acc 0.1447, val acc 0.1448, lr 1.47e-04
saving checkpoint to out-position-classifier-full/ckpt_07500.pt
iter 7500: loss 3.0863, time 6562.45ms
iter 7550: loss 3.1234, time 15.85ms
iter 7600: loss 2.9484, time 16.01ms
iter 7650: loss 2.9556, time 15.64ms
iter 7700: loss 2.9046, time 16.03ms
iter 7750: loss 3.0195, time 15.89ms
iter 7800: loss 3.2046, time 15.96ms
iter 7850: loss 2.9931, time 15.39ms
iter 7900: loss 2.8972, time 15.60ms
iter 7950: loss 3.0372, time 15.81ms
step 8000: train loss 2.9327, val loss 2.9260, train acc 0.1523, val acc 0.1509, lr 1.17e-04
saving checkpoint to out-position-classifier-full/ckpt_08000.pt
iter 8000: loss 2.8756, time 6616.48ms
iter 8050: loss 2.8256, time 16.11ms
iter 8100: loss 2.9359, time 15.41ms
iter 8150: loss 3.2853, time 15.97ms
iter 8200: loss 2.9643, time 15.63ms
iter 8250: loss 2.8593, time 16.15ms
iter 8300: loss 2.9115, time 15.86ms
iter 8350: loss 2.9440, time 15.50ms
iter 8400: loss 2.8166, time 15.65ms
iter 8450: loss 2.9638, time 16.11ms
step 8500: train loss 2.9218, val loss 2.9136, train acc 0.1553, val acc 0.1559, lr 9.25e-05
saving checkpoint to out-position-classifier-full/ckpt_08500.pt
iter 8500: loss 2.8536, time 6616.48ms
iter 8550: loss 2.9014, time 15.62ms
iter 8600: loss 2.8466, time 15.65ms
iter 8650: loss 2.8757, time 15.83ms
iter 8700: loss 2.8676, time 17.10ms
iter 8750: loss 2.8831, time 15.51ms
iter 8800: loss 2.9561, time 15.78ms
iter 8850: loss 2.9520, time 15.40ms
iter 8900: loss 2.9457, time 16.04ms
iter 8950: loss 2.8374, time 15.88ms
step 9000: train loss 2.8864, val loss 2.8810, train acc 0.1640, val acc 0.1634, lr 7.46e-05
saving checkpoint to out-position-classifier-full/ckpt_09000.pt
iter 9000: loss 3.0032, time 6630.97ms
iter 9050: loss 2.7418, time 15.00ms
iter 9100: loss 2.7957, time 15.08ms
iter 9150: loss 2.8346, time 15.03ms
iter 9200: loss 2.8587, time 15.12ms
iter 9250: loss 2.9567, time 15.01ms
iter 9300: loss 2.8452, time 15.03ms
iter 9350: loss 2.8802, time 15.14ms
iter 9400: loss 2.9588, time 15.02ms
iter 9450: loss 2.8586, time 15.15ms
step 9500: train loss 2.8758, val loss 2.8677, train acc 0.1622, val acc 0.1633, lr 6.37e-05
saving checkpoint to out-position-classifier-full/ckpt_09500.pt
iter 9500: loss 2.7793, time 6581.21ms
iter 9550: loss 2.7639, time 15.43ms
iter 9600: loss 2.7509, time 15.01ms
iter 9650: loss 2.8778, time 15.06ms
iter 9700: loss 2.8392, time 15.01ms
iter 9750: loss 2.7423, time 14.98ms
iter 9800: loss 2.8650, time 15.13ms
iter 9850: loss 2.9284, time 15.09ms
iter 9900: loss 2.8511, time 15.22ms
iter 9950: loss 2.8271, time 15.05ms
step 10000: train loss 2.8662, val loss 2.8707, train acc 0.1685, val acc 0.1690, lr 6.00e-05
saving checkpoint to out-position-classifier-full/ckpt_10000.pt
iter 10000: loss 2.9494, time 6548.08ms

Training complete!
Best validation loss: 2.8677
Checkpoints saved to: out-position-classifier-full/
[1;34mwandb[0m: 
[1;34mwandb[0m: 🚀 View run [33mnope-1layer-posclf-full[0m at: [34m[0m
[1;34mwandb[0m: Find logs at: [1;35mwandb/run-20260116_022327-9smkksr1/logs[0m
