/home/nlp/matan_avitan/git/nopos_locating_new/nanoGPT/train_2layer_mechanism.py:488: FutureWarning: `torch.cuda.amp.GradScaler(args...)` is deprecated. Please use `torch.amp.GradScaler('cuda', args...)` instead.
  scaler = torch.cuda.amp.GradScaler(enabled=(config.dtype == "float16"))
wandb: Currently logged in as: matan_avitan to https://api.wandb.ai. Use `wandb login --relogin` to force relogin
wandb: setting up run 02ga1wl5
wandb: Tracking run with wandb version 0.23.1
wandb: Run data is saved locally in /home/nlp/matan_avitan/git/nopos_locating_new/nanoGPT/wandb/run-20260126_011948-02ga1wl5
wandb: Run `wandb offline` to turn off syncing.
wandb: Syncing run R0_exp1_freeze_train_matrix
wandb: ⭐️ View project at https://wandb.ai/matan_avitan/nope-2layer-mechanism
wandb: 🚀 View run at https://wandb.ai/matan_avitan/nope-2layer-mechanism/runs/02ga1wl5
wandb: updating run metadata
wandb: uploading output.log; uploading wandb-summary.json; uploading history steps 38-40, summary, console lines 432-445; uploading config.yaml
wandb: uploading data
wandb: 
wandb: Run history:
wandb: hypothesis/val_r2_for_comparison ▁███████████████████████████████████████
wandb:                             iter ▁▁▁▂▂▂▂▂▂▃▃▃▃▃▃▄▄▄▄▄▅▅▅▅▅▅▆▆▆▆▆▆▇▇▇▇▇▇██
wandb:                               lr ▁████████▇▇▇▇▇▆▆▆▆▅▅▅▅▄▄▄▄▃▃▃▃▃▂▂▂▂▂▂▂▂▂
wandb:                       train/loss █▁▁▁▁▁▁▁▁▁▁▁▁▁▁▁▁▁▁▁▁▁▁▁▁▁▁▁▁▁▁▁▁▁▁▁▁▁▁▁
wandb:                        train/mae █▂▁▂▂▁▁▂▁▂▁▁▁▁▁▁▁▁▁▁▁▁▁▁▁▁▁▁▁▁▁▁▁▁▁▁▁▁▁▁
wandb:                         train/r2 ▁███████████████████████████████████████
wandb:                         val/loss █▁▁▁▁▁▁▁▁▁▁▁▁▁▁▁▁▁▁▁▁▁▁▁▁▁▁▁▁▁▁▁▁▁▁▁▁▁▁▁
wandb:                          val/mae █▂▁▂▂▁▁▂▁▂▁▁▁▁▁▁▁▁▁▁▁▁▁▁▁▁▁▁▁▁▁▁▁▁▁▁▁▁▁▁
wandb:                val/per_pos_mae/0 ▁▂▂▁▃▁▁█▃▃▁▃▁▁▁▃▃▂▁▁▁▁▁▂▁▁▂▂▁▂▁▁▁▁▁▁▁▁▁▁
wandb:                val/per_pos_mae/1 ▅▃▂▂▂▂▂█▂▃▂▂▁▂▁▃▃▁▁▂▁▁▁▂▁▁▂▂▁▂▁▁▁▁▁▁▁▁▁▁
wandb:                             +128 ...
wandb: 
wandb: Run summary:
wandb:                     best_val_mae 0.21604
wandb:                      best_val_r2 0.99959
wandb:                   final_val_loss 1.44801
wandb:                    final_val_mae 0.26953
wandb:                     final_val_r2 0.99894
wandb:                hypothesis/regime R0
wandb: hypothesis/val_r2_for_comparison 0.99926
wandb:                             iter 20000
wandb:                               lr 6e-05
wandb:               regime_description Full training baseli...
wandb:                             +135 ...
wandb: 
wandb: 🚀 View run R0_exp1_freeze_train_matrix at: https://wandb.ai/matan_avitan/nope-2layer-mechanism/runs/02ga1wl5
wandb: ⭐️ View project at: https://wandb.ai/matan_avitan/nope-2layer-mechanism
wandb: Synced 5 W&B file(s), 164 media file(s), 0 artifact file(s) and 0 other file(s)
wandb: Find logs at: ./wandb/run-20260126_011948-02ga1wl5/logs
Loaded data: train=9,035,582,489 tokens, val=4,434,606 tokens

*** BOS token (ID 50256) is inserted at position 0 ***


============================================================
2-Layer Mechanism Analysis Model Initialized
============================================================
  Embedding Dim:        768
  Heads:                12
  Head Dim:             64
  Block Size:           128
  Normalization:        layernorm
  Regression Mode:      True
  Parameters:           53.40M
============================================================


============================================================
Regime: R0: Full Training
============================================================
  Trainable:  53,402,882 params (100.0%)
  Frozen:     0 params (0.0%)
  Total:      53,402,882 params

  Component status:
    Embedding      : TRAIN  (38,633,472 params)
    Block1.LN1     : TRAIN  (1,536 params)
    Block1.Attn    : TRAIN  (2,362,368 params)
    Block1.LN2     : TRAIN  (1,536 params)
    Block1.MLP     : TRAIN  (4,722,432 params)
    Block2.LN1     : TRAIN  (1,536 params)
    Block2.Attn    : TRAIN  (2,362,368 params)
    Block2.LN2     : TRAIN  (1,536 params)
    Block2.MLP     : TRAIN  (4,722,432 params)
    Final LN       : TRAIN  (1,536 params)
    Pos Head       : TRAIN  (769 params)
    MLP Probe      : TRAIN  (591,361 params)
============================================================

Compiling model...
Optimizer: 12 weight decay, 21 no decay

============================================================
Training Regime: R0
Max iterations: 20000
============================================================

iter     0 | train loss 5407.0191 | val loss 5406.1464 | val MAE 63.574 | val R² -2.9598 | lr 1.20e-06
  iter 50: loss = 3585.6614
  iter 100: loss = 3275.7410
  iter 150: loss = 2755.1572
  iter 200: loss = 2067.4231
  iter 250: loss = 1318.9280
  iter 300: loss = 678.9371
  iter 350: loss = 331.2731
  iter 400: loss = 162.0699
  iter 450: loss = 94.4783
iter   500 | train loss 67.8503 | val loss 68.8532 | val MAE 6.342 | val R² 0.9496 | lr 6.00e-04
  iter 500: loss = 67.1275
  iter 550: loss = 37.6584
  iter 600: loss = 30.7291
  iter 650: loss = 23.4698
  iter 700: loss = 29.3679
  iter 750: loss = 30.2849
  iter 800: loss = 27.5152
  iter 850: loss = 28.6548
  iter 900: loss = 18.9870
  iter 950: loss = 19.8461
iter  1000 | train loss 29.5920 | val loss 29.1421 | val MAE 3.941 | val R² 0.9787 | lr 5.99e-04
  iter 1000: loss = 28.2102
  iter 1050: loss = 11.7147
  iter 1100: loss = 19.9688
  iter 1150: loss = 23.2656
  iter 1200: loss = 32.9554
  iter 1250: loss = 156.2042
  iter 1300: loss = 112.6247
  iter 1350: loss = 85.0129
  iter 1400: loss = 58.1193
  iter 1450: loss = 31.7319
iter  1500 | train loss 68.5684 | val loss 67.7681 | val MAE 6.548 | val R² 0.9504 | lr 5.97e-04
  iter 1500: loss = 68.4209
  iter 1550: loss = 106.4989
  iter 1600: loss = 30.8918
  iter 1650: loss = 60.6113
  iter 1700: loss = 39.7214
  iter 1750: loss = 17.5197
  iter 1800: loss = 33.8003
  iter 1850: loss = 32.3448
  iter 1900: loss = 17.7591
  iter 1950: loss = 63.0822
iter  2000 | train loss 50.1735 | val loss 49.8335 | val MAE 5.459 | val R² 0.9635 | lr 5.92e-04
  iter 2000: loss = 44.8473
  iter 2050: loss = 23.1807
  iter 2100: loss = 88.0607
  iter 2150: loss = 99.7382
  iter 2200: loss = 149.2943
  iter 2250: loss = 22.0062
  iter 2300: loss = 17.7849
  iter 2350: loss = 20.7520
  iter 2400: loss = 18.7234
  iter 2450: loss = 15.3986
iter  2500 | train loss 19.7754 | val loss 19.6931 | val MAE 3.161 | val R² 0.9856 | lr 5.86e-04
  iter 2500: loss = 18.5254
  iter 2550: loss = 20.7846
  iter 2600: loss = 10.9920
  iter 2650: loss = 6.8268
  iter 2700: loss = 20.9409
  iter 2750: loss = 10.2278
  iter 2800: loss = 13.0029
  iter 2850: loss = 38.1137
  iter 2900: loss = 17.7931
  iter 2950: loss = 31.9037
iter  3000 | train loss 11.4466 | val loss 12.0314 | val MAE 2.316 | val R² 0.9912 | lr 5.78e-04
  iter 3000: loss = 10.4747
  iter 3050: loss = 9.4534
  iter 3100: loss = 8.6173
  iter 3150: loss = 38.4526
  iter 3200: loss = 33.1204
  iter 3250: loss = 15.1112
  iter 3300: loss = 21.0225
  iter 3350: loss = 63.7909
  iter 3400: loss = 41.1690
  iter 3450: loss = 35.4975
iter  3500 | train loss 69.8165 | val loss 69.4078 | val MAE 6.212 | val R² 0.9492 | lr 5.69e-04
  iter 3500: loss = 69.7421
  iter 3550: loss = 18.4347
  iter 3600: loss = 17.1720
  iter 3650: loss = 18.5165
  iter 3700: loss = 18.3981
  iter 3750: loss = 15.3646
  iter 3800: loss = 28.6576
  iter 3850: loss = 27.8538
  iter 3900: loss = 8.8608
  iter 3950: loss = 20.9910
iter  4000 | train loss 15.8805 | val loss 15.5488 | val MAE 2.957 | val R² 0.9886 | lr 5.58e-04
  iter 4000: loss = 15.0325
  iter 4050: loss = 32.7268
  iter 4100: loss = 25.2981
  iter 4150: loss = 16.4562
  iter 4200: loss = 11.1623
  iter 4250: loss = 5.0263
  iter 4300: loss = 8.7865
  iter 4350: loss = 6.8611
  iter 4400: loss = 74.2327
  iter 4450: loss = 7.3135
iter  4500 | train loss 60.6011 | val loss 59.1521 | val MAE 5.798 | val R² 0.9567 | lr 5.46e-04
  iter 4500: loss = 67.7385
  iter 4550: loss = 8.3222
  iter 4600: loss = 5.2462
  iter 4650: loss = 33.9175
  iter 4700: loss = 98.3098
  iter 4750: loss = 6.4801
  iter 4800: loss = 40.9672
  iter 4850: loss = 37.9340
  iter 4900: loss = 23.1446
  iter 4950: loss = 5.4659
iter  5000 | train loss 7.2017 | val loss 6.5391 | val MAE 1.817 | val R² 0.9952 | lr 5.32e-04
  iter 5000: loss = 5.8877
  iter 5050: loss = 3.1420
  iter 5100: loss = 5.9019
  iter 5150: loss = 4.3444
  iter 5200: loss = 5.3267
  iter 5250: loss = 5.3583
  iter 5300: loss = 3.8687
  iter 5350: loss = 2.9493
  iter 5400: loss = 3.6927
  iter 5450: loss = 2.6826
iter  5500 | train loss 4.5576 | val loss 3.9877 | val MAE 1.534 | val R² 0.9971 | lr 5.17e-04
  iter 5500: loss = 22.4048
  iter 5550: loss = 4.4845
  iter 5600: loss = 6.6564
  iter 5650: loss = 25.1058
  iter 5700: loss = 4.2987
  iter 5750: loss = 4.3429
  iter 5800: loss = 12.6613
  iter 5850: loss = 4.4437
  iter 5900: loss = 23.6996
  iter 5950: loss = 3.4135
iter  6000 | train loss 4.7119 | val loss 4.0416 | val MAE 1.259 | val R² 0.9970 | lr 5.01e-04
  iter 6000: loss = 3.7264
  iter 6050: loss = 4.1987
  iter 6100: loss = 2.7101
  iter 6150: loss = 3.9669
  iter 6200: loss = 2.6001
  iter 6250: loss = 3.1331
  iter 6300: loss = 1.5620
  iter 6350: loss = 19.3273
  iter 6400: loss = 30.7528
  iter 6450: loss = 2.4372
iter  6500 | train loss 5.0797 | val loss 4.8770 | val MAE 1.439 | val R² 0.9964 | lr 4.83e-04
  iter 6500: loss = 5.6100
  iter 6550: loss = 10.1475
  iter 6600: loss = 27.0537
  iter 6650: loss = 3.3552
  iter 6700: loss = 15.5744
  iter 6750: loss = 3.8320
  iter 6800: loss = 5.0125
  iter 6850: loss = 10.5898
  iter 6900: loss = 28.0814
  iter 6950: loss = 1.4682
iter  7000 | train loss 8.5681 | val loss 10.4717 | val MAE 2.367 | val R² 0.9923 | lr 4.65e-04
  iter 7000: loss = 6.4912
  iter 7050: loss = 3.2947
  iter 7100: loss = 1.5872
  iter 7150: loss = 10.6999
  iter 7200: loss = 2.9654
  iter 7250: loss = 1.8664
  iter 7300: loss = 12.4196
  iter 7350: loss = 3.9416
  iter 7400: loss = 3.6637
  iter 7450: loss = 31.1723
iter  7500 | train loss 4.6085 | val loss 5.8167 | val MAE 1.589 | val R² 0.9957 | lr 4.46e-04
  iter 7500: loss = 4.1605
  iter 7550: loss = 25.4806
  iter 7600: loss = 8.5400
  iter 7650: loss = 3.3128
  iter 7700: loss = 3.2831
  iter 7750: loss = 6.7573
  iter 7800: loss = 2.1680
  iter 7850: loss = 2.1847
  iter 7900: loss = 6.9880
  iter 7950: loss = 1.6411
iter  8000 | train loss 2.3608 | val loss 2.9249 | val MAE 0.879 | val R² 0.9979 | lr 4.26e-04
  iter 8000: loss = 1.4777
  iter 8050: loss = 5.5078
  iter 8100: loss = 1.6179
  iter 8150: loss = 2.5670
  iter 8200: loss = 1.3936
  iter 8250: loss = 1.5743
  iter 8300: loss = 1.3754
  iter 8350: loss = 1.6444
  iter 8400: loss = 0.9965
  iter 8450: loss = 8.8150
iter  8500 | train loss 4.8695 | val loss 4.5642 | val MAE 1.419 | val R² 0.9967 | lr 4.05e-04
  iter 8500: loss = 4.1448
  iter 8550: loss = 2.7940
  iter 8600: loss = 2.9846
  iter 8650: loss = 3.7690
  iter 8700: loss = 26.8208
  iter 8750: loss = 3.3630
  iter 8800: loss = 3.3452
  iter 8850: loss = 2.5884
  iter 8900: loss = 2.5880
  iter 8950: loss = 3.0500
iter  9000 | train loss 4.1396 | val loss 3.6394 | val MAE 1.208 | val R² 0.9973 | lr 3.84e-04
  iter 9000: loss = 2.6535
  iter 9050: loss = 6.0612
  iter 9100: loss = 4.1195
  iter 9150: loss = 2.9768
  iter 9200: loss = 2.6628
  iter 9250: loss = 2.6835
  iter 9300: loss = 2.3244
  iter 9350: loss = 3.2017
  iter 9400: loss = 24.0863
  iter 9450: loss = 3.7966
iter  9500 | train loss 4.6219 | val loss 5.0404 | val MAE 1.392 | val R² 0.9963 | lr 3.63e-04
  iter 9500: loss = 3.0968
  iter 9550: loss = 3.9331
  iter 9600: loss = 2.1584
  iter 9650: loss = 2.0172
  iter 9700: loss = 2.6967
  iter 9750: loss = 1.3706
  iter 9800: loss = 2.8657
  iter 9850: loss = 2.4285
  iter 9900: loss = 1.8731
  iter 9950: loss = 2.9699
iter 10000 | train loss 3.7187 | val loss 3.3602 | val MAE 1.236 | val R² 0.9975 | lr 3.41e-04
  iter 10000: loss = 1.9994
  iter 10050: loss = 1.0995
  iter 10100: loss = 2.7943
  iter 10150: loss = 2.4908
  iter 10200: loss = 1.6139
  iter 10250: loss = 1.0449
  iter 10300: loss = 2.2378
  iter 10350: loss = 3.0279
  iter 10400: loss = 1.8687
  iter 10450: loss = 3.9818
iter 10500 | train loss 1.2255 | val loss 1.6940 | val MAE 0.513 | val R² 0.9988 | lr 3.19e-04
  iter 10500: loss = 0.6008
  iter 10550: loss = 5.1876
  iter 10600: loss = 0.8318
  iter 10650: loss = 0.5653
  iter 10700: loss = 2.4985
  iter 10750: loss = 0.8355
  iter 10800: loss = 0.6577
  iter 10850: loss = 2.3997
  iter 10900: loss = 0.9514
  iter 10950: loss = 0.4768
iter 11000 | train loss 4.4902 | val loss 3.0123 | val MAE 1.318 | val R² 0.9978 | lr 2.97e-04
  iter 11000: loss = 2.2313
  iter 11050: loss = 0.6606
  iter 11100: loss = 0.7713
  iter 11150: loss = 2.4673
  iter 11200: loss = 1.2458
  iter 11250: loss = 0.7359
  iter 11300: loss = 2.9975
  iter 11350: loss = 1.2402
  iter 11400: loss = 0.6561
  iter 11450: loss = 2.4779
iter 11500 | train loss 1.8010 | val loss 2.4302 | val MAE 0.701 | val R² 0.9982 | lr 2.76e-04
  iter 11500: loss = 0.7586
  iter 11550: loss = 0.4241
  iter 11600: loss = 1.0809
  iter 11650: loss = 0.8955
  iter 11700: loss = 1.5774
  iter 11750: loss = 0.9072
  iter 11800: loss = 1.1316
  iter 11850: loss = 1.2716
  iter 11900: loss = 1.2231
  iter 11950: loss = 1.1886
iter 12000 | train loss 1.4949 | val loss 2.1425 | val MAE 0.680 | val R² 0.9984 | lr 2.55e-04
  iter 12000: loss = 0.6952
  iter 12050: loss = 1.1538
  iter 12100: loss = 1.8834
  iter 12150: loss = 1.1523
  iter 12200: loss = 0.9438
  iter 12250: loss = 1.1599
  iter 12300: loss = 6.7050
  iter 12350: loss = 0.5356
  iter 12400: loss = 0.5996
  iter 12450: loss = 0.6495
iter 12500 | train loss 1.2842 | val loss 1.9689 | val MAE 0.580 | val R² 0.9986 | lr 2.34e-04
  iter 12500: loss = 0.6993
  iter 12550: loss = 0.9021
  iter 12600: loss = 0.6099
  iter 12650: loss = 0.9528
  iter 12700: loss = 0.4791
  iter 12750: loss = 0.8167
  iter 12800: loss = 0.8273
  iter 12850: loss = 22.4691
  iter 12900: loss = 0.9715
  iter 12950: loss = 0.6101
iter 13000 | train loss 3.0059 | val loss 2.5810 | val MAE 0.839 | val R² 0.9981 | lr 2.14e-04
  iter 13000: loss = 0.8349
  iter 13050: loss = 0.6059
  iter 13100: loss = 0.8333
  iter 13150: loss = 1.5799
  iter 13200: loss = 0.3277
  iter 13250: loss = 0.2943
  iter 13300: loss = 0.5370
  iter 13350: loss = 0.3770
  iter 13400: loss = 0.6565
  iter 13450: loss = 0.4182
iter 13500 | train loss 2.1324 | val loss 2.1319 | val MAE 0.793 | val R² 0.9984 | lr 1.95e-04
  iter 13500: loss = 1.0469
  iter 13550: loss = 22.7649
  iter 13600: loss = 1.3808
  iter 13650: loss = 1.4534
  iter 13700: loss = 0.3806
  iter 13750: loss = 0.6827
  iter 13800: loss = 0.1841
  iter 13850: loss = 0.5346
  iter 13900: loss = 22.4537
  iter 13950: loss = 0.1811
iter 14000 | train loss 1.6374 | val loss 1.4240 | val MAE 0.425 | val R² 0.9990 | lr 1.77e-04
  iter 14000: loss = 0.3075
  iter 14050: loss = 1.0168
  iter 14100: loss = 0.2645
  iter 14150: loss = 0.3809
  iter 14200: loss = 0.2526
  iter 14250: loss = 0.1660
  iter 14300: loss = 0.7171
  iter 14350: loss = 1.1307
  iter 14400: loss = 0.7936
  iter 14450: loss = 0.7500
iter 14500 | train loss 1.7320 | val loss 3.8515 | val MAE 0.825 | val R² 0.9972 | lr 1.59e-04
  iter 14500: loss = 0.8655
  iter 14550: loss = 0.7336
  iter 14600: loss = 0.3890
  iter 14650: loss = 0.9068
  iter 14700: loss = 0.2721
  iter 14750: loss = 0.5448
  iter 14800: loss = 0.3846
  iter 14850: loss = 0.2678
  iter 14900: loss = 0.2056
  iter 14950: loss = 0.1290
iter 15000 | train loss 1.1446 | val loss 1.5807 | val MAE 0.370 | val R² 0.9988 | lr 1.43e-04
  iter 15000: loss = 0.2055
  iter 15050: loss = 1.3220
  iter 15100: loss = 0.3297
  iter 15150: loss = 0.6919
  iter 15200: loss = 0.1913
  iter 15250: loss = 1.1176
  iter 15300: loss = 0.6030
  iter 15350: loss = 0.2713
  iter 15400: loss = 0.3682
  iter 15450: loss = 0.3368
iter 15500 | train loss 1.3129 | val loss 1.5365 | val MAE 0.467 | val R² 0.9989 | lr 1.28e-04
  iter 15500: loss = 0.4190
  iter 15550: loss = 0.1655
  iter 15600: loss = 0.2839
  iter 15650: loss = 0.7938
  iter 15700: loss = 0.2260
  iter 15750: loss = 0.1781
  iter 15800: loss = 0.2331
  iter 15850: loss = 0.6718
  iter 15900: loss = 0.5615
  iter 15950: loss = 22.5965
iter 16000 | train loss 1.6555 | val loss 2.0877 | val MAE 0.750 | val R² 0.9985 | lr 1.14e-04
  iter 16000: loss = 0.7561
  iter 16050: loss = 0.2145
  iter 16100: loss = 0.1502
  iter 16150: loss = 0.1669
  iter 16200: loss = 0.1558
  iter 16250: loss = 0.4199
  iter 16300: loss = 0.2025
  iter 16350: loss = 0.1341
  iter 16400: loss = 0.4653
  iter 16450: loss = 0.1411
iter 16500 | train loss 1.2297 | val loss 0.5584 | val MAE 0.216 | val R² 0.9996 | lr 1.02e-04
  iter 16500: loss = 0.1310
  iter 16550: loss = 0.1571
  iter 16600: loss = 0.4221
  iter 16650: loss = 0.1794
  iter 16700: loss = 0.1212
  iter 16750: loss = 0.4259
  iter 16800: loss = 0.0806
  iter 16850: loss = 0.3108
  iter 16900: loss = 1.4127
  iter 16950: loss = 0.2401
iter 17000 | train loss 1.8926 | val loss 1.4700 | val MAE 0.313 | val R² 0.9989 | lr 9.09e-05
  iter 17000: loss = 0.1088
  iter 17050: loss = 0.1516
  iter 17100: loss = 0.2313
  iter 17150: loss = 0.1429
  iter 17200: loss = 0.2114
  iter 17250: loss = 0.1289
  iter 17300: loss = 0.1763
  iter 17350: loss = 0.1188
  iter 17400: loss = 0.0848
  iter 17450: loss = 0.4227
iter 17500 | train loss 0.6357 | val loss 2.8362 | val MAE 0.384 | val R² 0.9979 | lr 8.16e-05
  iter 17500: loss = 0.2129
  iter 17550: loss = 0.1921
  iter 17600: loss = 0.1946
  iter 17650: loss = 22.4579
  iter 17700: loss = 0.2408
  iter 17750: loss = 0.4249
  iter 17800: loss = 0.0967
  iter 17850: loss = 0.3378
  iter 17900: loss = 0.0783
  iter 17950: loss = 0.3332
iter 18000 | train loss 0.9734 | val loss 0.9810 | val MAE 0.223 | val R² 0.9993 | lr 7.39e-05
  iter 18000: loss = 0.1004
  iter 18050: loss = 0.1553
  iter 18100: loss = 0.1248
  iter 18150: loss = 0.4230
  iter 18200: loss = 0.2756
  iter 18250: loss = 0.1420
  iter 18300: loss = 0.5289
  iter 18350: loss = 0.1641
  iter 18400: loss = 0.3856
  iter 18450: loss = 0.4209
iter 18500 | train loss 1.1485 | val loss 1.3659 | val MAE 0.421 | val R² 0.9990 | lr 6.78e-05
  iter 18500: loss = 0.3125
  iter 18550: loss = 0.1104
  iter 18600: loss = 0.0965
  iter 18650: loss = 0.5641
  iter 18700: loss = 0.1455
  iter 18750: loss = 0.0826
  iter 18800: loss = 0.2842
  iter 18850: loss = 0.1327
  iter 18900: loss = 0.2203
  iter 18950: loss = 0.0744
iter 19000 | train loss 1.4209 | val loss 2.0685 | val MAE 0.484 | val R² 0.9985 | lr 6.35e-05
  iter 19000: loss = 0.3036
  iter 19050: loss = 0.0843
  iter 19100: loss = 0.1149
  iter 19150: loss = 0.1088
  iter 19200: loss = 0.0697
  iter 19250: loss = 0.0910
  iter 19300: loss = 0.1314
  iter 19350: loss = 0.1131
  iter 19400: loss = 0.0885
  iter 19450: loss = 22.5652
iter 19500 | train loss 0.8083 | val loss 1.4869 | val MAE 0.291 | val R² 0.9989 | lr 6.09e-05
  iter 19500: loss = 0.1718
  iter 19550: loss = 0.1469
  iter 19600: loss = 0.1595
  iter 19650: loss = 0.2513
  iter 19700: loss = 0.1191
  iter 19750: loss = 0.1253
  iter 19800: loss = 0.1975
  iter 19850: loss = 0.0964
  iter 19900: loss = 0.0846
  iter 19950: loss = 0.0693
iter 20000 | train loss 1.4455 | val loss 1.0162 | val MAE 0.262 | val R² 0.9993 | lr 6.00e-05

Experiment complete!
