/home/nlp/matan_avitan/git/nopos_locating_new/nanoGPT/train_2layer_mechanism.py:488: FutureWarning: `torch.cuda.amp.GradScaler(args...)` is deprecated. Please use `torch.amp.GradScaler('cuda', args...)` instead.
  scaler = torch.cuda.amp.GradScaler(enabled=(config.dtype == "float16"))
Loaded data: train=9,035,582,489 tokens, val=4,434,606 tokens

*** BOS token (ID 50256) is inserted at position 0 ***


============================================================
2-Layer Mechanism Analysis Model Initialized
============================================================
  Embedding Dim:        768
  Heads:                1
  Head Dim:             768
  Block Size:           128
  Normalization:        layernorm
  Regression Mode:      True
  Parameters:           53.40M
============================================================


============================================================
Regime: R2: Attn2-only
============================================================
  Trainable:  2,957,570 params (5.5%)
  Frozen:     50,445,312 params (94.5%)
  Total:      53,402,882 params

  Component status:
    Embedding      : frozen (38,633,472 params)
    Block1.LN1     : frozen (1,536 params)
    Block1.Attn    : frozen (2,362,368 params)
    Block1.LN2     : frozen (1,536 params)
    Block1.MLP     : frozen (4,722,432 params)
    Block2.LN1     : TRAIN  (1,536 params)
    Block2.Attn    : TRAIN  (2,362,368 params)
    Block2.LN2     : frozen (1,536 params)
    Block2.MLP     : frozen (4,722,432 params)
    Final LN       : TRAIN  (1,536 params)
    Pos Head       : TRAIN  (769 params)
    MLP Probe      : TRAIN  (591,361 params)
============================================================

Compiling model...
Optimizer: 5 weight decay, 9 no decay

============================================================
Training Regime: R2
Max iterations: 20000
============================================================

iter     0 | train loss 5373.7252 | val loss 5374.2871 | val MAE 63.357 | val R² -2.9365 | lr 1.20e-06
  iter 50: loss = 4011.2178
  iter 100: loss = 3324.7622
  iter 150: loss = 2818.3159
  iter 200: loss = 2163.5400
  iter 250: loss = 1457.2891
  iter 300: loss = 771.4644
  iter 350: loss = 455.0348
  iter 400: loss = 265.7776
  iter 450: loss = 239.9206
iter   500 | train loss 189.5280 | val loss 186.9248 | val MAE 10.429 | val R² 0.8631 | lr 6.00e-04
  iter 500: loss = 169.8308
  iter 550: loss = 143.3773
  iter 600: loss = 161.0407
  iter 650: loss = 158.8661
  iter 700: loss = 150.7496
  iter 750: loss = 130.5817
  iter 800: loss = 124.5596
  iter 850: loss = 165.8764
  iter 900: loss = 100.6439
  iter 950: loss = 88.7838
iter  1000 | train loss 116.9746 | val loss 116.3624 | val MAE 7.827 | val R² 0.9148 | lr 5.99e-04
  iter 1000: loss = 101.3059
  iter 1050: loss = 126.4655
  iter 1100: loss = 116.5711
  iter 1150: loss = 149.3903
  iter 1200: loss = 135.0363
  iter 1250: loss = 110.8627
  iter 1300: loss = 149.4242
  iter 1350: loss = 92.1487
  iter 1400: loss = 109.4133
  iter 1450: loss = 131.5645
iter  1500 | train loss 113.1855 | val loss 114.8319 | val MAE 7.802 | val R² 0.9159 | lr 5.97e-04
  iter 1500: loss = 111.9196
  iter 1550: loss = 73.9958
  iter 1600: loss = 95.0796
  iter 1650: loss = 91.1972
  iter 1700: loss = 126.6832
  iter 1750: loss = 129.4567
  iter 1800: loss = 99.6743
  iter 1850: loss = 86.5353
  iter 1900: loss = 96.6785
  iter 1950: loss = 82.8463
iter  2000 | train loss 84.0104 | val loss 84.4596 | val MAE 6.671 | val R² 0.9381 | lr 5.92e-04
  iter 2000: loss = 91.1490
  iter 2050: loss = 113.3247
  iter 2100: loss = 90.8828
  iter 2150: loss = 82.8365
  iter 2200: loss = 171.0086
  iter 2250: loss = 85.4810
  iter 2300: loss = 186.5307
  iter 2350: loss = 98.9411
  iter 2400: loss = 93.4201
  iter 2450: loss = 66.0810
iter  2500 | train loss 86.9405 | val loss 89.1833 | val MAE 6.903 | val R² 0.9347 | lr 5.86e-04
  iter 2500: loss = 82.2634
  iter 2550: loss = 72.1482
  iter 2600: loss = 69.5511
  iter 2650: loss = 110.4694
  iter 2700: loss = 96.4493
  iter 2750: loss = 97.1434
  iter 2800: loss = 71.4265
  iter 2850: loss = 55.1968
  iter 2900: loss = 105.7390
  iter 2950: loss = 76.7036
iter  3000 | train loss 75.6263 | val loss 74.5282 | val MAE 6.290 | val R² 0.9454 | lr 5.78e-04
  iter 3000: loss = 73.1123
  iter 3050: loss = 87.3633
  iter 3100: loss = 60.6949
  iter 3150: loss = 66.3113
  iter 3200: loss = 68.1140
  iter 3250: loss = 65.7456
  iter 3300: loss = 79.8343
  iter 3350: loss = 64.1002
  iter 3400: loss = 111.4406
  iter 3450: loss = 107.3927
iter  3500 | train loss 132.1071 | val loss 133.6299 | val MAE 8.432 | val R² 0.9021 | lr 5.69e-04
  iter 3500: loss = 133.4205
  iter 3550: loss = 73.5299
  iter 3600: loss = 75.7920
  iter 3650: loss = 81.3334
  iter 3700: loss = 64.1929
  iter 3750: loss = 83.7829
  iter 3800: loss = 56.4494
  iter 3850: loss = 87.5876
  iter 3900: loss = 67.8013
  iter 3950: loss = 61.0470
iter  4000 | train loss 100.5621 | val loss 102.2103 | val MAE 7.355 | val R² 0.9251 | lr 5.58e-04
  iter 4000: loss = 108.9446
  iter 4050: loss = 83.5903
  iter 4100: loss = 63.3478
  iter 4150: loss = 67.9281
  iter 4200: loss = 79.8856
  iter 4250: loss = 53.3968
  iter 4300: loss = 88.0721
  iter 4350: loss = 64.4717
  iter 4400: loss = 145.5505
  iter 4450: loss = 63.1434
iter  4500 | train loss 54.6474 | val loss 54.2438 | val MAE 5.215 | val R² 0.9603 | lr 5.46e-04
  iter 4500: loss = 50.0723
  iter 4550: loss = 56.1313
  iter 4600: loss = 53.5497
  iter 4650: loss = 61.0740
  iter 4700: loss = 55.9111
  iter 4750: loss = 53.1497
  iter 4800: loss = 59.3214
  iter 4850: loss = 86.3985
  iter 4900: loss = 50.6475
  iter 4950: loss = 71.6051
iter  5000 | train loss 52.6282 | val loss 51.8511 | val MAE 5.092 | val R² 0.9620 | lr 5.32e-04
  iter 5000: loss = 52.9347
  iter 5050: loss = 87.6802
  iter 5100: loss = 71.3521
  iter 5150: loss = 54.1857
  iter 5200: loss = 71.2197
  iter 5250: loss = 43.4296
  iter 5300: loss = 67.0036
  iter 5350: loss = 146.3449
  iter 5400: loss = 66.6306
  iter 5450: loss = 84.1497
iter  5500 | train loss 52.3487 | val loss 52.4940 | val MAE 5.389 | val R² 0.9615 | lr 5.17e-04
  iter 5500: loss = 59.5815
  iter 5550: loss = 57.6728
  iter 5600: loss = 54.7147
  iter 5650: loss = 71.8485
  iter 5700: loss = 58.6342
  iter 5750: loss = 46.6189
  iter 5800: loss = 41.4247
  iter 5850: loss = 92.4122
  iter 5900: loss = 57.3678
  iter 5950: loss = 54.1137
iter  6000 | train loss 47.7693 | val loss 49.2402 | val MAE 5.074 | val R² 0.9639 | lr 5.01e-04
  iter 6000: loss = 50.0869
  iter 6050: loss = 64.2038
  iter 6100: loss = 61.5195
  iter 6150: loss = 53.4627
  iter 6200: loss = 53.1543
  iter 6250: loss = 70.5997
  iter 6300: loss = 42.5369
  iter 6350: loss = 44.8496
  iter 6400: loss = 51.5129
  iter 6450: loss = 41.5680
iter  6500 | train loss 118.9040 | val loss 116.0640 | val MAE 8.080 | val R² 0.9150 | lr 4.83e-04
  iter 6500: loss = 122.2628
  iter 6550: loss = 52.4784
  iter 6600: loss = 33.8309
  iter 6650: loss = 59.6981
  iter 6700: loss = 55.7847
  iter 6750: loss = 57.6075
  iter 6800: loss = 44.0422
  iter 6850: loss = 52.1011
  iter 6900: loss = 58.0897
  iter 6950: loss = 43.7584
iter  7000 | train loss 43.2405 | val loss 43.5196 | val MAE 4.685 | val R² 0.9681 | lr 4.65e-04
  iter 7000: loss = 43.5314
  iter 7050: loss = 79.0420
  iter 7100: loss = 43.9918
  iter 7150: loss = 64.1408
  iter 7200: loss = 88.9721
  iter 7250: loss = 43.5500
  iter 7300: loss = 44.1690
  iter 7350: loss = 59.1238
  iter 7400: loss = 40.6899
  iter 7450: loss = 63.1597
iter  7500 | train loss 43.1803 | val loss 44.3085 | val MAE 4.816 | val R² 0.9675 | lr 4.46e-04
  iter 7500: loss = 41.9036
  iter 7550: loss = 49.6637
  iter 7600: loss = 42.9157
  iter 7650: loss = 40.2611
  iter 7700: loss = 39.9479
  iter 7750: loss = 46.1670
  iter 7800: loss = 49.1466
  iter 7850: loss = 46.6499
  iter 7900: loss = 53.2898
  iter 7950: loss = 35.2684
iter  8000 | train loss 41.2239 | val loss 40.2705 | val MAE 4.490 | val R² 0.9705 | lr 4.26e-04
  iter 8000: loss = 40.3819
  iter 8050: loss = 49.1606
  iter 8100: loss = 44.5553
  iter 8150: loss = 33.5577
  iter 8200: loss = 50.1377
  iter 8250: loss = 43.1684
  iter 8300: loss = 34.2729
  iter 8350: loss = 55.3035
  iter 8400: loss = 48.6448
  iter 8450: loss = 84.8560
iter  8500 | train loss 39.1138 | val loss 39.7755 | val MAE 4.575 | val R² 0.9709 | lr 4.05e-04
  iter 8500: loss = 38.8660
  iter 8550: loss = 53.2103
  iter 8600: loss = 50.1954
  iter 8650: loss = 33.9319
  iter 8700: loss = 46.4955
  iter 8750: loss = 54.1361
  iter 8800: loss = 35.9676
  iter 8850: loss = 56.8012
  iter 8900: loss = 55.4620
  iter 8950: loss = 29.3290
iter  9000 | train loss 37.4432 | val loss 38.3927 | val MAE 4.346 | val R² 0.9719 | lr 3.84e-04
  iter 9000: loss = 58.5100
  iter 9050: loss = 31.0649
  iter 9100: loss = 29.3677
  iter 9150: loss = 43.5649
  iter 9200: loss = 27.1690
  iter 9250: loss = 39.3334
  iter 9300: loss = 47.7490
  iter 9350: loss = 41.7921
  iter 9400: loss = 25.8772
  iter 9450: loss = 41.3042
iter  9500 | train loss 33.6058 | val loss 34.2405 | val MAE 4.156 | val R² 0.9749 | lr 3.63e-04
  iter 9500: loss = 30.4180
  iter 9550: loss = 27.1538
  iter 9600: loss = 39.9114
  iter 9650: loss = 26.7669
  iter 9700: loss = 37.4419
  iter 9750: loss = 29.4668
  iter 9800: loss = 41.3199
  iter 9850: loss = 42.6005
  iter 9900: loss = 30.7801
  iter 9950: loss = 34.9593
iter 10000 | train loss 31.3532 | val loss 30.6890 | val MAE 3.927 | val R² 0.9775 | lr 3.41e-04
  iter 10000: loss = 29.2215
  iter 10050: loss = 30.7558
  iter 10100: loss = 33.1062
  iter 10150: loss = 35.1857
  iter 10200: loss = 30.4665
  iter 10250: loss = 39.7376
  iter 10300: loss = 24.6147
  iter 10350: loss = 32.8888
  iter 10400: loss = 32.3149
  iter 10450: loss = 33.0955
iter 10500 | train loss 31.5581 | val loss 31.6040 | val MAE 4.174 | val R² 0.9769 | lr 3.19e-04
  iter 10500: loss = 29.3855
  iter 10550: loss = 36.8280
  iter 10600: loss = 33.7668
  iter 10650: loss = 26.2051
  iter 10700: loss = 39.9783
  iter 10750: loss = 30.8597
  iter 10800: loss = 25.7823
  iter 10850: loss = 41.5677
  iter 10900: loss = 23.2153
  iter 10950: loss = 32.3152
iter 11000 | train loss 29.4607 | val loss 29.0637 | val MAE 3.838 | val R² 0.9787 | lr 2.97e-04
  iter 11000: loss = 28.6711
  iter 11050: loss = 26.5082
  iter 11100: loss = 26.8581
  iter 11150: loss = 24.1069
  iter 11200: loss = 25.4951
  iter 11250: loss = 26.5841
  iter 11300: loss = 28.2029
  iter 11350: loss = 35.0606
  iter 11400: loss = 27.3922
  iter 11450: loss = 50.6897
iter 11500 | train loss 35.4317 | val loss 35.4276 | val MAE 4.558 | val R² 0.9741 | lr 2.76e-04
  iter 11500: loss = 41.5091
  iter 11550: loss = 20.6611
  iter 11600: loss = 35.7702
  iter 11650: loss = 61.2598
  iter 11700: loss = 31.1993
  iter 11750: loss = 33.4347
  iter 11800: loss = 23.6341
  iter 11850: loss = 20.4288
  iter 11900: loss = 23.2900
  iter 11950: loss = 27.8955
iter 12000 | train loss 25.6862 | val loss 25.8838 | val MAE 3.575 | val R² 0.9810 | lr 2.55e-04
  iter 12000: loss = 20.7919
  iter 12050: loss = 21.3621
  iter 12100: loss = 25.3824
  iter 12150: loss = 22.5325
  iter 12200: loss = 27.6070
  iter 12250: loss = 23.4106
  iter 12300: loss = 29.6213
  iter 12350: loss = 28.6922
  iter 12400: loss = 30.1955
  iter 12450: loss = 28.8190
iter 12500 | train loss 30.3574 | val loss 29.6758 | val MAE 3.852 | val R² 0.9783 | lr 2.34e-04
  iter 12500: loss = 29.1281
  iter 12550: loss = 21.2368
  iter 12600: loss = 29.6051
  iter 12650: loss = 27.8787
  iter 12700: loss = 22.1179
  iter 12750: loss = 22.0512
  iter 12800: loss = 23.0453
  iter 12850: loss = 20.9337
  iter 12900: loss = 24.0372
  iter 12950: loss = 26.9863
iter 13000 | train loss 24.7982 | val loss 25.3173 | val MAE 3.601 | val R² 0.9815 | lr 2.14e-04
  iter 13000: loss = 27.0970
  iter 13050: loss = 22.8084
  iter 13100: loss = 22.3240
  iter 13150: loss = 27.1866
  iter 13200: loss = 18.3490
  iter 13250: loss = 17.3055
  iter 13300: loss = 25.0274
  iter 13350: loss = 17.6650
  iter 13400: loss = 22.0878
  iter 13450: loss = 21.5506
iter 13500 | train loss 25.5090 | val loss 24.9592 | val MAE 3.692 | val R² 0.9817 | lr 1.95e-04
  iter 13500: loss = 24.9603
  iter 13550: loss = 19.3752
  iter 13600: loss = 25.4692
  iter 13650: loss = 38.0364
  iter 13700: loss = 18.9073
  iter 13750: loss = 20.2775
  iter 13800: loss = 22.3069
  iter 13850: loss = 20.0043
  iter 13900: loss = 22.4487
  iter 13950: loss = 27.0901
iter 14000 | train loss 34.3117 | val loss 35.0529 | val MAE 4.920 | val R² 0.9743 | lr 1.77e-04
  iter 14000: loss = 36.2447
  iter 14050: loss = 17.9695
  iter 14100: loss = 17.0988
  iter 14150: loss = 19.9885
  iter 14200: loss = 20.3128
  iter 14250: loss = 21.3091
  iter 14300: loss = 16.5066
  iter 14350: loss = 17.0482
  iter 14400: loss = 23.0555
  iter 14450: loss = 16.1899
iter 14500 | train loss 22.0685 | val loss 22.3804 | val MAE 3.289 | val R² 0.9836 | lr 1.59e-04
  iter 14500: loss = 24.3288
  iter 14550: loss = 17.2158
  iter 14600: loss = 16.7855
  iter 14650: loss = 18.6770
  iter 14700: loss = 16.0724
  iter 14750: loss = 15.1449
  iter 14800: loss = 23.9198
  iter 14850: loss = 20.5265
  iter 14900: loss = 17.0912
  iter 14950: loss = 42.5044
iter 15000 | train loss 19.5715 | val loss 19.3416 | val MAE 2.981 | val R² 0.9858 | lr 1.43e-04
  iter 15000: loss = 18.7197
  iter 15050: loss = 31.6158
  iter 15100: loss = 23.3539
  iter 15150: loss = 15.6290
  iter 15200: loss = 20.3861
  iter 15250: loss = 15.8013
  iter 15300: loss = 17.2327
  iter 15350: loss = 11.1556
  iter 15400: loss = 17.0315
  iter 15450: loss = 18.1600
iter 15500 | train loss 23.2549 | val loss 22.4251 | val MAE 3.370 | val R² 0.9836 | lr 1.28e-04
  iter 15500: loss = 47.6673
  iter 15550: loss = 16.6783
  iter 15600: loss = 14.1556
  iter 15650: loss = 16.8345
  iter 15700: loss = 18.9242
  iter 15750: loss = 18.1773
  iter 15800: loss = 13.5943
  iter 15850: loss = 17.1348
  iter 15900: loss = 15.9905
  iter 15950: loss = 13.3129
iter 16000 | train loss 23.7427 | val loss 23.4551 | val MAE 3.509 | val R² 0.9828 | lr 1.14e-04
  iter 16000: loss = 21.4725
  iter 16050: loss = 13.1061
  iter 16100: loss = 14.0832
  iter 16150: loss = 16.1449
  iter 16200: loss = 14.6603
  iter 16250: loss = 19.6117
  iter 16300: loss = 12.4476
  iter 16350: loss = 11.1236
  iter 16400: loss = 16.6389
  iter 16450: loss = 11.4104
iter 16500 | train loss 18.8956 | val loss 19.0538 | val MAE 3.176 | val R² 0.9860 | lr 1.02e-04
  iter 16500: loss = 16.4590
  iter 16550: loss = 11.4246
  iter 16600: loss = 14.2228
  iter 16650: loss = 13.2429
  iter 16700: loss = 13.2647
  iter 16750: loss = 15.1434
  iter 16800: loss = 13.6778
  iter 16850: loss = 13.6198
  iter 16900: loss = 19.8746
  iter 16950: loss = 12.2317
iter 17000 | train loss 14.4823 | val loss 14.2871 | val MAE 2.657 | val R² 0.9895 | lr 9.09e-05
  iter 17000: loss = 12.1501
  iter 17050: loss = 33.6233
  iter 17100: loss = 13.8521
  iter 17150: loss = 23.3536
  iter 17200: loss = 13.3965
  iter 17250: loss = 14.7482
  iter 17300: loss = 40.7156
  iter 17350: loss = 14.4527
  iter 17400: loss = 10.0874
  iter 17450: loss = 14.3460
iter 17500 | train loss 12.9692 | val loss 12.9935 | val MAE 2.443 | val R² 0.9905 | lr 8.16e-05
  iter 17500: loss = 9.9954
  iter 17550: loss = 37.5606
  iter 17600: loss = 10.3999
  iter 17650: loss = 12.5561
  iter 17700: loss = 34.8085
  iter 17750: loss = 10.1337
  iter 17800: loss = 9.8994
  iter 17850: loss = 9.8024
  iter 17900: loss = 13.5045
  iter 17950: loss = 11.8945
iter 18000 | train loss 14.0314 | val loss 12.9051 | val MAE 2.510 | val R² 0.9905 | lr 7.39e-05
  iter 18000: loss = 10.5573
  iter 18050: loss = 15.0343
  iter 18100: loss = 12.1587
  iter 18150: loss = 11.1852
  iter 18200: loss = 11.1216
  iter 18250: loss = 13.3834
  iter 18300: loss = 11.7973
  iter 18350: loss = 9.5337
  iter 18400: loss = 17.9888
  iter 18450: loss = 33.7055
iter 18500 | train loss 11.1558 | val loss 11.5202 | val MAE 2.309 | val R² 0.9916 | lr 6.78e-05
  iter 18500: loss = 9.0634
  iter 18550: loss = 12.0025
  iter 18600: loss = 11.3531
  iter 18650: loss = 9.3899
  iter 18700: loss = 6.7272
  iter 18750: loss = 12.9431
  iter 18800: loss = 7.8398
  iter 18850: loss = 14.6616
  iter 18900: loss = 10.0004
  iter 18950: loss = 9.9579
iter 19000 | train loss 12.0068 | val loss 11.9338 | val MAE 2.371 | val R² 0.9913 | lr 6.35e-05
  iter 19000: loss = 11.8295
  iter 19050: loss = 11.1804
  iter 19100: loss = 7.7823
  iter 19150: loss = 7.6596
  iter 19200: loss = 8.7485
  iter 19250: loss = 9.2479
  iter 19300: loss = 7.8111
  iter 19350: loss = 12.7055
  iter 19400: loss = 12.3130
  iter 19450: loss = 6.7564
iter 19500 | train loss 10.8631 | val loss 10.3220 | val MAE 2.281 | val R² 0.9924 | lr 6.09e-05
  iter 19500: loss = 10.0109
  iter 19550: loss = 8.5880
  iter 19600: loss = 7.9993
  iter 19650: loss = 7.8129
  iter 19700: loss = 9.1595
  iter 19750: loss = 8.9403
  iter 19800: loss = 6.4550
  iter 19850: loss = 7.4287
  iter 19900: loss = 11.0354
  iter 19950: loss = 9.9290
iter 20000 | train loss 10.0483 | val loss 9.1415 | val MAE 2.065 | val R² 0.9933 | lr 6.00e-05

Experiment complete!
