/home/nlp/matan_avitan/git/nopos_locating_new/nanoGPT/train_2layer_mechanism.py:496: FutureWarning: `torch.cuda.amp.GradScaler(args...)` is deprecated. Please use `torch.amp.GradScaler('cuda', args...)` instead.
  scaler = torch.cuda.amp.GradScaler(enabled=(config.dtype == "float16"))
wandb: Currently logged in as: matan_avitan to https://api.wandb.ai. Use `wandb login --relogin` to force relogin
wandb: setting up run 2yfde409
wandb: Tracking run with wandb version 0.23.1
wandb: Run data is saved locally in /home/nlp/matan_avitan/git/nopos_locating_new/nanoGPT/wandb/run-20260126_175349-2yfde409
wandb: Run `wandb offline` to turn off syncing.
wandb: Syncing run R2_exp1_freeze_train_matrix
wandb: ⭐️ View project at https://wandb.ai/matan_avitan/nope-2layer-mechanism
wandb: 🚀 View run at https://wandb.ai/matan_avitan/nope-2layer-mechanism/runs/2yfde409
wandb: updating run metadata
wandb: uploading output.log; uploading wandb-summary.json
wandb: uploading history steps 59-60, summary, console lines 665-665
wandb: 
wandb: Run history:
wandb: hypothesis/val_r2_for_comparison ▁███████████████████████████████████████
wandb:                             iter ▁▁▁▁▂▂▂▂▂▂▃▃▃▃▃▃▄▄▄▄▄▄▅▅▅▅▆▆▆▆▆▆▇▇▇▇████
wandb:                               lr █████▇▇▇▇▆▆▅▅▅▅▄▄▃▃▃▂▂▁▁▁▁▁▁▁▁▁▁▁▁▁▁▁▁▁▁
wandb:                       train/loss █▅▅▄▄▃▃▃▃▂▂▂▂▂▂▂▂▂▂▂▂▁▁▁▁▁▁▁▁▁▁▁▁▁▁▁▁▁▁▁
wandb:                        train/mae █▂▂▂▂▁▁▁▂▁▁▁▁▁▁▁▁▁▁▁▁▁▁▁▁▁▁▁▁▁▁▁▁▁▁▁▁▁▁▁
wandb:                         train/r2 ▁███████████████████████████████████████
wandb:                         val/loss █▅▄▃▃▃▃▂▂▃▂▂▂▂▂▂▂▂▂▂▂▁▁▁▁▁▁▁▁▁▁▁▁▁▁▁▁▁▁▁
wandb:                          val/mae █▂▂▂▂▁▁▁▁▂▁▁▁▁▁▁▁▁▁▁▁▁▁▁▁▁▁▁▁▁▁▁▁▁▁▁▁▁▁▁
wandb:                val/per_pos_mae/0 █▅▂▃▂▂▂▁▁▁▁▁▁▂▁▁▂▁▂▂▂▂▂▂▂▂▃▃▂▂▂▃▃▂▃▃▂▃▂▃
wandb:                val/per_pos_mae/1 ▂█▃▃▁▁▁▁▃▁▁▁▁▁▁▁▁▁▁▁▂▂▂▁▃▂▂▂▂▂▂▂▂▂▃▂▃▂▃▂
wandb:                             +128 ...
wandb: 
wandb: Run summary:
wandb:                     best_val_mae 1.32332
wandb:                      best_val_r2 0.99751
wandb:                   final_val_loss 4.31693
wandb:                    final_val_mae 1.31775
wandb:                     final_val_r2 0.99684
wandb:                hypothesis/regime R2
wandb: hypothesis/val_r2_for_comparison 0.9975
wandb:                             iter 30000
wandb:                               lr 6e-05
wandb:               regime_description Attn2-only - freeze ...
wandb:                             +135 ...
wandb: 
wandb: 🚀 View run R2_exp1_freeze_train_matrix at: https://wandb.ai/matan_avitan/nope-2layer-mechanism/runs/2yfde409
wandb: ⭐️ View project at: https://wandb.ai/matan_avitan/nope-2layer-mechanism
wandb: Synced 5 W&B file(s), 244 media file(s), 0 artifact file(s) and 0 other file(s)
wandb: Find logs at: ./wandb/run-20260126_175349-2yfde409/logs
Loaded data: train=9,035,582,489 tokens, val=4,434,606 tokens

*** BOS token (ID 50256) is inserted at position 0 ***


============================================================
2-Layer Mechanism Analysis Model Initialized
============================================================
  Embedding Dim:        768
  Heads:                2
  Head Dim:             384
  Block Size:           128
  Normalization:        layernorm
  Regression Mode:      True
  Parameters:           53.40M
============================================================


============================================================
Regime: R2: Attn2-only
============================================================
  Trainable:  2,957,570 params (5.5%)
  Frozen:     50,445,312 params (94.5%)
  Total:      53,402,882 params

  Component status:
    Embedding      : frozen (38,633,472 params)
    Block1.LN1     : frozen (1,536 params)
    Block1.Attn    : frozen (2,362,368 params)
    Block1.LN2     : frozen (1,536 params)
    Block1.MLP     : frozen (4,722,432 params)
    Block2.LN1     : TRAIN  (1,536 params)
    Block2.Attn    : TRAIN  (2,362,368 params)
    Block2.LN2     : frozen (1,536 params)
    Block2.MLP     : frozen (4,722,432 params)
    Final LN       : TRAIN  (1,536 params)
    Pos Head       : TRAIN  (769 params)
    MLP Probe      : TRAIN  (591,361 params)
============================================================

Compiling model...
Optimizer: 5 weight decay, 9 no decay

============================================================
Training Regime: R2
Max iterations: 30000
============================================================

iter     0 | train loss 5433.2503 | val loss 5432.7044 | val MAE 63.755 | val R² -2.9793 | lr 1.20e-06
  iter 50: loss = 3958.4805
  iter 100: loss = 3348.6819
  iter 150: loss = 2855.5229
  iter 200: loss = 2171.6733
  iter 250: loss = 1423.3145
  iter 300: loss = 769.0302
  iter 350: loss = 385.1452
  iter 400: loss = 268.3311
  iter 450: loss = 194.2294
iter   500 | train loss 177.6662 | val loss 175.6087 | val MAE 9.983 | val R² 0.8714 | lr 6.00e-04
  iter 500: loss = 158.4409
  iter 550: loss = 151.2613
  iter 600: loss = 147.4481
  iter 650: loss = 144.3137
  iter 700: loss = 101.4710
  iter 750: loss = 144.5830
  iter 800: loss = 108.8059
  iter 850: loss = 92.9537
  iter 900: loss = 83.4670
  iter 950: loss = 104.8140
iter  1000 | train loss 110.4490 | val loss 109.0925 | val MAE 7.587 | val R² 0.9201 | lr 5.99e-04
  iter 1000: loss = 93.8639
  iter 1050: loss = 122.2097
  iter 1100: loss = 98.4494
  iter 1150: loss = 111.7493
  iter 1200: loss = 142.2347
  iter 1250: loss = 83.7471
  iter 1300: loss = 112.7036
  iter 1350: loss = 99.1049
  iter 1400: loss = 88.3601
  iter 1450: loss = 94.8056
iter  1500 | train loss 93.5163 | val loss 95.4224 | val MAE 7.036 | val R² 0.9301 | lr 5.97e-04
  iter 1500: loss = 94.8580
  iter 1550: loss = 93.6682
  iter 1600: loss = 67.7784
  iter 1650: loss = 93.0431
  iter 1700: loss = 55.6774
  iter 1750: loss = 80.3164
  iter 1800: loss = 96.3801
  iter 1850: loss = 79.7522
  iter 1900: loss = 118.7734
  iter 1950: loss = 87.5216
iter  2000 | train loss 67.1929 | val loss 69.9095 | val MAE 6.015 | val R² 0.9488 | lr 5.92e-04
  iter 2000: loss = 77.6573
  iter 2050: loss = 84.5947
  iter 2100: loss = 70.3385
  iter 2150: loss = 59.5971
  iter 2200: loss = 71.7019
  iter 2250: loss = 64.2726
  iter 2300: loss = 101.2113
  iter 2350: loss = 59.9214
  iter 2400: loss = 53.9479
  iter 2450: loss = 81.4141
iter  2500 | train loss 83.4239 | val loss 80.8356 | val MAE 6.790 | val R² 0.9408 | lr 5.86e-04
  iter 2500: loss = 87.6604
  iter 2550: loss = 66.8177
  iter 2600: loss = 61.1883
  iter 2650: loss = 70.6153
  iter 2700: loss = 102.5576
  iter 2750: loss = 62.5047
  iter 2800: loss = 63.2048
  iter 2850: loss = 76.1793
  iter 2900: loss = 70.5991
  iter 2950: loss = 62.1270
iter  3000 | train loss 56.6619 | val loss 56.7165 | val MAE 5.404 | val R² 0.9585 | lr 5.78e-04
  iter 3000: loss = 55.4505
  iter 3050: loss = 62.3113
  iter 3100: loss = 51.1770
  iter 3150: loss = 77.5780
  iter 3200: loss = 62.0126
  iter 3250: loss = 55.3840
  iter 3300: loss = 69.3252
  iter 3350: loss = 55.9593
  iter 3400: loss = 52.7740
  iter 3450: loss = 52.3219
iter  3500 | train loss 48.9622 | val loss 48.1314 | val MAE 4.949 | val R² 0.9647 | lr 5.69e-04
  iter 3500: loss = 51.0225
  iter 3550: loss = 79.0905
  iter 3600: loss = 48.0562
  iter 3650: loss = 52.7226
  iter 3700: loss = 54.3367
  iter 3750: loss = 55.2826
  iter 3800: loss = 46.9280
  iter 3850: loss = 80.1438
  iter 3900: loss = 49.4747
  iter 3950: loss = 66.1366
iter  4000 | train loss 54.6019 | val loss 55.7451 | val MAE 5.323 | val R² 0.9592 | lr 5.58e-04
  iter 4000: loss = 52.6916
  iter 4050: loss = 40.6806
  iter 4100: loss = 55.3556
  iter 4150: loss = 74.7292
  iter 4200: loss = 101.3730
  iter 4250: loss = 62.5157
  iter 4300: loss = 51.5485
  iter 4350: loss = 73.3212
  iter 4400: loss = 59.8452
  iter 4450: loss = 58.7722
iter  4500 | train loss 48.5716 | val loss 47.8356 | val MAE 5.079 | val R² 0.9650 | lr 5.46e-04
  iter 4500: loss = 46.1680
  iter 4550: loss = 53.6805
  iter 4600: loss = 41.1048
  iter 4650: loss = 63.6282
  iter 4700: loss = 39.3288
  iter 4750: loss = 41.3962
  iter 4800: loss = 67.9137
  iter 4850: loss = 73.0396
  iter 4900: loss = 45.8377
  iter 4950: loss = 55.4555
iter  5000 | train loss 62.3655 | val loss 62.2865 | val MAE 5.820 | val R² 0.9544 | lr 5.32e-04
  iter 5000: loss = 72.7238
  iter 5050: loss = 42.1975
  iter 5100: loss = 89.3983
  iter 5150: loss = 46.0870
  iter 5200: loss = 55.8008
  iter 5250: loss = 34.8088
  iter 5300: loss = 48.0333
  iter 5350: loss = 51.8281
  iter 5400: loss = 37.3807
  iter 5450: loss = 69.6808
iter  5500 | train loss 44.7803 | val loss 44.9820 | val MAE 4.693 | val R² 0.9671 | lr 5.17e-04
  iter 5500: loss = 54.6702
  iter 5550: loss = 42.8975
  iter 5600: loss = 51.8951
  iter 5650: loss = 65.3953
  iter 5700: loss = 44.9470
  iter 5750: loss = 43.6177
  iter 5800: loss = 37.5265
  iter 5850: loss = 39.2993
  iter 5900: loss = 44.6589
  iter 5950: loss = 41.0210
iter  6000 | train loss 39.4656 | val loss 39.4697 | val MAE 4.455 | val R² 0.9711 | lr 5.01e-04
  iter 6000: loss = 31.4197
  iter 6050: loss = 63.6485
  iter 6100: loss = 45.3977
  iter 6150: loss = 37.1501
  iter 6200: loss = 53.8486
  iter 6250: loss = 40.9749
  iter 6300: loss = 49.6949
  iter 6350: loss = 36.4597
  iter 6400: loss = 49.2896
  iter 6450: loss = 53.5554
iter  6500 | train loss 39.6763 | val loss 38.5548 | val MAE 4.418 | val R² 0.9718 | lr 4.83e-04
  iter 6500: loss = 39.4070
  iter 6550: loss = 35.2642
  iter 6600: loss = 44.5664
  iter 6650: loss = 41.6901
  iter 6700: loss = 30.9896
  iter 6750: loss = 37.6421
  iter 6800: loss = 50.6375
  iter 6850: loss = 37.2128
  iter 6900: loss = 36.3474
  iter 6950: loss = 31.6478
iter  7000 | train loss 47.9009 | val loss 47.3959 | val MAE 5.280 | val R² 0.9653 | lr 4.65e-04
  iter 7000: loss = 48.7231
  iter 7050: loss = 49.6468
  iter 7100: loss = 29.1280
  iter 7150: loss = 52.3180
  iter 7200: loss = 31.0142
  iter 7250: loss = 34.4819
  iter 7300: loss = 36.4064
  iter 7350: loss = 38.6499
  iter 7400: loss = 46.2424
  iter 7450: loss = 38.7926
iter  7500 | train loss 32.8943 | val loss 33.0492 | val MAE 4.044 | val R² 0.9758 | lr 4.46e-04
  iter 7500: loss = 27.6819
  iter 7550: loss = 36.9126
  iter 7600: loss = 45.7279
  iter 7650: loss = 33.0501
  iter 7700: loss = 33.6412
  iter 7750: loss = 42.5343
  iter 7800: loss = 23.9394
  iter 7850: loss = 44.1924
  iter 7900: loss = 29.6071
  iter 7950: loss = 29.7142
iter  8000 | train loss 33.1171 | val loss 32.8494 | val MAE 4.106 | val R² 0.9759 | lr 4.26e-04
  iter 8000: loss = 26.9850
  iter 8050: loss = 33.2286
  iter 8100: loss = 32.8316
  iter 8150: loss = 36.9533
  iter 8200: loss = 38.8360
  iter 8250: loss = 42.2105
  iter 8300: loss = 46.3276
  iter 8350: loss = 30.8229
  iter 8400: loss = 33.7965
  iter 8450: loss = 32.0920
iter  8500 | train loss 33.3146 | val loss 32.6924 | val MAE 4.067 | val R² 0.9761 | lr 4.05e-04
  iter 8500: loss = 28.5213
  iter 8550: loss = 33.3520
  iter 8600: loss = 33.7226
  iter 8650: loss = 31.6443
  iter 8700: loss = 20.3726
  iter 8750: loss = 32.4921
  iter 8800: loss = 28.9832
  iter 8850: loss = 25.8682
  iter 8900: loss = 29.7376
  iter 8950: loss = 63.1710
iter  9000 | train loss 29.6863 | val loss 27.7635 | val MAE 3.796 | val R² 0.9797 | lr 3.84e-04
  iter 9000: loss = 22.6691
  iter 9050: loss = 33.9538
  iter 9100: loss = 26.3409
  iter 9150: loss = 35.4656
  iter 9200: loss = 36.6246
  iter 9250: loss = 30.2651
  iter 9300: loss = 23.6575
  iter 9350: loss = 27.3117
  iter 9400: loss = 25.7925
  iter 9450: loss = 49.5799
iter  9500 | train loss 28.7539 | val loss 29.0374 | val MAE 3.827 | val R² 0.9787 | lr 3.63e-04
  iter 9500: loss = 25.0435
  iter 9550: loss = 39.9413
  iter 9600: loss = 54.7245
  iter 9650: loss = 32.1539
  iter 9700: loss = 25.8607
  iter 9750: loss = 19.8390
  iter 9800: loss = 21.3575
  iter 9850: loss = 57.3721
  iter 9900: loss = 24.9342
  iter 9950: loss = 21.7345
iter 10000 | train loss 33.1137 | val loss 33.2900 | val MAE 4.284 | val R² 0.9756 | lr 3.41e-04
  iter 10000: loss = 33.6981
  iter 10050: loss = 27.3633
  iter 10100: loss = 21.6798
  iter 10150: loss = 47.8761
  iter 10200: loss = 27.2316
  iter 10250: loss = 24.4525
  iter 10300: loss = 26.4145
  iter 10350: loss = 29.5579
  iter 10400: loss = 29.0929
  iter 10450: loss = 37.4205
iter 10500 | train loss 29.6640 | val loss 28.4835 | val MAE 3.889 | val R² 0.9791 | lr 3.19e-04
  iter 10500: loss = 22.2197
  iter 10550: loss = 22.8197
  iter 10600: loss = 24.4714
  iter 10650: loss = 24.7087
  iter 10700: loss = 28.8868
  iter 10750: loss = 32.6744
  iter 10800: loss = 21.5132
  iter 10850: loss = 44.5070
  iter 10900: loss = 19.2958
  iter 10950: loss = 38.7956
iter 11000 | train loss 23.6482 | val loss 23.4181 | val MAE 3.384 | val R² 0.9828 | lr 2.97e-04
  iter 11000: loss = 20.8688
  iter 11050: loss = 30.3324
  iter 11100: loss = 42.8350
  iter 11150: loss = 23.5688
  iter 11200: loss = 21.1423
  iter 11250: loss = 28.6853
  iter 11300: loss = 16.5477
  iter 11350: loss = 23.6712
  iter 11400: loss = 17.9216
  iter 11450: loss = 23.5522
iter 11500 | train loss 21.2097 | val loss 21.6018 | val MAE 3.265 | val R² 0.9842 | lr 2.76e-04
  iter 11500: loss = 21.0933
  iter 11550: loss = 19.1021
  iter 11600: loss = 25.3042
  iter 11650: loss = 39.8602
  iter 11700: loss = 18.2594
  iter 11750: loss = 19.7474
  iter 11800: loss = 22.0529
  iter 11850: loss = 17.5299
  iter 11900: loss = 22.9946
  iter 11950: loss = 16.7342
iter 12000 | train loss 23.7421 | val loss 25.2478 | val MAE 3.509 | val R² 0.9815 | lr 2.55e-04
  iter 12000: loss = 32.8381
  iter 12050: loss = 14.2546
  iter 12100: loss = 17.5077
  iter 12150: loss = 20.0138
  iter 12200: loss = 18.8456
  iter 12250: loss = 16.6149
  iter 12300: loss = 18.2875
  iter 12350: loss = 24.0721
  iter 12400: loss = 14.9963
  iter 12450: loss = 19.4064
iter 12500 | train loss 17.0801 | val loss 17.1258 | val MAE 2.891 | val R² 0.9875 | lr 2.34e-04
  iter 12500: loss = 15.3764
  iter 12550: loss = 18.9894
  iter 12600: loss = 16.8102
  iter 12650: loss = 14.7502
  iter 12700: loss = 24.2833
  iter 12750: loss = 15.8337
  iter 12800: loss = 14.8935
  iter 12850: loss = 38.3601
  iter 12900: loss = 17.8651
  iter 12950: loss = 21.4029
iter 13000 | train loss 16.4262 | val loss 16.8616 | val MAE 2.820 | val R² 0.9876 | lr 2.14e-04
  iter 13000: loss = 14.6523
  iter 13050: loss = 19.0127
  iter 13100: loss = 16.0700
  iter 13150: loss = 19.1574
  iter 13200: loss = 18.4762
  iter 13250: loss = 16.6968
  iter 13300: loss = 13.7475
  iter 13350: loss = 15.1517
  iter 13400: loss = 15.7860
  iter 13450: loss = 16.4804
iter 13500 | train loss 18.8621 | val loss 19.6026 | val MAE 3.196 | val R² 0.9856 | lr 1.95e-04
  iter 13500: loss = 17.4655
  iter 13550: loss = 16.1306
  iter 13600: loss = 11.6275
  iter 13650: loss = 14.6588
  iter 13700: loss = 14.6268
  iter 13750: loss = 13.1629
  iter 13800: loss = 12.3572
  iter 13850: loss = 15.0651
  iter 13900: loss = 12.5564
  iter 13950: loss = 10.9500
iter 14000 | train loss 23.3215 | val loss 22.9247 | val MAE 3.566 | val R² 0.9832 | lr 1.77e-04
  iter 14000: loss = 19.8482
  iter 14050: loss = 11.0058
  iter 14100: loss = 11.0556
  iter 14150: loss = 12.7784
  iter 14200: loss = 10.8959
  iter 14250: loss = 18.9201
  iter 14300: loss = 12.4726
  iter 14350: loss = 15.6331
  iter 14400: loss = 26.9856
  iter 14450: loss = 15.5731
iter 14500 | train loss 18.3357 | val loss 18.5561 | val MAE 3.037 | val R² 0.9864 | lr 1.59e-04
  iter 14500: loss = 17.4187
  iter 14550: loss = 11.6232
  iter 14600: loss = 14.3281
  iter 14650: loss = 27.3211
  iter 14700: loss = 12.4953
  iter 14750: loss = 12.4019
  iter 14800: loss = 21.8378
  iter 14850: loss = 11.8454
  iter 14900: loss = 14.0171
  iter 14950: loss = 11.5524
iter 15000 | train loss 13.7003 | val loss 12.3612 | val MAE 2.469 | val R² 0.9909 | lr 1.43e-04
  iter 15000: loss = 13.0647
  iter 15050: loss = 11.7344
  iter 15100: loss = 12.5006
  iter 15150: loss = 15.0749
  iter 15200: loss = 13.9234
  iter 15250: loss = 11.1383
  iter 15300: loss = 14.3484
  iter 15350: loss = 9.4108
  iter 15400: loss = 9.9364
  iter 15450: loss = 11.6557
iter 15500 | train loss 13.4635 | val loss 12.1797 | val MAE 2.450 | val R² 0.9911 | lr 1.28e-04
  iter 15500: loss = 10.4497
  iter 15550: loss = 15.6492
  iter 15600: loss = 11.4273
  iter 15650: loss = 9.2792
  iter 15700: loss = 12.3294
  iter 15750: loss = 9.2122
  iter 15800: loss = 12.8038
  iter 15850: loss = 11.9658
  iter 15900: loss = 12.2994
  iter 15950: loss = 9.7920
iter 16000 | train loss 14.3984 | val loss 13.9283 | val MAE 2.713 | val R² 0.9898 | lr 1.14e-04
  iter 16000: loss = 12.7987
  iter 16050: loss = 9.2806
  iter 16100: loss = 11.4747
  iter 16150: loss = 14.7073
  iter 16200: loss = 7.7859
  iter 16250: loss = 13.9418
  iter 16300: loss = 10.8812
  iter 16350: loss = 12.6225
  iter 16400: loss = 9.9917
  iter 16450: loss = 8.5722
iter 16500 | train loss 12.8244 | val loss 13.3006 | val MAE 2.634 | val R² 0.9903 | lr 1.02e-04
  iter 16500: loss = 12.2695
  iter 16550: loss = 8.1227
  iter 16600: loss = 10.4218
  iter 16650: loss = 30.4925
  iter 16700: loss = 10.3007
  iter 16750: loss = 25.9131
  iter 16800: loss = 9.3450
  iter 16850: loss = 7.6464
  iter 16900: loss = 28.1926
  iter 16950: loss = 10.8111
iter 17000 | train loss 9.9882 | val loss 9.3362 | val MAE 2.124 | val R² 0.9932 | lr 9.09e-05
  iter 17000: loss = 9.6947
  iter 17050: loss = 10.5899
  iter 17100: loss = 8.1677
  iter 17150: loss = 12.4393
  iter 17200: loss = 10.1099
  iter 17250: loss = 24.3410
  iter 17300: loss = 11.2982
  iter 17350: loss = 9.4386
  iter 17400: loss = 11.0156
  iter 17450: loss = 9.2289
iter 17500 | train loss 12.6324 | val loss 13.1812 | val MAE 2.539 | val R² 0.9903 | lr 8.16e-05
  iter 17500: loss = 11.9845
  iter 17550: loss = 7.3892
  iter 17600: loss = 9.2736
  iter 17650: loss = 24.4519
  iter 17700: loss = 10.2586
  iter 17750: loss = 7.8204
  iter 17800: loss = 6.5817
  iter 17850: loss = 8.3312
  iter 17900: loss = 7.8476
  iter 17950: loss = 7.7653
iter 18000 | train loss 9.4431 | val loss 10.4849 | val MAE 2.132 | val R² 0.9923 | lr 7.39e-05
  iter 18000: loss = 29.6478
  iter 18050: loss = 7.4706
  iter 18100: loss = 7.1906
  iter 18150: loss = 26.7308
  iter 18200: loss = 9.7847
  iter 18250: loss = 6.7983
  iter 18300: loss = 7.0839
  iter 18350: loss = 6.4084
  iter 18400: loss = 6.4507
  iter 18450: loss = 8.8108
iter 18500 | train loss 8.4415 | val loss 7.9748 | val MAE 2.038 | val R² 0.9942 | lr 6.78e-05
  iter 18500: loss = 7.7958
  iter 18550: loss = 6.2356
  iter 18600: loss = 7.8561
  iter 18650: loss = 7.2704
  iter 18700: loss = 8.8768
  iter 18750: loss = 6.9809
  iter 18800: loss = 8.4358
  iter 18850: loss = 13.1222
  iter 18900: loss = 6.2770
  iter 18950: loss = 6.6485
iter 19000 | train loss 8.2088 | val loss 7.5550 | val MAE 1.849 | val R² 0.9945 | lr 6.35e-05
  iter 19000: loss = 24.4164
  iter 19050: loss = 11.3643
  iter 19100: loss = 9.2812
  iter 19150: loss = 7.4493
  iter 19200: loss = 25.5740
  iter 19250: loss = 6.6752
  iter 19300: loss = 6.0202
  iter 19350: loss = 7.8146
  iter 19400: loss = 6.0522
  iter 19450: loss = 4.9719
iter 19500 | train loss 9.7881 | val loss 10.9596 | val MAE 2.336 | val R² 0.9920 | lr 6.09e-05
  iter 19500: loss = 8.7286
  iter 19550: loss = 6.9445
  iter 19600: loss = 5.8083
  iter 19650: loss = 8.8615
  iter 19700: loss = 6.7599
  iter 19750: loss = 5.7928
  iter 19800: loss = 6.9504
  iter 19850: loss = 7.5788
  iter 19900: loss = 5.7115
  iter 19950: loss = 7.8477
iter 20000 | train loss 7.7322 | val loss 7.2095 | val MAE 1.823 | val R² 0.9947 | lr 6.00e-05
  iter 20000: loss = 6.4005
  iter 20050: loss = 6.2555
  iter 20100: loss = 5.2696
  iter 20150: loss = 6.5864
  iter 20200: loss = 5.8055
  iter 20250: loss = 6.2552
  iter 20300: loss = 6.3532
  iter 20350: loss = 26.8672
  iter 20400: loss = 13.3715
  iter 20450: loss = 5.3941
iter 20500 | train loss 6.7548 | val loss 6.6316 | val MAE 1.762 | val R² 0.9951 | lr 6.00e-05
  iter 20500: loss = 5.7370
  iter 20550: loss = 8.7518
  iter 20600: loss = 5.9325
  iter 20650: loss = 6.0090
  iter 20700: loss = 4.6202
  iter 20750: loss = 24.6782
  iter 20800: loss = 10.0375
  iter 20850: loss = 5.5387
  iter 20900: loss = 4.4985
  iter 20950: loss = 6.5184
iter 21000 | train loss 6.6333 | val loss 6.2671 | val MAE 1.758 | val R² 0.9954 | lr 6.00e-05
  iter 21000: loss = 4.6791
  iter 21050: loss = 6.0609
  iter 21100: loss = 4.5920
  iter 21150: loss = 5.1275
  iter 21200: loss = 4.7456
  iter 21250: loss = 5.6330
  iter 21300: loss = 20.6548
  iter 21350: loss = 6.2287
  iter 21400: loss = 5.5602
  iter 21450: loss = 6.2326
iter 21500 | train loss 8.2350 | val loss 6.3303 | val MAE 1.835 | val R² 0.9954 | lr 6.00e-05
  iter 21500: loss = 6.2269
  iter 21550: loss = 7.6397
  iter 21600: loss = 5.3080
  iter 21650: loss = 8.1992
  iter 21700: loss = 5.6007
  iter 21750: loss = 7.3640
  iter 21800: loss = 5.6210
  iter 21850: loss = 9.1438
  iter 21900: loss = 5.6604
  iter 21950: loss = 5.1127
iter 22000 | train loss 6.1416 | val loss 5.0496 | val MAE 1.579 | val R² 0.9963 | lr 6.00e-05
  iter 22000: loss = 25.9196
  iter 22050: loss = 6.5965
  iter 22100: loss = 7.2574
  iter 22150: loss = 6.9192
  iter 22200: loss = 6.6229
  iter 22250: loss = 9.7333
  iter 22300: loss = 4.6550
  iter 22350: loss = 4.1952
  iter 22400: loss = 5.8457
  iter 22450: loss = 4.2900
iter 22500 | train loss 4.5776 | val loss 5.4525 | val MAE 1.642 | val R² 0.9960 | lr 6.00e-05
  iter 22500: loss = 4.9461
  iter 22550: loss = 6.2638
  iter 22600: loss = 7.5940
  iter 22650: loss = 3.7857
  iter 22700: loss = 5.2694
  iter 22750: loss = 4.6702
  iter 22800: loss = 5.1603
  iter 22850: loss = 6.9094
  iter 22900: loss = 5.2431
  iter 22950: loss = 11.5296
iter 23000 | train loss 5.4577 | val loss 5.8185 | val MAE 1.594 | val R² 0.9957 | lr 6.00e-05
  iter 23000: loss = 23.3210
  iter 23050: loss = 8.1438
  iter 23100: loss = 4.7363
  iter 23150: loss = 9.6198
  iter 23200: loss = 4.2287
  iter 23250: loss = 9.9281
  iter 23300: loss = 4.8551
  iter 23350: loss = 8.5831
  iter 23400: loss = 4.7984
  iter 23450: loss = 11.1539
iter 23500 | train loss 6.8544 | val loss 6.6291 | val MAE 1.701 | val R² 0.9951 | lr 6.00e-05
  iter 23500: loss = 5.4118
  iter 23550: loss = 5.0893
  iter 23600: loss = 5.0777
  iter 23650: loss = 4.5622
  iter 23700: loss = 4.0191
  iter 23750: loss = 4.3717
  iter 23800: loss = 4.0731
  iter 23850: loss = 6.8893
  iter 23900: loss = 4.3912
  iter 23950: loss = 4.9103
iter 24000 | train loss 6.4100 | val loss 6.1204 | val MAE 1.779 | val R² 0.9955 | lr 6.00e-05
  iter 24000: loss = 4.9635
  iter 24050: loss = 3.8841
  iter 24100: loss = 29.6939
  iter 24150: loss = 4.5420
  iter 24200: loss = 4.5215
  iter 24250: loss = 5.5549
  iter 24300: loss = 9.0849
  iter 24350: loss = 3.3090
  iter 24400: loss = 4.0866
  iter 24450: loss = 3.5538
iter 24500 | train loss 6.8988 | val loss 6.3913 | val MAE 1.732 | val R² 0.9953 | lr 6.00e-05
  iter 24500: loss = 5.8366
  iter 24550: loss = 3.9901
  iter 24600: loss = 4.5262
  iter 24650: loss = 8.3008
  iter 24700: loss = 3.8037
  iter 24750: loss = 7.0455
  iter 24800: loss = 3.9449
  iter 24850: loss = 4.1393
  iter 24900: loss = 5.8226
  iter 24950: loss = 4.7962
iter 25000 | train loss 5.7023 | val loss 5.1704 | val MAE 1.536 | val R² 0.9962 | lr 6.00e-05
  iter 25000: loss = 4.0104
  iter 25050: loss = 5.9952
  iter 25100: loss = 3.5327
  iter 25150: loss = 22.8253
  iter 25200: loss = 4.3163
  iter 25250: loss = 4.9058
  iter 25300: loss = 12.6436
  iter 25350: loss = 22.3189
  iter 25400: loss = 3.4583
  iter 25450: loss = 5.1498
iter 25500 | train loss 4.4384 | val loss 5.8154 | val MAE 1.496 | val R² 0.9957 | lr 6.00e-05
  iter 25500: loss = 4.9091
  iter 25550: loss = 4.0471
  iter 25600: loss = 4.6825
  iter 25650: loss = 5.8138
  iter 25700: loss = 5.5243
  iter 25750: loss = 4.4329
  iter 25800: loss = 4.1351
  iter 25850: loss = 3.9687
  iter 25900: loss = 25.1596
  iter 25950: loss = 3.7907
iter 26000 | train loss 6.1902 | val loss 5.7104 | val MAE 1.718 | val R² 0.9958 | lr 6.00e-05
  iter 26000: loss = 24.6638
  iter 26050: loss = 4.2152
  iter 26100: loss = 3.3943
  iter 26150: loss = 5.8586
  iter 26200: loss = 4.6332
  iter 26250: loss = 3.6086
  iter 26300: loss = 5.2836
  iter 26350: loss = 3.7683
  iter 26400: loss = 3.8636
  iter 26450: loss = 4.9668
iter 26500 | train loss 4.6431 | val loss 5.4147 | val MAE 1.543 | val R² 0.9960 | lr 6.00e-05
  iter 26500: loss = 4.2850
  iter 26550: loss = 3.3562
  iter 26600: loss = 4.9470
  iter 26650: loss = 4.0431
  iter 26700: loss = 3.5416
  iter 26750: loss = 5.4776
  iter 26800: loss = 23.6826
  iter 26850: loss = 4.6119
  iter 26900: loss = 3.8729
  iter 26950: loss = 9.9989
iter 27000 | train loss 5.0807 | val loss 5.5080 | val MAE 1.593 | val R² 0.9960 | lr 6.00e-05
  iter 27000: loss = 4.3540
  iter 27050: loss = 4.7181
  iter 27100: loss = 3.5647
  iter 27150: loss = 4.1386
  iter 27200: loss = 3.3377
  iter 27250: loss = 3.5788
  iter 27300: loss = 5.1666
  iter 27350: loss = 26.3094
  iter 27400: loss = 26.7914
  iter 27450: loss = 3.8218
iter 27500 | train loss 9.1510 | val loss 9.2780 | val MAE 2.145 | val R² 0.9932 | lr 6.00e-05
  iter 27500: loss = 7.5257
  iter 27550: loss = 5.0064
  iter 27600: loss = 30.2883
  iter 27650: loss = 4.3758
  iter 27700: loss = 10.2702
  iter 27750: loss = 5.1820
  iter 27800: loss = 7.4831
  iter 27850: loss = 3.2308
  iter 27900: loss = 6.4130
  iter 27950: loss = 3.6569
iter 28000 | train loss 8.3029 | val loss 7.9249 | val MAE 2.208 | val R² 0.9942 | lr 6.00e-05
  iter 28000: loss = 24.0808
  iter 28050: loss = 4.6060
  iter 28100: loss = 7.9165
  iter 28150: loss = 5.2187
  iter 28200: loss = 3.6918
  iter 28250: loss = 6.7192
  iter 28300: loss = 3.9173
  iter 28350: loss = 3.3893
  iter 28400: loss = 3.9871
  iter 28450: loss = 3.3812
iter 28500 | train loss 4.4058 | val loss 3.4017 | val MAE 1.323 | val R² 0.9975 | lr 6.00e-05
  iter 28500: loss = 2.6808
  iter 28550: loss = 5.3921
  iter 28600: loss = 3.4114
  iter 28650: loss = 3.7453
  iter 28700: loss = 7.3306
  iter 28750: loss = 4.5663
  iter 28800: loss = 3.6980
  iter 28850: loss = 3.3105
  iter 28900: loss = 7.2586
  iter 28950: loss = 3.5337
iter 29000 | train loss 4.1564 | val loss 4.1962 | val MAE 1.414 | val R² 0.9969 | lr 6.00e-05
  iter 29000: loss = 3.7254
  iter 29050: loss = 4.1099
  iter 29100: loss = 24.2618
  iter 29150: loss = 3.3989
  iter 29200: loss = 3.8058
  iter 29250: loss = 3.9959
  iter 29300: loss = 3.6885
  iter 29350: loss = 4.1322
  iter 29400: loss = 2.7767
  iter 29450: loss = 2.9973
iter 29500 | train loss 4.1818 | val loss 5.3502 | val MAE 1.401 | val R² 0.9961 | lr 6.00e-05
  iter 29500: loss = 2.8196
  iter 29550: loss = 3.7887
  iter 29600: loss = 7.7448
  iter 29650: loss = 3.7739
  iter 29700: loss = 6.3869
  iter 29750: loss = 3.5825
  iter 29800: loss = 10.4500
  iter 29850: loss = 6.5521
  iter 29900: loss = 2.9639
  iter 29950: loss = 14.3937
iter 30000 | train loss 4.1064 | val loss 3.4089 | val MAE 1.304 | val R² 0.9975 | lr 6.00e-05

Experiment complete!
