wandb: Currently logged in as: matan_avitan to https://api.wandb.ai. Use `wandb login --relogin` to force relogin
wandb: setting up run 7hhzjewg
wandb: Tracking run with wandb version 0.23.1
wandb: Run data is saved locally in /home/nlp/matan_avitan/git/nopos_locating_new/wandb/run-20260119_174714-7hhzjewg
wandb: Run `wandb offline` to turn off syncing.
wandb: Syncing run comparison_nope-6layer-tsne
wandb: ⭐️ View project at https://wandb.ai/matan_avitan/nope-position-regression-tsne
wandb: 🚀 View run at https://wandb.ai/matan_avitan/nope-position-regression-tsne/runs/7hhzjewg

======================================================================
t-SNE Comparison: Unique Prefix vs Random - nope-6layer-tsne
======================================================================
Checkpoint dir: /home/nlp/matan_avitan/git/nopos_locating_new/nanoGPT/out-posreg-6layer-until-mlp
Checkpoints: [500, 2000, 5000, 10000, 15000, 20000]
Layers: ['post_ln2', 'mlp_hidden', 'post_mlp']
Samples: 24 (each with varying prefix diversity)

WandB initialized: nope-position-regression-tsne/comparison_nope-6layer-tsne
Analyzing checkpoints:   0%|          | 0/6 [00:00<?, ?it/s]Analyzing checkpoints:  17%|█▋        | 1/6 [19:46<1:38:54, 1186.86s/it]Analyzing checkpoints:  33%|███▎      | 2/6 [35:26<1:09:25, 1041.27s/it]Analyzing checkpoints:  50%|█████     | 3/6 [48:52<46:41, 933.83s/it]   Analyzing checkpoints:  67%|██████▋   | 4/6 [1:01:35<28:52, 866.34s/it]Analyzing checkpoints:  83%|████████▎ | 5/6 [1:14:44<13:58, 838.70s/it]Analyzing checkpoints: 100%|██████████| 6/6 [1:27:16<00:00, 809.16s/it]Analyzing checkpoints: 100%|██████████| 6/6 [1:27:16<00:00, 872.77s/it]
wandb: uploading media/images/comparison/post_mlp_17_3fd744cabbf5cfd2183d.png; updating run metadata
wandb: uploading output.log; uploading wandb-summary.json; uploading config.yaml
wandb: uploading history steps 17-17, summary, console lines 212-212
wandb: 
wandb: Run history:
wandb: checkpoint_step ▁▁▁▂▂▂▃▃▃▄▄▄▆▆▆███
wandb: 
wandb: Run summary:
wandb: checkpoint_step 20000
wandb: 
wandb: 🚀 View run comparison_nope-6layer-tsne at: https://wandb.ai/matan_avitan/nope-position-regression-tsne/runs/7hhzjewg
wandb: ⭐️ View project at: https://wandb.ai/matan_avitan/nope-position-regression-tsne
wandb: Synced 5 W&B file(s), 18 media file(s), 0 artifact file(s) and 0 other file(s)
wandb: Find logs at: ./wandb/run-20260119_174714-7hhzjewg/logs

--- Checkpoint 500 ---

============================================================
Position Classifier Model Initialized
============================================================
  Positional Embedding: False
  Normalization Type:   layernorm
  Layers:               6
  Heads:                12
  Embedding Dim:        768
  Block Size:           128
  Vocab Size:           50304
  Position Classes:     128
  Parameters:           81.11M
============================================================

  Loaded model (n_embd=768, seq_len=128)
  Total t-SNE points: 24 × 128 = 3072
  Generating unique prefix sequences...
  Generating random sequences...
  Collecting activations (unique prefix)...
  Collecting activations (random)...
  Creating comparison t-SNE for post_ln2...
    Running t-SNE for Unique Prefix (varying) (3072 samples)...
    Running t-SNE for Random Sequences (3072 samples)...
    Saved: step00500_post_ln2_comparison.png
  Creating comparison t-SNE for mlp_hidden...
    Running t-SNE for Unique Prefix (varying) (3072 samples)...
    Running t-SNE for Random Sequences (3072 samples)...
    Saved: step00500_mlp_hidden_comparison.png
  Creating comparison t-SNE for post_mlp...
    Running t-SNE for Unique Prefix (varying) (3072 samples)...
    Running t-SNE for Random Sequences (3072 samples)...
    Saved: step00500_post_mlp_comparison.png

--- Checkpoint 2000 ---

============================================================
Position Classifier Model Initialized
============================================================
  Positional Embedding: False
  Normalization Type:   layernorm
  Layers:               6
  Heads:                12
  Embedding Dim:        768
  Block Size:           128
  Vocab Size:           50304
  Position Classes:     128
  Parameters:           81.11M
============================================================

  Loaded model (n_embd=768, seq_len=128)
  Total t-SNE points: 24 × 128 = 3072
  Generating unique prefix sequences...
  Generating random sequences...
  Collecting activations (unique prefix)...
  Collecting activations (random)...
  Creating comparison t-SNE for post_ln2...
    Running t-SNE for Unique Prefix (varying) (3072 samples)...
    Running t-SNE for Random Sequences (3072 samples)...
    Saved: step02000_post_ln2_comparison.png
  Creating comparison t-SNE for mlp_hidden...
    Running t-SNE for Unique Prefix (varying) (3072 samples)...
    Running t-SNE for Random Sequences (3072 samples)...
    Saved: step02000_mlp_hidden_comparison.png
  Creating comparison t-SNE for post_mlp...
    Running t-SNE for Unique Prefix (varying) (3072 samples)...
    Running t-SNE for Random Sequences (3072 samples)...
    Saved: step02000_post_mlp_comparison.png

--- Checkpoint 5000 ---

============================================================
Position Classifier Model Initialized
============================================================
  Positional Embedding: False
  Normalization Type:   layernorm
  Layers:               6
  Heads:                12
  Embedding Dim:        768
  Block Size:           128
  Vocab Size:           50304
  Position Classes:     128
  Parameters:           81.11M
============================================================

  Loaded model (n_embd=768, seq_len=128)
  Total t-SNE points: 24 × 128 = 3072
  Generating unique prefix sequences...
  Generating random sequences...
  Collecting activations (unique prefix)...
  Collecting activations (random)...
  Creating comparison t-SNE for post_ln2...
    Running t-SNE for Unique Prefix (varying) (3072 samples)...
    Running t-SNE for Random Sequences (3072 samples)...
    Saved: step05000_post_ln2_comparison.png
  Creating comparison t-SNE for mlp_hidden...
    Running t-SNE for Unique Prefix (varying) (3072 samples)...
    Running t-SNE for Random Sequences (3072 samples)...
    Saved: step05000_mlp_hidden_comparison.png
  Creating comparison t-SNE for post_mlp...
    Running t-SNE for Unique Prefix (varying) (3072 samples)...
    Running t-SNE for Random Sequences (3072 samples)...
    Saved: step05000_post_mlp_comparison.png

--- Checkpoint 10000 ---

============================================================
Position Classifier Model Initialized
============================================================
  Positional Embedding: False
  Normalization Type:   layernorm
  Layers:               6
  Heads:                12
  Embedding Dim:        768
  Block Size:           128
  Vocab Size:           50304
  Position Classes:     128
  Parameters:           81.11M
============================================================

  Loaded model (n_embd=768, seq_len=128)
  Total t-SNE points: 24 × 128 = 3072
  Generating unique prefix sequences...
  Generating random sequences...
  Collecting activations (unique prefix)...
  Collecting activations (random)...
  Creating comparison t-SNE for post_ln2...
    Running t-SNE for Unique Prefix (varying) (3072 samples)...
    Running t-SNE for Random Sequences (3072 samples)...
    Saved: step10000_post_ln2_comparison.png
  Creating comparison t-SNE for mlp_hidden...
    Running t-SNE for Unique Prefix (varying) (3072 samples)...
    Running t-SNE for Random Sequences (3072 samples)...
    Saved: step10000_mlp_hidden_comparison.png
  Creating comparison t-SNE for post_mlp...
    Running t-SNE for Unique Prefix (varying) (3072 samples)...
    Running t-SNE for Random Sequences (3072 samples)...
    Saved: step10000_post_mlp_comparison.png

--- Checkpoint 15000 ---

============================================================
Position Classifier Model Initialized
============================================================
  Positional Embedding: False
  Normalization Type:   layernorm
  Layers:               6
  Heads:                12
  Embedding Dim:        768
  Block Size:           128
  Vocab Size:           50304
  Position Classes:     128
  Parameters:           81.11M
============================================================

  Loaded model (n_embd=768, seq_len=128)
  Total t-SNE points: 24 × 128 = 3072
  Generating unique prefix sequences...
  Generating random sequences...
  Collecting activations (unique prefix)...
  Collecting activations (random)...
  Creating comparison t-SNE for post_ln2...
    Running t-SNE for Unique Prefix (varying) (3072 samples)...
    Running t-SNE for Random Sequences (3072 samples)...
    Saved: step15000_post_ln2_comparison.png
  Creating comparison t-SNE for mlp_hidden...
    Running t-SNE for Unique Prefix (varying) (3072 samples)...
    Running t-SNE for Random Sequences (3072 samples)...
    Saved: step15000_mlp_hidden_comparison.png
  Creating comparison t-SNE for post_mlp...
    Running t-SNE for Unique Prefix (varying) (3072 samples)...
    Running t-SNE for Random Sequences (3072 samples)...
    Saved: step15000_post_mlp_comparison.png

--- Checkpoint 20000 ---

============================================================
Position Classifier Model Initialized
============================================================
  Positional Embedding: False
  Normalization Type:   layernorm
  Layers:               6
  Heads:                12
  Embedding Dim:        768
  Block Size:           128
  Vocab Size:           50304
  Position Classes:     128
  Parameters:           81.11M
============================================================

  Loaded model (n_embd=768, seq_len=128)
  Total t-SNE points: 24 × 128 = 3072
  Generating unique prefix sequences...
  Generating random sequences...
  Collecting activations (unique prefix)...
  Collecting activations (random)...
  Creating comparison t-SNE for post_ln2...
    Running t-SNE for Unique Prefix (varying) (3072 samples)...
    Running t-SNE for Random Sequences (3072 samples)...
    Saved: step20000_post_ln2_comparison.png
  Creating comparison t-SNE for mlp_hidden...
    Running t-SNE for Unique Prefix (varying) (3072 samples)...
    Running t-SNE for Random Sequences (3072 samples)...
    Saved: step20000_mlp_hidden_comparison.png
  Creating comparison t-SNE for post_mlp...
    Running t-SNE for Unique Prefix (varying) (3072 samples)...
    Running t-SNE for Random Sequences (3072 samples)...
    Saved: step20000_post_mlp_comparison.png

WandB run finished.

======================================================================
Analysis complete! Plots saved to: /home/nlp/matan_avitan/git/nopos_locating_new/results/tsne_comparison_nope-6layer-tsne/plots
======================================================================
